-- The C compiler identification is GNU 11.4.0
-- The CXX compiler identification is GNU 11.4.0
-- Detecting C compiler ABI info
-- Detecting C compiler ABI info - done
-- Check for working C compiler: /usr/bin/cc - skipped
-- Detecting C compile features
-- Detecting C compile features - done
-- Detecting CXX compiler ABI info
-- Detecting CXX compiler ABI info - done
-- Check for working CXX compiler: /usr/bin/c++ - skipped
-- Detecting CXX compile features
-- Detecting CXX compile features - done
-- Found ament_cmake: 1.3.11 (/opt/ros/humble/share/ament_cmake/cmake)
-- Found Python3: /usr/bin/python3 (found version "3.10.12") found components: Interpreter 
-- Found rclcpp: 16.0.11 (/opt/ros/humble/share/rclcpp/cmake)
-- Found rosidl_generator_c: 3.1.6 (/opt/ros/humble/share/rosidl_generator_c/cmake)
-- Found rosidl_adapter: 3.1.6 (/opt/ros/humble/share/rosidl_adapter/cmake)
-- Found rosidl_generator_cpp: 3.1.6 (/opt/ros/humble/share/rosidl_generator_cpp/cmake)
-- Using all available rosidl_typesupport_c: rosidl_typesupport_fastrtps_c;rosidl_typesupport_introspection_c
-- Using all available rosidl_typesupport_cpp: rosidl_typesupport_fastrtps_cpp;rosidl_typesupport_introspection_cpp
-- Found rmw_implementation_cmake: 6.1.2 (/opt/ros/humble/share/rmw_implementation_cmake/cmake)
-- Found rmw_fastrtps_cpp: 6.2.7 (/opt/ros/humble/share/rmw_fastrtps_cpp/cmake)
-- Found OpenSSL: /usr/lib/x86_64-linux-gnu/libcrypto.so (found version "3.0.2")  
-- Found FastRTPS: /opt/ros/humble/include  
-- Using RMW implementation 'rmw_fastrtps_cpp' as default
-- Looking for pthread.h
-- Looking for pthread.h - found
-- Performing Test CMAKE_HAVE_LIBC_PTHREAD
-- Performing Test CMAKE_HAVE_LIBC_PTHREAD - Success
-- Found Threads: TRUE  
-- Found rclcpp_components: 16.0.11 (/opt/ros/humble/share/rclcpp_components/cmake)
-- Found geometry_msgs: 4.2.4 (/opt/ros/humble/share/geometry_msgs/cmake)
-- Found ackermann_msgs: 2.0.2 (/opt/ros/humble/share/ackermann_msgs/cmake)
-- Found nav_msgs: 4.2.4 (/opt/ros/humble/share/nav_msgs/cmake)
-- Found sensor_msgs: 4.2.4 (/opt/ros/humble/share/sensor_msgs/cmake)
-- Found tf2: 0.25.12 (/opt/ros/humble/share/tf2/cmake)
-- Found tf2_ros: 0.25.12 (/opt/ros/humble/share/tf2_ros/cmake)
-- Found tf2_geometry_msgs: 0.25.12 (/opt/ros/humble/share/tf2_geometry_msgs/cmake)
-- Found eigen3_cmake_module: 0.1.1 (/opt/ros/humble/share/eigen3_cmake_module/cmake)
-- Found Eigen3: TRUE (found version "3.4.0") 
-- Ensuring Eigen3 include directory is part of orocos-kdl CMake target
-- Found ament_lint_auto: 0.12.11 (/opt/ros/humble/share/ament_lint_auto/cmake)
-- Added test 'cppcheck' to perform static code analysis on C / C++ code
-- Configured cppcheck include dirs: $<BUILD_INTERFACE:/home/sh/projects/f1tenth_miru3/src/map_controller/include>
-- Configured cppcheck exclude dirs and/or files: 
-- Added test 'flake8' to check Python code syntax and style conventions
-- Added test 'lint_cmake' to check CMake code style
-- Added test 'pep257' to check Python code against some of the docstring style conventions in PEP 257
-- Added test 'uncrustify' to check C / C++ code style
-- Configured uncrustify additional arguments: 
-- Added test 'xmllint' to check XML markup files
-- Configuring done
-- Generating done
-- Build files have been written to: /home/sh/projects/f1tenth_miru3/build/map_controller
[ 14%] [32mBuilding CXX object CMakeFiles/map_controller_core.dir/src/map_controller.cpp.o[0m
[ 28%] [32mBuilding CXX object CMakeFiles/map_controller_core.dir/src/steering_lookup.cpp.o[0m
[ 42%] [32m[1mLinking CXX static library libmap_controller_core.a[0m
[ 42%] Built target map_controller_core
[ 57%] [32mBuilding CXX object CMakeFiles/map_controller_component.dir/src/controller_manager_node.cpp.o[0m
[ 71%] [32m[1mLinking CXX shared library libmap_controller_component.so[0m
[ 71%] Built target map_controller_component
[ 85%] [32mBuilding CXX object CMakeFiles/map_controller_main.dir/src/map_controller_main.cpp.o[0m
[100%] [32m[1mLinking CXX executable map_controller_main[0m
[100%] Built target map_controller_main
-- Install configuration: ""
-- Installing: /home/sh/projects/f1tenth_miru3/install/map_controller/lib/libmap_controller_core.a
-- Installing: /home/sh/projects/f1tenth_miru3/install/map_controller/lib/libmap_controller_component.so
-- Set runtime path of "/home/sh/projects/f1tenth_miru3/install/map_controller/lib/libmap_controller_component.so" to ""
-- Installing: /home/sh/projects/f1tenth_miru3/install/map_controller/bin/map_controller_main
-- Set runtime path of "/home/sh/projects/f1tenth_miru3/install/map_controller/bin/map_controller_main" to ""
-- Installing: /home/sh/projects/f1tenth_miru3/install/map_controller/include
-- Installing: /home/sh/projects/f1tenth_miru3/install/map_controller/include/map_controller
-- Installing: /home/sh/projects/f1tenth_miru3/install/map_controller/include/map_controller/map_controller.hpp
-- Installing: /home/sh/projects/f1tenth_miru3/install/map_controller/include/map_controller/steering_lookup.hpp
-- Installing: /home/sh/projects/f1tenth_miru3/install/map_controller/include/map_controller/controller_manager_node.hpp
-- Installing: /home/sh/projects/f1tenth_miru3/install/map_controller/share/map_controller/config
-- Installing: /home/sh/projects/f1tenth_miru3/install/map_controller/share/map_controller/config/map_controller_params.yaml
-- Installing: /home/sh/projects/f1tenth_miru3/install/map_controller/share/map_controller/launch
-- Installing: /home/sh/projects/f1tenth_miru3/install/map_controller/share/map_controller/launch/map_controller_launch.py
-- Installing: /home/sh/projects/f1tenth_miru3/install/map_controller/share/map_controller/resources
-- Installing: /home/sh/projects/f1tenth_miru3/install/map_controller/share/map_controller/resources/lut
-- Installing: /home/sh/projects/f1tenth_miru3/install/map_controller/share/map_controller/resources/lut/default_lookup_table.csv
-- Installing: /home/sh/projects/f1tenth_miru3/install/map_controller/share/ament_index/resource_index/package_run_dependencies/map_controller
-- Installing: /home/sh/projects/f1tenth_miru3/install/map_controller/share/ament_index/resource_index/parent_prefix_path/map_controller
-- Installing: /home/sh/projects/f1tenth_miru3/install/map_controller/share/map_controller/environment/ament_prefix_path.sh
-- Installing: /home/sh/projects/f1tenth_miru3/install/map_controller/share/map_controller/environment/ament_prefix_path.dsv
-- Installing: /home/sh/projects/f1tenth_miru3/install/map_controller/share/map_controller/environment/path.sh
-- Installing: /home/sh/projects/f1tenth_miru3/install/map_controller/share/map_controller/environment/path.dsv
-- Installing: /home/sh/projects/f1tenth_miru3/install/map_controller/share/map_controller/local_setup.bash
-- Installing: /home/sh/projects/f1tenth_miru3/install/map_controller/share/map_controller/local_setup.sh
-- Installing: /home/sh/projects/f1tenth_miru3/install/map_controller/share/map_controller/local_setup.zsh
-- Installing: /home/sh/projects/f1tenth_miru3/install/map_controller/share/map_controller/local_setup.dsv
-- Installing: /home/sh/projects/f1tenth_miru3/install/map_controller/share/map_controller/package.dsv
-- Installing: /home/sh/projects/f1tenth_miru3/install/map_controller/share/ament_index/resource_index/packages/map_controller
-- Installing: /home/sh/projects/f1tenth_miru3/install/map_controller/share/ament_index/resource_index/rclcpp_components/map_controller
-- Installing: /home/sh/projects/f1tenth_miru3/install/map_controller/share/map_controller/cmake/map_controllerConfig.cmake
-- Installing: /home/sh/projects/f1tenth_miru3/install/map_controller/share/map_controller/cmake/map_controllerConfig-version.cmake
-- Installing: /home/sh/projects/f1tenth_miru3/install/map_controller/share/map_controller/package.xml
