[0.008s] Invoking command in '/home/sh/projects/f1tenth_miru3/build/map_controller': CMAKE_PREFIX_PATH=${CMAKE_PREFIX_PATH}:/home/sh/projects/f1tenth_miru3/install/f1tenth_stack:/home/sh/projects/f1tenth_miru3/install/joy_teleop:/home/sh/projects/f1tenth_miru3/install/pygame_key_teleop:/home/sh/projects/f1tenth_miru3/install/mouse_teleop:/home/sh/projects/f1tenth_miru3/install/key_teleop:/home/sh/projects/f1tenth_miru3/install/f1tenth_path_planner:/opt/ros/humble /usr/bin/cmake /home/sh/projects/f1tenth_miru3/src/map_controller -DCMAKE_INSTALL_PREFIX=/home/sh/projects/f1tenth_miru3/install/map_controller
[0.055s] -- The C compiler identification is GNU 11.4.0
[0.093s] -- The CXX compiler identification is GNU 11.4.0
[0.098s] -- Detecting C compiler ABI info
[0.156s] -- Detecting C compiler ABI info - done
[0.161s] -- Check for working C compiler: /usr/bin/cc - skipped
[0.161s] -- Detecting C compile features
[0.161s] -- Detecting C compile features - done
[0.163s] -- Detecting CXX compiler ABI info
[0.230s] -- Detecting CXX compiler ABI info - done
[0.235s] -- Check for working CXX compiler: /usr/bin/c++ - skipped
[0.235s] -- Detecting CXX compile features
[0.235s] -- Detecting CXX compile features - done
[0.238s] -- Found ament_cmake: 1.3.11 (/opt/ros/humble/share/ament_cmake/cmake)
[0.364s] -- Found Python3: /usr/bin/python3 (found version "3.10.12") found components: Interpreter 
[0.434s] -- Found rclcpp: 16.0.11 (/opt/ros/humble/share/rclcpp/cmake)
[0.466s] -- Found rosidl_generator_c: 3.1.6 (/opt/ros/humble/share/rosidl_generator_c/cmake)
[0.470s] -- Found rosidl_adapter: 3.1.6 (/opt/ros/humble/share/rosidl_adapter/cmake)
[0.476s] -- Found rosidl_generator_cpp: 3.1.6 (/opt/ros/humble/share/rosidl_generator_cpp/cmake)
[0.484s] -- Using all available rosidl_typesupport_c: rosidl_typesupport_fastrtps_c;rosidl_typesupport_introspection_c
[0.496s] -- Using all available rosidl_typesupport_cpp: rosidl_typesupport_fastrtps_cpp;rosidl_typesupport_introspection_cpp
[0.529s] -- Found rmw_implementation_cmake: 6.1.2 (/opt/ros/humble/share/rmw_implementation_cmake/cmake)
[0.531s] -- Found rmw_fastrtps_cpp: 6.2.7 (/opt/ros/humble/share/rmw_fastrtps_cpp/cmake)
[0.610s] -- Found OpenSSL: /usr/lib/x86_64-linux-gnu/libcrypto.so (found version "3.0.2")  
[0.631s] -- Found FastRTPS: /opt/ros/humble/include  
[0.656s] -- Using RMW implementation 'rmw_fastrtps_cpp' as default
[0.662s] -- Looking for pthread.h
[0.721s] -- Looking for pthread.h - found
[0.721s] -- Performing Test CMAKE_HAVE_LIBC_PTHREAD
[0.781s] -- Performing Test CMAKE_HAVE_LIBC_PTHREAD - Success
[0.782s] -- Found Threads: TRUE  
[0.814s] -- Found rclcpp_components: 16.0.11 (/opt/ros/humble/share/rclcpp_components/cmake)
[0.832s] -- Found geometry_msgs: 4.2.4 (/opt/ros/humble/share/geometry_msgs/cmake)
[0.841s] -- Found ackermann_msgs: 2.0.2 (/opt/ros/humble/share/ackermann_msgs/cmake)
[0.850s] -- Found nav_msgs: 4.2.4 (/opt/ros/humble/share/nav_msgs/cmake)
[0.861s] -- Found sensor_msgs: 4.2.4 (/opt/ros/humble/share/sensor_msgs/cmake)
[0.872s] -- Found tf2: 0.25.12 (/opt/ros/humble/share/tf2/cmake)
[0.875s] -- Found tf2_ros: 0.25.12 (/opt/ros/humble/share/tf2_ros/cmake)
[0.920s] -- Found tf2_geometry_msgs: 0.25.12 (/opt/ros/humble/share/tf2_geometry_msgs/cmake)
[0.930s] -- Found eigen3_cmake_module: 0.1.1 (/opt/ros/humble/share/eigen3_cmake_module/cmake)
[0.931s] -- Found Eigen3: TRUE (found version "3.4.0") 
[0.931s] -- Ensuring Eigen3 include directory is part of orocos-kdl CMake target
[0.936s] -- Found ament_lint_auto: 0.12.11 (/opt/ros/humble/share/ament_lint_auto/cmake)
[0.991s] -- Added test 'cppcheck' to perform static code analysis on C / C++ code
[0.991s] -- Configured cppcheck include dirs: $<BUILD_INTERFACE:/home/sh/projects/f1tenth_miru3/src/map_controller/include>
[0.992s] -- Configured cppcheck exclude dirs and/or files: 
[0.992s] -- Added test 'flake8' to check Python code syntax and style conventions
[0.992s] -- Added test 'lint_cmake' to check CMake code style
[0.993s] -- Added test 'pep257' to check Python code against some of the docstring style conventions in PEP 257
[0.994s] -- Added test 'uncrustify' to check C / C++ code style
[0.994s] -- Configured uncrustify additional arguments: 
[0.994s] -- Added test 'xmllint' to check XML markup files
[0.995s] -- Configuring done
[1.004s] -- Generating done
[1.008s] -- Build files have been written to: /home/sh/projects/f1tenth_miru3/build/map_controller
[1.017s] Invoked command in '/home/sh/projects/f1tenth_miru3/build/map_controller' returned '0': CMAKE_PREFIX_PATH=${CMAKE_PREFIX_PATH}:/home/sh/projects/f1tenth_miru3/install/f1tenth_stack:/home/sh/projects/f1tenth_miru3/install/joy_teleop:/home/sh/projects/f1tenth_miru3/install/pygame_key_teleop:/home/sh/projects/f1tenth_miru3/install/mouse_teleop:/home/sh/projects/f1tenth_miru3/install/key_teleop:/home/sh/projects/f1tenth_miru3/install/f1tenth_path_planner:/opt/ros/humble /usr/bin/cmake /home/sh/projects/f1tenth_miru3/src/map_controller -DCMAKE_INSTALL_PREFIX=/home/sh/projects/f1tenth_miru3/install/map_controller
[1.017s] Invoking command in '/home/sh/projects/f1tenth_miru3/build/map_controller': CMAKE_PREFIX_PATH=${CMAKE_PREFIX_PATH}:/home/sh/projects/f1tenth_miru3/install/f1tenth_stack:/home/sh/projects/f1tenth_miru3/install/joy_teleop:/home/sh/projects/f1tenth_miru3/install/pygame_key_teleop:/home/sh/projects/f1tenth_miru3/install/mouse_teleop:/home/sh/projects/f1tenth_miru3/install/key_teleop:/home/sh/projects/f1tenth_miru3/install/f1tenth_path_planner:/opt/ros/humble /usr/bin/cmake --build /home/sh/projects/f1tenth_miru3/build/map_controller -- -j16 -l16
[1.055s] [ 14%] [32mBuilding CXX object CMakeFiles/map_controller_core.dir/src/map_controller.cpp.o[0m
[1.055s] [ 28%] [32mBuilding CXX object CMakeFiles/map_controller_core.dir/src/steering_lookup.cpp.o[0m
[1.588s] [ 42%] [32m[1mLinking CXX static library libmap_controller_core.a[0m
[1.618s] [ 42%] Built target map_controller_core
[1.636s] [ 57%] [32mBuilding CXX object CMakeFiles/map_controller_component.dir/src/controller_manager_node.cpp.o[0m
[9.042s] [ 71%] [32m[1mLinking CXX shared library libmap_controller_component.so[0m
[9.471s] [ 71%] Built target map_controller_component
[9.486s] [ 85%] [32mBuilding CXX object CMakeFiles/map_controller_main.dir/src/map_controller_main.cpp.o[0m
[11.185s] [100%] [32m[1mLinking CXX executable map_controller_main[0m
[11.380s] [100%] Built target map_controller_main
[11.392s] Invoked command in '/home/sh/projects/f1tenth_miru3/build/map_controller' returned '0': CMAKE_PREFIX_PATH=${CMAKE_PREFIX_PATH}:/home/sh/projects/f1tenth_miru3/install/f1tenth_stack:/home/sh/projects/f1tenth_miru3/install/joy_teleop:/home/sh/projects/f1tenth_miru3/install/pygame_key_teleop:/home/sh/projects/f1tenth_miru3/install/mouse_teleop:/home/sh/projects/f1tenth_miru3/install/key_teleop:/home/sh/projects/f1tenth_miru3/install/f1tenth_path_planner:/opt/ros/humble /usr/bin/cmake --build /home/sh/projects/f1tenth_miru3/build/map_controller -- -j16 -l16
[11.401s] Invoking command in '/home/sh/projects/f1tenth_miru3/build/map_controller': CMAKE_PREFIX_PATH=${CMAKE_PREFIX_PATH}:/home/sh/projects/f1tenth_miru3/install/f1tenth_stack:/home/sh/projects/f1tenth_miru3/install/joy_teleop:/home/sh/projects/f1tenth_miru3/install/pygame_key_teleop:/home/sh/projects/f1tenth_miru3/install/mouse_teleop:/home/sh/projects/f1tenth_miru3/install/key_teleop:/home/sh/projects/f1tenth_miru3/install/f1tenth_path_planner:/opt/ros/humble /usr/bin/cmake --install /home/sh/projects/f1tenth_miru3/build/map_controller
[11.408s] -- Install configuration: ""
[11.408s] -- Installing: /home/sh/projects/f1tenth_miru3/install/map_controller/lib/libmap_controller_core.a
[11.408s] -- Installing: /home/sh/projects/f1tenth_miru3/install/map_controller/lib/libmap_controller_component.so
[11.414s] -- Set runtime path of "/home/sh/projects/f1tenth_miru3/install/map_controller/lib/libmap_controller_component.so" to ""
[11.414s] -- Installing: /home/sh/projects/f1tenth_miru3/install/map_controller/bin/map_controller_main
[11.414s] -- Set runtime path of "/home/sh/projects/f1tenth_miru3/install/map_controller/bin/map_controller_main" to ""
[11.415s] -- Installing: /home/sh/projects/f1tenth_miru3/install/map_controller/include
[11.415s] -- Installing: /home/sh/projects/f1tenth_miru3/install/map_controller/include/map_controller
[11.415s] -- Installing: /home/sh/projects/f1tenth_miru3/install/map_controller/include/map_controller/map_controller.hpp
[11.415s] -- Installing: /home/sh/projects/f1tenth_miru3/install/map_controller/include/map_controller/steering_lookup.hpp
[11.415s] -- Installing: /home/sh/projects/f1tenth_miru3/install/map_controller/include/map_controller/controller_manager_node.hpp
[11.415s] -- Installing: /home/sh/projects/f1tenth_miru3/install/map_controller/share/map_controller/config
[11.415s] -- Installing: /home/sh/projects/f1tenth_miru3/install/map_controller/share/map_controller/config/map_controller_params.yaml
[11.415s] -- Installing: /home/sh/projects/f1tenth_miru3/install/map_controller/share/map_controller/launch
[11.415s] -- Installing: /home/sh/projects/f1tenth_miru3/install/map_controller/share/map_controller/launch/map_controller_launch.py
[11.415s] -- Installing: /home/sh/projects/f1tenth_miru3/install/map_controller/share/map_controller/resources
[11.415s] -- Installing: /home/sh/projects/f1tenth_miru3/install/map_controller/share/map_controller/resources/lut
[11.415s] -- Installing: /home/sh/projects/f1tenth_miru3/install/map_controller/share/map_controller/resources/lut/default_lookup_table.csv
[11.415s] -- Installing: /home/sh/projects/f1tenth_miru3/install/map_controller/share/ament_index/resource_index/package_run_dependencies/map_controller
[11.415s] -- Installing: /home/sh/projects/f1tenth_miru3/install/map_controller/share/ament_index/resource_index/parent_prefix_path/map_controller
[11.416s] -- Installing: /home/sh/projects/f1tenth_miru3/install/map_controller/share/map_controller/environment/ament_prefix_path.sh
[11.416s] -- Installing: /home/sh/projects/f1tenth_miru3/install/map_controller/share/map_controller/environment/ament_prefix_path.dsv
[11.416s] -- Installing: /home/sh/projects/f1tenth_miru3/install/map_controller/share/map_controller/environment/path.sh
[11.416s] -- Installing: /home/sh/projects/f1tenth_miru3/install/map_controller/share/map_controller/environment/path.dsv
[11.416s] -- Installing: /home/sh/projects/f1tenth_miru3/install/map_controller/share/map_controller/local_setup.bash
[11.416s] -- Installing: /home/sh/projects/f1tenth_miru3/install/map_controller/share/map_controller/local_setup.sh
[11.416s] -- Installing: /home/sh/projects/f1tenth_miru3/install/map_controller/share/map_controller/local_setup.zsh
[11.416s] -- Installing: /home/sh/projects/f1tenth_miru3/install/map_controller/share/map_controller/local_setup.dsv
[11.416s] -- Installing: /home/sh/projects/f1tenth_miru3/install/map_controller/share/map_controller/package.dsv
[11.416s] -- Installing: /home/sh/projects/f1tenth_miru3/install/map_controller/share/ament_index/resource_index/packages/map_controller
[11.416s] -- Installing: /home/sh/projects/f1tenth_miru3/install/map_controller/share/ament_index/resource_index/rclcpp_components/map_controller
[11.416s] -- Installing: /home/sh/projects/f1tenth_miru3/install/map_controller/share/map_controller/cmake/map_controllerConfig.cmake
[11.416s] -- Installing: /home/sh/projects/f1tenth_miru3/install/map_controller/share/map_controller/cmake/map_controllerConfig-version.cmake
[11.417s] -- Installing: /home/sh/projects/f1tenth_miru3/install/map_controller/share/map_controller/package.xml
[11.417s] Invoked command in '/home/sh/projects/f1tenth_miru3/build/map_controller' returned '0': CMAKE_PREFIX_PATH=${CMAKE_PREFIX_PATH}:/home/sh/projects/f1tenth_miru3/install/f1tenth_stack:/home/sh/projects/f1tenth_miru3/install/joy_teleop:/home/sh/projects/f1tenth_miru3/install/pygame_key_teleop:/home/sh/projects/f1tenth_miru3/install/mouse_teleop:/home/sh/projects/f1tenth_miru3/install/key_teleop:/home/sh/projects/f1tenth_miru3/install/f1tenth_path_planner:/opt/ros/humble /usr/bin/cmake --install /home/sh/projects/f1tenth_miru3/build/map_controller
