[0.124s] Invoking command in '/home/f1/f1tenth_ws/build/pure_pursuit': CMAKE_PREFIX_PATH=${CMAKE_PREFIX_PATH}:/home/f1/f1tenth_ws/install/f1tenth_stack:/home/f1/f1tenth_ws/install/joy_teleop:/home/f1/f1tenth_ws/install/pygame_key_teleop:/home/f1/f1tenth_ws/install/mouse_teleop:/home/f1/f1tenth_ws/install/map_controller:/home/f1/f1tenth_ws/install/key_teleop:/home/f1/f1tenth_ws/install/f1tenth_path_planner:/opt/ros/foxy /usr/bin/cmake --build /home/f1/f1tenth_ws/build/pure_pursuit -- -j6 -l6
[0.992s] [100%] Built target pure_pursuit_node
[1.072s] Invoked command in '/home/f1/f1tenth_ws/build/pure_pursuit' returned '0': CMAKE_PREFIX_PATH=${CMAKE_PREFIX_PATH}:/home/f1/f1tenth_ws/install/f1tenth_stack:/home/f1/f1tenth_ws/install/joy_teleop:/home/f1/f1tenth_ws/install/pygame_key_teleop:/home/f1/f1tenth_ws/install/mouse_teleop:/home/f1/f1tenth_ws/install/map_controller:/home/f1/f1tenth_ws/install/key_teleop:/home/f1/f1tenth_ws/install/f1tenth_path_planner:/opt/ros/foxy /usr/bin/cmake --build /home/f1/f1tenth_ws/build/pure_pursuit -- -j6 -l6
[1.167s] Invoking command in '/home/f1/f1tenth_ws/build/pure_pursuit': CMAKE_PREFIX_PATH=${CMAKE_PREFIX_PATH}:/home/f1/f1tenth_ws/install/f1tenth_stack:/home/f1/f1tenth_ws/install/joy_teleop:/home/f1/f1tenth_ws/install/pygame_key_teleop:/home/f1/f1tenth_ws/install/mouse_teleop:/home/f1/f1tenth_ws/install/map_controller:/home/f1/f1tenth_ws/install/key_teleop:/home/f1/f1tenth_ws/install/f1tenth_path_planner:/opt/ros/foxy /usr/bin/cmake --install /home/f1/f1tenth_ws/build/pure_pursuit
[1.263s] -- Install configuration: "Release"
[1.267s] -- Execute custom install script
[1.271s] -- Up-to-date symlink: /home/f1/f1tenth_ws/install/pure_pursuit/lib/pure_pursuit/pure_pursuit_node
[1.278s] -- Up-to-date symlink: /home/f1/f1tenth_ws/install/pure_pursuit/share/pure_pursuit/config//pure_pursuit_config.yaml
[1.280s] -- Up-to-date symlink: /home/f1/f1tenth_ws/install/pure_pursuit/share/pure_pursuit/launch//pure_pursuit_launch.py
[1.283s] -- Up-to-date symlink: /home/f1/f1tenth_ws/install/pure_pursuit/share/ament_index/resource_index/package_run_dependencies/pure_pursuit
[1.285s] -- Up-to-date symlink: /home/f1/f1tenth_ws/install/pure_pursuit/share/ament_index/resource_index/parent_prefix_path/pure_pursuit
[1.287s] -- Up-to-date symlink: /home/f1/f1tenth_ws/install/pure_pursuit/share/pure_pursuit/environment/ament_prefix_path.sh
[1.289s] -- Up-to-date symlink: /home/f1/f1tenth_ws/install/pure_pursuit/share/pure_pursuit/environment/ament_prefix_path.dsv
[1.291s] -- Up-to-date symlink: /home/f1/f1tenth_ws/install/pure_pursuit/share/pure_pursuit/environment/path.sh
[1.294s] -- Up-to-date symlink: /home/f1/f1tenth_ws/install/pure_pursuit/share/pure_pursuit/environment/path.dsv
[1.296s] -- Up-to-date symlink: /home/f1/f1tenth_ws/install/pure_pursuit/share/pure_pursuit/local_setup.bash
[1.298s] -- Up-to-date symlink: /home/f1/f1tenth_ws/install/pure_pursuit/share/pure_pursuit/local_setup.sh
[1.300s] -- Up-to-date symlink: /home/f1/f1tenth_ws/install/pure_pursuit/share/pure_pursuit/local_setup.zsh
[1.303s] -- Up-to-date symlink: /home/f1/f1tenth_ws/install/pure_pursuit/share/pure_pursuit/local_setup.dsv
[1.305s] -- Symlinking: /home/f1/f1tenth_ws/install/pure_pursuit/share/pure_pursuit/package.dsv
[1.375s] -- Up-to-date symlink: /home/f1/f1tenth_ws/install/pure_pursuit/share/ament_index/resource_index/packages/pure_pursuit
[1.384s] -- Up-to-date symlink: /home/f1/f1tenth_ws/install/pure_pursuit/share/pure_pursuit/cmake/pure_pursuitConfig.cmake
[1.388s] -- Up-to-date symlink: /home/f1/f1tenth_ws/install/pure_pursuit/share/pure_pursuit/cmake/pure_pursuitConfig-version.cmake
[1.395s] -- Up-to-date symlink: /home/f1/f1tenth_ws/install/pure_pursuit/share/pure_pursuit/package.xml
[1.416s] Invoked command in '/home/f1/f1tenth_ws/build/pure_pursuit' returned '0': CMAKE_PREFIX_PATH=${CMAKE_PREFIX_PATH}:/home/f1/f1tenth_ws/install/f1tenth_stack:/home/f1/f1tenth_ws/install/joy_teleop:/home/f1/f1tenth_ws/install/pygame_key_teleop:/home/f1/f1tenth_ws/install/mouse_teleop:/home/f1/f1tenth_ws/install/map_controller:/home/f1/f1tenth_ws/install/key_teleop:/home/f1/f1tenth_ws/install/f1tenth_path_planner:/opt/ros/foxy /usr/bin/cmake --install /home/f1/f1tenth_ws/build/pure_pursuit
