[0.115s] Invoking command in '/home/f1/f1tenth_ws/build/vesc_ackermann': AMENT_PREFIX_PATH=/home/f1/f1tenth_ws/install/vesc_msgs:${AMENT_PREFIX_PATH} CMAKE_PREFIX_PATH=/home/f1/f1tenth_ws/install/vesc_msgs:/opt/ros/foxy CONDA_PROMPT_MODIFIER=(base) LD_LIBRARY_PATH=/home/f1/f1tenth_ws/install/vesc_msgs/lib:${LD_LIBRARY_PATH} PYTHONPATH=/home/f1/f1tenth_ws/install/vesc_msgs/lib/python3.8/site-packages:${PYTHONPATH} /usr/bin/cmake --build /home/f1/f1tenth_ws/build/vesc_ackermann -- -j6 -l6
[0.551s] [ 28%] Built target vesc_to_odom_node
[0.613s] [ 57%] Built target ackermann_to_vesc_node
[0.665s] Scanning dependencies of target vesc_ackermann
[0.809s] [ 71%] Building CXX object CMakeFiles/vesc_ackermann.dir/src/ackermann_to_vesc.cpp.o
[47.680s] [ 85%] Linking CXX shared library libvesc_ackermann.so
[48.790s] [100%] Built target vesc_ackermann
[48.862s] Invoked command in '/home/f1/f1tenth_ws/build/vesc_ackermann' returned '0': AMENT_PREFIX_PATH=/home/f1/f1tenth_ws/install/vesc_msgs:${AMENT_PREFIX_PATH} CMAKE_PREFIX_PATH=/home/f1/f1tenth_ws/install/vesc_msgs:/opt/ros/foxy CONDA_PROMPT_MODIFIER=(base) LD_LIBRARY_PATH=/home/f1/f1tenth_ws/install/vesc_msgs/lib:${LD_LIBRARY_PATH} PYTHONPATH=/home/f1/f1tenth_ws/install/vesc_msgs/lib/python3.8/site-packages:${PYTHONPATH} /usr/bin/cmake --build /home/f1/f1tenth_ws/build/vesc_ackermann -- -j6 -l6
[48.954s] Invoking command in '/home/f1/f1tenth_ws/build/vesc_ackermann': AMENT_PREFIX_PATH=/home/f1/f1tenth_ws/install/vesc_msgs:${AMENT_PREFIX_PATH} CMAKE_PREFIX_PATH=/home/f1/f1tenth_ws/install/vesc_msgs:/opt/ros/foxy CONDA_PROMPT_MODIFIER=(base) LD_LIBRARY_PATH=/home/f1/f1tenth_ws/install/vesc_msgs/lib:${LD_LIBRARY_PATH} PYTHONPATH=/home/f1/f1tenth_ws/install/vesc_msgs/lib/python3.8/site-packages:${PYTHONPATH} /usr/bin/cmake --install /home/f1/f1tenth_ws/build/vesc_ackermann
[49.024s] -- Install configuration: "Release"
[49.028s] -- Execute custom install script
[49.031s] -- Up-to-date symlink: /home/f1/f1tenth_ws/install/vesc_ackermann/lib/vesc_ackermann/ackermann_to_vesc_node
[49.034s] -- Up-to-date symlink: /home/f1/f1tenth_ws/install/vesc_ackermann/lib/vesc_ackermann/vesc_to_odom_node
[49.038s] -- Up-to-date symlink: /home/f1/f1tenth_ws/install/vesc_ackermann/include/vesc_ackermann/ackermann_to_vesc.hpp
[49.039s] -- Up-to-date symlink: /home/f1/f1tenth_ws/install/vesc_ackermann/include/vesc_ackermann/vesc_to_odom.hpp
[49.043s] -- Up-to-date symlink: /home/f1/f1tenth_ws/install/vesc_ackermann/share/vesc_ackermann/environment/library_path.sh
[49.045s] -- Up-to-date symlink: /home/f1/f1tenth_ws/install/vesc_ackermann/share/vesc_ackermann/environment/library_path.dsv
[49.049s] -- Up-to-date symlink: /home/f1/f1tenth_ws/install/vesc_ackermann/lib/libvesc_ackermann.so
[49.053s] -- Up-to-date symlink: /home/f1/f1tenth_ws/install/vesc_ackermann/share/vesc_ackermann/launch/ackermann_to_vesc_node.launch.xml
[49.055s] -- Up-to-date symlink: /home/f1/f1tenth_ws/install/vesc_ackermann/share/vesc_ackermann/launch/vesc_to_odom_node.launch.xml
[49.062s] -- Up-to-date symlink: /home/f1/f1tenth_ws/install/vesc_ackermann/share/ament_index/resource_index/package_run_dependencies/vesc_ackermann
[49.064s] -- Up-to-date symlink: /home/f1/f1tenth_ws/install/vesc_ackermann/share/ament_index/resource_index/parent_prefix_path/vesc_ackermann
[49.068s] -- Up-to-date symlink: /home/f1/f1tenth_ws/install/vesc_ackermann/share/vesc_ackermann/environment/ament_prefix_path.sh
[49.070s] -- Up-to-date symlink: /home/f1/f1tenth_ws/install/vesc_ackermann/share/vesc_ackermann/environment/ament_prefix_path.dsv
[49.072s] -- Up-to-date symlink: /home/f1/f1tenth_ws/install/vesc_ackermann/share/vesc_ackermann/environment/path.sh
[49.075s] -- Up-to-date symlink: /home/f1/f1tenth_ws/install/vesc_ackermann/share/vesc_ackermann/environment/path.dsv
[49.078s] -- Up-to-date symlink: /home/f1/f1tenth_ws/install/vesc_ackermann/share/vesc_ackermann/local_setup.bash
[49.080s] -- Up-to-date symlink: /home/f1/f1tenth_ws/install/vesc_ackermann/share/vesc_ackermann/local_setup.sh
[49.081s] -- Up-to-date symlink: /home/f1/f1tenth_ws/install/vesc_ackermann/share/vesc_ackermann/local_setup.zsh
[49.082s] -- Up-to-date symlink: /home/f1/f1tenth_ws/install/vesc_ackermann/share/vesc_ackermann/local_setup.dsv
[49.083s] -- Symlinking: /home/f1/f1tenth_ws/install/vesc_ackermann/share/vesc_ackermann/package.dsv
[49.154s] -- Up-to-date symlink: /home/f1/f1tenth_ws/install/vesc_ackermann/share/ament_index/resource_index/packages/vesc_ackermann
[49.156s] -- Up-to-date symlink: /home/f1/f1tenth_ws/install/vesc_ackermann/share/ament_index/resource_index/rclcpp_components/vesc_ackermann
[49.158s] -- Up-to-date symlink: /home/f1/f1tenth_ws/install/vesc_ackermann/share/vesc_ackermann/cmake/ament_cmake_export_dependencies-extras.cmake
[49.160s] -- Up-to-date symlink: /home/f1/f1tenth_ws/install/vesc_ackermann/share/vesc_ackermann/cmake/ament_cmake_export_include_directories-extras.cmake
[49.162s] -- Up-to-date symlink: /home/f1/f1tenth_ws/install/vesc_ackermann/share/vesc_ackermann/cmake/ament_cmake_export_libraries-extras.cmake
[49.164s] -- Up-to-date symlink: /home/f1/f1tenth_ws/install/vesc_ackermann/share/vesc_ackermann/cmake/vesc_ackermannConfig.cmake
[49.165s] -- Up-to-date symlink: /home/f1/f1tenth_ws/install/vesc_ackermann/share/vesc_ackermann/cmake/vesc_ackermannConfig-version.cmake
[49.167s] -- Up-to-date symlink: /home/f1/f1tenth_ws/install/vesc_ackermann/share/vesc_ackermann/package.xml
[49.190s] Invoked command in '/home/f1/f1tenth_ws/build/vesc_ackermann' returned '0': AMENT_PREFIX_PATH=/home/f1/f1tenth_ws/install/vesc_msgs:${AMENT_PREFIX_PATH} CMAKE_PREFIX_PATH=/home/f1/f1tenth_ws/install/vesc_msgs:/opt/ros/foxy CONDA_PROMPT_MODIFIER=(base) LD_LIBRARY_PATH=/home/f1/f1tenth_ws/install/vesc_msgs/lib:${LD_LIBRARY_PATH} PYTHONPATH=/home/f1/f1tenth_ws/install/vesc_msgs/lib/python3.8/site-packages:${PYTHONPATH} /usr/bin/cmake --install /home/f1/f1tenth_ws/build/vesc_ackermann
