[0.961s] Invoking command in '/home/f1/f1tenth_ws/build/path_follow': CMAKE_PREFIX_PATH=/opt/ros/foxy CONDA_PROMPT_MODIFIER=(base) /usr/bin/cmake --build /home/f1/f1tenth_ws/build/path_follow -- -j6 -l6
[1.587s] [100%] Built target path_follow_node
[3.165s] Invoked command in '/home/f1/f1tenth_ws/build/path_follow' returned '0': CMAKE_PREFIX_PATH=/opt/ros/foxy CONDA_PROMPT_MODIFIER=(base) /usr/bin/cmake --build /home/f1/f1tenth_ws/build/path_follow -- -j6 -l6
[3.202s] Invoking command in '/home/f1/f1tenth_ws/build/path_follow': CMAKE_PREFIX_PATH=/opt/ros/foxy CONDA_PROMPT_MODIFIER=(base) /usr/bin/cmake --install /home/f1/f1tenth_ws/build/path_follow
[3.355s] -- Install configuration: "Release"
[3.358s] -- Execute custom install script
[3.379s] -- Up-to-date symlink: /home/f1/f1tenth_ws/install/path_follow/lib/path_follow/path_follow_node
[3.380s] -- Up-to-date symlink: /home/f1/f1tenth_ws/install/path_follow/share/path_follow/launch/path_follow_launch.py
[3.380s] -- Up-to-date symlink: /home/f1/f1tenth_ws/install/path_follow/share/ament_index/resource_index/package_run_dependencies/path_follow
[3.381s] -- Up-to-date symlink: /home/f1/f1tenth_ws/install/path_follow/share/ament_index/resource_index/parent_prefix_path/path_follow
[3.382s] -- Up-to-date symlink: /home/f1/f1tenth_ws/install/path_follow/share/path_follow/environment/ament_prefix_path.sh
[3.382s] -- Up-to-date symlink: /home/f1/f1tenth_ws/install/path_follow/share/path_follow/environment/ament_prefix_path.dsv
[3.383s] -- Up-to-date symlink: /home/f1/f1tenth_ws/install/path_follow/share/path_follow/environment/path.sh
[3.384s] -- Up-to-date symlink: /home/f1/f1tenth_ws/install/path_follow/share/path_follow/environment/path.dsv
[3.384s] -- Up-to-date symlink: /home/f1/f1tenth_ws/install/path_follow/share/path_follow/local_setup.bash
[3.385s] -- Up-to-date symlink: /home/f1/f1tenth_ws/install/path_follow/share/path_follow/local_setup.sh
[3.385s] -- Up-to-date symlink: /home/f1/f1tenth_ws/install/path_follow/share/path_follow/local_setup.zsh
[3.386s] -- Up-to-date symlink: /home/f1/f1tenth_ws/install/path_follow/share/path_follow/local_setup.dsv
[3.386s] -- Symlinking: /home/f1/f1tenth_ws/install/path_follow/share/path_follow/package.dsv
[3.387s] -- Up-to-date symlink: /home/f1/f1tenth_ws/install/path_follow/share/ament_index/resource_index/packages/path_follow
[3.387s] -- Up-to-date symlink: /home/f1/f1tenth_ws/install/path_follow/share/path_follow/cmake/path_followConfig.cmake
[3.388s] -- Up-to-date symlink: /home/f1/f1tenth_ws/install/path_follow/share/path_follow/cmake/path_followConfig-version.cmake
[3.388s] -- Up-to-date symlink: /home/f1/f1tenth_ws/install/path_follow/share/path_follow/package.xml
[3.476s] Invoked command in '/home/f1/f1tenth_ws/build/path_follow' returned '0': CMAKE_PREFIX_PATH=/opt/ros/foxy CONDA_PROMPT_MODIFIER=(base) /usr/bin/cmake --install /home/f1/f1tenth_ws/build/path_follow
