[0.121s] Invoking command in '/home/sh/projects/f1tenth_miru3/build/vesc_msgs': CMAKE_PREFIX_PATH=/opt/ros/humble /usr/bin/cmake --build /home/sh/projects/f1tenth_miru3/build/vesc_msgs -- -j16 -l16
[2.335s] Consolidate compiler generated dependencies of target vesc_msgs__rosidl_generator_c
[2.335s] [  1%] Built target vesc_msgs__cpp
[2.335s] [ 12%] Built target vesc_msgs__rosidl_generator_c
[2.335s] [ 12%] Built target ament_cmake_python_symlink_vesc_msgs
[2.335s] Consolidate compiler generated dependencies of target vesc_msgs__rosidl_typesupport_introspection_cpp
[2.335s] Consolidate compiler generated dependencies of target vesc_msgs__rosidl_typesupport_cpp
[2.336s] Consolidate compiler generated dependencies of target vesc_msgs__rosidl_typesupport_fastrtps_cpp
[2.336s] Consolidate compiler generated dependencies of target vesc_msgs__rosidl_typesupport_fastrtps_c
[2.336s] Consolidate compiler generated dependencies of target vesc_msgs__rosidl_typesupport_c
[2.336s] Consolidate compiler generated dependencies of target vesc_msgs__rosidl_typesupport_introspection_c
[2.336s] [ 23%] Built target vesc_msgs__rosidl_typesupport_c
[2.336s] [ 34%] Built target vesc_msgs__rosidl_typesupport_introspection_cpp
[2.336s] [ 45%] Built target vesc_msgs__rosidl_typesupport_cpp
[2.336s] [ 56%] Built target vesc_msgs__rosidl_typesupport_fastrtps_c
[2.336s] [ 67%] Built target vesc_msgs__rosidl_typesupport_fastrtps_cpp
[2.336s] [ 78%] Built target vesc_msgs__rosidl_typesupport_introspection_c
[2.336s] [ 78%] Built target vesc_msgs
[2.337s] [ 80%] Built target vesc_msgs__py
[2.337s] Consolidate compiler generated dependencies of target vesc_msgs__rosidl_generator_py
[2.337s] [ 89%] Built target vesc_msgs__rosidl_generator_py
[2.337s] Consolidate compiler generated dependencies of target vesc_msgs__rosidl_typesupport_introspection_c__pyext
[2.337s] Consolidate compiler generated dependencies of target vesc_msgs__rosidl_typesupport_fastrtps_c__pyext
[2.337s] Consolidate compiler generated dependencies of target vesc_msgs__rosidl_typesupport_c__pyext
[2.337s] [ 92%] Built target vesc_msgs__rosidl_typesupport_fastrtps_c__pyext
[2.337s] [ 96%] Built target vesc_msgs__rosidl_typesupport_introspection_c__pyext
[2.337s] [100%] Built target vesc_msgs__rosidl_typesupport_c__pyext
[2.337s] running egg_info
[2.337s] writing vesc_msgs.egg-info/PKG-INFO
[2.338s] writing dependency_links to vesc_msgs.egg-info/dependency_links.txt
[2.338s] writing top-level names to vesc_msgs.egg-info/top_level.txt
[2.338s] reading manifest file 'vesc_msgs.egg-info/SOURCES.txt'
[2.338s] writing manifest file 'vesc_msgs.egg-info/SOURCES.txt'
[2.338s] [100%] Built target ament_cmake_python_build_vesc_msgs_egg
[2.347s] Invoked command in '/home/sh/projects/f1tenth_miru3/build/vesc_msgs' returned '0': CMAKE_PREFIX_PATH=/opt/ros/humble /usr/bin/cmake --build /home/sh/projects/f1tenth_miru3/build/vesc_msgs -- -j16 -l16
[2.356s] Invoking command in '/home/sh/projects/f1tenth_miru3/build/vesc_msgs': CMAKE_PREFIX_PATH=/opt/ros/humble /usr/bin/cmake --install /home/sh/projects/f1tenth_miru3/build/vesc_msgs
[2.423s] -- Install configuration: ""
[2.423s] -- Execute custom install script
[2.423s] -- Up-to-date symlink: /home/sh/projects/f1tenth_miru3/install/vesc_msgs/share/ament_index/resource_index/rosidl_interfaces/vesc_msgs
[2.423s] -- Up-to-date symlink: /home/sh/projects/f1tenth_miru3/install/vesc_msgs/include/vesc_msgs/vesc_msgs/msg/detail/vesc_imu__functions.h
[2.424s] -- Up-to-date symlink: /home/sh/projects/f1tenth_miru3/install/vesc_msgs/include/vesc_msgs/vesc_msgs/msg/detail/vesc_imu__struct.h
[2.424s] -- Up-to-date symlink: /home/sh/projects/f1tenth_miru3/install/vesc_msgs/include/vesc_msgs/vesc_msgs/msg/detail/vesc_imu__type_support.h
[2.424s] -- Up-to-date symlink: /home/sh/projects/f1tenth_miru3/install/vesc_msgs/include/vesc_msgs/vesc_msgs/msg/detail/vesc_imu_stamped__functions.h
[2.424s] -- Up-to-date symlink: /home/sh/projects/f1tenth_miru3/install/vesc_msgs/include/vesc_msgs/vesc_msgs/msg/detail/vesc_imu_stamped__struct.h
[2.424s] -- Up-to-date symlink: /home/sh/projects/f1tenth_miru3/install/vesc_msgs/include/vesc_msgs/vesc_msgs/msg/detail/vesc_imu_stamped__type_support.h
[2.425s] -- Up-to-date symlink: /home/sh/projects/f1tenth_miru3/install/vesc_msgs/include/vesc_msgs/vesc_msgs/msg/detail/vesc_state__functions.h
[2.425s] -- Up-to-date symlink: /home/sh/projects/f1tenth_miru3/install/vesc_msgs/include/vesc_msgs/vesc_msgs/msg/detail/vesc_state__struct.h
[2.425s] -- Up-to-date symlink: /home/sh/projects/f1tenth_miru3/install/vesc_msgs/include/vesc_msgs/vesc_msgs/msg/detail/vesc_state__type_support.h
[2.425s] -- Up-to-date symlink: /home/sh/projects/f1tenth_miru3/install/vesc_msgs/include/vesc_msgs/vesc_msgs/msg/detail/vesc_state_stamped__functions.h
[2.425s] -- Up-to-date symlink: /home/sh/projects/f1tenth_miru3/install/vesc_msgs/include/vesc_msgs/vesc_msgs/msg/detail/vesc_state_stamped__struct.h
[2.426s] -- Up-to-date symlink: /home/sh/projects/f1tenth_miru3/install/vesc_msgs/include/vesc_msgs/vesc_msgs/msg/detail/vesc_state_stamped__type_support.h
[2.426s] -- Up-to-date symlink: /home/sh/projects/f1tenth_miru3/install/vesc_msgs/include/vesc_msgs/vesc_msgs/msg/rosidl_generator_c__visibility_control.h
[2.428s] -- Up-to-date symlink: /home/sh/projects/f1tenth_miru3/install/vesc_msgs/include/vesc_msgs/vesc_msgs/msg/vesc_imu.h
[2.429s] -- Up-to-date symlink: /home/sh/projects/f1tenth_miru3/install/vesc_msgs/include/vesc_msgs/vesc_msgs/msg/vesc_imu_stamped.h
[2.429s] -- Up-to-date symlink: /home/sh/projects/f1tenth_miru3/install/vesc_msgs/include/vesc_msgs/vesc_msgs/msg/vesc_state.h
[2.429s] -- Up-to-date symlink: /home/sh/projects/f1tenth_miru3/install/vesc_msgs/include/vesc_msgs/vesc_msgs/msg/vesc_state_stamped.h
[2.429s] -- Up-to-date symlink: /home/sh/projects/f1tenth_miru3/install/vesc_msgs/share/vesc_msgs/environment/library_path.sh
[2.429s] -- Up-to-date symlink: /home/sh/projects/f1tenth_miru3/install/vesc_msgs/share/vesc_msgs/environment/library_path.dsv
[2.430s] -- Up-to-date symlink: /home/sh/projects/f1tenth_miru3/install/vesc_msgs/include/vesc_msgs/vesc_msgs/msg/detail/vesc_imu__rosidl_typesupport_fastrtps_c.h
[2.430s] -- Up-to-date symlink: /home/sh/projects/f1tenth_miru3/install/vesc_msgs/include/vesc_msgs/vesc_msgs/msg/detail/vesc_imu_stamped__rosidl_typesupport_fastrtps_c.h
[2.430s] -- Up-to-date symlink: /home/sh/projects/f1tenth_miru3/install/vesc_msgs/include/vesc_msgs/vesc_msgs/msg/detail/vesc_state__rosidl_typesupport_fastrtps_c.h
[2.430s] -- Up-to-date symlink: /home/sh/projects/f1tenth_miru3/install/vesc_msgs/include/vesc_msgs/vesc_msgs/msg/detail/vesc_state_stamped__rosidl_typesupport_fastrtps_c.h
[2.430s] -- Up-to-date symlink: /home/sh/projects/f1tenth_miru3/install/vesc_msgs/include/vesc_msgs/vesc_msgs/msg/rosidl_typesupport_fastrtps_c__visibility_control.h
[2.431s] -- Up-to-date symlink: /home/sh/projects/f1tenth_miru3/install/vesc_msgs/include/vesc_msgs/vesc_msgs/msg/detail/vesc_imu__rosidl_typesupport_introspection_c.h
[2.431s] -- Up-to-date symlink: /home/sh/projects/f1tenth_miru3/install/vesc_msgs/include/vesc_msgs/vesc_msgs/msg/detail/vesc_imu_stamped__rosidl_typesupport_introspection_c.h
[2.431s] -- Up-to-date symlink: /home/sh/projects/f1tenth_miru3/install/vesc_msgs/include/vesc_msgs/vesc_msgs/msg/detail/vesc_state__rosidl_typesupport_introspection_c.h
[2.431s] -- Up-to-date symlink: /home/sh/projects/f1tenth_miru3/install/vesc_msgs/include/vesc_msgs/vesc_msgs/msg/detail/vesc_state_stamped__rosidl_typesupport_introspection_c.h
[2.431s] -- Up-to-date symlink: /home/sh/projects/f1tenth_miru3/install/vesc_msgs/include/vesc_msgs/vesc_msgs/msg/rosidl_typesupport_introspection_c__visibility_control.h
[2.431s] -- Up-to-date symlink: /home/sh/projects/f1tenth_miru3/install/vesc_msgs/include/vesc_msgs/vesc_msgs/msg/detail/vesc_imu__builder.hpp
[2.432s] -- Up-to-date symlink: /home/sh/projects/f1tenth_miru3/install/vesc_msgs/include/vesc_msgs/vesc_msgs/msg/detail/vesc_imu__struct.hpp
[2.432s] -- Up-to-date symlink: /home/sh/projects/f1tenth_miru3/install/vesc_msgs/include/vesc_msgs/vesc_msgs/msg/detail/vesc_imu__traits.hpp
[2.432s] -- Up-to-date symlink: /home/sh/projects/f1tenth_miru3/install/vesc_msgs/include/vesc_msgs/vesc_msgs/msg/detail/vesc_imu__type_support.hpp
[2.432s] -- Up-to-date symlink: /home/sh/projects/f1tenth_miru3/install/vesc_msgs/include/vesc_msgs/vesc_msgs/msg/detail/vesc_imu_stamped__builder.hpp
[2.433s] -- Up-to-date symlink: /home/sh/projects/f1tenth_miru3/install/vesc_msgs/include/vesc_msgs/vesc_msgs/msg/detail/vesc_imu_stamped__struct.hpp
[2.433s] -- Up-to-date symlink: /home/sh/projects/f1tenth_miru3/install/vesc_msgs/include/vesc_msgs/vesc_msgs/msg/detail/vesc_imu_stamped__traits.hpp
[2.433s] -- Up-to-date symlink: /home/sh/projects/f1tenth_miru3/install/vesc_msgs/include/vesc_msgs/vesc_msgs/msg/detail/vesc_imu_stamped__type_support.hpp
[2.433s] -- Up-to-date symlink: /home/sh/projects/f1tenth_miru3/install/vesc_msgs/include/vesc_msgs/vesc_msgs/msg/detail/vesc_state__builder.hpp
[2.433s] -- Up-to-date symlink: /home/sh/projects/f1tenth_miru3/install/vesc_msgs/include/vesc_msgs/vesc_msgs/msg/detail/vesc_state__struct.hpp
[2.433s] -- Up-to-date symlink: /home/sh/projects/f1tenth_miru3/install/vesc_msgs/include/vesc_msgs/vesc_msgs/msg/detail/vesc_state__traits.hpp
[2.433s] -- Up-to-date symlink: /home/sh/projects/f1tenth_miru3/install/vesc_msgs/include/vesc_msgs/vesc_msgs/msg/detail/vesc_state__type_support.hpp
[2.434s] -- Up-to-date symlink: /home/sh/projects/f1tenth_miru3/install/vesc_msgs/include/vesc_msgs/vesc_msgs/msg/detail/vesc_state_stamped__builder.hpp
[2.434s] -- Up-to-date symlink: /home/sh/projects/f1tenth_miru3/install/vesc_msgs/include/vesc_msgs/vesc_msgs/msg/detail/vesc_state_stamped__struct.hpp
[2.434s] -- Up-to-date symlink: /home/sh/projects/f1tenth_miru3/install/vesc_msgs/include/vesc_msgs/vesc_msgs/msg/detail/vesc_state_stamped__traits.hpp
[2.434s] -- Up-to-date symlink: /home/sh/projects/f1tenth_miru3/install/vesc_msgs/include/vesc_msgs/vesc_msgs/msg/detail/vesc_state_stamped__type_support.hpp
[2.434s] -- Up-to-date symlink: /home/sh/projects/f1tenth_miru3/install/vesc_msgs/include/vesc_msgs/vesc_msgs/msg/rosidl_generator_cpp__visibility_control.hpp
[2.434s] -- Up-to-date symlink: /home/sh/projects/f1tenth_miru3/install/vesc_msgs/include/vesc_msgs/vesc_msgs/msg/vesc_imu.hpp
[2.434s] -- Up-to-date symlink: /home/sh/projects/f1tenth_miru3/install/vesc_msgs/include/vesc_msgs/vesc_msgs/msg/vesc_imu_stamped.hpp
[2.434s] -- Up-to-date symlink: /home/sh/projects/f1tenth_miru3/install/vesc_msgs/include/vesc_msgs/vesc_msgs/msg/vesc_state.hpp
[2.434s] -- Up-to-date symlink: /home/sh/projects/f1tenth_miru3/install/vesc_msgs/include/vesc_msgs/vesc_msgs/msg/vesc_state_stamped.hpp
[2.435s] -- Up-to-date symlink: /home/sh/projects/f1tenth_miru3/install/vesc_msgs/include/vesc_msgs/vesc_msgs/msg/detail/vesc_imu__rosidl_typesupport_fastrtps_cpp.hpp
[2.435s] -- Up-to-date symlink: /home/sh/projects/f1tenth_miru3/install/vesc_msgs/include/vesc_msgs/vesc_msgs/msg/detail/vesc_imu_stamped__rosidl_typesupport_fastrtps_cpp.hpp
[2.435s] -- Up-to-date symlink: /home/sh/projects/f1tenth_miru3/install/vesc_msgs/include/vesc_msgs/vesc_msgs/msg/detail/vesc_state__rosidl_typesupport_fastrtps_cpp.hpp
[2.435s] -- Up-to-date symlink: /home/sh/projects/f1tenth_miru3/install/vesc_msgs/include/vesc_msgs/vesc_msgs/msg/detail/vesc_state_stamped__rosidl_typesupport_fastrtps_cpp.hpp
[2.435s] -- Up-to-date symlink: /home/sh/projects/f1tenth_miru3/install/vesc_msgs/include/vesc_msgs/vesc_msgs/msg/rosidl_typesupport_fastrtps_cpp__visibility_control.h
[2.435s] -- Up-to-date symlink: /home/sh/projects/f1tenth_miru3/install/vesc_msgs/include/vesc_msgs/vesc_msgs/msg/detail/vesc_imu__rosidl_typesupport_introspection_cpp.hpp
[2.435s] -- Up-to-date symlink: /home/sh/projects/f1tenth_miru3/install/vesc_msgs/include/vesc_msgs/vesc_msgs/msg/detail/vesc_imu_stamped__rosidl_typesupport_introspection_cpp.hpp
[2.435s] -- Up-to-date symlink: /home/sh/projects/f1tenth_miru3/install/vesc_msgs/include/vesc_msgs/vesc_msgs/msg/detail/vesc_state__rosidl_typesupport_introspection_cpp.hpp
[2.436s] -- Up-to-date symlink: /home/sh/projects/f1tenth_miru3/install/vesc_msgs/include/vesc_msgs/vesc_msgs/msg/detail/vesc_state_stamped__rosidl_typesupport_introspection_cpp.hpp
[2.436s] -- Up-to-date symlink: /home/sh/projects/f1tenth_miru3/install/vesc_msgs/share/vesc_msgs/environment/pythonpath.sh
[2.436s] -- Up-to-date symlink: /home/sh/projects/f1tenth_miru3/install/vesc_msgs/share/vesc_msgs/environment/pythonpath.dsv
[2.436s] -- Up-to-date symlink: /home/sh/projects/f1tenth_miru3/install/vesc_msgs/local/lib/python3.10/dist-packages/vesc_msgs-1.2.0-py3.10.egg-info/PKG-INFO
[2.436s] -- Up-to-date symlink: /home/sh/projects/f1tenth_miru3/install/vesc_msgs/local/lib/python3.10/dist-packages/vesc_msgs-1.2.0-py3.10.egg-info/SOURCES.txt
[2.436s] -- Up-to-date symlink: /home/sh/projects/f1tenth_miru3/install/vesc_msgs/local/lib/python3.10/dist-packages/vesc_msgs-1.2.0-py3.10.egg-info/dependency_links.txt
[2.437s] -- Up-to-date symlink: /home/sh/projects/f1tenth_miru3/install/vesc_msgs/local/lib/python3.10/dist-packages/vesc_msgs-1.2.0-py3.10.egg-info/top_level.txt
[2.437s] -- Up-to-date symlink: /home/sh/projects/f1tenth_miru3/install/vesc_msgs/local/lib/python3.10/dist-packages/vesc_msgs/__init__.py
[2.437s] -- Up-to-date symlink: /home/sh/projects/f1tenth_miru3/install/vesc_msgs/local/lib/python3.10/dist-packages/vesc_msgs/_vesc_msgs_s.ep.rosidl_typesupport_c.c
[2.437s] -- Up-to-date symlink: /home/sh/projects/f1tenth_miru3/install/vesc_msgs/local/lib/python3.10/dist-packages/vesc_msgs/_vesc_msgs_s.ep.rosidl_typesupport_fastrtps_c.c
[2.439s] -- Up-to-date symlink: /home/sh/projects/f1tenth_miru3/install/vesc_msgs/local/lib/python3.10/dist-packages/vesc_msgs/_vesc_msgs_s.ep.rosidl_typesupport_introspection_c.c
[2.440s] -- Up-to-date symlink: /home/sh/projects/f1tenth_miru3/install/vesc_msgs/local/lib/python3.10/dist-packages/vesc_msgs/libvesc_msgs__rosidl_generator_py.so
[2.440s] -- Up-to-date symlink: /home/sh/projects/f1tenth_miru3/install/vesc_msgs/local/lib/python3.10/dist-packages/vesc_msgs/msg/__init__.py
[2.440s] -- Up-to-date symlink: /home/sh/projects/f1tenth_miru3/install/vesc_msgs/local/lib/python3.10/dist-packages/vesc_msgs/msg/_vesc_imu.py
[2.440s] -- Up-to-date symlink: /home/sh/projects/f1tenth_miru3/install/vesc_msgs/local/lib/python3.10/dist-packages/vesc_msgs/msg/_vesc_imu_s.c
[2.440s] -- Up-to-date symlink: /home/sh/projects/f1tenth_miru3/install/vesc_msgs/local/lib/python3.10/dist-packages/vesc_msgs/msg/_vesc_imu_stamped.py
[2.441s] -- Up-to-date symlink: /home/sh/projects/f1tenth_miru3/install/vesc_msgs/local/lib/python3.10/dist-packages/vesc_msgs/msg/_vesc_imu_stamped_s.c
[2.441s] -- Up-to-date symlink: /home/sh/projects/f1tenth_miru3/install/vesc_msgs/local/lib/python3.10/dist-packages/vesc_msgs/msg/_vesc_state.py
[2.441s] -- Up-to-date symlink: /home/sh/projects/f1tenth_miru3/install/vesc_msgs/local/lib/python3.10/dist-packages/vesc_msgs/msg/_vesc_state_s.c
[2.441s] -- Up-to-date symlink: /home/sh/projects/f1tenth_miru3/install/vesc_msgs/local/lib/python3.10/dist-packages/vesc_msgs/msg/_vesc_state_stamped.py
[2.462s] -- Up-to-date symlink: /home/sh/projects/f1tenth_miru3/install/vesc_msgs/local/lib/python3.10/dist-packages/vesc_msgs/msg/_vesc_state_stamped_s.c
[2.462s] -- Up-to-date symlink: /home/sh/projects/f1tenth_miru3/install/vesc_msgs/local/lib/python3.10/dist-packages/vesc_msgs/vesc_msgs_s__rosidl_typesupport_c.cpython-310-x86_64-linux-gnu.so
[2.462s] -- Up-to-date symlink: /home/sh/projects/f1tenth_miru3/install/vesc_msgs/local/lib/python3.10/dist-packages/vesc_msgs/vesc_msgs_s__rosidl_typesupport_fastrtps_c.cpython-310-x86_64-linux-gnu.so
[2.462s] -- Up-to-date symlink: /home/sh/projects/f1tenth_miru3/install/vesc_msgs/local/lib/python3.10/dist-packages/vesc_msgs/vesc_msgs_s__rosidl_typesupport_introspection_c.cpython-310-x86_64-linux-gnu.so
[2.462s] -- Up-to-date symlink: /home/sh/projects/f1tenth_miru3/install/vesc_msgs/local/lib/python3.10/dist-packages/vesc_msgs/vesc_msgs_s__rosidl_typesupport_fastrtps_c.cpython-310-x86_64-linux-gnu.so
[2.463s] -- Up-to-date symlink: /home/sh/projects/f1tenth_miru3/install/vesc_msgs/local/lib/python3.10/dist-packages/vesc_msgs/vesc_msgs_s__rosidl_typesupport_introspection_c.cpython-310-x86_64-linux-gnu.so
[2.463s] -- Up-to-date symlink: /home/sh/projects/f1tenth_miru3/install/vesc_msgs/local/lib/python3.10/dist-packages/vesc_msgs/vesc_msgs_s__rosidl_typesupport_c.cpython-310-x86_64-linux-gnu.so
[2.463s] -- Up-to-date symlink: /home/sh/projects/f1tenth_miru3/install/vesc_msgs/share/vesc_msgs/msg/VescState.idl
[2.463s] -- Up-to-date symlink: /home/sh/projects/f1tenth_miru3/install/vesc_msgs/share/vesc_msgs/msg/VescStateStamped.idl
[2.464s] -- Up-to-date symlink: /home/sh/projects/f1tenth_miru3/install/vesc_msgs/share/vesc_msgs/msg/VescImu.idl
[2.464s] -- Up-to-date symlink: /home/sh/projects/f1tenth_miru3/install/vesc_msgs/share/vesc_msgs/msg/VescImuStamped.idl
[2.464s] -- Up-to-date symlink: /home/sh/projects/f1tenth_miru3/install/vesc_msgs/share/vesc_msgs/msg/VescState.msg
[2.464s] -- Up-to-date symlink: /home/sh/projects/f1tenth_miru3/install/vesc_msgs/share/vesc_msgs/msg/VescStateStamped.msg
[2.465s] -- Up-to-date symlink: /home/sh/projects/f1tenth_miru3/install/vesc_msgs/share/vesc_msgs/msg/VescImu.msg
[2.465s] -- Up-to-date symlink: /home/sh/projects/f1tenth_miru3/install/vesc_msgs/share/vesc_msgs/msg/VescImuStamped.msg
[2.465s] -- Up-to-date symlink: /home/sh/projects/f1tenth_miru3/install/vesc_msgs/share/ament_index/resource_index/package_run_dependencies/vesc_msgs
[2.465s] -- Up-to-date symlink: /home/sh/projects/f1tenth_miru3/install/vesc_msgs/share/ament_index/resource_index/parent_prefix_path/vesc_msgs
[2.465s] -- Up-to-date symlink: /home/sh/projects/f1tenth_miru3/install/vesc_msgs/share/vesc_msgs/environment/ament_prefix_path.sh
[2.465s] -- Up-to-date symlink: /home/sh/projects/f1tenth_miru3/install/vesc_msgs/share/vesc_msgs/environment/ament_prefix_path.dsv
[2.466s] -- Up-to-date symlink: /home/sh/projects/f1tenth_miru3/install/vesc_msgs/share/vesc_msgs/environment/path.sh
[2.466s] -- Up-to-date symlink: /home/sh/projects/f1tenth_miru3/install/vesc_msgs/share/vesc_msgs/environment/path.dsv
[2.467s] -- Up-to-date symlink: /home/sh/projects/f1tenth_miru3/install/vesc_msgs/share/vesc_msgs/local_setup.bash
[2.467s] -- Up-to-date symlink: /home/sh/projects/f1tenth_miru3/install/vesc_msgs/share/vesc_msgs/local_setup.sh
[2.467s] -- Up-to-date symlink: /home/sh/projects/f1tenth_miru3/install/vesc_msgs/share/vesc_msgs/local_setup.zsh
[2.467s] -- Up-to-date symlink: /home/sh/projects/f1tenth_miru3/install/vesc_msgs/share/vesc_msgs/local_setup.dsv
[2.467s] -- Symlinking: /home/sh/projects/f1tenth_miru3/install/vesc_msgs/share/vesc_msgs/package.dsv
[2.479s] -- Up-to-date symlink: /home/sh/projects/f1tenth_miru3/install/vesc_msgs/share/ament_index/resource_index/packages/vesc_msgs
[2.479s] -- Up-to-date symlink: /home/sh/projects/f1tenth_miru3/install/vesc_msgs/share/vesc_msgs/cmake/rosidl_cmake-extras.cmake
[2.479s] -- Up-to-date symlink: /home/sh/projects/f1tenth_miru3/install/vesc_msgs/share/vesc_msgs/cmake/ament_cmake_export_dependencies-extras.cmake
[2.479s] -- Up-to-date symlink: /home/sh/projects/f1tenth_miru3/install/vesc_msgs/share/vesc_msgs/cmake/ament_cmake_export_include_directories-extras.cmake
[2.480s] -- Up-to-date symlink: /home/sh/projects/f1tenth_miru3/install/vesc_msgs/share/vesc_msgs/cmake/ament_cmake_export_libraries-extras.cmake
[2.480s] -- Up-to-date symlink: /home/sh/projects/f1tenth_miru3/install/vesc_msgs/share/vesc_msgs/cmake/ament_cmake_export_targets-extras.cmake
[2.480s] -- Up-to-date symlink: /home/sh/projects/f1tenth_miru3/install/vesc_msgs/share/vesc_msgs/cmake/rosidl_cmake_export_typesupport_targets-extras.cmake
[2.481s] -- Up-to-date symlink: /home/sh/projects/f1tenth_miru3/install/vesc_msgs/share/vesc_msgs/cmake/rosidl_cmake_export_typesupport_libraries-extras.cmake
[2.481s] -- Up-to-date symlink: /home/sh/projects/f1tenth_miru3/install/vesc_msgs/share/vesc_msgs/cmake/vesc_msgsConfig.cmake
[2.481s] -- Up-to-date symlink: /home/sh/projects/f1tenth_miru3/install/vesc_msgs/share/vesc_msgs/cmake/vesc_msgsConfig-version.cmake
[2.483s] -- Up-to-date symlink: /home/sh/projects/f1tenth_miru3/install/vesc_msgs/share/vesc_msgs/package.xml
[2.484s] -- Up-to-date: /home/sh/projects/f1tenth_miru3/install/vesc_msgs/lib/libvesc_msgs__rosidl_generator_c.so
[2.484s] -- Up-to-date: /home/sh/projects/f1tenth_miru3/install/vesc_msgs/lib/libvesc_msgs__rosidl_typesupport_fastrtps_c.so
[2.484s] -- Up-to-date: /home/sh/projects/f1tenth_miru3/install/vesc_msgs/lib/libvesc_msgs__rosidl_typesupport_introspection_c.so
[2.486s] -- Up-to-date: /home/sh/projects/f1tenth_miru3/install/vesc_msgs/lib/libvesc_msgs__rosidl_typesupport_c.so
[2.486s] -- Up-to-date: /home/sh/projects/f1tenth_miru3/install/vesc_msgs/lib/libvesc_msgs__rosidl_typesupport_fastrtps_cpp.so
[2.486s] -- Up-to-date: /home/sh/projects/f1tenth_miru3/install/vesc_msgs/lib/libvesc_msgs__rosidl_typesupport_introspection_cpp.so
[2.486s] -- Up-to-date: /home/sh/projects/f1tenth_miru3/install/vesc_msgs/lib/libvesc_msgs__rosidl_typesupport_cpp.so
[2.583s] Listing '/home/sh/projects/f1tenth_miru3/install/vesc_msgs/local/lib/python3.10/dist-packages/vesc_msgs'...
[2.583s] Listing '/home/sh/projects/f1tenth_miru3/install/vesc_msgs/local/lib/python3.10/dist-packages/vesc_msgs/msg'...
[2.718s] -- Up-to-date: /home/sh/projects/f1tenth_miru3/install/vesc_msgs/lib/libvesc_msgs__rosidl_generator_py.so
[2.719s] -- Up-to-date: /home/sh/projects/f1tenth_miru3/install/vesc_msgs/share/vesc_msgs/cmake/export_vesc_msgs__rosidl_generator_cExport.cmake
[2.720s] -- Up-to-date: /home/sh/projects/f1tenth_miru3/install/vesc_msgs/share/vesc_msgs/cmake/export_vesc_msgs__rosidl_generator_cExport-noconfig.cmake
[2.720s] -- Up-to-date: /home/sh/projects/f1tenth_miru3/install/vesc_msgs/share/vesc_msgs/cmake/export_vesc_msgs__rosidl_typesupport_fastrtps_cExport.cmake
[2.720s] -- Up-to-date: /home/sh/projects/f1tenth_miru3/install/vesc_msgs/share/vesc_msgs/cmake/export_vesc_msgs__rosidl_typesupport_fastrtps_cExport-noconfig.cmake
[2.721s] -- Up-to-date: /home/sh/projects/f1tenth_miru3/install/vesc_msgs/share/vesc_msgs/cmake/vesc_msgs__rosidl_typesupport_introspection_cExport.cmake
[2.721s] -- Up-to-date: /home/sh/projects/f1tenth_miru3/install/vesc_msgs/share/vesc_msgs/cmake/vesc_msgs__rosidl_typesupport_introspection_cExport-noconfig.cmake
[2.721s] -- Up-to-date: /home/sh/projects/f1tenth_miru3/install/vesc_msgs/share/vesc_msgs/cmake/vesc_msgs__rosidl_typesupport_cExport.cmake
[2.722s] -- Up-to-date: /home/sh/projects/f1tenth_miru3/install/vesc_msgs/share/vesc_msgs/cmake/vesc_msgs__rosidl_typesupport_cExport-noconfig.cmake
[2.722s] -- Up-to-date: /home/sh/projects/f1tenth_miru3/install/vesc_msgs/share/vesc_msgs/cmake/export_vesc_msgs__rosidl_generator_cppExport.cmake
[2.722s] -- Up-to-date: /home/sh/projects/f1tenth_miru3/install/vesc_msgs/share/vesc_msgs/cmake/export_vesc_msgs__rosidl_typesupport_fastrtps_cppExport.cmake
[2.722s] -- Up-to-date: /home/sh/projects/f1tenth_miru3/install/vesc_msgs/share/vesc_msgs/cmake/export_vesc_msgs__rosidl_typesupport_fastrtps_cppExport-noconfig.cmake
[2.723s] -- Up-to-date: /home/sh/projects/f1tenth_miru3/install/vesc_msgs/share/vesc_msgs/cmake/vesc_msgs__rosidl_typesupport_introspection_cppExport.cmake
[2.723s] -- Up-to-date: /home/sh/projects/f1tenth_miru3/install/vesc_msgs/share/vesc_msgs/cmake/vesc_msgs__rosidl_typesupport_introspection_cppExport-noconfig.cmake
[2.724s] -- Up-to-date: /home/sh/projects/f1tenth_miru3/install/vesc_msgs/share/vesc_msgs/cmake/vesc_msgs__rosidl_typesupport_cppExport.cmake
[2.724s] -- Up-to-date: /home/sh/projects/f1tenth_miru3/install/vesc_msgs/share/vesc_msgs/cmake/vesc_msgs__rosidl_typesupport_cppExport-noconfig.cmake
[2.724s] -- Up-to-date: /home/sh/projects/f1tenth_miru3/install/vesc_msgs/share/vesc_msgs/cmake/export_vesc_msgs__rosidl_generator_pyExport.cmake
[2.724s] -- Up-to-date: /home/sh/projects/f1tenth_miru3/install/vesc_msgs/share/vesc_msgs/cmake/export_vesc_msgs__rosidl_generator_pyExport-noconfig.cmake
[2.736s] Invoked command in '/home/sh/projects/f1tenth_miru3/build/vesc_msgs' returned '0': CMAKE_PREFIX_PATH=/opt/ros/humble /usr/bin/cmake --install /home/sh/projects/f1tenth_miru3/build/vesc_msgs
