Scanning dependencies of target pure_pursuit_node
[ 50%] Building CXX object CMakeFiles/pure_pursuit_node.dir/src/pure_pursuit_node.cpp.o
[100%] Linking CXX executable pure_pursuit_node
[100%] Built target pure_pursuit_node
-- Install configuration: ""
-- Installing: /home/f1/f1tenth_ws/install/pure_pursuit/lib/pure_pursuit/pure_pursuit_node
-- Set runtime path of "/home/f1/f1tenth_ws/install/pure_pursuit/lib/pure_pursuit/pure_pursuit_node" to ""
-- Installing: /home/f1/f1tenth_ws/install/pure_pursuit/share/ament_index/resource_index/package_run_dependencies/pure_pursuit
-- Installing: /home/f1/f1tenth_ws/install/pure_pursuit/share/ament_index/resource_index/parent_prefix_path/pure_pursuit
-- Installing: /home/f1/f1tenth_ws/install/pure_pursuit/share/pure_pursuit/environment/ament_prefix_path.sh
-- Installing: /home/f1/f1tenth_ws/install/pure_pursuit/share/pure_pursuit/environment/ament_prefix_path.dsv
-- Installing: /home/f1/f1tenth_ws/install/pure_pursuit/share/pure_pursuit/environment/path.sh
-- Installing: /home/f1/f1tenth_ws/install/pure_pursuit/share/pure_pursuit/environment/path.dsv
-- Installing: /home/f1/f1tenth_ws/install/pure_pursuit/share/pure_pursuit/local_setup.bash
-- Installing: /home/f1/f1tenth_ws/install/pure_pursuit/share/pure_pursuit/local_setup.sh
-- Installing: /home/f1/f1tenth_ws/install/pure_pursuit/share/pure_pursuit/local_setup.zsh
-- Installing: /home/f1/f1tenth_ws/install/pure_pursuit/share/pure_pursuit/local_setup.dsv
-- Installing: /home/f1/f1tenth_ws/install/pure_pursuit/share/pure_pursuit/package.dsv
-- Installing: /home/f1/f1tenth_ws/install/pure_pursuit/share/ament_index/resource_index/packages/pure_pursuit
-- Installing: /home/f1/f1tenth_ws/install/pure_pursuit/share/pure_pursuit/cmake/pure_pursuitConfig.cmake
-- Installing: /home/f1/f1tenth_ws/install/pure_pursuit/share/pure_pursuit/cmake/pure_pursuitConfig-version.cmake
-- Installing: /home/f1/f1tenth_ws/install/pure_pursuit/share/pure_pursuit/package.xml
