[0.910s] Invoking command in '/home/sh/projects/f1tenth_miru3/build/path_follow': CMAKE_PREFIX_PATH=/opt/ros/humble /usr/bin/cmake --build /home/sh/projects/f1tenth_miru3/build/path_follow -- -j16 -l16
[0.968s] [100%] Built target path_follow_node
[1.235s] Invoked command in '/home/sh/projects/f1tenth_miru3/build/path_follow' returned '0': CMAKE_PREFIX_PATH=/opt/ros/humble /usr/bin/cmake --build /home/sh/projects/f1tenth_miru3/build/path_follow -- -j16 -l16
[1.236s] Invoking command in '/home/sh/projects/f1tenth_miru3/build/path_follow': CMAKE_PREFIX_PATH=/opt/ros/humble /usr/bin/cmake --install /home/sh/projects/f1tenth_miru3/build/path_follow
[1.240s] -- Install configuration: ""
[1.240s] -- Execute custom install script
[1.240s] -- Up-to-date symlink: /home/sh/projects/f1tenth_miru3/install/path_follow/lib/path_follow/path_follow_node
[1.240s] -- Up-to-date symlink: /home/sh/projects/f1tenth_miru3/install/path_follow/share/path_follow/launch/path_follow_launch.py
[1.241s] -- Up-to-date symlink: /home/sh/projects/f1tenth_miru3/install/path_follow/share/ament_index/resource_index/package_run_dependencies/path_follow
[1.241s] -- Up-to-date symlink: /home/sh/projects/f1tenth_miru3/install/path_follow/share/ament_index/resource_index/parent_prefix_path/path_follow
[1.241s] -- Up-to-date symlink: /home/sh/projects/f1tenth_miru3/install/path_follow/share/path_follow/environment/ament_prefix_path.sh
[1.241s] -- Up-to-date symlink: /home/sh/projects/f1tenth_miru3/install/path_follow/share/path_follow/environment/ament_prefix_path.dsv
[1.241s] -- Up-to-date symlink: /home/sh/projects/f1tenth_miru3/install/path_follow/share/path_follow/environment/path.sh
[1.241s] -- Up-to-date symlink: /home/sh/projects/f1tenth_miru3/install/path_follow/share/path_follow/environment/path.dsv
[1.241s] -- Up-to-date symlink: /home/sh/projects/f1tenth_miru3/install/path_follow/share/path_follow/local_setup.bash
[1.241s] -- Up-to-date symlink: /home/sh/projects/f1tenth_miru3/install/path_follow/share/path_follow/local_setup.sh
[1.241s] -- Up-to-date symlink: /home/sh/projects/f1tenth_miru3/install/path_follow/share/path_follow/local_setup.zsh
[1.241s] -- Up-to-date symlink: /home/sh/projects/f1tenth_miru3/install/path_follow/share/path_follow/local_setup.dsv
[1.241s] -- Symlinking: /home/sh/projects/f1tenth_miru3/install/path_follow/share/path_follow/package.dsv
[1.242s] -- Up-to-date symlink: /home/sh/projects/f1tenth_miru3/install/path_follow/share/ament_index/resource_index/packages/path_follow
[1.242s] -- Up-to-date symlink: /home/sh/projects/f1tenth_miru3/install/path_follow/share/path_follow/cmake/path_followConfig.cmake
[1.242s] -- Up-to-date symlink: /home/sh/projects/f1tenth_miru3/install/path_follow/share/path_follow/cmake/path_followConfig-version.cmake
[1.242s] -- Up-to-date symlink: /home/sh/projects/f1tenth_miru3/install/path_follow/share/path_follow/package.xml
[1.308s] Invoked command in '/home/sh/projects/f1tenth_miru3/build/path_follow' returned '0': CMAKE_PREFIX_PATH=/opt/ros/humble /usr/bin/cmake --install /home/sh/projects/f1tenth_miru3/build/path_follow
