Consolidate compiler generated dependencies of target path_follow_node
[100%] Built target path_follow_node
-- Install configuration: ""
-- Execute custom install script
-- Symlinking: /home/sh/projects/f1tenth_miru3/install/path_follow/lib/path_follow/path_follow_node
-- Symlinking: /home/sh/projects/f1tenth_miru3/install/path_follow/share/path_follow/launch/path_follow_launch.py
-- Symlinking: /home/sh/projects/f1tenth_miru3/install/path_follow/share/ament_index/resource_index/package_run_dependencies/path_follow
-- Symlinking: /home/sh/projects/f1tenth_miru3/install/path_follow/share/ament_index/resource_index/parent_prefix_path/path_follow
-- Symlinking: /home/sh/projects/f1tenth_miru3/install/path_follow/share/path_follow/environment/ament_prefix_path.sh
-- Symlinking: /home/sh/projects/f1tenth_miru3/install/path_follow/share/path_follow/environment/ament_prefix_path.dsv
-- Symlinking: /home/sh/projects/f1tenth_miru3/install/path_follow/share/path_follow/environment/path.sh
-- Symlinking: /home/sh/projects/f1tenth_miru3/install/path_follow/share/path_follow/environment/path.dsv
-- Symlinking: /home/sh/projects/f1tenth_miru3/install/path_follow/share/path_follow/local_setup.bash
-- Symlinking: /home/sh/projects/f1tenth_miru3/install/path_follow/share/path_follow/local_setup.sh
-- Symlinking: /home/sh/projects/f1tenth_miru3/install/path_follow/share/path_follow/local_setup.zsh
-- Symlinking: /home/sh/projects/f1tenth_miru3/install/path_follow/share/path_follow/local_setup.dsv
-- Symlinking: /home/sh/projects/f1tenth_miru3/install/path_follow/share/path_follow/package.dsv
-- Symlinking: /home/sh/projects/f1tenth_miru3/install/path_follow/share/ament_index/resource_index/packages/path_follow
-- Symlinking: /home/sh/projects/f1tenth_miru3/install/path_follow/share/path_follow/cmake/path_followConfig.cmake
-- Symlinking: /home/sh/projects/f1tenth_miru3/install/path_follow/share/path_follow/cmake/path_followConfig-version.cmake
-- Symlinking: /home/sh/projects/f1tenth_miru3/install/path_follow/share/path_follow/package.xml
