running egg_info
writing ../../build/csv_obstacle/csv_obstacle.egg-info/PKG-INFO
writing dependency_links to ../../build/csv_obstacle/csv_obstacle.egg-info/dependency_links.txt
writing entry points to ../../build/csv_obstacle/csv_obstacle.egg-info/entry_points.txt
writing requirements to ../../build/csv_obstacle/csv_obstacle.egg-info/requires.txt
writing top-level names to ../../build/csv_obstacle/csv_obstacle.egg-info/top_level.txt
reading manifest file '../../build/csv_obstacle/csv_obstacle.egg-info/SOURCES.txt'
writing manifest file '../../build/csv_obstacle/csv_obstacle.egg-info/SOURCES.txt'
running build
running build_py
running install
running install_lib
running install_data
copying launch/csv_obstacle.launch.py -> /home/moon/sim_ws/install/csv_obstacle/share/csv_obstacle/launch
running install_egg_info
removing '/home/moon/sim_ws/install/csv_obstacle/lib/python3.8/site-packages/csv_obstacle-0.0.1-py3.8.egg-info' (and everything under it)
Copying ../../build/csv_obstacle/csv_obstacle.egg-info to /home/moon/sim_ws/install/csv_obstacle/lib/python3.8/site-packages/csv_obstacle-0.0.1-py3.8.egg-info
running install_scripts
Installing csv_obstacle script to /home/moon/sim_ws/install/csv_obstacle/lib/csv_obstacle
writing list of installed files to '/home/moon/sim_ws/build/csv_obstacle/install.log'
