[0.790s] Invoking command in '/home/f1/f1tenth_ws/build/path_follow': CMAKE_PREFIX_PATH=${CMAKE_PREFIX_PATH}:/home/f1/f1tenth_ws/install/f1tenth_stack:/home/f1/f1tenth_ws/install/joy_teleop:/home/f1/f1tenth_ws/install/pygame_key_teleop:/home/f1/f1tenth_ws/install/mouse_teleop:/home/f1/f1tenth_ws/install/key_teleop:/home/f1/f1tenth_ws/install/f1tenth_path_planner:/opt/ros/foxy CONDA_PROMPT_MODIFIER=(base) /usr/bin/cmake --build /home/f1/f1tenth_ws/build/path_follow -- -j6 -l6
[1.674s] [100%] Built target path_follow_node
[3.929s] Invoked command in '/home/f1/f1tenth_ws/build/path_follow' returned '0': CMAKE_PREFIX_PATH=${CMAKE_PREFIX_PATH}:/home/f1/f1tenth_ws/install/f1tenth_stack:/home/f1/f1tenth_ws/install/joy_teleop:/home/f1/f1tenth_ws/install/pygame_key_teleop:/home/f1/f1tenth_ws/install/mouse_teleop:/home/f1/f1tenth_ws/install/key_teleop:/home/f1/f1tenth_ws/install/f1tenth_path_planner:/opt/ros/foxy CONDA_PROMPT_MODIFIER=(base) /usr/bin/cmake --build /home/f1/f1tenth_ws/build/path_follow -- -j6 -l6
[3.953s] Invoking command in '/home/f1/f1tenth_ws/build/path_follow': CMAKE_PREFIX_PATH=${CMAKE_PREFIX_PATH}:/home/f1/f1tenth_ws/install/f1tenth_stack:/home/f1/f1tenth_ws/install/joy_teleop:/home/f1/f1tenth_ws/install/pygame_key_teleop:/home/f1/f1tenth_ws/install/mouse_teleop:/home/f1/f1tenth_ws/install/key_teleop:/home/f1/f1tenth_ws/install/f1tenth_path_planner:/opt/ros/foxy CONDA_PROMPT_MODIFIER=(base) /usr/bin/cmake --install /home/f1/f1tenth_ws/build/path_follow
[4.090s] -- Install configuration: "Release"
[4.091s] -- Execute custom install script
[4.092s] -- Up-to-date symlink: /home/f1/f1tenth_ws/install/path_follow/lib/path_follow/path_follow_node
[4.093s] -- Up-to-date symlink: /home/f1/f1tenth_ws/install/path_follow/share/path_follow/launch/path_follow_launch.py
[4.106s] -- Up-to-date symlink: /home/f1/f1tenth_ws/install/path_follow/share/ament_index/resource_index/package_run_dependencies/path_follow
[4.112s] -- Up-to-date symlink: /home/f1/f1tenth_ws/install/path_follow/share/ament_index/resource_index/parent_prefix_path/path_follow
[4.115s] -- Up-to-date symlink: /home/f1/f1tenth_ws/install/path_follow/share/path_follow/environment/ament_prefix_path.sh
[4.116s] -- Up-to-date symlink: /home/f1/f1tenth_ws/install/path_follow/share/path_follow/environment/ament_prefix_path.dsv
[4.119s] -- Up-to-date symlink: /home/f1/f1tenth_ws/install/path_follow/share/path_follow/environment/path.sh
[4.119s] -- Up-to-date symlink: /home/f1/f1tenth_ws/install/path_follow/share/path_follow/environment/path.dsv
[4.120s] -- Up-to-date symlink: /home/f1/f1tenth_ws/install/path_follow/share/path_follow/local_setup.bash
[4.121s] -- Up-to-date symlink: /home/f1/f1tenth_ws/install/path_follow/share/path_follow/local_setup.sh
[4.121s] -- Up-to-date symlink: /home/f1/f1tenth_ws/install/path_follow/share/path_follow/local_setup.zsh
[4.122s] -- Up-to-date symlink: /home/f1/f1tenth_ws/install/path_follow/share/path_follow/local_setup.dsv
[4.139s] -- Symlinking: /home/f1/f1tenth_ws/install/path_follow/share/path_follow/package.dsv
[4.200s] -- Up-to-date symlink: /home/f1/f1tenth_ws/install/path_follow/share/ament_index/resource_index/packages/path_follow
[4.205s] -- Up-to-date symlink: /home/f1/f1tenth_ws/install/path_follow/share/path_follow/cmake/path_followConfig.cmake
[4.205s] -- Up-to-date symlink: /home/f1/f1tenth_ws/install/path_follow/share/path_follow/cmake/path_followConfig-version.cmake
[4.206s] -- Up-to-date symlink: /home/f1/f1tenth_ws/install/path_follow/share/path_follow/package.xml
[4.269s] Invoked command in '/home/f1/f1tenth_ws/build/path_follow' returned '0': CMAKE_PREFIX_PATH=${CMAKE_PREFIX_PATH}:/home/f1/f1tenth_ws/install/f1tenth_stack:/home/f1/f1tenth_ws/install/joy_teleop:/home/f1/f1tenth_ws/install/pygame_key_teleop:/home/f1/f1tenth_ws/install/mouse_teleop:/home/f1/f1tenth_ws/install/key_teleop:/home/f1/f1tenth_ws/install/f1tenth_path_planner:/opt/ros/foxy CONDA_PROMPT_MODIFIER=(base) /usr/bin/cmake --install /home/f1/f1tenth_ws/build/path_follow
