[0.109s] Invoking command in '/home/sh/projects/f1tenth_miru3/build/teleop_tools_msgs': CMAKE_PREFIX_PATH=${CMAKE_PREFIX_PATH}:/home/sh/f1tenth_ws/install/f1tenth_gym_ros:/home/sh/projects/f1tenth_miru3/install/f1tenth_stack:/home/sh/projects/f1tenth_miru3/install/joy_teleop:/home/sh/projects/f1tenth_miru3/install/pygame_key_teleop:/home/sh/projects/f1tenth_miru3/install/mouse_teleop:/home/sh/projects/f1tenth_miru3/install/key_teleop:/home/sh/projects/f1tenth_miru3/install/forza_map_controller:/home/sh/projects/f1tenth_miru3/install/f1tenth_path_planner:/opt/ros/humble /usr/bin/cmake /home/sh/projects/f1tenth_miru3/src/f1tenth_system/teleop_tools/teleop_tools_msgs -DAMENT_CMAKE_SYMLINK_INSTALL=1 -DCMAKE_INSTALL_PREFIX=/home/sh/projects/f1tenth_miru3/install/teleop_tools_msgs
[2.034s] -- The C compiler identification is GNU 11.4.0
[2.035s] -- The CXX compiler identification is GNU 11.4.0
[2.035s] -- Detecting C compiler ABI info
[2.035s] -- Detecting C compiler ABI info - done
[2.035s] -- Check for working C compiler: /usr/bin/cc - skipped
[2.035s] -- Detecting C compile features
[2.036s] -- Detecting C compile features - done
[2.036s] -- Detecting CXX compiler ABI info
[2.036s] -- Detecting CXX compiler ABI info - done
[2.036s] -- Check for working CXX compiler: /usr/bin/c++ - skipped
[2.036s] -- Detecting CXX compile features
[2.036s] -- Detecting CXX compile features - done
[2.037s] -- Found ament_cmake: 1.3.11 (/opt/ros/humble/share/ament_cmake/cmake)
[2.037s] -- Found Python3: /usr/bin/python3 (found version "3.10.12") found components: Interpreter 
[2.037s] -- Override CMake install command with custom implementation using symlinks instead of copying resources
[2.037s] -- Found rosidl_default_generators: 1.2.0 (/opt/ros/humble/share/rosidl_default_generators/cmake)
[2.037s] -- Using all available rosidl_typesupport_c: rosidl_typesupport_fastrtps_c;rosidl_typesupport_introspection_c
[2.037s] -- Found rosidl_adapter: 3.1.6 (/opt/ros/humble/share/rosidl_adapter/cmake)
[2.038s] -- Using all available rosidl_typesupport_cpp: rosidl_typesupport_fastrtps_cpp;rosidl_typesupport_introspection_cpp
[2.038s] -- Found ament_lint_auto: 0.12.11 (/opt/ros/humble/share/ament_lint_auto/cmake)
[2.591s] -- Found ament_cmake_ros: 0.10.0 (/opt/ros/humble/share/ament_cmake_ros/cmake)
[3.254s] -- Using all available rosidl_typesupport_c: rosidl_typesupport_fastrtps_c;rosidl_typesupport_introspection_c
[4.106s] -- Using all available rosidl_typesupport_cpp: rosidl_typesupport_fastrtps_cpp;rosidl_typesupport_introspection_cpp
[4.195s] -- Found PythonInterp: /usr/bin/python3 (found suitable version "3.10.12", minimum required is "3.6") 
[4.198s] -- Found python_cmake_module: 0.10.0 (/opt/ros/humble/share/python_cmake_module/cmake)
[4.281s] -- Found PythonLibs: /usr/lib/x86_64-linux-gnu/libpython3.10.so (found suitable version "3.10.12", minimum required is "3.5") 
[4.282s] -- Using PYTHON_EXECUTABLE: /usr/bin/python3
[4.283s] -- Using PYTHON_INCLUDE_DIRS: /usr/include/python3.10
[4.283s] -- Using PYTHON_LIBRARIES: /usr/lib/x86_64-linux-gnu/libpython3.10.so
[4.358s] -- Found PythonExtra: .so  
[4.522s] -- Added test 'copyright' to check source files copyright and LICENSE
[4.527s] -- Added test 'lint_cmake' to check CMake code style
[4.530s] -- Added test 'xmllint' to check XML markup files
[4.553s] -- Configuring done
[4.651s] -- Generating done
[4.683s] -- Build files have been written to: /home/sh/projects/f1tenth_miru3/build/teleop_tools_msgs
[4.713s] Invoked command in '/home/sh/projects/f1tenth_miru3/build/teleop_tools_msgs' returned '0': CMAKE_PREFIX_PATH=${CMAKE_PREFIX_PATH}:/home/sh/f1tenth_ws/install/f1tenth_gym_ros:/home/sh/projects/f1tenth_miru3/install/f1tenth_stack:/home/sh/projects/f1tenth_miru3/install/joy_teleop:/home/sh/projects/f1tenth_miru3/install/pygame_key_teleop:/home/sh/projects/f1tenth_miru3/install/mouse_teleop:/home/sh/projects/f1tenth_miru3/install/key_teleop:/home/sh/projects/f1tenth_miru3/install/forza_map_controller:/home/sh/projects/f1tenth_miru3/install/f1tenth_path_planner:/opt/ros/humble /usr/bin/cmake /home/sh/projects/f1tenth_miru3/src/f1tenth_system/teleop_tools/teleop_tools_msgs -DAMENT_CMAKE_SYMLINK_INSTALL=1 -DCMAKE_INSTALL_PREFIX=/home/sh/projects/f1tenth_miru3/install/teleop_tools_msgs
[4.715s] Invoking command in '/home/sh/projects/f1tenth_miru3/build/teleop_tools_msgs': CMAKE_PREFIX_PATH=${CMAKE_PREFIX_PATH}:/home/sh/f1tenth_ws/install/f1tenth_gym_ros:/home/sh/projects/f1tenth_miru3/install/f1tenth_stack:/home/sh/projects/f1tenth_miru3/install/joy_teleop:/home/sh/projects/f1tenth_miru3/install/pygame_key_teleop:/home/sh/projects/f1tenth_miru3/install/mouse_teleop:/home/sh/projects/f1tenth_miru3/install/key_teleop:/home/sh/projects/f1tenth_miru3/install/forza_map_controller:/home/sh/projects/f1tenth_miru3/install/f1tenth_path_planner:/opt/ros/humble /usr/bin/cmake --build /home/sh/projects/f1tenth_miru3/build/teleop_tools_msgs -- -j16 -l16
[5.238s] [  3%] [34m[1mGenerating C code for ROS interfaces[0m
[5.243s] [  6%] [34m[1mGenerating C++ code for ROS interfaces[0m
[5.243s] [  6%] Built target ament_cmake_python_symlink_teleop_tools_msgs
[5.987s] running egg_info
[5.994s] creating teleop_tools_msgs.egg-info
[5.995s] writing teleop_tools_msgs.egg-info/PKG-INFO
[5.995s] writing dependency_links to teleop_tools_msgs.egg-info/dependency_links.txt
[5.998s] writing top-level names to teleop_tools_msgs.egg-info/top_level.txt
[5.999s] writing manifest file 'teleop_tools_msgs.egg-info/SOURCES.txt'
[6.000s] reading manifest file 'teleop_tools_msgs.egg-info/SOURCES.txt'
[6.002s] writing manifest file 'teleop_tools_msgs.egg-info/SOURCES.txt'
[6.091s] [  6%] Built target ament_cmake_python_build_teleop_tools_msgs_egg
[6.576s] [  6%] Built target teleop_tools_msgs__cpp
[6.608s] [  9%] [34m[1mGenerating C++ type support dispatch for ROS interfaces[0m
[6.615s] [ 12%] [34m[1mGenerating C++ type support for eProsima Fast-RTPS[0m
[6.618s] [ 16%] [34m[1mGenerating C++ introspection for ROS interfaces[0m
[6.631s] [ 19%] [32mBuilding C object CMakeFiles/teleop_tools_msgs__rosidl_generator_c.dir/rosidl_generator_c/teleop_tools_msgs/action/detail/increment__functions.c.o[0m
[7.238s] [ 22%] [32m[1mLinking C shared library libteleop_tools_msgs__rosidl_generator_c.so[0m
[7.353s] [ 22%] Built target teleop_tools_msgs__rosidl_generator_c
[7.401s] [ 25%] [34m[1mGenerating C type support dispatch for ROS interfaces[0m
[7.401s] [ 29%] [34m[1mGenerating C type support for eProsima Fast-RTPS[0m
[7.425s] [ 32%] [34m[1mGenerating C introspection for ROS interfaces[0m
[7.803s] [ 35%] [32mBuilding CXX object CMakeFiles/teleop_tools_msgs__rosidl_typesupport_introspection_cpp.dir/rosidl_typesupport_introspection_cpp/teleop_tools_msgs/action/detail/increment__type_support.cpp.o[0m
[7.931s] [ 38%] [32mBuilding CXX object CMakeFiles/teleop_tools_msgs__rosidl_typesupport_cpp.dir/rosidl_typesupport_cpp/teleop_tools_msgs/action/increment__type_support.cpp.o[0m
[8.491s] [ 41%] [32mBuilding CXX object CMakeFiles/teleop_tools_msgs__rosidl_typesupport_fastrtps_cpp.dir/rosidl_typesupport_fastrtps_cpp/teleop_tools_msgs/action/detail/dds_fastrtps/increment__type_support.cpp.o[0m
[8.885s] [ 45%] [32mBuilding CXX object CMakeFiles/teleop_tools_msgs__rosidl_typesupport_c.dir/rosidl_typesupport_c/teleop_tools_msgs/action/increment__type_support.cpp.o[0m
[9.231s] [ 48%] [32m[1mLinking CXX shared library libteleop_tools_msgs__rosidl_typesupport_c.so[0m
[9.439s] [ 51%] [32mBuilding C object CMakeFiles/teleop_tools_msgs__rosidl_typesupport_introspection_c.dir/rosidl_typesupport_introspection_c/teleop_tools_msgs/action/detail/increment__type_support.c.o[0m
[9.472s] [ 51%] Built target teleop_tools_msgs__rosidl_typesupport_c
[9.789s] [ 54%] [32m[1mLinking C shared library libteleop_tools_msgs__rosidl_typesupport_introspection_c.so[0m
[9.973s] [ 54%] Built target teleop_tools_msgs__rosidl_typesupport_introspection_c
[9.991s] [ 58%] [32m[1mLinking CXX shared library libteleop_tools_msgs__rosidl_typesupport_cpp.so[0m
[10.011s] [ 61%] [32mBuilding CXX object CMakeFiles/teleop_tools_msgs__rosidl_typesupport_fastrtps_c.dir/rosidl_typesupport_fastrtps_c/teleop_tools_msgs/action/detail/increment__type_support_c.cpp.o[0m
[10.268s] [ 61%] Built target teleop_tools_msgs__rosidl_typesupport_cpp
[10.747s] [ 64%] [32m[1mLinking CXX shared library libteleop_tools_msgs__rosidl_typesupport_introspection_cpp.so[0m
[11.323s] [ 64%] Built target teleop_tools_msgs__rosidl_typesupport_introspection_cpp
[12.039s] [ 67%] [32m[1mLinking CXX shared library libteleop_tools_msgs__rosidl_typesupport_fastrtps_c.so[0m
[12.408s] [ 70%] [32m[1mLinking CXX shared library libteleop_tools_msgs__rosidl_typesupport_fastrtps_cpp.so[0m
[12.500s] [ 70%] Built target teleop_tools_msgs__rosidl_typesupport_fastrtps_c
[12.711s] [ 70%] Built target teleop_tools_msgs__rosidl_typesupport_fastrtps_cpp
[12.840s] [ 70%] Built target teleop_tools_msgs
[12.987s] [ 74%] [34m[1mGenerating Python code for ROS interfaces[0m
[15.588s] [ 74%] Built target teleop_tools_msgs__py
[15.635s] [ 77%] [32mBuilding C object CMakeFiles/teleop_tools_msgs__rosidl_generator_py.dir/rosidl_generator_py/teleop_tools_msgs/action/_increment_s.c.o[0m
[16.092s] [ 80%] [32m[1mLinking C shared library rosidl_generator_py/teleop_tools_msgs/libteleop_tools_msgs__rosidl_generator_py.so[0m
[16.193s] [ 80%] Built target teleop_tools_msgs__rosidl_generator_py
[16.252s] [ 83%] [32mBuilding C object CMakeFiles/teleop_tools_msgs__rosidl_typesupport_c__pyext.dir/rosidl_generator_py/teleop_tools_msgs/_teleop_tools_msgs_s.ep.rosidl_typesupport_c.c.o[0m
[16.254s] [ 87%] [32mBuilding C object CMakeFiles/teleop_tools_msgs__rosidl_typesupport_fastrtps_c__pyext.dir/rosidl_generator_py/teleop_tools_msgs/_teleop_tools_msgs_s.ep.rosidl_typesupport_fastrtps_c.c.o[0m
[16.264s] [ 90%] [32mBuilding C object CMakeFiles/teleop_tools_msgs__rosidl_typesupport_introspection_c__pyext.dir/rosidl_generator_py/teleop_tools_msgs/_teleop_tools_msgs_s.ep.rosidl_typesupport_introspection_c.c.o[0m
[16.614s] [ 93%] [32m[1mLinking C shared library rosidl_generator_py/teleop_tools_msgs/teleop_tools_msgs_s__rosidl_typesupport_introspection_c.cpython-310-x86_64-linux-gnu.so[0m
[16.647s] [ 96%] [32m[1mLinking C shared library rosidl_generator_py/teleop_tools_msgs/teleop_tools_msgs_s__rosidl_typesupport_c.cpython-310-x86_64-linux-gnu.so[0m
[16.728s] [100%] [32m[1mLinking C shared library rosidl_generator_py/teleop_tools_msgs/teleop_tools_msgs_s__rosidl_typesupport_fastrtps_c.cpython-310-x86_64-linux-gnu.so[0m
[16.754s] [100%] Built target teleop_tools_msgs__rosidl_typesupport_c__pyext
[16.770s] [100%] Built target teleop_tools_msgs__rosidl_typesupport_introspection_c__pyext
[16.839s] [100%] Built target teleop_tools_msgs__rosidl_typesupport_fastrtps_c__pyext
[16.874s] Invoked command in '/home/sh/projects/f1tenth_miru3/build/teleop_tools_msgs' returned '0': CMAKE_PREFIX_PATH=${CMAKE_PREFIX_PATH}:/home/sh/f1tenth_ws/install/f1tenth_gym_ros:/home/sh/projects/f1tenth_miru3/install/f1tenth_stack:/home/sh/projects/f1tenth_miru3/install/joy_teleop:/home/sh/projects/f1tenth_miru3/install/pygame_key_teleop:/home/sh/projects/f1tenth_miru3/install/mouse_teleop:/home/sh/projects/f1tenth_miru3/install/key_teleop:/home/sh/projects/f1tenth_miru3/install/forza_map_controller:/home/sh/projects/f1tenth_miru3/install/f1tenth_path_planner:/opt/ros/humble /usr/bin/cmake --build /home/sh/projects/f1tenth_miru3/build/teleop_tools_msgs -- -j16 -l16
[16.907s] Invoking command in '/home/sh/projects/f1tenth_miru3/build/teleop_tools_msgs': CMAKE_PREFIX_PATH=${CMAKE_PREFIX_PATH}:/home/sh/f1tenth_ws/install/f1tenth_gym_ros:/home/sh/projects/f1tenth_miru3/install/f1tenth_stack:/home/sh/projects/f1tenth_miru3/install/joy_teleop:/home/sh/projects/f1tenth_miru3/install/pygame_key_teleop:/home/sh/projects/f1tenth_miru3/install/mouse_teleop:/home/sh/projects/f1tenth_miru3/install/key_teleop:/home/sh/projects/f1tenth_miru3/install/forza_map_controller:/home/sh/projects/f1tenth_miru3/install/f1tenth_path_planner:/opt/ros/humble /usr/bin/cmake --install /home/sh/projects/f1tenth_miru3/build/teleop_tools_msgs
[16.923s] -- Install configuration: ""
[16.925s] -- Execute custom install script
[16.927s] -- Symlinking: /home/sh/projects/f1tenth_miru3/install/teleop_tools_msgs/share/ament_index/resource_index/rosidl_interfaces/teleop_tools_msgs
[16.947s] -- Symlinking: /home/sh/projects/f1tenth_miru3/install/teleop_tools_msgs/include/teleop_tools_msgs/teleop_tools_msgs/action/detail/increment__functions.h
[16.967s] -- Symlinking: /home/sh/projects/f1tenth_miru3/install/teleop_tools_msgs/include/teleop_tools_msgs/teleop_tools_msgs/action/detail/increment__struct.h
[16.987s] -- Symlinking: /home/sh/projects/f1tenth_miru3/install/teleop_tools_msgs/include/teleop_tools_msgs/teleop_tools_msgs/action/detail/increment__type_support.h
[17.016s] -- Symlinking: /home/sh/projects/f1tenth_miru3/install/teleop_tools_msgs/include/teleop_tools_msgs/teleop_tools_msgs/action/increment.h
[17.042s] -- Symlinking: /home/sh/projects/f1tenth_miru3/install/teleop_tools_msgs/include/teleop_tools_msgs/teleop_tools_msgs/msg/rosidl_generator_c__visibility_control.h
[17.068s] -- Symlinking: /home/sh/projects/f1tenth_miru3/install/teleop_tools_msgs/share/teleop_tools_msgs/environment/library_path.sh
[17.101s] -- Symlinking: /home/sh/projects/f1tenth_miru3/install/teleop_tools_msgs/share/teleop_tools_msgs/environment/library_path.dsv
[17.123s] -- Symlinking: /home/sh/projects/f1tenth_miru3/install/teleop_tools_msgs/include/teleop_tools_msgs/teleop_tools_msgs/action/detail/increment__rosidl_typesupport_fastrtps_c.h
[17.143s] -- Symlinking: /home/sh/projects/f1tenth_miru3/install/teleop_tools_msgs/include/teleop_tools_msgs/teleop_tools_msgs/msg/rosidl_typesupport_fastrtps_c__visibility_control.h
[17.170s] -- Symlinking: /home/sh/projects/f1tenth_miru3/install/teleop_tools_msgs/include/teleop_tools_msgs/teleop_tools_msgs/action/detail/increment__rosidl_typesupport_introspection_c.h
[17.189s] -- Symlinking: /home/sh/projects/f1tenth_miru3/install/teleop_tools_msgs/include/teleop_tools_msgs/teleop_tools_msgs/msg/rosidl_typesupport_introspection_c__visibility_control.h
[17.209s] -- Symlinking: /home/sh/projects/f1tenth_miru3/install/teleop_tools_msgs/include/teleop_tools_msgs/teleop_tools_msgs/action/detail/increment__builder.hpp
[17.229s] -- Symlinking: /home/sh/projects/f1tenth_miru3/install/teleop_tools_msgs/include/teleop_tools_msgs/teleop_tools_msgs/action/detail/increment__struct.hpp
[17.250s] -- Symlinking: /home/sh/projects/f1tenth_miru3/install/teleop_tools_msgs/include/teleop_tools_msgs/teleop_tools_msgs/action/detail/increment__traits.hpp
[17.278s] -- Symlinking: /home/sh/projects/f1tenth_miru3/install/teleop_tools_msgs/include/teleop_tools_msgs/teleop_tools_msgs/action/detail/increment__type_support.hpp
[17.302s] -- Symlinking: /home/sh/projects/f1tenth_miru3/install/teleop_tools_msgs/include/teleop_tools_msgs/teleop_tools_msgs/action/increment.hpp
[17.328s] -- Symlinking: /home/sh/projects/f1tenth_miru3/install/teleop_tools_msgs/include/teleop_tools_msgs/teleop_tools_msgs/msg/rosidl_generator_cpp__visibility_control.hpp
[17.354s] -- Symlinking: /home/sh/projects/f1tenth_miru3/install/teleop_tools_msgs/include/teleop_tools_msgs/teleop_tools_msgs/action/detail/increment__rosidl_typesupport_fastrtps_cpp.hpp
[17.385s] -- Symlinking: /home/sh/projects/f1tenth_miru3/install/teleop_tools_msgs/include/teleop_tools_msgs/teleop_tools_msgs/msg/rosidl_typesupport_fastrtps_cpp__visibility_control.h
[17.406s] -- Symlinking: /home/sh/projects/f1tenth_miru3/install/teleop_tools_msgs/include/teleop_tools_msgs/teleop_tools_msgs/action/detail/increment__rosidl_typesupport_introspection_cpp.hpp
[17.428s] -- Symlinking: /home/sh/projects/f1tenth_miru3/install/teleop_tools_msgs/share/teleop_tools_msgs/environment/pythonpath.sh
[17.448s] -- Symlinking: /home/sh/projects/f1tenth_miru3/install/teleop_tools_msgs/share/teleop_tools_msgs/environment/pythonpath.dsv
[17.467s] -- Symlinking: /home/sh/projects/f1tenth_miru3/install/teleop_tools_msgs/local/lib/python3.10/dist-packages/teleop_tools_msgs-1.2.1-py3.10.egg-info/PKG-INFO
[17.485s] -- Symlinking: /home/sh/projects/f1tenth_miru3/install/teleop_tools_msgs/local/lib/python3.10/dist-packages/teleop_tools_msgs-1.2.1-py3.10.egg-info/SOURCES.txt
[17.503s] -- Symlinking: /home/sh/projects/f1tenth_miru3/install/teleop_tools_msgs/local/lib/python3.10/dist-packages/teleop_tools_msgs-1.2.1-py3.10.egg-info/dependency_links.txt
[17.525s] -- Symlinking: /home/sh/projects/f1tenth_miru3/install/teleop_tools_msgs/local/lib/python3.10/dist-packages/teleop_tools_msgs-1.2.1-py3.10.egg-info/top_level.txt
[17.548s] -- Symlinking: /home/sh/projects/f1tenth_miru3/install/teleop_tools_msgs/local/lib/python3.10/dist-packages/teleop_tools_msgs/__init__.py
[17.567s] -- Symlinking: /home/sh/projects/f1tenth_miru3/install/teleop_tools_msgs/local/lib/python3.10/dist-packages/teleop_tools_msgs/_teleop_tools_msgs_s.ep.rosidl_typesupport_c.c
[17.598s] -- Symlinking: /home/sh/projects/f1tenth_miru3/install/teleop_tools_msgs/local/lib/python3.10/dist-packages/teleop_tools_msgs/_teleop_tools_msgs_s.ep.rosidl_typesupport_fastrtps_c.c
[17.642s] -- Symlinking: /home/sh/projects/f1tenth_miru3/install/teleop_tools_msgs/local/lib/python3.10/dist-packages/teleop_tools_msgs/_teleop_tools_msgs_s.ep.rosidl_typesupport_introspection_c.c
[17.672s] -- Symlinking: /home/sh/projects/f1tenth_miru3/install/teleop_tools_msgs/local/lib/python3.10/dist-packages/teleop_tools_msgs/action/__init__.py
[17.695s] -- Symlinking: /home/sh/projects/f1tenth_miru3/install/teleop_tools_msgs/local/lib/python3.10/dist-packages/teleop_tools_msgs/action/_increment.py
[17.722s] -- Symlinking: /home/sh/projects/f1tenth_miru3/install/teleop_tools_msgs/local/lib/python3.10/dist-packages/teleop_tools_msgs/action/_increment_s.c
[17.741s] -- Symlinking: /home/sh/projects/f1tenth_miru3/install/teleop_tools_msgs/local/lib/python3.10/dist-packages/teleop_tools_msgs/libteleop_tools_msgs__rosidl_generator_py.so
[17.760s] -- Symlinking: /home/sh/projects/f1tenth_miru3/install/teleop_tools_msgs/local/lib/python3.10/dist-packages/teleop_tools_msgs/teleop_tools_msgs_s__rosidl_typesupport_c.cpython-310-x86_64-linux-gnu.so
[17.778s] -- Symlinking: /home/sh/projects/f1tenth_miru3/install/teleop_tools_msgs/local/lib/python3.10/dist-packages/teleop_tools_msgs/teleop_tools_msgs_s__rosidl_typesupport_fastrtps_c.cpython-310-x86_64-linux-gnu.so
[17.799s] -- Symlinking: /home/sh/projects/f1tenth_miru3/install/teleop_tools_msgs/local/lib/python3.10/dist-packages/teleop_tools_msgs/teleop_tools_msgs_s__rosidl_typesupport_introspection_c.cpython-310-x86_64-linux-gnu.so
[17.819s] -- Up-to-date symlink: /home/sh/projects/f1tenth_miru3/install/teleop_tools_msgs/local/lib/python3.10/dist-packages/teleop_tools_msgs/teleop_tools_msgs_s__rosidl_typesupport_fastrtps_c.cpython-310-x86_64-linux-gnu.so
[17.819s] -- Up-to-date symlink: /home/sh/projects/f1tenth_miru3/install/teleop_tools_msgs/local/lib/python3.10/dist-packages/teleop_tools_msgs/teleop_tools_msgs_s__rosidl_typesupport_introspection_c.cpython-310-x86_64-linux-gnu.so
[17.820s] -- Up-to-date symlink: /home/sh/projects/f1tenth_miru3/install/teleop_tools_msgs/local/lib/python3.10/dist-packages/teleop_tools_msgs/teleop_tools_msgs_s__rosidl_typesupport_c.cpython-310-x86_64-linux-gnu.so
[17.820s] -- Symlinking: /home/sh/projects/f1tenth_miru3/install/teleop_tools_msgs/share/teleop_tools_msgs/action/Increment.idl
[17.838s] -- Symlinking: /home/sh/projects/f1tenth_miru3/install/teleop_tools_msgs/share/teleop_tools_msgs/action/Increment.action
[17.856s] -- Symlinking: /home/sh/projects/f1tenth_miru3/install/teleop_tools_msgs/share/ament_index/resource_index/package_run_dependencies/teleop_tools_msgs
[17.873s] -- Symlinking: /home/sh/projects/f1tenth_miru3/install/teleop_tools_msgs/share/ament_index/resource_index/parent_prefix_path/teleop_tools_msgs
[17.895s] -- Symlinking: /home/sh/projects/f1tenth_miru3/install/teleop_tools_msgs/share/teleop_tools_msgs/environment/ament_prefix_path.sh
[17.915s] -- Symlinking: /home/sh/projects/f1tenth_miru3/install/teleop_tools_msgs/share/teleop_tools_msgs/environment/ament_prefix_path.dsv
[17.933s] -- Symlinking: /home/sh/projects/f1tenth_miru3/install/teleop_tools_msgs/share/teleop_tools_msgs/environment/path.sh
[17.953s] -- Symlinking: /home/sh/projects/f1tenth_miru3/install/teleop_tools_msgs/share/teleop_tools_msgs/environment/path.dsv
[17.971s] -- Symlinking: /home/sh/projects/f1tenth_miru3/install/teleop_tools_msgs/share/teleop_tools_msgs/local_setup.bash
[17.994s] -- Symlinking: /home/sh/projects/f1tenth_miru3/install/teleop_tools_msgs/share/teleop_tools_msgs/local_setup.sh
[18.011s] -- Symlinking: /home/sh/projects/f1tenth_miru3/install/teleop_tools_msgs/share/teleop_tools_msgs/local_setup.zsh
[18.033s] -- Symlinking: /home/sh/projects/f1tenth_miru3/install/teleop_tools_msgs/share/teleop_tools_msgs/local_setup.dsv
[18.054s] -- Symlinking: /home/sh/projects/f1tenth_miru3/install/teleop_tools_msgs/share/teleop_tools_msgs/package.dsv
[18.075s] -- Symlinking: /home/sh/projects/f1tenth_miru3/install/teleop_tools_msgs/share/ament_index/resource_index/packages/teleop_tools_msgs
[18.094s] -- Symlinking: /home/sh/projects/f1tenth_miru3/install/teleop_tools_msgs/share/teleop_tools_msgs/cmake/rosidl_cmake-extras.cmake
[18.117s] -- Symlinking: /home/sh/projects/f1tenth_miru3/install/teleop_tools_msgs/share/teleop_tools_msgs/cmake/ament_cmake_export_dependencies-extras.cmake
[18.145s] -- Symlinking: /home/sh/projects/f1tenth_miru3/install/teleop_tools_msgs/share/teleop_tools_msgs/cmake/ament_cmake_export_include_directories-extras.cmake
[18.169s] -- Symlinking: /home/sh/projects/f1tenth_miru3/install/teleop_tools_msgs/share/teleop_tools_msgs/cmake/ament_cmake_export_libraries-extras.cmake
[18.188s] -- Symlinking: /home/sh/projects/f1tenth_miru3/install/teleop_tools_msgs/share/teleop_tools_msgs/cmake/ament_cmake_export_targets-extras.cmake
[18.210s] -- Symlinking: /home/sh/projects/f1tenth_miru3/install/teleop_tools_msgs/share/teleop_tools_msgs/cmake/rosidl_cmake_export_typesupport_targets-extras.cmake
[18.227s] -- Symlinking: /home/sh/projects/f1tenth_miru3/install/teleop_tools_msgs/share/teleop_tools_msgs/cmake/rosidl_cmake_export_typesupport_libraries-extras.cmake
[18.245s] -- Symlinking: /home/sh/projects/f1tenth_miru3/install/teleop_tools_msgs/share/teleop_tools_msgs/cmake/teleop_tools_msgsConfig.cmake
[18.262s] -- Symlinking: /home/sh/projects/f1tenth_miru3/install/teleop_tools_msgs/share/teleop_tools_msgs/cmake/teleop_tools_msgsConfig-version.cmake
[18.286s] -- Symlinking: /home/sh/projects/f1tenth_miru3/install/teleop_tools_msgs/share/teleop_tools_msgs/package.xml
[18.305s] -- Installing: /home/sh/projects/f1tenth_miru3/install/teleop_tools_msgs/lib/libteleop_tools_msgs__rosidl_generator_c.so
[18.307s] -- Set runtime path of "/home/sh/projects/f1tenth_miru3/install/teleop_tools_msgs/lib/libteleop_tools_msgs__rosidl_generator_c.so" to ""
[18.307s] -- Installing: /home/sh/projects/f1tenth_miru3/install/teleop_tools_msgs/lib/libteleop_tools_msgs__rosidl_typesupport_fastrtps_c.so
[18.308s] -- Set runtime path of "/home/sh/projects/f1tenth_miru3/install/teleop_tools_msgs/lib/libteleop_tools_msgs__rosidl_typesupport_fastrtps_c.so" to ""
[18.308s] -- Installing: /home/sh/projects/f1tenth_miru3/install/teleop_tools_msgs/lib/libteleop_tools_msgs__rosidl_typesupport_introspection_c.so
[18.309s] -- Set runtime path of "/home/sh/projects/f1tenth_miru3/install/teleop_tools_msgs/lib/libteleop_tools_msgs__rosidl_typesupport_introspection_c.so" to ""
[18.310s] -- Installing: /home/sh/projects/f1tenth_miru3/install/teleop_tools_msgs/lib/libteleop_tools_msgs__rosidl_typesupport_c.so
[18.311s] -- Set runtime path of "/home/sh/projects/f1tenth_miru3/install/teleop_tools_msgs/lib/libteleop_tools_msgs__rosidl_typesupport_c.so" to ""
[18.311s] -- Installing: /home/sh/projects/f1tenth_miru3/install/teleop_tools_msgs/lib/libteleop_tools_msgs__rosidl_typesupport_fastrtps_cpp.so
[18.312s] -- Set runtime path of "/home/sh/projects/f1tenth_miru3/install/teleop_tools_msgs/lib/libteleop_tools_msgs__rosidl_typesupport_fastrtps_cpp.so" to ""
[18.312s] -- Installing: /home/sh/projects/f1tenth_miru3/install/teleop_tools_msgs/lib/libteleop_tools_msgs__rosidl_typesupport_introspection_cpp.so
[18.314s] -- Set runtime path of "/home/sh/projects/f1tenth_miru3/install/teleop_tools_msgs/lib/libteleop_tools_msgs__rosidl_typesupport_introspection_cpp.so" to ""
[18.314s] -- Installing: /home/sh/projects/f1tenth_miru3/install/teleop_tools_msgs/lib/libteleop_tools_msgs__rosidl_typesupport_cpp.so
[18.315s] -- Set runtime path of "/home/sh/projects/f1tenth_miru3/install/teleop_tools_msgs/lib/libteleop_tools_msgs__rosidl_typesupport_cpp.so" to ""
[18.440s] Listing '/home/sh/projects/f1tenth_miru3/install/teleop_tools_msgs/local/lib/python3.10/dist-packages/teleop_tools_msgs'...
[18.440s] Compiling '/home/sh/projects/f1tenth_miru3/install/teleop_tools_msgs/local/lib/python3.10/dist-packages/teleop_tools_msgs/__init__.py'...
[18.441s] Listing '/home/sh/projects/f1tenth_miru3/install/teleop_tools_msgs/local/lib/python3.10/dist-packages/teleop_tools_msgs/action'...
[18.441s] Compiling '/home/sh/projects/f1tenth_miru3/install/teleop_tools_msgs/local/lib/python3.10/dist-packages/teleop_tools_msgs/action/__init__.py'...
[18.441s] Compiling '/home/sh/projects/f1tenth_miru3/install/teleop_tools_msgs/local/lib/python3.10/dist-packages/teleop_tools_msgs/action/_increment.py'...
[18.454s] -- Installing: /home/sh/projects/f1tenth_miru3/install/teleop_tools_msgs/lib/libteleop_tools_msgs__rosidl_generator_py.so
[18.455s] -- Set runtime path of "/home/sh/projects/f1tenth_miru3/install/teleop_tools_msgs/lib/libteleop_tools_msgs__rosidl_generator_py.so" to ""
[18.455s] -- Installing: /home/sh/projects/f1tenth_miru3/install/teleop_tools_msgs/share/teleop_tools_msgs/cmake/export_teleop_tools_msgs__rosidl_generator_cExport.cmake
[18.456s] -- Installing: /home/sh/projects/f1tenth_miru3/install/teleop_tools_msgs/share/teleop_tools_msgs/cmake/export_teleop_tools_msgs__rosidl_generator_cExport-noconfig.cmake
[18.456s] -- Installing: /home/sh/projects/f1tenth_miru3/install/teleop_tools_msgs/share/teleop_tools_msgs/cmake/export_teleop_tools_msgs__rosidl_typesupport_fastrtps_cExport.cmake
[18.456s] -- Installing: /home/sh/projects/f1tenth_miru3/install/teleop_tools_msgs/share/teleop_tools_msgs/cmake/export_teleop_tools_msgs__rosidl_typesupport_fastrtps_cExport-noconfig.cmake
[18.457s] -- Installing: /home/sh/projects/f1tenth_miru3/install/teleop_tools_msgs/share/teleop_tools_msgs/cmake/teleop_tools_msgs__rosidl_typesupport_introspection_cExport.cmake
[18.457s] -- Installing: /home/sh/projects/f1tenth_miru3/install/teleop_tools_msgs/share/teleop_tools_msgs/cmake/teleop_tools_msgs__rosidl_typesupport_introspection_cExport-noconfig.cmake
[18.457s] -- Installing: /home/sh/projects/f1tenth_miru3/install/teleop_tools_msgs/share/teleop_tools_msgs/cmake/teleop_tools_msgs__rosidl_typesupport_cExport.cmake
[18.458s] -- Installing: /home/sh/projects/f1tenth_miru3/install/teleop_tools_msgs/share/teleop_tools_msgs/cmake/teleop_tools_msgs__rosidl_typesupport_cExport-noconfig.cmake
[18.459s] -- Installing: /home/sh/projects/f1tenth_miru3/install/teleop_tools_msgs/share/teleop_tools_msgs/cmake/export_teleop_tools_msgs__rosidl_generator_cppExport.cmake
[18.459s] -- Installing: /home/sh/projects/f1tenth_miru3/install/teleop_tools_msgs/share/teleop_tools_msgs/cmake/export_teleop_tools_msgs__rosidl_typesupport_fastrtps_cppExport.cmake
[18.459s] -- Installing: /home/sh/projects/f1tenth_miru3/install/teleop_tools_msgs/share/teleop_tools_msgs/cmake/export_teleop_tools_msgs__rosidl_typesupport_fastrtps_cppExport-noconfig.cmake
[18.460s] -- Installing: /home/sh/projects/f1tenth_miru3/install/teleop_tools_msgs/share/teleop_tools_msgs/cmake/teleop_tools_msgs__rosidl_typesupport_introspection_cppExport.cmake
[18.460s] -- Installing: /home/sh/projects/f1tenth_miru3/install/teleop_tools_msgs/share/teleop_tools_msgs/cmake/teleop_tools_msgs__rosidl_typesupport_introspection_cppExport-noconfig.cmake
[18.461s] -- Installing: /home/sh/projects/f1tenth_miru3/install/teleop_tools_msgs/share/teleop_tools_msgs/cmake/teleop_tools_msgs__rosidl_typesupport_cppExport.cmake
[18.461s] -- Installing: /home/sh/projects/f1tenth_miru3/install/teleop_tools_msgs/share/teleop_tools_msgs/cmake/teleop_tools_msgs__rosidl_typesupport_cppExport-noconfig.cmake
[18.462s] -- Installing: /home/sh/projects/f1tenth_miru3/install/teleop_tools_msgs/share/teleop_tools_msgs/cmake/export_teleop_tools_msgs__rosidl_generator_pyExport.cmake
[18.462s] -- Installing: /home/sh/projects/f1tenth_miru3/install/teleop_tools_msgs/share/teleop_tools_msgs/cmake/export_teleop_tools_msgs__rosidl_generator_pyExport-noconfig.cmake
[18.469s] Invoked command in '/home/sh/projects/f1tenth_miru3/build/teleop_tools_msgs' returned '0': CMAKE_PREFIX_PATH=${CMAKE_PREFIX_PATH}:/home/sh/f1tenth_ws/install/f1tenth_gym_ros:/home/sh/projects/f1tenth_miru3/install/f1tenth_stack:/home/sh/projects/f1tenth_miru3/install/joy_teleop:/home/sh/projects/f1tenth_miru3/install/pygame_key_teleop:/home/sh/projects/f1tenth_miru3/install/mouse_teleop:/home/sh/projects/f1tenth_miru3/install/key_teleop:/home/sh/projects/f1tenth_miru3/install/forza_map_controller:/home/sh/projects/f1tenth_miru3/install/f1tenth_path_planner:/opt/ros/humble /usr/bin/cmake --install /home/sh/projects/f1tenth_miru3/build/teleop_tools_msgs
