/usr/lib/python3/dist-packages/setuptools/dist.py:723: UserWarning: Usage of dash-separated 'script-dir' will not be supported in future versions. Please use the underscore name 'script_dir' instead
  warnings.warn(
running develop
running egg_info
creating key_teleop.egg-info
writing key_teleop.egg-info/PKG-INFO
writing dependency_links to key_teleop.egg-info/dependency_links.txt
writing entry points to key_teleop.egg-info/entry_points.txt
writing requirements to key_teleop.egg-info/requires.txt
writing top-level names to key_teleop.egg-info/top_level.txt
writing manifest file 'key_teleop.egg-info/SOURCES.txt'
reading manifest file 'key_teleop.egg-info/SOURCES.txt'
writing manifest file 'key_teleop.egg-info/SOURCES.txt'
running build_ext
Creating /home/sh/projects/f1tenth_miru3/install/key_teleop/lib/python3.10/site-packages/key-teleop.egg-link (link to .)
Installing key_teleop script to /home/sh/projects/f1tenth_miru3/install/key_teleop/lib/key_teleop

Installed /home/sh/projects/f1tenth_miru3/build/key_teleop
running symlink_data
symbolically linking /home/sh/projects/f1tenth_miru3/build/key_teleop/package.xml -> /home/sh/projects/f1tenth_miru3/install/key_teleop/share/key_teleop
creating /home/sh/projects/f1tenth_miru3/install/key_teleop/share/key_teleop/config
symbolically linking /home/sh/projects/f1tenth_miru3/build/key_teleop/config/key_teleop.yaml -> /home/sh/projects/f1tenth_miru3/install/key_teleop/share/key_teleop/config
creating /home/sh/projects/f1tenth_miru3/install/key_teleop/share/ament_index
creating /home/sh/projects/f1tenth_miru3/install/key_teleop/share/ament_index/resource_index
creating /home/sh/projects/f1tenth_miru3/install/key_teleop/share/ament_index/resource_index/packages
symbolically linking /home/sh/projects/f1tenth_miru3/build/key_teleop/resource/key_teleop -> /home/sh/projects/f1tenth_miru3/install/key_teleop/share/ament_index/resource_index/packages
