[3.653s] Invoking command in '/home/sh/projects/f1tenth_miru3/build/key_teleop': PYTHONPATH=/home/sh/projects/f1tenth_miru3/build/key_teleop/prefix_override:/usr/lib/python3/dist-packages/colcon_core/task/python/colcon_distutils_commands:/home/sh/projects/f1tenth_miru3/install/key_teleop/lib/python3.10/site-packages:${PYTHONPATH} /usr/bin/python3 -W ignore:setup.py install is deprecated -W ignore:easy_install command is deprecated setup.py develop --editable --build-directory /home/sh/projects/f1tenth_miru3/build/key_teleop/build --no-deps symlink_data
[4.393s] /usr/lib/python3/dist-packages/setuptools/dist.py:723: UserWarning: Usage of dash-separated 'script-dir' will not be supported in future versions. Please use the underscore name 'script_dir' instead
[4.394s]   warnings.warn(
[4.482s] running develop
[5.039s] running egg_info
[5.044s] creating key_teleop.egg-info
[5.044s] writing key_teleop.egg-info/PKG-INFO
[5.044s] writing dependency_links to key_teleop.egg-info/dependency_links.txt
[5.045s] writing entry points to key_teleop.egg-info/entry_points.txt
[5.045s] writing requirements to key_teleop.egg-info/requires.txt
[5.045s] writing top-level names to key_teleop.egg-info/top_level.txt
[5.045s] writing manifest file 'key_teleop.egg-info/SOURCES.txt'
[5.054s] reading manifest file 'key_teleop.egg-info/SOURCES.txt'
[5.055s] writing manifest file 'key_teleop.egg-info/SOURCES.txt'
[5.071s] running build_ext
[5.071s] Creating /home/sh/projects/f1tenth_miru3/install/key_teleop/lib/python3.10/site-packages/key-teleop.egg-link (link to .)
[5.072s] Installing key_teleop script to /home/sh/projects/f1tenth_miru3/install/key_teleop/lib/key_teleop
[5.072s] 
[5.073s] Installed /home/sh/projects/f1tenth_miru3/build/key_teleop
[5.074s] running symlink_data
[5.074s] symbolically linking /home/sh/projects/f1tenth_miru3/build/key_teleop/package.xml -> /home/sh/projects/f1tenth_miru3/install/key_teleop/share/key_teleop
[5.075s] creating /home/sh/projects/f1tenth_miru3/install/key_teleop/share/key_teleop/config
[5.075s] symbolically linking /home/sh/projects/f1tenth_miru3/build/key_teleop/config/key_teleop.yaml -> /home/sh/projects/f1tenth_miru3/install/key_teleop/share/key_teleop/config
[5.075s] creating /home/sh/projects/f1tenth_miru3/install/key_teleop/share/ament_index
[5.077s] creating /home/sh/projects/f1tenth_miru3/install/key_teleop/share/ament_index/resource_index
[5.077s] creating /home/sh/projects/f1tenth_miru3/install/key_teleop/share/ament_index/resource_index/packages
[5.078s] symbolically linking /home/sh/projects/f1tenth_miru3/build/key_teleop/resource/key_teleop -> /home/sh/projects/f1tenth_miru3/install/key_teleop/share/ament_index/resource_index/packages
[5.232s] Invoked command in '/home/sh/projects/f1tenth_miru3/build/key_teleop' returned '0': PYTHONPATH=/home/sh/projects/f1tenth_miru3/build/key_teleop/prefix_override:/usr/lib/python3/dist-packages/colcon_core/task/python/colcon_distutils_commands:/home/sh/projects/f1tenth_miru3/install/key_teleop/lib/python3.10/site-packages:${PYTHONPATH} /usr/bin/python3 -W ignore:setup.py install is deprecated -W ignore:easy_install command is deprecated setup.py develop --editable --build-directory /home/sh/projects/f1tenth_miru3/build/key_teleop/build --no-deps symlink_data
