[0.045s] Invoking command in '/home/sh/projects/f1tenth_miru3/build/vesc_driver': AMENT_PREFIX_PATH=/home/sh/projects/f1tenth_miru3/install/vesc_msgs:${AMENT_PREFIX_PATH} CMAKE_PREFIX_PATH=/home/sh/projects/f1tenth_miru3/install/vesc_msgs:/home/sh/projects/f1tenth_miru3/install/f1tenth_slam_nav:/home/sh/projects/f1tenth_miru3/install/vesc:/home/sh/projects/f1tenth_miru3/install/vesc_driver:/home/sh/projects/f1tenth_miru3/install/vesc_ackermann:/home/sh/projects/f1tenth_miru3/install/teleop_tools:/home/sh/projects/f1tenth_miru3/install/teleop_tools_msgs:/home/sh/projects/f1tenth_miru3/install/real_pure_pursuit:/home/sh/projects/f1tenth_miru3/install/pure_pursuit:/home/sh/projects/f1tenth_miru3/install/path_planner:/home/sh/projects/f1tenth_miru3/install/path_follow:/home/sh/projects/f1tenth_miru3/install/map_controller:/home/sh/projects/f1tenth_miru3/install/lidar_processing:/home/sh/projects/f1tenth_miru3/install/center_follow_cpp:/home/sh/projects/f1tenth_miru3/install/ackermann_mux:/home/sh/f1tenth_ws/install/f1tenth_gym_ros:/home/sh/projects/f1tenth_miru3/install/f1tenth_stack:/home/sh/projects/f1tenth_miru3/install/joy_teleop:/home/sh/projects/f1tenth_miru3/install/pygame_key_teleop:/home/sh/projects/f1tenth_miru3/install/mouse_teleop:/home/sh/projects/f1tenth_miru3/install/key_teleop:/home/sh/projects/f1tenth_miru3/install/forza_map_controller:/home/sh/projects/f1tenth_miru3/install/f1tenth_path_planner:/opt/ros/humble LD_LIBRARY_PATH=/home/sh/projects/f1tenth_miru3/install/vesc_msgs/lib:/home/sh/projects/f1tenth_miru3/install/vesc_driver/lib:/home/sh/projects/f1tenth_miru3/install/vesc_ackermann/lib:/home/sh/projects/f1tenth_miru3/install/teleop_tools_msgs/lib:/home/sh/projects/f1tenth_miru3/install/map_controller/lib:/opt/ros/humble/opt/rviz_ogre_vendor/lib:/opt/ros/humble/lib/x86_64-linux-gnu:/opt/ros/humble/lib:/home/sh/../../lib:/home/sh/../../../blasfeo/lib PYTHONPATH=/home/sh/projects/f1tenth_miru3/install/vesc_msgs/local/lib/python3.10/dist-packages:${PYTHONPATH} /usr/bin/cmake /home/sh/projects/f1tenth_miru3/src/f1tenth_system/vesc/vesc_driver -DAMENT_CMAKE_SYMLINK_INSTALL=1 -DCMAKE_INSTALL_PREFIX=/home/sh/projects/f1tenth_miru3/install/vesc_driver
[0.188s] -- The C compiler identification is GNU 11.4.0
[0.341s] -- The CXX compiler identification is GNU 11.4.0
[0.365s] -- Detecting C compiler ABI info
[0.554s] -- Detecting C compiler ABI info - done
[0.574s] -- Check for working C compiler: /usr/bin/cc - skipped
[0.574s] -- Detecting C compile features
[0.576s] -- Detecting C compile features - done
[0.584s] -- Detecting CXX compiler ABI info
[0.798s] -- Detecting CXX compiler ABI info - done
[0.824s] -- Check for working CXX compiler: /usr/bin/c++ - skipped
[0.825s] -- Detecting CXX compile features
[0.826s] -- Detecting CXX compile features - done
[0.833s] -- Found ament_cmake_auto: 1.3.11 (/opt/ros/humble/share/ament_cmake_auto/cmake)
[1.378s] -- Found Python3: /usr/bin/python3 (found version "3.10.12") found components: Interpreter 
[1.606s] -- Override CMake install command with custom implementation using symlinks instead of copying resources
[1.995s] -- Found rosidl_generator_c: 3.1.6 (/opt/ros/humble/share/rosidl_generator_c/cmake)
[2.014s] -- Found rosidl_adapter: 3.1.6 (/opt/ros/humble/share/rosidl_adapter/cmake)
[2.038s] -- Found rosidl_generator_cpp: 3.1.6 (/opt/ros/humble/share/rosidl_generator_cpp/cmake)
[2.075s] -- Using all available rosidl_typesupport_c: rosidl_typesupport_fastrtps_c;rosidl_typesupport_introspection_c
[2.117s] -- Using all available rosidl_typesupport_cpp: rosidl_typesupport_fastrtps_cpp;rosidl_typesupport_introspection_cpp
[2.226s] -- Found rmw_implementation_cmake: 6.1.2 (/opt/ros/humble/share/rmw_implementation_cmake/cmake)
[2.233s] -- Found rmw_fastrtps_cpp: 6.2.7 (/opt/ros/humble/share/rmw_fastrtps_cpp/cmake)
[2.450s] -- Found OpenSSL: /usr/lib/x86_64-linux-gnu/libcrypto.so (found version "3.0.2")  
[2.515s] -- Found FastRTPS: /opt/ros/humble/include  
[2.614s] -- Using RMW implementation 'rmw_fastrtps_cpp' as default
[2.648s] -- Looking for pthread.h
[2.830s] -- Looking for pthread.h - found
[2.831s] -- Performing Test CMAKE_HAVE_LIBC_PTHREAD
[2.998s] -- Performing Test CMAKE_HAVE_LIBC_PTHREAD - Success
[3.000s] -- Found Threads: TRUE  
[3.346s] -- Found ament_lint_auto: 0.12.11 (/opt/ros/humble/share/ament_lint_auto/cmake)
[3.402s] -- Added test 'copyright' to check source files copyright and LICENSE
[3.407s] -- Added test 'cppcheck' to perform static code analysis on C / C++ code
[3.408s] -- Configured cppcheck include dirs: /home/sh/projects/f1tenth_miru3/src/f1tenth_system/vesc/vesc_driver/include
[3.408s] -- Configured cppcheck exclude dirs and/or files: 
[3.412s] -- Added test 'cpplint' to check C / C++ code against the Google style
[3.412s] -- Configured cpplint exclude dirs and/or files: 
[3.414s] -- Added test 'flake8' to check Python code syntax and style conventions
[3.416s] -- Added test 'lint_cmake' to check CMake code style
[3.418s] -- Added test 'pep257' to check Python code against some of the docstring style conventions in PEP 257
[3.421s] -- Added test 'uncrustify' to check C / C++ code style
[3.421s] -- Configured uncrustify additional arguments: 
[3.423s] -- Added test 'xmllint' to check XML markup files
[3.431s] -- Configuring done
[3.471s] -- Generating done
[3.487s] -- Build files have been written to: /home/sh/projects/f1tenth_miru3/build/vesc_driver
[3.507s] Invoked command in '/home/sh/projects/f1tenth_miru3/build/vesc_driver' returned '0': AMENT_PREFIX_PATH=/home/sh/projects/f1tenth_miru3/install/vesc_msgs:${AMENT_PREFIX_PATH} CMAKE_PREFIX_PATH=/home/sh/projects/f1tenth_miru3/install/vesc_msgs:/home/sh/projects/f1tenth_miru3/install/f1tenth_slam_nav:/home/sh/projects/f1tenth_miru3/install/vesc:/home/sh/projects/f1tenth_miru3/install/vesc_driver:/home/sh/projects/f1tenth_miru3/install/vesc_ackermann:/home/sh/projects/f1tenth_miru3/install/teleop_tools:/home/sh/projects/f1tenth_miru3/install/teleop_tools_msgs:/home/sh/projects/f1tenth_miru3/install/real_pure_pursuit:/home/sh/projects/f1tenth_miru3/install/pure_pursuit:/home/sh/projects/f1tenth_miru3/install/path_planner:/home/sh/projects/f1tenth_miru3/install/path_follow:/home/sh/projects/f1tenth_miru3/install/map_controller:/home/sh/projects/f1tenth_miru3/install/lidar_processing:/home/sh/projects/f1tenth_miru3/install/center_follow_cpp:/home/sh/projects/f1tenth_miru3/install/ackermann_mux:/home/sh/f1tenth_ws/install/f1tenth_gym_ros:/home/sh/projects/f1tenth_miru3/install/f1tenth_stack:/home/sh/projects/f1tenth_miru3/install/joy_teleop:/home/sh/projects/f1tenth_miru3/install/pygame_key_teleop:/home/sh/projects/f1tenth_miru3/install/mouse_teleop:/home/sh/projects/f1tenth_miru3/install/key_teleop:/home/sh/projects/f1tenth_miru3/install/forza_map_controller:/home/sh/projects/f1tenth_miru3/install/f1tenth_path_planner:/opt/ros/humble LD_LIBRARY_PATH=/home/sh/projects/f1tenth_miru3/install/vesc_msgs/lib:/home/sh/projects/f1tenth_miru3/install/vesc_driver/lib:/home/sh/projects/f1tenth_miru3/install/vesc_ackermann/lib:/home/sh/projects/f1tenth_miru3/install/teleop_tools_msgs/lib:/home/sh/projects/f1tenth_miru3/install/map_controller/lib:/opt/ros/humble/opt/rviz_ogre_vendor/lib:/opt/ros/humble/lib/x86_64-linux-gnu:/opt/ros/humble/lib:/home/sh/../../lib:/home/sh/../../../blasfeo/lib PYTHONPATH=/home/sh/projects/f1tenth_miru3/install/vesc_msgs/local/lib/python3.10/dist-packages:${PYTHONPATH} /usr/bin/cmake /home/sh/projects/f1tenth_miru3/src/f1tenth_system/vesc/vesc_driver -DAMENT_CMAKE_SYMLINK_INSTALL=1 -DCMAKE_INSTALL_PREFIX=/home/sh/projects/f1tenth_miru3/install/vesc_driver
[3.513s] Invoking command in '/home/sh/projects/f1tenth_miru3/build/vesc_driver': AMENT_PREFIX_PATH=/home/sh/projects/f1tenth_miru3/install/vesc_msgs:${AMENT_PREFIX_PATH} CMAKE_PREFIX_PATH=/home/sh/projects/f1tenth_miru3/install/vesc_msgs:/home/sh/projects/f1tenth_miru3/install/f1tenth_slam_nav:/home/sh/projects/f1tenth_miru3/install/vesc:/home/sh/projects/f1tenth_miru3/install/vesc_driver:/home/sh/projects/f1tenth_miru3/install/vesc_ackermann:/home/sh/projects/f1tenth_miru3/install/teleop_tools:/home/sh/projects/f1tenth_miru3/install/teleop_tools_msgs:/home/sh/projects/f1tenth_miru3/install/real_pure_pursuit:/home/sh/projects/f1tenth_miru3/install/pure_pursuit:/home/sh/projects/f1tenth_miru3/install/path_planner:/home/sh/projects/f1tenth_miru3/install/path_follow:/home/sh/projects/f1tenth_miru3/install/map_controller:/home/sh/projects/f1tenth_miru3/install/lidar_processing:/home/sh/projects/f1tenth_miru3/install/center_follow_cpp:/home/sh/projects/f1tenth_miru3/install/ackermann_mux:/home/sh/f1tenth_ws/install/f1tenth_gym_ros:/home/sh/projects/f1tenth_miru3/install/f1tenth_stack:/home/sh/projects/f1tenth_miru3/install/joy_teleop:/home/sh/projects/f1tenth_miru3/install/pygame_key_teleop:/home/sh/projects/f1tenth_miru3/install/mouse_teleop:/home/sh/projects/f1tenth_miru3/install/key_teleop:/home/sh/projects/f1tenth_miru3/install/forza_map_controller:/home/sh/projects/f1tenth_miru3/install/f1tenth_path_planner:/opt/ros/humble LD_LIBRARY_PATH=/home/sh/projects/f1tenth_miru3/install/vesc_msgs/lib:/home/sh/projects/f1tenth_miru3/install/vesc_driver/lib:/home/sh/projects/f1tenth_miru3/install/vesc_ackermann/lib:/home/sh/projects/f1tenth_miru3/install/teleop_tools_msgs/lib:/home/sh/projects/f1tenth_miru3/install/map_controller/lib:/opt/ros/humble/opt/rviz_ogre_vendor/lib:/opt/ros/humble/lib/x86_64-linux-gnu:/opt/ros/humble/lib:/home/sh/../../lib:/home/sh/../../../blasfeo/lib PYTHONPATH=/home/sh/projects/f1tenth_miru3/install/vesc_msgs/local/lib/python3.10/dist-packages:${PYTHONPATH} /usr/bin/cmake --build /home/sh/projects/f1tenth_miru3/build/vesc_driver -- -j16 -l16
[3.658s] [ 10%] [32mBuilding CXX object CMakeFiles/vesc_driver.dir/src/vesc_driver.cpp.o[0m
[3.659s] [ 20%] [32mBuilding CXX object CMakeFiles/vesc_driver_node.dir/rclcpp_components/node_main_vesc_driver_node.cpp.o[0m
[3.660s] [ 30%] [32mBuilding CXX object CMakeFiles/vesc_driver.dir/src/vesc_packet_factory.cpp.o[0m
[3.660s] [ 40%] [32mBuilding CXX object CMakeFiles/vesc_driver.dir/src/vesc_packet.cpp.o[0m
[3.673s] [ 50%] [32mBuilding CXX object CMakeFiles/vesc_driver.dir/src/vesc_interface.cpp.o[0m
[4.008s] [01m[K/home/sh/projects/f1tenth_miru3/src/f1tenth_system/vesc/vesc_driver/src/vesc_interface.cpp:45:10:[m[K [01;31m[Kfatal error: [m[Kserial_driver/serial_driver.hpp: No such file or directory
[4.008s]    45 | #include [01;31m[K"serial_driver/serial_driver.hpp"[m[K
[4.008s]       |          [01;31m[K^~~~~~~~~~~~~~~~~~~~~~~~~~~~~~~~~[m[K
[4.008s] compilation terminated.
[4.012s] gmake[2]: *** [CMakeFiles/vesc_driver.dir/build.make:90: CMakeFiles/vesc_driver.dir/src/vesc_interface.cpp.o] Error 1
[4.012s] gmake[2]: *** Waiting for unfinished jobs....
[12.658s] [ 60%] [32m[1mLinking CXX executable vesc_driver_node[0m
[13.004s] [ 60%] Built target vesc_driver_node
[30.065s] gmake[1]: *** [CMakeFiles/Makefile2:141: CMakeFiles/vesc_driver.dir/all] Error 2
[30.065s] gmake: *** [Makefile:146: all] Error 2
