[0.111s] Invoking command in '/home/sh/projects/f1tenth_miru3/build/teleop_tools_msgs': CMAKE_PREFIX_PATH=/opt/ros/humble /usr/bin/cmake --build /home/sh/projects/f1tenth_miru3/build/teleop_tools_msgs -- -j16 -l16
[2.321s] Consolidate compiler generated dependencies of target teleop_tools_msgs__rosidl_generator_c
[2.322s] [  3%] Built target teleop_tools_msgs__cpp
[2.322s] [ 12%] Built target teleop_tools_msgs__rosidl_generator_c
[2.322s] [ 12%] Built target ament_cmake_python_symlink_teleop_tools_msgs
[2.323s] Consolidate compiler generated dependencies of target teleop_tools_msgs__rosidl_typesupport_introspection_cpp
[2.323s] Consolidate compiler generated dependencies of target teleop_tools_msgs__rosidl_typesupport_cpp
[2.324s] Consolidate compiler generated dependencies of target teleop_tools_msgs__rosidl_typesupport_fastrtps_cpp
[2.324s] Consolidate compiler generated dependencies of target teleop_tools_msgs__rosidl_typesupport_fastrtps_c
[2.324s] Consolidate compiler generated dependencies of target teleop_tools_msgs__rosidl_typesupport_c
[2.324s] Consolidate compiler generated dependencies of target teleop_tools_msgs__rosidl_typesupport_introspection_c
[2.324s] [ 22%] Built target teleop_tools_msgs__rosidl_typesupport_cpp
[2.324s] [ 32%] Built target teleop_tools_msgs__rosidl_typesupport_introspection_cpp
[2.324s] [ 41%] Built target teleop_tools_msgs__rosidl_typesupport_fastrtps_cpp
[2.325s] [ 51%] Built target teleop_tools_msgs__rosidl_typesupport_fastrtps_c
[2.325s] [ 61%] Built target teleop_tools_msgs__rosidl_typesupport_c
[2.325s] [ 70%] Built target teleop_tools_msgs__rosidl_typesupport_introspection_c
[2.325s] [ 70%] Built target teleop_tools_msgs
[2.325s] [ 74%] Built target teleop_tools_msgs__py
[2.325s] Consolidate compiler generated dependencies of target teleop_tools_msgs__rosidl_generator_py
[2.326s] [ 80%] Built target teleop_tools_msgs__rosidl_generator_py
[2.326s] Consolidate compiler generated dependencies of target teleop_tools_msgs__rosidl_typesupport_fastrtps_c__pyext
[2.326s] Consolidate compiler generated dependencies of target teleop_tools_msgs__rosidl_typesupport_c__pyext
[2.326s] Consolidate compiler generated dependencies of target teleop_tools_msgs__rosidl_typesupport_introspection_c__pyext
[2.326s] [ 87%] Built target teleop_tools_msgs__rosidl_typesupport_fastrtps_c__pyext
[2.327s] [ 93%] Built target teleop_tools_msgs__rosidl_typesupport_c__pyext
[2.327s] [100%] Built target teleop_tools_msgs__rosidl_typesupport_introspection_c__pyext
[2.327s] running egg_info
[2.327s] writing teleop_tools_msgs.egg-info/PKG-INFO
[2.327s] writing dependency_links to teleop_tools_msgs.egg-info/dependency_links.txt
[2.327s] writing top-level names to teleop_tools_msgs.egg-info/top_level.txt
[2.327s] reading manifest file 'teleop_tools_msgs.egg-info/SOURCES.txt'
[2.328s] writing manifest file 'teleop_tools_msgs.egg-info/SOURCES.txt'
[2.328s] [100%] Built target ament_cmake_python_build_teleop_tools_msgs_egg
[2.341s] Invoked command in '/home/sh/projects/f1tenth_miru3/build/teleop_tools_msgs' returned '0': CMAKE_PREFIX_PATH=/opt/ros/humble /usr/bin/cmake --build /home/sh/projects/f1tenth_miru3/build/teleop_tools_msgs -- -j16 -l16
[2.345s] Invoking command in '/home/sh/projects/f1tenth_miru3/build/teleop_tools_msgs': CMAKE_PREFIX_PATH=/opt/ros/humble /usr/bin/cmake --install /home/sh/projects/f1tenth_miru3/build/teleop_tools_msgs
[2.425s] -- Install configuration: ""
[2.426s] -- Execute custom install script
[2.426s] -- Up-to-date symlink: /home/sh/projects/f1tenth_miru3/install/teleop_tools_msgs/share/ament_index/resource_index/rosidl_interfaces/teleop_tools_msgs
[2.426s] -- Up-to-date symlink: /home/sh/projects/f1tenth_miru3/install/teleop_tools_msgs/include/teleop_tools_msgs/teleop_tools_msgs/action/detail/increment__functions.h
[2.426s] -- Up-to-date symlink: /home/sh/projects/f1tenth_miru3/install/teleop_tools_msgs/include/teleop_tools_msgs/teleop_tools_msgs/action/detail/increment__struct.h
[2.426s] -- Up-to-date symlink: /home/sh/projects/f1tenth_miru3/install/teleop_tools_msgs/include/teleop_tools_msgs/teleop_tools_msgs/action/detail/increment__type_support.h
[2.427s] -- Up-to-date symlink: /home/sh/projects/f1tenth_miru3/install/teleop_tools_msgs/include/teleop_tools_msgs/teleop_tools_msgs/action/increment.h
[2.427s] -- Up-to-date symlink: /home/sh/projects/f1tenth_miru3/install/teleop_tools_msgs/include/teleop_tools_msgs/teleop_tools_msgs/msg/rosidl_generator_c__visibility_control.h
[2.428s] -- Up-to-date symlink: /home/sh/projects/f1tenth_miru3/install/teleop_tools_msgs/share/teleop_tools_msgs/environment/library_path.sh
[2.428s] -- Up-to-date symlink: /home/sh/projects/f1tenth_miru3/install/teleop_tools_msgs/share/teleop_tools_msgs/environment/library_path.dsv
[2.428s] -- Up-to-date symlink: /home/sh/projects/f1tenth_miru3/install/teleop_tools_msgs/include/teleop_tools_msgs/teleop_tools_msgs/action/detail/increment__rosidl_typesupport_fastrtps_c.h
[2.428s] -- Up-to-date symlink: /home/sh/projects/f1tenth_miru3/install/teleop_tools_msgs/include/teleop_tools_msgs/teleop_tools_msgs/msg/rosidl_typesupport_fastrtps_c__visibility_control.h
[2.428s] -- Up-to-date symlink: /home/sh/projects/f1tenth_miru3/install/teleop_tools_msgs/include/teleop_tools_msgs/teleop_tools_msgs/action/detail/increment__rosidl_typesupport_introspection_c.h
[2.429s] -- Up-to-date symlink: /home/sh/projects/f1tenth_miru3/install/teleop_tools_msgs/include/teleop_tools_msgs/teleop_tools_msgs/msg/rosidl_typesupport_introspection_c__visibility_control.h
[2.429s] -- Up-to-date symlink: /home/sh/projects/f1tenth_miru3/install/teleop_tools_msgs/include/teleop_tools_msgs/teleop_tools_msgs/action/detail/increment__builder.hpp
[2.429s] -- Up-to-date symlink: /home/sh/projects/f1tenth_miru3/install/teleop_tools_msgs/include/teleop_tools_msgs/teleop_tools_msgs/action/detail/increment__struct.hpp
[2.429s] -- Up-to-date symlink: /home/sh/projects/f1tenth_miru3/install/teleop_tools_msgs/include/teleop_tools_msgs/teleop_tools_msgs/action/detail/increment__traits.hpp
[2.429s] -- Up-to-date symlink: /home/sh/projects/f1tenth_miru3/install/teleop_tools_msgs/include/teleop_tools_msgs/teleop_tools_msgs/action/detail/increment__type_support.hpp
[2.429s] -- Up-to-date symlink: /home/sh/projects/f1tenth_miru3/install/teleop_tools_msgs/include/teleop_tools_msgs/teleop_tools_msgs/action/increment.hpp
[2.429s] -- Up-to-date symlink: /home/sh/projects/f1tenth_miru3/install/teleop_tools_msgs/include/teleop_tools_msgs/teleop_tools_msgs/msg/rosidl_generator_cpp__visibility_control.hpp
[2.429s] -- Up-to-date symlink: /home/sh/projects/f1tenth_miru3/install/teleop_tools_msgs/include/teleop_tools_msgs/teleop_tools_msgs/action/detail/increment__rosidl_typesupport_fastrtps_cpp.hpp
[2.430s] -- Up-to-date symlink: /home/sh/projects/f1tenth_miru3/install/teleop_tools_msgs/include/teleop_tools_msgs/teleop_tools_msgs/msg/rosidl_typesupport_fastrtps_cpp__visibility_control.h
[2.430s] -- Up-to-date symlink: /home/sh/projects/f1tenth_miru3/install/teleop_tools_msgs/include/teleop_tools_msgs/teleop_tools_msgs/action/detail/increment__rosidl_typesupport_introspection_cpp.hpp
[2.430s] -- Up-to-date symlink: /home/sh/projects/f1tenth_miru3/install/teleop_tools_msgs/share/teleop_tools_msgs/environment/pythonpath.sh
[2.430s] -- Up-to-date symlink: /home/sh/projects/f1tenth_miru3/install/teleop_tools_msgs/share/teleop_tools_msgs/environment/pythonpath.dsv
[2.430s] -- Up-to-date symlink: /home/sh/projects/f1tenth_miru3/install/teleop_tools_msgs/local/lib/python3.10/dist-packages/teleop_tools_msgs-1.2.1-py3.10.egg-info/PKG-INFO
[2.431s] -- Up-to-date symlink: /home/sh/projects/f1tenth_miru3/install/teleop_tools_msgs/local/lib/python3.10/dist-packages/teleop_tools_msgs-1.2.1-py3.10.egg-info/SOURCES.txt
[2.432s] -- Up-to-date symlink: /home/sh/projects/f1tenth_miru3/install/teleop_tools_msgs/local/lib/python3.10/dist-packages/teleop_tools_msgs-1.2.1-py3.10.egg-info/dependency_links.txt
[2.432s] -- Up-to-date symlink: /home/sh/projects/f1tenth_miru3/install/teleop_tools_msgs/local/lib/python3.10/dist-packages/teleop_tools_msgs-1.2.1-py3.10.egg-info/top_level.txt
[2.433s] -- Up-to-date symlink: /home/sh/projects/f1tenth_miru3/install/teleop_tools_msgs/local/lib/python3.10/dist-packages/teleop_tools_msgs/__init__.py
[2.433s] -- Up-to-date symlink: /home/sh/projects/f1tenth_miru3/install/teleop_tools_msgs/local/lib/python3.10/dist-packages/teleop_tools_msgs/_teleop_tools_msgs_s.ep.rosidl_typesupport_c.c
[2.433s] -- Up-to-date symlink: /home/sh/projects/f1tenth_miru3/install/teleop_tools_msgs/local/lib/python3.10/dist-packages/teleop_tools_msgs/_teleop_tools_msgs_s.ep.rosidl_typesupport_fastrtps_c.c
[2.433s] -- Up-to-date symlink: /home/sh/projects/f1tenth_miru3/install/teleop_tools_msgs/local/lib/python3.10/dist-packages/teleop_tools_msgs/_teleop_tools_msgs_s.ep.rosidl_typesupport_introspection_c.c
[2.433s] -- Up-to-date symlink: /home/sh/projects/f1tenth_miru3/install/teleop_tools_msgs/local/lib/python3.10/dist-packages/teleop_tools_msgs/action/__init__.py
[2.434s] -- Up-to-date symlink: /home/sh/projects/f1tenth_miru3/install/teleop_tools_msgs/local/lib/python3.10/dist-packages/teleop_tools_msgs/action/_increment.py
[2.434s] -- Up-to-date symlink: /home/sh/projects/f1tenth_miru3/install/teleop_tools_msgs/local/lib/python3.10/dist-packages/teleop_tools_msgs/action/_increment_s.c
[2.434s] -- Up-to-date symlink: /home/sh/projects/f1tenth_miru3/install/teleop_tools_msgs/local/lib/python3.10/dist-packages/teleop_tools_msgs/libteleop_tools_msgs__rosidl_generator_py.so
[2.434s] -- Up-to-date symlink: /home/sh/projects/f1tenth_miru3/install/teleop_tools_msgs/local/lib/python3.10/dist-packages/teleop_tools_msgs/teleop_tools_msgs_s__rosidl_typesupport_c.cpython-310-x86_64-linux-gnu.so
[2.434s] -- Up-to-date symlink: /home/sh/projects/f1tenth_miru3/install/teleop_tools_msgs/local/lib/python3.10/dist-packages/teleop_tools_msgs/teleop_tools_msgs_s__rosidl_typesupport_fastrtps_c.cpython-310-x86_64-linux-gnu.so
[2.435s] -- Up-to-date symlink: /home/sh/projects/f1tenth_miru3/install/teleop_tools_msgs/local/lib/python3.10/dist-packages/teleop_tools_msgs/teleop_tools_msgs_s__rosidl_typesupport_introspection_c.cpython-310-x86_64-linux-gnu.so
[2.435s] -- Up-to-date symlink: /home/sh/projects/f1tenth_miru3/install/teleop_tools_msgs/local/lib/python3.10/dist-packages/teleop_tools_msgs/teleop_tools_msgs_s__rosidl_typesupport_fastrtps_c.cpython-310-x86_64-linux-gnu.so
[2.435s] -- Up-to-date symlink: /home/sh/projects/f1tenth_miru3/install/teleop_tools_msgs/local/lib/python3.10/dist-packages/teleop_tools_msgs/teleop_tools_msgs_s__rosidl_typesupport_introspection_c.cpython-310-x86_64-linux-gnu.so
[2.435s] -- Up-to-date symlink: /home/sh/projects/f1tenth_miru3/install/teleop_tools_msgs/local/lib/python3.10/dist-packages/teleop_tools_msgs/teleop_tools_msgs_s__rosidl_typesupport_c.cpython-310-x86_64-linux-gnu.so
[2.435s] -- Up-to-date symlink: /home/sh/projects/f1tenth_miru3/install/teleop_tools_msgs/share/teleop_tools_msgs/action/Increment.idl
[2.436s] -- Up-to-date symlink: /home/sh/projects/f1tenth_miru3/install/teleop_tools_msgs/share/teleop_tools_msgs/action/Increment.action
[2.436s] -- Up-to-date symlink: /home/sh/projects/f1tenth_miru3/install/teleop_tools_msgs/share/ament_index/resource_index/package_run_dependencies/teleop_tools_msgs
[2.436s] -- Up-to-date symlink: /home/sh/projects/f1tenth_miru3/install/teleop_tools_msgs/share/ament_index/resource_index/parent_prefix_path/teleop_tools_msgs
[2.436s] -- Up-to-date symlink: /home/sh/projects/f1tenth_miru3/install/teleop_tools_msgs/share/teleop_tools_msgs/environment/ament_prefix_path.sh
[2.436s] -- Up-to-date symlink: /home/sh/projects/f1tenth_miru3/install/teleop_tools_msgs/share/teleop_tools_msgs/environment/ament_prefix_path.dsv
[2.437s] -- Up-to-date symlink: /home/sh/projects/f1tenth_miru3/install/teleop_tools_msgs/share/teleop_tools_msgs/environment/path.sh
[2.437s] -- Up-to-date symlink: /home/sh/projects/f1tenth_miru3/install/teleop_tools_msgs/share/teleop_tools_msgs/environment/path.dsv
[2.437s] -- Up-to-date symlink: /home/sh/projects/f1tenth_miru3/install/teleop_tools_msgs/share/teleop_tools_msgs/local_setup.bash
[2.437s] -- Up-to-date symlink: /home/sh/projects/f1tenth_miru3/install/teleop_tools_msgs/share/teleop_tools_msgs/local_setup.sh
[2.439s] -- Up-to-date symlink: /home/sh/projects/f1tenth_miru3/install/teleop_tools_msgs/share/teleop_tools_msgs/local_setup.zsh
[2.439s] -- Up-to-date symlink: /home/sh/projects/f1tenth_miru3/install/teleop_tools_msgs/share/teleop_tools_msgs/local_setup.dsv
[2.439s] -- Symlinking: /home/sh/projects/f1tenth_miru3/install/teleop_tools_msgs/share/teleop_tools_msgs/package.dsv
[2.453s] -- Up-to-date symlink: /home/sh/projects/f1tenth_miru3/install/teleop_tools_msgs/share/ament_index/resource_index/packages/teleop_tools_msgs
[2.453s] -- Up-to-date symlink: /home/sh/projects/f1tenth_miru3/install/teleop_tools_msgs/share/teleop_tools_msgs/cmake/rosidl_cmake-extras.cmake
[2.453s] -- Up-to-date symlink: /home/sh/projects/f1tenth_miru3/install/teleop_tools_msgs/share/teleop_tools_msgs/cmake/ament_cmake_export_dependencies-extras.cmake
[2.454s] -- Up-to-date symlink: /home/sh/projects/f1tenth_miru3/install/teleop_tools_msgs/share/teleop_tools_msgs/cmake/ament_cmake_export_include_directories-extras.cmake
[2.455s] -- Up-to-date symlink: /home/sh/projects/f1tenth_miru3/install/teleop_tools_msgs/share/teleop_tools_msgs/cmake/ament_cmake_export_libraries-extras.cmake
[2.455s] -- Up-to-date symlink: /home/sh/projects/f1tenth_miru3/install/teleop_tools_msgs/share/teleop_tools_msgs/cmake/ament_cmake_export_targets-extras.cmake
[2.455s] -- Up-to-date symlink: /home/sh/projects/f1tenth_miru3/install/teleop_tools_msgs/share/teleop_tools_msgs/cmake/rosidl_cmake_export_typesupport_targets-extras.cmake
[2.456s] -- Up-to-date symlink: /home/sh/projects/f1tenth_miru3/install/teleop_tools_msgs/share/teleop_tools_msgs/cmake/rosidl_cmake_export_typesupport_libraries-extras.cmake
[2.460s] -- Up-to-date symlink: /home/sh/projects/f1tenth_miru3/install/teleop_tools_msgs/share/teleop_tools_msgs/cmake/teleop_tools_msgsConfig.cmake
[2.461s] -- Up-to-date symlink: /home/sh/projects/f1tenth_miru3/install/teleop_tools_msgs/share/teleop_tools_msgs/cmake/teleop_tools_msgsConfig-version.cmake
[2.461s] -- Up-to-date symlink: /home/sh/projects/f1tenth_miru3/install/teleop_tools_msgs/share/teleop_tools_msgs/package.xml
[2.461s] -- Up-to-date: /home/sh/projects/f1tenth_miru3/install/teleop_tools_msgs/lib/libteleop_tools_msgs__rosidl_generator_c.so
[2.462s] -- Up-to-date: /home/sh/projects/f1tenth_miru3/install/teleop_tools_msgs/lib/libteleop_tools_msgs__rosidl_typesupport_fastrtps_c.so
[2.462s] -- Up-to-date: /home/sh/projects/f1tenth_miru3/install/teleop_tools_msgs/lib/libteleop_tools_msgs__rosidl_typesupport_introspection_c.so
[2.462s] -- Up-to-date: /home/sh/projects/f1tenth_miru3/install/teleop_tools_msgs/lib/libteleop_tools_msgs__rosidl_typesupport_c.so
[2.463s] -- Up-to-date: /home/sh/projects/f1tenth_miru3/install/teleop_tools_msgs/lib/libteleop_tools_msgs__rosidl_typesupport_fastrtps_cpp.so
[2.463s] -- Up-to-date: /home/sh/projects/f1tenth_miru3/install/teleop_tools_msgs/lib/libteleop_tools_msgs__rosidl_typesupport_introspection_cpp.so
[2.463s] -- Up-to-date: /home/sh/projects/f1tenth_miru3/install/teleop_tools_msgs/lib/libteleop_tools_msgs__rosidl_typesupport_cpp.so
[2.551s] Listing '/home/sh/projects/f1tenth_miru3/install/teleop_tools_msgs/local/lib/python3.10/dist-packages/teleop_tools_msgs'...
[2.551s] Listing '/home/sh/projects/f1tenth_miru3/install/teleop_tools_msgs/local/lib/python3.10/dist-packages/teleop_tools_msgs/action'...
[2.567s] -- Up-to-date: /home/sh/projects/f1tenth_miru3/install/teleop_tools_msgs/lib/libteleop_tools_msgs__rosidl_generator_py.so
[2.568s] -- Up-to-date: /home/sh/projects/f1tenth_miru3/install/teleop_tools_msgs/share/teleop_tools_msgs/cmake/export_teleop_tools_msgs__rosidl_generator_cExport.cmake
[2.568s] -- Up-to-date: /home/sh/projects/f1tenth_miru3/install/teleop_tools_msgs/share/teleop_tools_msgs/cmake/export_teleop_tools_msgs__rosidl_generator_cExport-noconfig.cmake
[2.570s] -- Up-to-date: /home/sh/projects/f1tenth_miru3/install/teleop_tools_msgs/share/teleop_tools_msgs/cmake/export_teleop_tools_msgs__rosidl_typesupport_fastrtps_cExport.cmake
[2.571s] -- Up-to-date: /home/sh/projects/f1tenth_miru3/install/teleop_tools_msgs/share/teleop_tools_msgs/cmake/export_teleop_tools_msgs__rosidl_typesupport_fastrtps_cExport-noconfig.cmake
[2.571s] -- Up-to-date: /home/sh/projects/f1tenth_miru3/install/teleop_tools_msgs/share/teleop_tools_msgs/cmake/teleop_tools_msgs__rosidl_typesupport_introspection_cExport.cmake
[2.575s] -- Up-to-date: /home/sh/projects/f1tenth_miru3/install/teleop_tools_msgs/share/teleop_tools_msgs/cmake/teleop_tools_msgs__rosidl_typesupport_introspection_cExport-noconfig.cmake
[2.575s] -- Up-to-date: /home/sh/projects/f1tenth_miru3/install/teleop_tools_msgs/share/teleop_tools_msgs/cmake/teleop_tools_msgs__rosidl_typesupport_cExport.cmake
[2.575s] -- Up-to-date: /home/sh/projects/f1tenth_miru3/install/teleop_tools_msgs/share/teleop_tools_msgs/cmake/teleop_tools_msgs__rosidl_typesupport_cExport-noconfig.cmake
[2.576s] -- Up-to-date: /home/sh/projects/f1tenth_miru3/install/teleop_tools_msgs/share/teleop_tools_msgs/cmake/export_teleop_tools_msgs__rosidl_generator_cppExport.cmake
[2.577s] -- Up-to-date: /home/sh/projects/f1tenth_miru3/install/teleop_tools_msgs/share/teleop_tools_msgs/cmake/export_teleop_tools_msgs__rosidl_typesupport_fastrtps_cppExport.cmake
[2.578s] -- Up-to-date: /home/sh/projects/f1tenth_miru3/install/teleop_tools_msgs/share/teleop_tools_msgs/cmake/export_teleop_tools_msgs__rosidl_typesupport_fastrtps_cppExport-noconfig.cmake
[2.578s] -- Up-to-date: /home/sh/projects/f1tenth_miru3/install/teleop_tools_msgs/share/teleop_tools_msgs/cmake/teleop_tools_msgs__rosidl_typesupport_introspection_cppExport.cmake
[2.578s] -- Up-to-date: /home/sh/projects/f1tenth_miru3/install/teleop_tools_msgs/share/teleop_tools_msgs/cmake/teleop_tools_msgs__rosidl_typesupport_introspection_cppExport-noconfig.cmake
[2.579s] -- Up-to-date: /home/sh/projects/f1tenth_miru3/install/teleop_tools_msgs/share/teleop_tools_msgs/cmake/teleop_tools_msgs__rosidl_typesupport_cppExport.cmake
[2.579s] -- Up-to-date: /home/sh/projects/f1tenth_miru3/install/teleop_tools_msgs/share/teleop_tools_msgs/cmake/teleop_tools_msgs__rosidl_typesupport_cppExport-noconfig.cmake
[2.579s] -- Up-to-date: /home/sh/projects/f1tenth_miru3/install/teleop_tools_msgs/share/teleop_tools_msgs/cmake/export_teleop_tools_msgs__rosidl_generator_pyExport.cmake
[2.579s] -- Up-to-date: /home/sh/projects/f1tenth_miru3/install/teleop_tools_msgs/share/teleop_tools_msgs/cmake/export_teleop_tools_msgs__rosidl_generator_pyExport-noconfig.cmake
[2.585s] Invoked command in '/home/sh/projects/f1tenth_miru3/build/teleop_tools_msgs' returned '0': CMAKE_PREFIX_PATH=/opt/ros/humble /usr/bin/cmake --install /home/sh/projects/f1tenth_miru3/build/teleop_tools_msgs
