[0.406s] Invoking command in '/home/sh/projects/f1tenth_miru3/build/vesc_ackermann': AMENT_PREFIX_PATH=/home/sh/projects/f1tenth_miru3/install/vesc_msgs:${AMENT_PREFIX_PATH} CMAKE_PREFIX_PATH=/home/sh/projects/f1tenth_miru3/install/vesc_msgs:/opt/ros/humble LD_LIBRARY_PATH=/home/sh/projects/f1tenth_miru3/install/vesc_msgs/lib:/home/sh/projects/f1tenth_miru3/install/vesc_driver/lib:/home/sh/projects/f1tenth_miru3/install/vesc_ackermann/lib:/home/sh/projects/f1tenth_miru3/install/teleop_tools_msgs/lib:/home/sh/projects/f1tenth_miru3/install/map_controller/lib:/opt/ros/humble/opt/rviz_ogre_vendor/lib:/opt/ros/humble/lib/x86_64-linux-gnu:/opt/ros/humble/lib:/home/sh/../../lib:/home/sh/../../../blasfeo/lib /usr/bin/cmake --build /home/sh/projects/f1tenth_miru3/build/vesc_ackermann -- -j16 -l16
[0.480s] [ 28%] Built target vesc_to_odom_node
[0.482s] [ 57%] Built target ackermann_to_vesc_node
[0.483s] [100%] Built target vesc_ackermann
[0.499s] Invoked command in '/home/sh/projects/f1tenth_miru3/build/vesc_ackermann' returned '0': AMENT_PREFIX_PATH=/home/sh/projects/f1tenth_miru3/install/vesc_msgs:${AMENT_PREFIX_PATH} CMAKE_PREFIX_PATH=/home/sh/projects/f1tenth_miru3/install/vesc_msgs:/opt/ros/humble LD_LIBRARY_PATH=/home/sh/projects/f1tenth_miru3/install/vesc_msgs/lib:/home/sh/projects/f1tenth_miru3/install/vesc_driver/lib:/home/sh/projects/f1tenth_miru3/install/vesc_ackermann/lib:/home/sh/projects/f1tenth_miru3/install/teleop_tools_msgs/lib:/home/sh/projects/f1tenth_miru3/install/map_controller/lib:/opt/ros/humble/opt/rviz_ogre_vendor/lib:/opt/ros/humble/lib/x86_64-linux-gnu:/opt/ros/humble/lib:/home/sh/../../lib:/home/sh/../../../blasfeo/lib /usr/bin/cmake --build /home/sh/projects/f1tenth_miru3/build/vesc_ackermann -- -j16 -l16
[0.502s] Invoking command in '/home/sh/projects/f1tenth_miru3/build/vesc_ackermann': AMENT_PREFIX_PATH=/home/sh/projects/f1tenth_miru3/install/vesc_msgs:${AMENT_PREFIX_PATH} CMAKE_PREFIX_PATH=/home/sh/projects/f1tenth_miru3/install/vesc_msgs:/opt/ros/humble LD_LIBRARY_PATH=/home/sh/projects/f1tenth_miru3/install/vesc_msgs/lib:/home/sh/projects/f1tenth_miru3/install/vesc_driver/lib:/home/sh/projects/f1tenth_miru3/install/vesc_ackermann/lib:/home/sh/projects/f1tenth_miru3/install/teleop_tools_msgs/lib:/home/sh/projects/f1tenth_miru3/install/map_controller/lib:/opt/ros/humble/opt/rviz_ogre_vendor/lib:/opt/ros/humble/lib/x86_64-linux-gnu:/opt/ros/humble/lib:/home/sh/../../lib:/home/sh/../../../blasfeo/lib /usr/bin/cmake --install /home/sh/projects/f1tenth_miru3/build/vesc_ackermann
[0.513s] -- Install configuration: ""
[0.513s] -- Execute custom install script
[0.514s] -- Up-to-date symlink: /home/sh/projects/f1tenth_miru3/install/vesc_ackermann/lib/vesc_ackermann/ackermann_to_vesc_node
[0.514s] -- Up-to-date symlink: /home/sh/projects/f1tenth_miru3/install/vesc_ackermann/lib/vesc_ackermann/vesc_to_odom_node
[0.514s] -- Up-to-date symlink: /home/sh/projects/f1tenth_miru3/install/vesc_ackermann/include/vesc_ackermann/ackermann_to_vesc.hpp
[0.514s] -- Up-to-date symlink: /home/sh/projects/f1tenth_miru3/install/vesc_ackermann/include/vesc_ackermann/vesc_to_odom.hpp
[0.515s] -- Up-to-date symlink: /home/sh/projects/f1tenth_miru3/install/vesc_ackermann/share/vesc_ackermann/environment/library_path.sh
[0.515s] -- Up-to-date symlink: /home/sh/projects/f1tenth_miru3/install/vesc_ackermann/share/vesc_ackermann/environment/library_path.dsv
[0.515s] -- Up-to-date symlink: /home/sh/projects/f1tenth_miru3/install/vesc_ackermann/lib/libvesc_ackermann.so
[0.515s] -- Up-to-date symlink: /home/sh/projects/f1tenth_miru3/install/vesc_ackermann/share/vesc_ackermann/launch/ackermann_to_vesc_node.launch.xml
[0.516s] -- Up-to-date symlink: /home/sh/projects/f1tenth_miru3/install/vesc_ackermann/share/vesc_ackermann/launch/vesc_to_odom_node.launch.xml
[0.516s] -- Up-to-date symlink: /home/sh/projects/f1tenth_miru3/install/vesc_ackermann/share/ament_index/resource_index/package_run_dependencies/vesc_ackermann
[0.516s] -- Up-to-date symlink: /home/sh/projects/f1tenth_miru3/install/vesc_ackermann/share/ament_index/resource_index/parent_prefix_path/vesc_ackermann
[0.516s] -- Up-to-date symlink: /home/sh/projects/f1tenth_miru3/install/vesc_ackermann/share/vesc_ackermann/environment/ament_prefix_path.sh
[0.516s] -- Up-to-date symlink: /home/sh/projects/f1tenth_miru3/install/vesc_ackermann/share/vesc_ackermann/environment/ament_prefix_path.dsv
[0.516s] -- Up-to-date symlink: /home/sh/projects/f1tenth_miru3/install/vesc_ackermann/share/vesc_ackermann/environment/path.sh
[0.516s] -- Up-to-date symlink: /home/sh/projects/f1tenth_miru3/install/vesc_ackermann/share/vesc_ackermann/environment/path.dsv
[0.517s] -- Up-to-date symlink: /home/sh/projects/f1tenth_miru3/install/vesc_ackermann/share/vesc_ackermann/local_setup.bash
[0.517s] -- Up-to-date symlink: /home/sh/projects/f1tenth_miru3/install/vesc_ackermann/share/vesc_ackermann/local_setup.sh
[0.517s] -- Up-to-date symlink: /home/sh/projects/f1tenth_miru3/install/vesc_ackermann/share/vesc_ackermann/local_setup.zsh
[0.517s] -- Up-to-date symlink: /home/sh/projects/f1tenth_miru3/install/vesc_ackermann/share/vesc_ackermann/local_setup.dsv
[0.517s] -- Symlinking: /home/sh/projects/f1tenth_miru3/install/vesc_ackermann/share/vesc_ackermann/package.dsv
[0.534s] -- Up-to-date symlink: /home/sh/projects/f1tenth_miru3/install/vesc_ackermann/share/ament_index/resource_index/packages/vesc_ackermann
[0.534s] -- Up-to-date symlink: /home/sh/projects/f1tenth_miru3/install/vesc_ackermann/share/ament_index/resource_index/rclcpp_components/vesc_ackermann
[0.534s] -- Up-to-date symlink: /home/sh/projects/f1tenth_miru3/install/vesc_ackermann/share/vesc_ackermann/cmake/ament_cmake_export_dependencies-extras.cmake
[0.534s] -- Up-to-date symlink: /home/sh/projects/f1tenth_miru3/install/vesc_ackermann/share/vesc_ackermann/cmake/ament_cmake_export_include_directories-extras.cmake
[0.535s] -- Up-to-date symlink: /home/sh/projects/f1tenth_miru3/install/vesc_ackermann/share/vesc_ackermann/cmake/ament_cmake_export_libraries-extras.cmake
[0.535s] -- Up-to-date symlink: /home/sh/projects/f1tenth_miru3/install/vesc_ackermann/share/vesc_ackermann/cmake/vesc_ackermannConfig.cmake
[0.535s] -- Up-to-date symlink: /home/sh/projects/f1tenth_miru3/install/vesc_ackermann/share/vesc_ackermann/cmake/vesc_ackermannConfig-version.cmake
[0.535s] -- Up-to-date symlink: /home/sh/projects/f1tenth_miru3/install/vesc_ackermann/share/vesc_ackermann/package.xml
[0.538s] Invoked command in '/home/sh/projects/f1tenth_miru3/build/vesc_ackermann' returned '0': AMENT_PREFIX_PATH=/home/sh/projects/f1tenth_miru3/install/vesc_msgs:${AMENT_PREFIX_PATH} CMAKE_PREFIX_PATH=/home/sh/projects/f1tenth_miru3/install/vesc_msgs:/opt/ros/humble LD_LIBRARY_PATH=/home/sh/projects/f1tenth_miru3/install/vesc_msgs/lib:/home/sh/projects/f1tenth_miru3/install/vesc_driver/lib:/home/sh/projects/f1tenth_miru3/install/vesc_ackermann/lib:/home/sh/projects/f1tenth_miru3/install/teleop_tools_msgs/lib:/home/sh/projects/f1tenth_miru3/install/map_controller/lib:/opt/ros/humble/opt/rviz_ogre_vendor/lib:/opt/ros/humble/lib/x86_64-linux-gnu:/opt/ros/humble/lib:/home/sh/../../lib:/home/sh/../../../blasfeo/lib /usr/bin/cmake --install /home/sh/projects/f1tenth_miru3/build/vesc_ackermann
