[0.800s] Invoking command in '/home/moon/sim_ws/src/csv_obstacle': PS1=\[\e]0;\u@\h: \w\a\]${debian_chroot:+($debian_chroot)}\[\033[01;32m\]\u@\h\[\033[00m\]:\[\033[01;34m\]\w\[\033[00m\]\$ PYTHONPATH=/home/moon/sim_ws/build/csv_obstacle/prefix_override:/usr/lib/python3/dist-packages/colcon_core/task/python/colcon_distutils_commands:/home/moon/sim_ws/install/csv_obstacle/lib/python3.8/site-packages:${PYTHONPATH} /usr/bin/python3 -W ignore:setup.py install is deprecated -W ignore:easy_install command is deprecated setup.py egg_info --egg-base ../../build/csv_obstacle build --build-base /home/moon/sim_ws/build/csv_obstacle/build install --record /home/moon/sim_ws/build/csv_obstacle/install.log --single-version-externally-managed install_data
[0.918s] running egg_info
[0.918s] writing ../../build/csv_obstacle/csv_obstacle.egg-info/PKG-INFO
[0.918s] writing dependency_links to ../../build/csv_obstacle/csv_obstacle.egg-info/dependency_links.txt
[0.918s] writing entry points to ../../build/csv_obstacle/csv_obstacle.egg-info/entry_points.txt
[0.918s] writing requirements to ../../build/csv_obstacle/csv_obstacle.egg-info/requires.txt
[0.918s] writing top-level names to ../../build/csv_obstacle/csv_obstacle.egg-info/top_level.txt
[0.938s] reading manifest file '../../build/csv_obstacle/csv_obstacle.egg-info/SOURCES.txt'
[0.938s] writing manifest file '../../build/csv_obstacle/csv_obstacle.egg-info/SOURCES.txt'
[0.938s] running build
[0.938s] running build_py
[0.938s] running install
[0.939s] running install_lib
[0.940s] running install_data
[0.940s] running install_egg_info
[0.941s] removing '/home/moon/sim_ws/install/csv_obstacle/lib/python3.8/site-packages/csv_obstacle-0.0.1-py3.8.egg-info' (and everything under it)
[0.941s] Copying ../../build/csv_obstacle/csv_obstacle.egg-info to /home/moon/sim_ws/install/csv_obstacle/lib/python3.8/site-packages/csv_obstacle-0.0.1-py3.8.egg-info
[0.941s] running install_scripts
[0.953s] Installing csv_obstacle script to /home/moon/sim_ws/install/csv_obstacle/lib/csv_obstacle
[0.954s] writing list of installed files to '/home/moon/sim_ws/build/csv_obstacle/install.log'
[0.967s] Invoked command in '/home/moon/sim_ws/src/csv_obstacle' returned '0': PS1=\[\e]0;\u@\h: \w\a\]${debian_chroot:+($debian_chroot)}\[\033[01;32m\]\u@\h\[\033[00m\]:\[\033[01;34m\]\w\[\033[00m\]\$ PYTHONPATH=/home/moon/sim_ws/build/csv_obstacle/prefix_override:/usr/lib/python3/dist-packages/colcon_core/task/python/colcon_distutils_commands:/home/moon/sim_ws/install/csv_obstacle/lib/python3.8/site-packages:${PYTHONPATH} /usr/bin/python3 -W ignore:setup.py install is deprecated -W ignore:easy_install command is deprecated setup.py egg_info --egg-base ../../build/csv_obstacle build --build-base /home/moon/sim_ws/build/csv_obstacle/build install --record /home/moon/sim_ws/build/csv_obstacle/install.log --single-version-externally-managed install_data
