[0.039s] Invoking command in '/home/sh/projects/f1tenth_miru3/build/ackermann_mux': CMAKE_PREFIX_PATH=/opt/ros/humble /usr/bin/cmake --build /home/sh/projects/f1tenth_miru3/build/ackermann_mux -- -j16 -l16
[0.942s] [100%] Built target ackermann_mux
[1.183s] Invoked command in '/home/sh/projects/f1tenth_miru3/build/ackermann_mux' returned '0': CMAKE_PREFIX_PATH=/opt/ros/humble /usr/bin/cmake --build /home/sh/projects/f1tenth_miru3/build/ackermann_mux -- -j16 -l16
[1.195s] Invoking command in '/home/sh/projects/f1tenth_miru3/build/ackermann_mux': CMAKE_PREFIX_PATH=/opt/ros/humble /usr/bin/cmake --install /home/sh/projects/f1tenth_miru3/build/ackermann_mux
[1.205s] -- Install configuration: ""
[1.206s] -- Execute custom install script
[1.206s] -- Up-to-date symlink: /home/sh/projects/f1tenth_miru3/install/ackermann_mux/lib/ackermann_mux/ackermann_mux
[1.206s] -- Up-to-date symlink: /home/sh/projects/f1tenth_miru3/install/ackermann_mux/share/ackermann_mux/launch/ackermann_mux_launch.py
[1.206s] -- Up-to-date symlink: /home/sh/projects/f1tenth_miru3/install/ackermann_mux/share/ackermann_mux/config/ackermann_mux_locks.yaml
[1.206s] -- Up-to-date symlink: /home/sh/projects/f1tenth_miru3/install/ackermann_mux/share/ackermann_mux/config/ackermann_mux_topics.yaml
[1.206s] -- Up-to-date symlink: /home/sh/projects/f1tenth_miru3/install/ackermann_mux/share/ackermann_mux/config/joystick.yaml
[1.206s] -- Up-to-date symlink: /home/sh/projects/f1tenth_miru3/install/ackermann_mux/include/ackermann_mux/ackermann_mux.hpp
[1.207s] -- Up-to-date symlink: /home/sh/projects/f1tenth_miru3/install/ackermann_mux/include/ackermann_mux/ackermann_mux_diagnostics.hpp
[1.207s] -- Up-to-date symlink: /home/sh/projects/f1tenth_miru3/install/ackermann_mux/include/ackermann_mux/ackermann_mux_diagnostics_status.hpp
[1.207s] -- Up-to-date symlink: /home/sh/projects/f1tenth_miru3/install/ackermann_mux/include/ackermann_mux/params_helpers.hpp
[1.208s] -- Up-to-date symlink: /home/sh/projects/f1tenth_miru3/install/ackermann_mux/include/ackermann_mux/topic_handle.hpp
[1.208s] -- Up-to-date symlink: /home/sh/projects/f1tenth_miru3/install/ackermann_mux/include/ackermann_mux/utils.hpp
[1.208s] -- Up-to-date symlink: /home/sh/projects/f1tenth_miru3/install/ackermann_mux/share/ament_index/resource_index/package_run_dependencies/ackermann_mux
[1.209s] -- Up-to-date symlink: /home/sh/projects/f1tenth_miru3/install/ackermann_mux/share/ament_index/resource_index/parent_prefix_path/ackermann_mux
[1.209s] -- Up-to-date symlink: /home/sh/projects/f1tenth_miru3/install/ackermann_mux/share/ackermann_mux/environment/ament_prefix_path.sh
[1.210s] -- Up-to-date symlink: /home/sh/projects/f1tenth_miru3/install/ackermann_mux/share/ackermann_mux/environment/ament_prefix_path.dsv
[1.213s] -- Up-to-date symlink: /home/sh/projects/f1tenth_miru3/install/ackermann_mux/share/ackermann_mux/environment/path.sh
[1.214s] -- Up-to-date symlink: /home/sh/projects/f1tenth_miru3/install/ackermann_mux/share/ackermann_mux/environment/path.dsv
[1.214s] -- Up-to-date symlink: /home/sh/projects/f1tenth_miru3/install/ackermann_mux/share/ackermann_mux/local_setup.bash
[1.214s] -- Up-to-date symlink: /home/sh/projects/f1tenth_miru3/install/ackermann_mux/share/ackermann_mux/local_setup.sh
[1.214s] -- Up-to-date symlink: /home/sh/projects/f1tenth_miru3/install/ackermann_mux/share/ackermann_mux/local_setup.zsh
[1.214s] -- Up-to-date symlink: /home/sh/projects/f1tenth_miru3/install/ackermann_mux/share/ackermann_mux/local_setup.dsv
[1.214s] -- Symlinking: /home/sh/projects/f1tenth_miru3/install/ackermann_mux/share/ackermann_mux/package.dsv
[1.232s] -- Up-to-date symlink: /home/sh/projects/f1tenth_miru3/install/ackermann_mux/share/ament_index/resource_index/packages/ackermann_mux
[1.232s] -- Up-to-date symlink: /home/sh/projects/f1tenth_miru3/install/ackermann_mux/share/ackermann_mux/cmake/ament_cmake_export_include_directories-extras.cmake
[1.233s] -- Up-to-date symlink: /home/sh/projects/f1tenth_miru3/install/ackermann_mux/share/ackermann_mux/cmake/ament_cmake_export_dependencies-extras.cmake
[1.234s] -- Up-to-date symlink: /home/sh/projects/f1tenth_miru3/install/ackermann_mux/share/ackermann_mux/cmake/ackermann_muxConfig.cmake
[1.234s] -- Up-to-date symlink: /home/sh/projects/f1tenth_miru3/install/ackermann_mux/share/ackermann_mux/cmake/ackermann_muxConfig-version.cmake
[1.234s] -- Up-to-date symlink: /home/sh/projects/f1tenth_miru3/install/ackermann_mux/share/ackermann_mux/package.xml
[1.260s] Invoked command in '/home/sh/projects/f1tenth_miru3/build/ackermann_mux' returned '0': CMAKE_PREFIX_PATH=/opt/ros/humble /usr/bin/cmake --install /home/sh/projects/f1tenth_miru3/build/ackermann_mux
