[0.918s] Invoking command in '/home/moon/sim_ws/src/f1tenth_gym_ros': PS1=\[\e]0;\u@\h: \w\a\]${debian_chroot:+($debian_chroot)}\[\033[01;32m\]\u@\h\[\033[00m\]:\[\033[01;34m\]\w\[\033[00m\]\$ PYTHONPATH=/home/moon/sim_ws/build/f1tenth_gym_ros/prefix_override:/usr/lib/python3/dist-packages/colcon_core/task/python/colcon_distutils_commands:/home/moon/sim_ws/install/f1tenth_gym_ros/lib/python3.8/site-packages:${PYTHONPATH} /usr/bin/python3 -W ignore:setup.py install is deprecated -W ignore:easy_install command is deprecated setup.py egg_info --egg-base ../../build/f1tenth_gym_ros build --build-base /home/moon/sim_ws/build/f1tenth_gym_ros/build install --record /home/moon/sim_ws/build/f1tenth_gym_ros/install.log --single-version-externally-managed install_data
[1.042s] running egg_info
[1.042s] writing ../../build/f1tenth_gym_ros/f1tenth_gym_ros.egg-info/PKG-INFO
[1.043s] writing dependency_links to ../../build/f1tenth_gym_ros/f1tenth_gym_ros.egg-info/dependency_links.txt
[1.043s] writing entry points to ../../build/f1tenth_gym_ros/f1tenth_gym_ros.egg-info/entry_points.txt
[1.043s] writing requirements to ../../build/f1tenth_gym_ros/f1tenth_gym_ros.egg-info/requires.txt
[1.043s] writing top-level names to ../../build/f1tenth_gym_ros/f1tenth_gym_ros.egg-info/top_level.txt
[1.062s] reading manifest file '../../build/f1tenth_gym_ros/f1tenth_gym_ros.egg-info/SOURCES.txt'
[1.063s] writing manifest file '../../build/f1tenth_gym_ros/f1tenth_gym_ros.egg-info/SOURCES.txt'
[1.063s] running build
[1.063s] running build_py
[1.063s] running install
[1.064s] running install_lib
[1.065s] running install_data
[1.065s] running install_egg_info
[1.066s] removing '/home/moon/sim_ws/install/f1tenth_gym_ros/lib/python3.8/site-packages/f1tenth_gym_ros-0.0.0-py3.8.egg-info' (and everything under it)
[1.067s] Copying ../../build/f1tenth_gym_ros/f1tenth_gym_ros.egg-info to /home/moon/sim_ws/install/f1tenth_gym_ros/lib/python3.8/site-packages/f1tenth_gym_ros-0.0.0-py3.8.egg-info
[1.067s] running install_scripts
[1.080s] Installing gym_bridge script to /home/moon/sim_ws/install/f1tenth_gym_ros/lib/f1tenth_gym_ros
[1.080s] writing list of installed files to '/home/moon/sim_ws/build/f1tenth_gym_ros/install.log'
[1.096s] Invoked command in '/home/moon/sim_ws/src/f1tenth_gym_ros' returned '0': PS1=\[\e]0;\u@\h: \w\a\]${debian_chroot:+($debian_chroot)}\[\033[01;32m\]\u@\h\[\033[00m\]:\[\033[01;34m\]\w\[\033[00m\]\$ PYTHONPATH=/home/moon/sim_ws/build/f1tenth_gym_ros/prefix_override:/usr/lib/python3/dist-packages/colcon_core/task/python/colcon_distutils_commands:/home/moon/sim_ws/install/f1tenth_gym_ros/lib/python3.8/site-packages:${PYTHONPATH} /usr/bin/python3 -W ignore:setup.py install is deprecated -W ignore:easy_install command is deprecated setup.py egg_info --egg-base ../../build/f1tenth_gym_ros build --build-base /home/moon/sim_ws/build/f1tenth_gym_ros/build install --record /home/moon/sim_ws/build/f1tenth_gym_ros/install.log --single-version-externally-managed install_data
