[1.004s] Invoking command in '/home/moon/sim_ws/src/centerline_planner': CONDA_PROMPT_MODIFIER=(f110) PYTHONPATH=/home/moon/sim_ws/build/centerline_planner/prefix_override:/usr/lib/python3/dist-packages/colcon_core/task/python/colcon_distutils_commands:/home/moon/sim_ws/install/centerline_planner/lib/python3.8/site-packages:${PYTHONPATH} /usr/bin/python3 -W ignore:setup.py install is deprecated -W ignore:easy_install command is deprecated setup.py egg_info --egg-base ../../build/centerline_planner build --build-base /home/moon/sim_ws/build/centerline_planner/build install --record /home/moon/sim_ws/build/centerline_planner/install.log --install-scripts $base/lib/centerline_planner --single-version-externally-managed install_data
[1.140s] running egg_info
[1.141s] writing ../../build/centerline_planner/centerline_planner.egg-info/PKG-INFO
[1.141s] writing dependency_links to ../../build/centerline_planner/centerline_planner.egg-info/dependency_links.txt
[1.141s] writing entry points to ../../build/centerline_planner/centerline_planner.egg-info/entry_points.txt
[1.141s] writing requirements to ../../build/centerline_planner/centerline_planner.egg-info/requires.txt
[1.141s] writing top-level names to ../../build/centerline_planner/centerline_planner.egg-info/top_level.txt
[1.165s] reading manifest file '../../build/centerline_planner/centerline_planner.egg-info/SOURCES.txt'
[1.166s] writing manifest file '../../build/centerline_planner/centerline_planner.egg-info/SOURCES.txt'
[1.166s] running build
[1.166s] running build_py
[1.166s] running install
[1.167s] running install_lib
[1.168s] running install_data
[1.168s] running install_egg_info
[1.170s] removing '/home/moon/sim_ws/install/centerline_planner/lib/python3.8/site-packages/centerline_planner-0.0.1-py3.8.egg-info' (and everything under it)
[1.170s] Copying ../../build/centerline_planner/centerline_planner.egg-info to /home/moon/sim_ws/install/centerline_planner/lib/python3.8/site-packages/centerline_planner-0.0.1-py3.8.egg-info
[1.171s] running install_scripts
[1.185s] Installing centerline_pub script to /home/moon/sim_ws/install/centerline_planner/lib/centerline_planner
[1.185s] Installing path_pure_pursuit script to /home/moon/sim_ws/install/centerline_planner/lib/centerline_planner
[1.185s] writing list of installed files to '/home/moon/sim_ws/build/centerline_planner/install.log'
[1.210s] Invoked command in '/home/moon/sim_ws/src/centerline_planner' returned '0': CONDA_PROMPT_MODIFIER=(f110) PYTHONPATH=/home/moon/sim_ws/build/centerline_planner/prefix_override:/usr/lib/python3/dist-packages/colcon_core/task/python/colcon_distutils_commands:/home/moon/sim_ws/install/centerline_planner/lib/python3.8/site-packages:${PYTHONPATH} /usr/bin/python3 -W ignore:setup.py install is deprecated -W ignore:easy_install command is deprecated setup.py egg_info --egg-base ../../build/centerline_planner build --build-base /home/moon/sim_ws/build/centerline_planner/build install --record /home/moon/sim_ws/build/centerline_planner/install.log --install-scripts $base/lib/centerline_planner --single-version-externally-managed install_data
