[0.091s] Invoking command in '/home/f1/f1tenth_ws/build/real_pure_pursuit': CMAKE_PREFIX_PATH=/opt/ros/foxy CONDA_PROMPT_MODIFIER=(base) /usr/bin/cmake --build /home/f1/f1tenth_ws/build/real_pure_pursuit -- -j6 -l6
[0.481s] [100%] Built target real_pure_pursuit_node
[0.547s] Invoked command in '/home/f1/f1tenth_ws/build/real_pure_pursuit' returned '0': CMAKE_PREFIX_PATH=/opt/ros/foxy CONDA_PROMPT_MODIFIER=(base) /usr/bin/cmake --build /home/f1/f1tenth_ws/build/real_pure_pursuit -- -j6 -l6
[0.631s] Invoking command in '/home/f1/f1tenth_ws/build/real_pure_pursuit': CMAKE_PREFIX_PATH=/opt/ros/foxy CONDA_PROMPT_MODIFIER=(base) /usr/bin/cmake --install /home/f1/f1tenth_ws/build/real_pure_pursuit
[0.674s] -- Install configuration: "Release"
[0.677s] -- Execute custom install script
[0.681s] -- Up-to-date symlink: /home/f1/f1tenth_ws/install/real_pure_pursuit/lib/real_pure_pursuit/real_pure_pursuit_node
[0.686s] -- Up-to-date symlink: /home/f1/f1tenth_ws/install/real_pure_pursuit/share/real_pure_pursuit//launch/real_autonomous_driving.launch.py
[0.692s] -- Up-to-date symlink: /home/f1/f1tenth_ws/install/real_pure_pursuit/share/ament_index/resource_index/package_run_dependencies/real_pure_pursuit
[0.694s] -- Up-to-date symlink: /home/f1/f1tenth_ws/install/real_pure_pursuit/share/ament_index/resource_index/parent_prefix_path/real_pure_pursuit
[0.696s] -- Up-to-date symlink: /home/f1/f1tenth_ws/install/real_pure_pursuit/share/real_pure_pursuit/environment/ament_prefix_path.sh
[0.698s] -- Up-to-date symlink: /home/f1/f1tenth_ws/install/real_pure_pursuit/share/real_pure_pursuit/environment/ament_prefix_path.dsv
[0.706s] -- Up-to-date symlink: /home/f1/f1tenth_ws/install/real_pure_pursuit/share/real_pure_pursuit/environment/path.sh
[0.708s] -- Up-to-date symlink: /home/f1/f1tenth_ws/install/real_pure_pursuit/share/real_pure_pursuit/environment/path.dsv
[0.711s] -- Up-to-date symlink: /home/f1/f1tenth_ws/install/real_pure_pursuit/share/real_pure_pursuit/local_setup.bash
[0.713s] -- Up-to-date symlink: /home/f1/f1tenth_ws/install/real_pure_pursuit/share/real_pure_pursuit/local_setup.sh
[0.715s] -- Up-to-date symlink: /home/f1/f1tenth_ws/install/real_pure_pursuit/share/real_pure_pursuit/local_setup.zsh
[0.716s] -- Up-to-date symlink: /home/f1/f1tenth_ws/install/real_pure_pursuit/share/real_pure_pursuit/local_setup.dsv
[0.718s] -- Symlinking: /home/f1/f1tenth_ws/install/real_pure_pursuit/share/real_pure_pursuit/package.dsv
[0.775s] -- Up-to-date symlink: /home/f1/f1tenth_ws/install/real_pure_pursuit/share/ament_index/resource_index/packages/real_pure_pursuit
[0.776s] -- Up-to-date symlink: /home/f1/f1tenth_ws/install/real_pure_pursuit/share/real_pure_pursuit/cmake/real_pure_pursuitConfig.cmake
[0.778s] -- Up-to-date symlink: /home/f1/f1tenth_ws/install/real_pure_pursuit/share/real_pure_pursuit/cmake/real_pure_pursuitConfig-version.cmake
[0.782s] -- Up-to-date symlink: /home/f1/f1tenth_ws/install/real_pure_pursuit/share/real_pure_pursuit/package.xml
[0.795s] Invoked command in '/home/f1/f1tenth_ws/build/real_pure_pursuit' returned '0': CMAKE_PREFIX_PATH=/opt/ros/foxy CONDA_PROMPT_MODIFIER=(base) /usr/bin/cmake --install /home/f1/f1tenth_ws/build/real_pure_pursuit
