[4.858s] Invoking command in '/home/f1/f1tenth_ws/build/f1tenth_stack': AMENT_PREFIX_PATH=/home/f1/f1tenth_ws/install/joy_teleop:/home/f1/f1tenth_ws/install/f1tenth_slam_nav:/home/f1/f1tenth_ws/install/f1tenth_stack:/home/f1/f1tenth_ws/install/vesc:/home/f1/f1tenth_ws/install/vesc_driver:/home/f1/f1tenth_ws/install/vesc_ackermann:/home/f1/f1tenth_ws/install/vesc_msgs:/home/f1/f1tenth_ws/install/teleop_tools:/home/f1/f1tenth_ws/install/teleop_tools_msgs:/home/f1/f1tenth_ws/install/real_pure_pursuit:/home/f1/f1tenth_ws/install/pygame_key_teleop:/home/f1/f1tenth_ws/install/path_planner:/home/f1/f1tenth_ws/install/path_follow:/home/f1/f1tenth_ws/install/mouse_teleop:/home/f1/f1tenth_ws/install/lidar_processing:/home/f1/f1tenth_ws/install/key_teleop:/home/f1/f1tenth_ws/install/f1tenth_path_planner:/home/f1/f1tenth_ws/install/center_follow_cpp:/home/f1/f1tenth_ws/install/ackermann_mux:/opt/ros/foxy CMAKE_PREFIX_PATH=/home/f1/f1tenth_ws/install/vesc:/home/f1/f1tenth_ws/install/vesc_driver:/home/f1/f1tenth_ws/install/vesc_ackermann:/home/f1/f1tenth_ws/install/vesc_msgs:/home/f1/f1tenth_ws/install/teleop_tools_msgs:/home/f1/f1tenth_ws/install/ackermann_mux:/home/f1/f1tenth_ws/install/f1tenth_slam_nav:/home/f1/f1tenth_ws/install/teleop_tools:/home/f1/f1tenth_ws/install/real_pure_pursuit:/home/f1/f1tenth_ws/install/path_planner:/home/f1/f1tenth_ws/install/path_follow:/home/f1/f1tenth_ws/install/lidar_processing:/home/f1/f1tenth_ws/install/center_follow_cpp CONDA_PROMPT_MODIFIER=(base) PYTHONPATH=/home/f1/f1tenth_ws/build/f1tenth_stack/prefix_override:/usr/lib/python3/dist-packages/colcon_core/task/python/colcon_distutils_commands:/home/f1/f1tenth_ws/install/f1tenth_stack/lib/python3.8/site-packages:/home/f1/f1tenth_ws/build/joy_teleop:/home/f1/f1tenth_ws/install/joy_teleop/lib/python3.8/site-packages:/home/f1/f1tenth_ws/install/vesc_msgs/lib/python3.8/site-packages:/home/f1/f1tenth_ws/install/teleop_tools_msgs/lib/python3.8/site-packages:/home/f1/f1tenth_ws/install/f1tenth_slam_nav/lib/python3.8/site-packages:/home/f1/f1tenth_ws/install/f1tenth_stack/lib/python3.8/site-packages:/home/f1/f1tenth_ws/build/pygame_key_teleop:/home/f1/f1tenth_ws/install/pygame_key_teleop/lib/python3.8/site-packages:/home/f1/f1tenth_ws/build/mouse_teleop:/home/f1/f1tenth_ws/install/mouse_teleop/lib/python3.8/site-packages:/home/f1/f1tenth_ws/build/key_teleop:/home/f1/f1tenth_ws/install/key_teleop/lib/python3.8/site-packages:/home/f1/f1tenth_ws/install/f1tenth_path_planner/lib/python3.8/site-packages:/opt/ros/foxy/lib/python3.8/site-packages /usr/bin/python3 -W ignore:setup.py install is deprecated -W ignore:easy_install command is deprecated setup.py develop --editable --build-directory /home/f1/f1tenth_ws/build/f1tenth_stack/build --no-deps symlink_data --force
[6.476s] running develop
[7.387s] running egg_info
[7.389s] writing f1tenth_stack.egg-info/PKG-INFO
[7.390s] writing dependency_links to f1tenth_stack.egg-info/dependency_links.txt
[7.391s] writing entry points to f1tenth_stack.egg-info/entry_points.txt
[7.391s] writing requirements to f1tenth_stack.egg-info/requires.txt
[7.392s] writing top-level names to f1tenth_stack.egg-info/top_level.txt
[7.574s] reading manifest file 'f1tenth_stack.egg-info/SOURCES.txt'
[7.582s] writing manifest file 'f1tenth_stack.egg-info/SOURCES.txt'
[7.790s] running build_ext
[7.791s] Creating /home/f1/f1tenth_ws/install/f1tenth_stack/lib/python3.8/site-packages/f1tenth-stack.egg-link (link to .)
[7.796s] Installing car_visualizer.py script to /home/f1/f1tenth_ws/install/f1tenth_stack/lib/f1tenth_stack
[7.797s] Installing tf_publisher script to /home/f1/f1tenth_ws/install/f1tenth_stack/lib/f1tenth_stack
[7.800s] Installing throttle_interpolator script to /home/f1/f1tenth_ws/install/f1tenth_stack/lib/f1tenth_stack
[7.801s] 
[7.803s] Installed /home/f1/f1tenth_ws/build/f1tenth_stack
[7.804s] running symlink_data
[7.806s] symbolically linking /home/f1/f1tenth_ws/build/f1tenth_stack/resource/f1tenth_stack -> /home/f1/f1tenth_ws/install/f1tenth_stack/share/ament_index/resource_index/packages
[7.807s] symbolically linking /home/f1/f1tenth_ws/build/f1tenth_stack/package.xml -> /home/f1/f1tenth_ws/install/f1tenth_stack/share/f1tenth_stack
[7.808s] symbolically linking /home/f1/f1tenth_ws/build/f1tenth_stack/launch/amcl_localization_launch.py -> /home/f1/f1tenth_ws/install/f1tenth_stack/share/f1tenth_stack/launch
[7.808s] symbolically linking /home/f1/f1tenth_ws/build/f1tenth_stack/launch/joon_launch.py -> /home/f1/f1tenth_ws/install/f1tenth_stack/share/f1tenth_stack/launch
[7.810s] symbolically linking /home/f1/f1tenth_ws/build/f1tenth_stack/launch/simple_car_viz.launch.py -> /home/f1/f1tenth_ws/install/f1tenth_stack/share/f1tenth_stack/launch
[7.811s] symbolically linking /home/f1/f1tenth_ws/build/f1tenth_stack/launch/carto_launch.py -> /home/f1/f1tenth_ws/install/f1tenth_stack/share/f1tenth_stack/launch
[7.811s] symbolically linking /home/f1/f1tenth_ws/build/f1tenth_stack/launch/occupancy_grid.launch.py -> /home/f1/f1tenth_ws/install/f1tenth_stack/share/f1tenth_stack/launch
[7.812s] symbolically linking /home/f1/f1tenth_ws/build/f1tenth_stack/launch/bringup_launch.py -> /home/f1/f1tenth_ws/install/f1tenth_stack/share/f1tenth_stack/launch
[7.812s] symbolically linking /home/f1/f1tenth_ws/build/f1tenth_stack/config/mux.yaml -> /home/f1/f1tenth_ws/install/f1tenth_stack/share/f1tenth_stack/config
[7.813s] symbolically linking /home/f1/f1tenth_ws/build/f1tenth_stack/config/joy_teleop.yaml -> /home/f1/f1tenth_ws/install/f1tenth_stack/share/f1tenth_stack/config
[7.813s] symbolically linking /home/f1/f1tenth_ws/build/f1tenth_stack/config/f1tenth_online_async.yaml -> /home/f1/f1tenth_ws/install/f1tenth_stack/share/f1tenth_stack/config
[7.814s] symbolically linking /home/f1/f1tenth_ws/build/f1tenth_stack/config/sensors.yaml -> /home/f1/f1tenth_ws/install/f1tenth_stack/share/f1tenth_stack/config
[7.814s] symbolically linking /home/f1/f1tenth_ws/build/f1tenth_stack/config/vesc.yaml -> /home/f1/f1tenth_ws/install/f1tenth_stack/share/f1tenth_stack/config
[7.818s] symbolically linking /home/f1/f1tenth_ws/build/f1tenth_stack/config/f110_2d.lua -> /home/f1/f1tenth_ws/install/f1tenth_stack/share/f1tenth_stack/config
[7.963s] Invoked command in '/home/f1/f1tenth_ws/build/f1tenth_stack' returned '0': AMENT_PREFIX_PATH=/home/f1/f1tenth_ws/install/joy_teleop:/home/f1/f1tenth_ws/install/f1tenth_slam_nav:/home/f1/f1tenth_ws/install/f1tenth_stack:/home/f1/f1tenth_ws/install/vesc:/home/f1/f1tenth_ws/install/vesc_driver:/home/f1/f1tenth_ws/install/vesc_ackermann:/home/f1/f1tenth_ws/install/vesc_msgs:/home/f1/f1tenth_ws/install/teleop_tools:/home/f1/f1tenth_ws/install/teleop_tools_msgs:/home/f1/f1tenth_ws/install/real_pure_pursuit:/home/f1/f1tenth_ws/install/pygame_key_teleop:/home/f1/f1tenth_ws/install/path_planner:/home/f1/f1tenth_ws/install/path_follow:/home/f1/f1tenth_ws/install/mouse_teleop:/home/f1/f1tenth_ws/install/lidar_processing:/home/f1/f1tenth_ws/install/key_teleop:/home/f1/f1tenth_ws/install/f1tenth_path_planner:/home/f1/f1tenth_ws/install/center_follow_cpp:/home/f1/f1tenth_ws/install/ackermann_mux:/opt/ros/foxy CMAKE_PREFIX_PATH=/home/f1/f1tenth_ws/install/vesc:/home/f1/f1tenth_ws/install/vesc_driver:/home/f1/f1tenth_ws/install/vesc_ackermann:/home/f1/f1tenth_ws/install/vesc_msgs:/home/f1/f1tenth_ws/install/teleop_tools_msgs:/home/f1/f1tenth_ws/install/ackermann_mux:/home/f1/f1tenth_ws/install/f1tenth_slam_nav:/home/f1/f1tenth_ws/install/teleop_tools:/home/f1/f1tenth_ws/install/real_pure_pursuit:/home/f1/f1tenth_ws/install/path_planner:/home/f1/f1tenth_ws/install/path_follow:/home/f1/f1tenth_ws/install/lidar_processing:/home/f1/f1tenth_ws/install/center_follow_cpp CONDA_PROMPT_MODIFIER=(base) PYTHONPATH=/home/f1/f1tenth_ws/build/f1tenth_stack/prefix_override:/usr/lib/python3/dist-packages/colcon_core/task/python/colcon_distutils_commands:/home/f1/f1tenth_ws/install/f1tenth_stack/lib/python3.8/site-packages:/home/f1/f1tenth_ws/build/joy_teleop:/home/f1/f1tenth_ws/install/joy_teleop/lib/python3.8/site-packages:/home/f1/f1tenth_ws/install/vesc_msgs/lib/python3.8/site-packages:/home/f1/f1tenth_ws/install/teleop_tools_msgs/lib/python3.8/site-packages:/home/f1/f1tenth_ws/install/f1tenth_slam_nav/lib/python3.8/site-packages:/home/f1/f1tenth_ws/install/f1tenth_stack/lib/python3.8/site-packages:/home/f1/f1tenth_ws/build/pygame_key_teleop:/home/f1/f1tenth_ws/install/pygame_key_teleop/lib/python3.8/site-packages:/home/f1/f1tenth_ws/build/mouse_teleop:/home/f1/f1tenth_ws/install/mouse_teleop/lib/python3.8/site-packages:/home/f1/f1tenth_ws/build/key_teleop:/home/f1/f1tenth_ws/install/key_teleop/lib/python3.8/site-packages:/home/f1/f1tenth_ws/install/f1tenth_path_planner/lib/python3.8/site-packages:/opt/ros/foxy/lib/python3.8/site-packages /usr/bin/python3 -W ignore:setup.py install is deprecated -W ignore:easy_install command is deprecated setup.py develop --editable --build-directory /home/f1/f1tenth_ws/build/f1tenth_stack/build --no-deps symlink_data --force
