[0.895s] Invoking command in '/home/moon/sim_ws/build/centerline_planner': PS1=\[\e]0;\u@\h: \w\a\]${debian_chroot:+($debian_chroot)}\[\033[01;32m\]\u@\h\[\033[00m\]:\[\033[01;34m\]\w\[\033[00m\]\$ PYTHONPATH=/home/moon/sim_ws/build/centerline_planner/prefix_override:/usr/lib/python3/dist-packages/colcon_core/task/python/colcon_distutils_commands:/home/moon/sim_ws/install/centerline_planner/lib/python3.8/site-packages:${PYTHONPATH} /usr/bin/python3 -W ignore:setup.py install is deprecated -W ignore:easy_install command is deprecated setup.py develop --uninstall --editable --build-directory /home/moon/sim_ws/build/centerline_planner/build
[1.028s] running develop
[1.109s] Removing /home/moon/sim_ws/install/centerline_planner/lib/python3.8/site-packages/centerline-planner.egg-link (link to .)
[1.125s] Invoked command in '/home/moon/sim_ws/build/centerline_planner' returned '0': PS1=\[\e]0;\u@\h: \w\a\]${debian_chroot:+($debian_chroot)}\[\033[01;32m\]\u@\h\[\033[00m\]:\[\033[01;34m\]\w\[\033[00m\]\$ PYTHONPATH=/home/moon/sim_ws/build/centerline_planner/prefix_override:/usr/lib/python3/dist-packages/colcon_core/task/python/colcon_distutils_commands:/home/moon/sim_ws/install/centerline_planner/lib/python3.8/site-packages:${PYTHONPATH} /usr/bin/python3 -W ignore:setup.py install is deprecated -W ignore:easy_install command is deprecated setup.py develop --uninstall --editable --build-directory /home/moon/sim_ws/build/centerline_planner/build
[1.128s] Invoking command in '/home/moon/sim_ws/src/centerline_planner': PS1=\[\e]0;\u@\h: \w\a\]${debian_chroot:+($debian_chroot)}\[\033[01;32m\]\u@\h\[\033[00m\]:\[\033[01;34m\]\w\[\033[00m\]\$ PYTHONPATH=/home/moon/sim_ws/build/centerline_planner/prefix_override:/usr/lib/python3/dist-packages/colcon_core/task/python/colcon_distutils_commands:/home/moon/sim_ws/install/centerline_planner/lib/python3.8/site-packages:${PYTHONPATH} /usr/bin/python3 -W ignore:setup.py install is deprecated -W ignore:easy_install command is deprecated setup.py egg_info --egg-base ../../build/centerline_planner build --build-base /home/moon/sim_ws/build/centerline_planner/build install --record /home/moon/sim_ws/build/centerline_planner/install.log --install-scripts $base/lib/centerline_planner --single-version-externally-managed install_data --force
[1.253s] running egg_info
[1.253s] writing ../../build/centerline_planner/centerline_planner.egg-info/PKG-INFO
[1.253s] writing dependency_links to ../../build/centerline_planner/centerline_planner.egg-info/dependency_links.txt
[1.253s] writing entry points to ../../build/centerline_planner/centerline_planner.egg-info/entry_points.txt
[1.253s] writing requirements to ../../build/centerline_planner/centerline_planner.egg-info/requires.txt
[1.253s] writing top-level names to ../../build/centerline_planner/centerline_planner.egg-info/top_level.txt
[1.273s] reading manifest file '../../build/centerline_planner/centerline_planner.egg-info/SOURCES.txt'
[1.274s] writing manifest file '../../build/centerline_planner/centerline_planner.egg-info/SOURCES.txt'
[1.274s] running build
[1.274s] running build_py
[1.274s] running install
[1.275s] running install_lib
[1.275s] creating /home/moon/sim_ws/install/centerline_planner/lib/python3.8/site-packages/centerline_planner
[1.275s] copying /home/moon/sim_ws/build/centerline_planner/build/lib/centerline_planner/centerline_pub.py -> /home/moon/sim_ws/install/centerline_planner/lib/python3.8/site-packages/centerline_planner
[1.275s] copying /home/moon/sim_ws/build/centerline_planner/build/lib/centerline_planner/path_pure_pursuit.py -> /home/moon/sim_ws/install/centerline_planner/lib/python3.8/site-packages/centerline_planner
[1.275s] copying /home/moon/sim_ws/build/centerline_planner/build/lib/centerline_planner/__init__.py -> /home/moon/sim_ws/install/centerline_planner/lib/python3.8/site-packages/centerline_planner
[1.276s] byte-compiling /home/moon/sim_ws/install/centerline_planner/lib/python3.8/site-packages/centerline_planner/centerline_pub.py to centerline_pub.cpython-38.pyc
[1.277s] byte-compiling /home/moon/sim_ws/install/centerline_planner/lib/python3.8/site-packages/centerline_planner/path_pure_pursuit.py to path_pure_pursuit.cpython-38.pyc
[1.277s] byte-compiling /home/moon/sim_ws/install/centerline_planner/lib/python3.8/site-packages/centerline_planner/__init__.py to __init__.cpython-38.pyc
[1.277s] running install_data
[1.278s] copying resource/centerline_planner -> /home/moon/sim_ws/install/centerline_planner/share/ament_index/resource_index/packages
[1.278s] copying package.xml -> /home/moon/sim_ws/install/centerline_planner/share/centerline_planner
[1.278s] copying launch/centerline_follow.launch.py -> /home/moon/sim_ws/install/centerline_planner/share/centerline_planner/launch
[1.278s] running install_egg_info
[1.279s] Copying ../../build/centerline_planner/centerline_planner.egg-info to /home/moon/sim_ws/install/centerline_planner/lib/python3.8/site-packages/centerline_planner-0.0.1-py3.8.egg-info
[1.279s] running install_scripts
[1.290s] Installing centerline_pub script to /home/moon/sim_ws/install/centerline_planner/lib/centerline_planner
[1.290s] Installing path_pure_pursuit script to /home/moon/sim_ws/install/centerline_planner/lib/centerline_planner
[1.290s] writing list of installed files to '/home/moon/sim_ws/build/centerline_planner/install.log'
[1.305s] Invoked command in '/home/moon/sim_ws/src/centerline_planner' returned '0': PS1=\[\e]0;\u@\h: \w\a\]${debian_chroot:+($debian_chroot)}\[\033[01;32m\]\u@\h\[\033[00m\]:\[\033[01;34m\]\w\[\033[00m\]\$ PYTHONPATH=/home/moon/sim_ws/build/centerline_planner/prefix_override:/usr/lib/python3/dist-packages/colcon_core/task/python/colcon_distutils_commands:/home/moon/sim_ws/install/centerline_planner/lib/python3.8/site-packages:${PYTHONPATH} /usr/bin/python3 -W ignore:setup.py install is deprecated -W ignore:easy_install command is deprecated setup.py egg_info --egg-base ../../build/centerline_planner build --build-base /home/moon/sim_ws/build/centerline_planner/build install --record /home/moon/sim_ws/build/centerline_planner/install.log --install-scripts $base/lib/centerline_planner --single-version-externally-managed install_data --force
