[0.069s] Invoking command in '/home/f1/f1tenth_ws/build/real_pure_pursuit': CMAKE_PREFIX_PATH=/opt/ros/foxy /usr/bin/cmake /home/f1/f1tenth_ws/src/real_pure_pursuit -DCMAKE_INSTALL_PREFIX=/home/f1/f1tenth_ws/install/real_pure_pursuit
[0.619s] -- The C compiler identification is GNU 9.4.0
[1.101s] -- The CXX compiler identification is GNU 9.4.0
[1.139s] -- Check for working C compiler: /usr/bin/cc
[1.590s] -- Check for working C compiler: /usr/bin/cc -- works
[1.598s] -- Detecting C compiler ABI info
[2.031s] -- Detecting C compiler ABI info - done
[2.112s] -- Detecting C compile features
[2.115s] -- Detecting C compile features - done
[2.134s] -- Check for working CXX compiler: /usr/bin/c++
[2.641s] -- Check for working CXX compiler: /usr/bin/c++ -- works
[2.650s] -- Detecting CXX compiler ABI info
[3.140s] -- Detecting CXX compiler ABI info - done
[3.220s] -- Detecting CXX compile features
[3.223s] -- Detecting CXX compile features - done
[3.243s] -- Found ament_cmake: 0.9.12 (/opt/ros/foxy/share/ament_cmake/cmake)
[3.380s] -- Found PythonInterp: /usr/bin/python3 (found suitable version "3.8.10", minimum required is "3") 
[3.381s] -- Using PYTHON_EXECUTABLE: /usr/bin/python3
[4.670s] -- Found rclcpp: 2.4.3 (/opt/ros/foxy/share/rclcpp/cmake)
[4.961s] -- Using all available rosidl_typesupport_c: rosidl_typesupport_fastrtps_c;rosidl_typesupport_introspection_c
[5.005s] -- Found rosidl_adapter: 1.3.1 (/opt/ros/foxy/share/rosidl_adapter/cmake)
[5.549s] -- Found OpenSSL: /usr/lib/aarch64-linux-gnu/libcrypto.so (found version "1.1.1f")  
[5.704s] -- Found FastRTPS: /opt/ros/foxy/include  
[6.153s] -- Using all available rosidl_typesupport_cpp: rosidl_typesupport_fastrtps_cpp;rosidl_typesupport_introspection_cpp
[6.486s] -- Found rmw_implementation_cmake: 1.0.4 (/opt/ros/foxy/share/rmw_implementation_cmake/cmake)
[6.496s] -- Using RMW implementation 'rmw_fastrtps_cpp' as default
[6.503s] -- Looking for pthread.h
[6.961s] -- Looking for pthread.h - found
[6.962s] -- Performing Test CMAKE_HAVE_LIBC_PTHREAD
[7.419s] -- Performing Test CMAKE_HAVE_LIBC_PTHREAD - Failed
[7.421s] -- Looking for pthread_create in pthreads
[7.797s] -- Looking for pthread_create in pthreads - not found
[7.798s] -- Looking for pthread_create in pthread
[8.218s] -- Looking for pthread_create in pthread - found
[8.227s] -- Found Threads: TRUE  
[9.034s] -- Found geometry_msgs: 2.0.5 (/opt/ros/foxy/share/geometry_msgs/cmake)
[9.207s] -- Found nav_msgs: 2.0.5 (/opt/ros/foxy/share/nav_msgs/cmake)
[9.547s] -- Found sensor_msgs: 2.0.5 (/opt/ros/foxy/share/sensor_msgs/cmake)
[9.875s] -- Found ackermann_msgs: 2.0.2 (/opt/ros/foxy/share/ackermann_msgs/cmake)
[10.045s] -- Found visualization_msgs: 2.0.5 (/opt/ros/foxy/share/visualization_msgs/cmake)
[10.369s] -- Found tf2: 0.13.14 (/opt/ros/foxy/share/tf2/cmake)
[10.428s] -- Found tf2_ros: 0.13.14 (/opt/ros/foxy/share/tf2_ros/cmake)
[11.901s] -- Found tf2_geometry_msgs: 0.13.14 (/opt/ros/foxy/share/tf2_geometry_msgs/cmake)
[11.941s] -- Found eigen3_cmake_module: 0.1.1 (/opt/ros/foxy/share/eigen3_cmake_module/cmake)
[11.959s] -- Found Eigen3: TRUE (found version "3.3.7") 
[12.084s] -- Found ament_lint_auto: 0.9.8 (/opt/ros/foxy/share/ament_lint_auto/cmake)
[12.486s] -- Added test 'copyright' to check source files copyright and LICENSE
[12.494s] -- Added test 'cppcheck' to perform static code analysis on C / C++ code
[12.495s] -- Configured cppcheck include dirs: 
[12.495s] -- Configured cppcheck exclude dirs and/or files: 
[12.501s] -- Added test 'cpplint' to check C / C++ code against the Google style
[12.501s] -- Configured cpplint exclude dirs and/or files: 
[12.504s] -- Added test 'flake8' to check Python code syntax and style conventions
[12.507s] -- Added test 'lint_cmake' to check CMake code style
[12.510s] -- Added test 'pep257' to check Python code against some of the style conventions in PEP 257
[12.516s] -- Added test 'uncrustify' to check C / C++ code style
[12.517s] -- Configured uncrustify additional arguments: 
[12.519s] -- Added test 'xmllint' to check XML markup files
[12.553s] -- Configuring done
[12.658s] -- Generating done
[12.699s] -- Build files have been written to: /home/f1/f1tenth_ws/build/real_pure_pursuit
[12.752s] Invoked command in '/home/f1/f1tenth_ws/build/real_pure_pursuit' returned '0': CMAKE_PREFIX_PATH=/opt/ros/foxy /usr/bin/cmake /home/f1/f1tenth_ws/src/real_pure_pursuit -DCMAKE_INSTALL_PREFIX=/home/f1/f1tenth_ws/install/real_pure_pursuit
[12.773s] Invoking command in '/home/f1/f1tenth_ws/build/real_pure_pursuit': CMAKE_PREFIX_PATH=/opt/ros/foxy /usr/bin/cmake --build /home/f1/f1tenth_ws/build/real_pure_pursuit -- -j6 -l6
[13.010s] [35m[1mScanning dependencies of target real_pure_pursuit_node[0m
[13.483s] [ 50%] [32mBuilding CXX object CMakeFiles/real_pure_pursuit_node.dir/src/real_pure_pursuit_node.cpp.o[0m
[14.251s] [01m[K/home/f1/f1tenth_ws/src/real_pure_pursuit/src/real_pure_pursuit_node.cpp:10:10:[m[K [01;31m[Kfatal error: [m[Ktf2_geometry_msgs/tf2_geometry_msgs.hpp: No such file or directory
[14.251s]    10 | #include [01;31m[K<tf2_geometry_msgs/tf2_geometry_msgs.hpp>[m[K
[14.252s]       |          [01;31m[K^~~~~~~~~~~~~~~~~~~~~~~~~~~~~~~~~~~~~~~~~[m[K
[14.252s] compilation terminated.
[14.262s] make[2]: *** [CMakeFiles/real_pure_pursuit_node.dir/build.make:63: CMakeFiles/real_pure_pursuit_node.dir/src/real_pure_pursuit_node.cpp.o] Error 1
[14.263s] make[1]: *** [CMakeFiles/Makefile2:78: CMakeFiles/real_pure_pursuit_node.dir/all] Error 2
[14.264s] make: *** [Makefile:141: all] Error 2
[14.279s] Invoked command in '/home/f1/f1tenth_ws/build/real_pure_pursuit' returned '2': CMAKE_PREFIX_PATH=/opt/ros/foxy /usr/bin/cmake --build /home/f1/f1tenth_ws/build/real_pure_pursuit -- -j6 -l6
