[3.784s] Invoking command in '/home/f1/f1tenth_ws/build/map_controller': PYTHONPATH=/home/f1/f1tenth_ws/build/map_controller/prefix_override:/usr/lib/python3/dist-packages/colcon_core/task/python/colcon_distutils_commands:/home/f1/f1tenth_ws/install/map_controller/lib/python3.8/site-packages:${PYTHONPATH} /usr/bin/python3 -W ignore:setup.py install is deprecated -W ignore:easy_install command is deprecated setup.py develop --editable --build-directory /home/f1/f1tenth_ws/build/map_controller/build --no-deps symlink_data
[5.126s] running develop
[5.999s] running egg_info
[6.000s] creating map_controller.egg-info
[6.002s] writing map_controller.egg-info/PKG-INFO
[6.002s] writing dependency_links to map_controller.egg-info/dependency_links.txt
[6.003s] writing requirements to map_controller.egg-info/requires.txt
[6.003s] writing top-level names to map_controller.egg-info/top_level.txt
[6.011s] writing manifest file 'map_controller.egg-info/SOURCES.txt'
[6.188s] reading manifest file 'map_controller.egg-info/SOURCES.txt'
[6.191s] writing manifest file 'map_controller.egg-info/SOURCES.txt'
[6.386s] running build_ext
[6.388s] Creating /home/f1/f1tenth_ws/install/map_controller/lib/python3.8/site-packages/site.py
[6.401s] Creating /home/f1/f1tenth_ws/install/map_controller/lib/python3.8/site-packages/map-controller.egg-link (link to .)
[6.406s] 
[6.409s] Installed /home/f1/f1tenth_ws/build/map_controller
[6.410s] running symlink_data
[6.411s] creating /home/f1/f1tenth_ws/install/map_controller/share/ament_index
[6.411s] creating /home/f1/f1tenth_ws/install/map_controller/share/ament_index/resource_index
[6.412s] creating /home/f1/f1tenth_ws/install/map_controller/share/ament_index/resource_index/packages
[6.413s] symbolically linking /home/f1/f1tenth_ws/build/map_controller/resource/map_controller -> /home/f1/f1tenth_ws/install/map_controller/share/ament_index/resource_index/packages
[6.413s] symbolically linking /home/f1/f1tenth_ws/build/map_controller/package.xml -> /home/f1/f1tenth_ws/install/map_controller/share/map_controller
[6.414s] creating /home/f1/f1tenth_ws/install/map_controller/share/map_controller/launch
[6.414s] symbolically linking /home/f1/f1tenth_ws/build/map_controller/launch/map_controller.launch.py -> /home/f1/f1tenth_ws/install/map_controller/share/map_controller/launch
[6.415s] symbolically linking /home/f1/f1tenth_ws/build/map_controller/launch/map_with_bound.launch.py -> /home/f1/f1tenth_ws/install/map_controller/share/map_controller/launch
[6.415s] creating /home/f1/f1tenth_ws/install/map_controller/share/map_controller/config
[6.416s] symbolically linking /home/f1/f1tenth_ws/build/map_controller/config/map_controller_params.yaml -> /home/f1/f1tenth_ws/install/map_controller/share/map_controller/config
[6.416s] creating /home/f1/f1tenth_ws/install/map_controller/share/map_controller/config/steering_lut
[6.417s] symbolically linking /home/f1/f1tenth_ws/build/map_controller/config/steering_lut/NUC2_pacejka_lookup_table.csv -> /home/f1/f1tenth_ws/install/map_controller/share/map_controller/config/steering_lut
[6.417s] creating /home/f1/f1tenth_ws/install/map_controller/lib/map_controller
[6.417s] symbolically linking /home/f1/f1tenth_ws/build/map_controller/scripts/map_controller -> /home/f1/f1tenth_ws/install/map_controller/lib/map_controller
[6.543s] Invoked command in '/home/f1/f1tenth_ws/build/map_controller' returned '0': PYTHONPATH=/home/f1/f1tenth_ws/build/map_controller/prefix_override:/usr/lib/python3/dist-packages/colcon_core/task/python/colcon_distutils_commands:/home/f1/f1tenth_ws/install/map_controller/lib/python3.8/site-packages:${PYTHONPATH} /usr/bin/python3 -W ignore:setup.py install is deprecated -W ignore:easy_install command is deprecated setup.py develop --editable --build-directory /home/f1/f1tenth_ws/build/map_controller/build --no-deps symlink_data
