[0.153s] Invoking command in '/home/f1/f1tenth_ws/build/f1tenth_slam_nav': AMENT_PREFIX_PATH=/home/f1/f1tenth_ws/install/f1tenth_stack:/home/f1/f1tenth_ws/install/vesc:/home/f1/f1tenth_ws/install/vesc_driver:/home/f1/f1tenth_ws/install/vesc_ackermann:/home/f1/f1tenth_ws/install/joy_teleop:/home/f1/f1tenth_ws/install/vesc_msgs:/home/f1/f1tenth_ws/install/teleop_tools_msgs:/home/f1/f1tenth_ws/install/ackermann_mux:${AMENT_PREFIX_PATH} CMAKE_PREFIX_PATH=/home/f1/f1tenth_ws/install/vesc:/home/f1/f1tenth_ws/install/vesc_driver:/home/f1/f1tenth_ws/install/vesc_ackermann:/home/f1/f1tenth_ws/install/vesc_msgs:/home/f1/f1tenth_ws/install/teleop_tools_msgs:/home/f1/f1tenth_ws/install/ackermann_mux:/opt/ros/foxy LD_LIBRARY_PATH=/home/f1/f1tenth_ws/install/vesc_driver/lib:/home/f1/f1tenth_ws/install/vesc_ackermann/lib:/home/f1/f1tenth_ws/install/vesc_msgs/lib:/home/f1/f1tenth_ws/install/teleop_tools_msgs/lib:${LD_LIBRARY_PATH} PYTHONPATH=/home/f1/f1tenth_ws/build/f1tenth_stack:/home/f1/f1tenth_ws/install/f1tenth_stack/lib/python3.8/site-packages:/home/f1/f1tenth_ws/build/joy_teleop:/home/f1/f1tenth_ws/install/joy_teleop/lib/python3.8/site-packages:/home/f1/f1tenth_ws/install/vesc_msgs/lib/python3.8/site-packages:/home/f1/f1tenth_ws/install/teleop_tools_msgs/lib/python3.8/site-packages:${PYTHONPATH} /usr/bin/cmake --build /home/f1/f1tenth_ws/build/f1tenth_slam_nav -- -j6 -l6
[0.548s] [ 50%] Built target high_frequency_localizer_node
[0.551s] [100%] Built target slam_nav_manager
[0.622s] Invoked command in '/home/f1/f1tenth_ws/build/f1tenth_slam_nav' returned '0': AMENT_PREFIX_PATH=/home/f1/f1tenth_ws/install/f1tenth_stack:/home/f1/f1tenth_ws/install/vesc:/home/f1/f1tenth_ws/install/vesc_driver:/home/f1/f1tenth_ws/install/vesc_ackermann:/home/f1/f1tenth_ws/install/joy_teleop:/home/f1/f1tenth_ws/install/vesc_msgs:/home/f1/f1tenth_ws/install/teleop_tools_msgs:/home/f1/f1tenth_ws/install/ackermann_mux:${AMENT_PREFIX_PATH} CMAKE_PREFIX_PATH=/home/f1/f1tenth_ws/install/vesc:/home/f1/f1tenth_ws/install/vesc_driver:/home/f1/f1tenth_ws/install/vesc_ackermann:/home/f1/f1tenth_ws/install/vesc_msgs:/home/f1/f1tenth_ws/install/teleop_tools_msgs:/home/f1/f1tenth_ws/install/ackermann_mux:/opt/ros/foxy LD_LIBRARY_PATH=/home/f1/f1tenth_ws/install/vesc_driver/lib:/home/f1/f1tenth_ws/install/vesc_ackermann/lib:/home/f1/f1tenth_ws/install/vesc_msgs/lib:/home/f1/f1tenth_ws/install/teleop_tools_msgs/lib:${LD_LIBRARY_PATH} PYTHONPATH=/home/f1/f1tenth_ws/build/f1tenth_stack:/home/f1/f1tenth_ws/install/f1tenth_stack/lib/python3.8/site-packages:/home/f1/f1tenth_ws/build/joy_teleop:/home/f1/f1tenth_ws/install/joy_teleop/lib/python3.8/site-packages:/home/f1/f1tenth_ws/install/vesc_msgs/lib/python3.8/site-packages:/home/f1/f1tenth_ws/install/teleop_tools_msgs/lib/python3.8/site-packages:${PYTHONPATH} /usr/bin/cmake --build /home/f1/f1tenth_ws/build/f1tenth_slam_nav -- -j6 -l6
[0.630s] Invoking command in '/home/f1/f1tenth_ws/build/f1tenth_slam_nav': AMENT_PREFIX_PATH=/home/f1/f1tenth_ws/install/f1tenth_stack:/home/f1/f1tenth_ws/install/vesc:/home/f1/f1tenth_ws/install/vesc_driver:/home/f1/f1tenth_ws/install/vesc_ackermann:/home/f1/f1tenth_ws/install/joy_teleop:/home/f1/f1tenth_ws/install/vesc_msgs:/home/f1/f1tenth_ws/install/teleop_tools_msgs:/home/f1/f1tenth_ws/install/ackermann_mux:${AMENT_PREFIX_PATH} CMAKE_PREFIX_PATH=/home/f1/f1tenth_ws/install/vesc:/home/f1/f1tenth_ws/install/vesc_driver:/home/f1/f1tenth_ws/install/vesc_ackermann:/home/f1/f1tenth_ws/install/vesc_msgs:/home/f1/f1tenth_ws/install/teleop_tools_msgs:/home/f1/f1tenth_ws/install/ackermann_mux:/opt/ros/foxy LD_LIBRARY_PATH=/home/f1/f1tenth_ws/install/vesc_driver/lib:/home/f1/f1tenth_ws/install/vesc_ackermann/lib:/home/f1/f1tenth_ws/install/vesc_msgs/lib:/home/f1/f1tenth_ws/install/teleop_tools_msgs/lib:${LD_LIBRARY_PATH} PYTHONPATH=/home/f1/f1tenth_ws/build/f1tenth_stack:/home/f1/f1tenth_ws/install/f1tenth_stack/lib/python3.8/site-packages:/home/f1/f1tenth_ws/build/joy_teleop:/home/f1/f1tenth_ws/install/joy_teleop/lib/python3.8/site-packages:/home/f1/f1tenth_ws/install/vesc_msgs/lib/python3.8/site-packages:/home/f1/f1tenth_ws/install/teleop_tools_msgs/lib/python3.8/site-packages:${PYTHONPATH} /usr/bin/cmake --install /home/f1/f1tenth_ws/build/f1tenth_slam_nav
[0.692s] -- Install configuration: "Release"
[0.698s] -- Execute custom install script
[0.702s] -- Symlinking: /home/f1/f1tenth_ws/install/f1tenth_slam_nav/share/f1tenth_slam_nav/launch//__pycache__/localization_launch.cpython-38.pyc
[0.760s] -- Up-to-date symlink: /home/f1/f1tenth_ws/install/f1tenth_slam_nav/share/f1tenth_slam_nav/launch//localization_launch.py
[0.761s] -- Up-to-date symlink: /home/f1/f1tenth_ws/install/f1tenth_slam_nav/share/f1tenth_slam_nav/launch//slam_nav_launch.py
[0.763s] -- Up-to-date symlink: /home/f1/f1tenth_ws/install/f1tenth_slam_nav/share/f1tenth_slam_nav/launch//slam_nav_manager_launch.py
[0.766s] -- Up-to-date symlink: /home/f1/f1tenth_ws/install/f1tenth_slam_nav/share/f1tenth_slam_nav/config//amcl_config.yaml
[0.768s] -- Up-to-date symlink: /home/f1/f1tenth_ws/install/f1tenth_slam_nav/share/f1tenth_slam_nav/config//cartographer_config.lua
[0.769s] -- Up-to-date symlink: /home/f1/f1tenth_ws/install/f1tenth_slam_nav/share/f1tenth_slam_nav/config//localization_with_path.rviz
[0.771s] -- Up-to-date symlink: /home/f1/f1tenth_ws/install/f1tenth_slam_nav/share/f1tenth_slam_nav/config//slam_toolbox_async_config.yaml
[0.772s] -- Up-to-date symlink: /home/f1/f1tenth_ws/install/f1tenth_slam_nav/share/f1tenth_slam_nav/config//slam_toolbox_config.yaml
[0.775s] -- Up-to-date symlink: /home/f1/f1tenth_ws/install/f1tenth_slam_nav/lib/f1tenth_slam_nav/slam_nav_manager
[0.777s] -- Up-to-date symlink: /home/f1/f1tenth_ws/install/f1tenth_slam_nav/lib/f1tenth_slam_nav/high_frequency_localizer_node
[0.779s] -- Up-to-date symlink: /home/f1/f1tenth_ws/install/f1tenth_slam_nav/lib/f1tenth_slam_nav/localization_performance_test.py
[0.782s] -- Up-to-date symlink: /home/f1/f1tenth_ws/install/f1tenth_slam_nav/lib/f1tenth_slam_nav/high_frequency_localization.py
[0.784s] -- Up-to-date symlink: /home/f1/f1tenth_ws/install/f1tenth_slam_nav/share/ament_index/resource_index/package_run_dependencies/f1tenth_slam_nav
[0.786s] -- Up-to-date symlink: /home/f1/f1tenth_ws/install/f1tenth_slam_nav/share/ament_index/resource_index/parent_prefix_path/f1tenth_slam_nav
[0.789s] -- Up-to-date symlink: /home/f1/f1tenth_ws/install/f1tenth_slam_nav/share/f1tenth_slam_nav/environment/ament_prefix_path.sh
[0.791s] -- Up-to-date symlink: /home/f1/f1tenth_ws/install/f1tenth_slam_nav/share/f1tenth_slam_nav/environment/ament_prefix_path.dsv
[0.793s] -- Up-to-date symlink: /home/f1/f1tenth_ws/install/f1tenth_slam_nav/share/f1tenth_slam_nav/environment/path.sh
[0.795s] -- Up-to-date symlink: /home/f1/f1tenth_ws/install/f1tenth_slam_nav/share/f1tenth_slam_nav/environment/path.dsv
[0.796s] -- Up-to-date symlink: /home/f1/f1tenth_ws/install/f1tenth_slam_nav/share/f1tenth_slam_nav/local_setup.bash
[0.798s] -- Up-to-date symlink: /home/f1/f1tenth_ws/install/f1tenth_slam_nav/share/f1tenth_slam_nav/local_setup.sh
[0.800s] -- Up-to-date symlink: /home/f1/f1tenth_ws/install/f1tenth_slam_nav/share/f1tenth_slam_nav/local_setup.zsh
[0.802s] -- Up-to-date symlink: /home/f1/f1tenth_ws/install/f1tenth_slam_nav/share/f1tenth_slam_nav/local_setup.dsv
[0.803s] -- Symlinking: /home/f1/f1tenth_ws/install/f1tenth_slam_nav/share/f1tenth_slam_nav/package.dsv
[0.858s] -- Up-to-date symlink: /home/f1/f1tenth_ws/install/f1tenth_slam_nav/share/ament_index/resource_index/packages/f1tenth_slam_nav
[0.859s] -- Up-to-date symlink: /home/f1/f1tenth_ws/install/f1tenth_slam_nav/share/f1tenth_slam_nav/cmake/f1tenth_slam_navConfig.cmake
[0.861s] -- Up-to-date symlink: /home/f1/f1tenth_ws/install/f1tenth_slam_nav/share/f1tenth_slam_nav/cmake/f1tenth_slam_navConfig-version.cmake
[0.864s] -- Up-to-date symlink: /home/f1/f1tenth_ws/install/f1tenth_slam_nav/share/f1tenth_slam_nav/package.xml
[0.880s] Invoked command in '/home/f1/f1tenth_ws/build/f1tenth_slam_nav' returned '0': AMENT_PREFIX_PATH=/home/f1/f1tenth_ws/install/f1tenth_stack:/home/f1/f1tenth_ws/install/vesc:/home/f1/f1tenth_ws/install/vesc_driver:/home/f1/f1tenth_ws/install/vesc_ackermann:/home/f1/f1tenth_ws/install/joy_teleop:/home/f1/f1tenth_ws/install/vesc_msgs:/home/f1/f1tenth_ws/install/teleop_tools_msgs:/home/f1/f1tenth_ws/install/ackermann_mux:${AMENT_PREFIX_PATH} CMAKE_PREFIX_PATH=/home/f1/f1tenth_ws/install/vesc:/home/f1/f1tenth_ws/install/vesc_driver:/home/f1/f1tenth_ws/install/vesc_ackermann:/home/f1/f1tenth_ws/install/vesc_msgs:/home/f1/f1tenth_ws/install/teleop_tools_msgs:/home/f1/f1tenth_ws/install/ackermann_mux:/opt/ros/foxy LD_LIBRARY_PATH=/home/f1/f1tenth_ws/install/vesc_driver/lib:/home/f1/f1tenth_ws/install/vesc_ackermann/lib:/home/f1/f1tenth_ws/install/vesc_msgs/lib:/home/f1/f1tenth_ws/install/teleop_tools_msgs/lib:${LD_LIBRARY_PATH} PYTHONPATH=/home/f1/f1tenth_ws/build/f1tenth_stack:/home/f1/f1tenth_ws/install/f1tenth_stack/lib/python3.8/site-packages:/home/f1/f1tenth_ws/build/joy_teleop:/home/f1/f1tenth_ws/install/joy_teleop/lib/python3.8/site-packages:/home/f1/f1tenth_ws/install/vesc_msgs/lib/python3.8/site-packages:/home/f1/f1tenth_ws/install/teleop_tools_msgs/lib/python3.8/site-packages:${PYTHONPATH} /usr/bin/cmake --install /home/f1/f1tenth_ws/build/f1tenth_slam_nav
