[0.930s] Invoking command in '/home/moon/sim_ws/src/centerline_planner': PS1=\[\e]0;\u@\h: \w\a\]${debian_chroot:+($debian_chroot)}\[\033[01;32m\]\u@\h\[\033[00m\]:\[\033[01;34m\]\w\[\033[00m\]\$ PYTHONPATH=/home/moon/sim_ws/build/centerline_planner/prefix_override:/usr/lib/python3/dist-packages/colcon_core/task/python/colcon_distutils_commands:/home/moon/sim_ws/install/centerline_planner/lib/python3.8/site-packages:${PYTHONPATH} /usr/bin/python3 -W ignore:setup.py install is deprecated -W ignore:easy_install command is deprecated setup.py egg_info --egg-base ../../build/centerline_planner build --build-base /home/moon/sim_ws/build/centerline_planner/build install --record /home/moon/sim_ws/build/centerline_planner/install.log --install-scripts $base/lib/centerline_planner --single-version-externally-managed install_data
[1.052s] running egg_info
[1.053s] writing ../../build/centerline_planner/centerline_planner.egg-info/PKG-INFO
[1.053s] writing dependency_links to ../../build/centerline_planner/centerline_planner.egg-info/dependency_links.txt
[1.053s] writing entry points to ../../build/centerline_planner/centerline_planner.egg-info/entry_points.txt
[1.053s] writing requirements to ../../build/centerline_planner/centerline_planner.egg-info/requires.txt
[1.053s] writing top-level names to ../../build/centerline_planner/centerline_planner.egg-info/top_level.txt
[1.072s] reading manifest file '../../build/centerline_planner/centerline_planner.egg-info/SOURCES.txt'
[1.073s] writing manifest file '../../build/centerline_planner/centerline_planner.egg-info/SOURCES.txt'
[1.073s] running build
[1.073s] running build_py
[1.073s] running install
[1.074s] running install_lib
[1.075s] running install_data
[1.075s] running install_egg_info
[1.076s] removing '/home/moon/sim_ws/install/centerline_planner/lib/python3.8/site-packages/centerline_planner-0.0.1-py3.8.egg-info' (and everything under it)
[1.076s] Copying ../../build/centerline_planner/centerline_planner.egg-info to /home/moon/sim_ws/install/centerline_planner/lib/python3.8/site-packages/centerline_planner-0.0.1-py3.8.egg-info
[1.076s] running install_scripts
[1.087s] Installing centerline_pub script to /home/moon/sim_ws/install/centerline_planner/lib/centerline_planner
[1.087s] Installing path_pure_pursuit script to /home/moon/sim_ws/install/centerline_planner/lib/centerline_planner
[1.087s] writing list of installed files to '/home/moon/sim_ws/build/centerline_planner/install.log'
[1.106s] Invoked command in '/home/moon/sim_ws/src/centerline_planner' returned '0': PS1=\[\e]0;\u@\h: \w\a\]${debian_chroot:+($debian_chroot)}\[\033[01;32m\]\u@\h\[\033[00m\]:\[\033[01;34m\]\w\[\033[00m\]\$ PYTHONPATH=/home/moon/sim_ws/build/centerline_planner/prefix_override:/usr/lib/python3/dist-packages/colcon_core/task/python/colcon_distutils_commands:/home/moon/sim_ws/install/centerline_planner/lib/python3.8/site-packages:${PYTHONPATH} /usr/bin/python3 -W ignore:setup.py install is deprecated -W ignore:easy_install command is deprecated setup.py egg_info --egg-base ../../build/centerline_planner build --build-base /home/moon/sim_ws/build/centerline_planner/build install --record /home/moon/sim_ws/build/centerline_planner/install.log --install-scripts $base/lib/centerline_planner --single-version-externally-managed install_data
