[0.904s] Invoking command in '/home/moon/sim_ws/src/bubble_memory': PS1=\[\e]0;\u@\h: \w\a\]${debian_chroot:+($debian_chroot)}\[\033[01;32m\]\u@\h\[\033[00m\]:\[\033[01;34m\]\w\[\033[00m\]\$ PYTHONPATH=/home/moon/sim_ws/build/bubble_memory/prefix_override:/usr/lib/python3/dist-packages/colcon_core/task/python/colcon_distutils_commands:/home/moon/sim_ws/install/bubble_memory/lib/python3.8/site-packages:${PYTHONPATH} /usr/bin/python3 -W ignore:setup.py install is deprecated -W ignore:easy_install command is deprecated setup.py egg_info --egg-base ../../build/bubble_memory build --build-base /home/moon/sim_ws/build/bubble_memory/build install --record /home/moon/sim_ws/build/bubble_memory/install.log --install-scripts $base/lib/bubble_memory --single-version-externally-managed install_data
[1.028s] running egg_info
[1.028s] writing ../../build/bubble_memory/bubble_memory.egg-info/PKG-INFO
[1.028s] writing dependency_links to ../../build/bubble_memory/bubble_memory.egg-info/dependency_links.txt
[1.028s] writing entry points to ../../build/bubble_memory/bubble_memory.egg-info/entry_points.txt
[1.028s] writing requirements to ../../build/bubble_memory/bubble_memory.egg-info/requires.txt
[1.028s] writing top-level names to ../../build/bubble_memory/bubble_memory.egg-info/top_level.txt
[1.048s] reading manifest file '../../build/bubble_memory/bubble_memory.egg-info/SOURCES.txt'
[1.048s] writing manifest file '../../build/bubble_memory/bubble_memory.egg-info/SOURCES.txt'
[1.048s] running build
[1.048s] running build_py
[1.048s] running install
[1.049s] running install_lib
[1.050s] running install_data
[1.050s] running install_egg_info
[1.051s] removing '/home/moon/sim_ws/install/bubble_memory/lib/python3.8/site-packages/bubble_memory-0.0.1-py3.8.egg-info' (and everything under it)
[1.051s] Copying ../../build/bubble_memory/bubble_memory.egg-info to /home/moon/sim_ws/install/bubble_memory/lib/python3.8/site-packages/bubble_memory-0.0.1-py3.8.egg-info
[1.051s] running install_scripts
[1.062s] Installing bubble_memory script to /home/moon/sim_ws/install/bubble_memory/lib/bubble_memory
[1.062s] writing list of installed files to '/home/moon/sim_ws/build/bubble_memory/install.log'
[1.077s] Invoked command in '/home/moon/sim_ws/src/bubble_memory' returned '0': PS1=\[\e]0;\u@\h: \w\a\]${debian_chroot:+($debian_chroot)}\[\033[01;32m\]\u@\h\[\033[00m\]:\[\033[01;34m\]\w\[\033[00m\]\$ PYTHONPATH=/home/moon/sim_ws/build/bubble_memory/prefix_override:/usr/lib/python3/dist-packages/colcon_core/task/python/colcon_distutils_commands:/home/moon/sim_ws/install/bubble_memory/lib/python3.8/site-packages:${PYTHONPATH} /usr/bin/python3 -W ignore:setup.py install is deprecated -W ignore:easy_install command is deprecated setup.py egg_info --egg-base ../../build/bubble_memory build --build-base /home/moon/sim_ws/build/bubble_memory/build install --record /home/moon/sim_ws/build/bubble_memory/install.log --install-scripts $base/lib/bubble_memory --single-version-externally-managed install_data
