[1.409s] Invoking command in '/home/sh/projects/f1tenth_miru3/build/map_controller': CMAKE_PREFIX_PATH=${CMAKE_PREFIX_PATH}:/home/sh/f1tenth_ws/install/f1tenth_gym_ros:/home/sh/projects/f1tenth_miru3/install/f1tenth_stack:/home/sh/projects/f1tenth_miru3/install/joy_teleop:/home/sh/projects/f1tenth_miru3/install/pygame_key_teleop:/home/sh/projects/f1tenth_miru3/install/mouse_teleop:/home/sh/projects/f1tenth_miru3/install/key_teleop:/home/sh/projects/f1tenth_miru3/install/forza_map_controller:/home/sh/projects/f1tenth_miru3/install/f1tenth_path_planner:/opt/ros/humble /usr/bin/cmake /home/sh/projects/f1tenth_miru3/src/map_controller -DAMENT_CMAKE_SYMLINK_INSTALL=1 -DCMAKE_INSTALL_PREFIX=/home/sh/projects/f1tenth_miru3/install/map_controller
[2.001s] -- The C compiler identification is GNU 11.4.0
[2.001s] -- The CXX compiler identification is GNU 11.4.0
[2.001s] -- Detecting C compiler ABI info
[2.002s] -- Detecting C compiler ABI info - done
[2.002s] -- Check for working C compiler: /usr/bin/cc - skipped
[2.002s] -- Detecting C compile features
[2.002s] -- Detecting C compile features - done
[2.002s] -- Detecting CXX compiler ABI info
[2.083s] -- Detecting CXX compiler ABI info - done
[2.106s] -- Check for working CXX compiler: /usr/bin/c++ - skipped
[2.107s] -- Detecting CXX compile features
[2.108s] -- Detecting CXX compile features - done
[2.114s] -- Found ament_cmake: 1.3.11 (/opt/ros/humble/share/ament_cmake/cmake)
[2.555s] -- Found Python3: /usr/bin/python3 (found version "3.10.12") found components: Interpreter 
[2.746s] -- Override CMake install command with custom implementation using symlinks instead of copying resources
[2.819s] -- Found rclcpp: 16.0.11 (/opt/ros/humble/share/rclcpp/cmake)
[2.972s] -- Found rosidl_generator_c: 3.1.6 (/opt/ros/humble/share/rosidl_generator_c/cmake)
[2.982s] -- Found rosidl_adapter: 3.1.6 (/opt/ros/humble/share/rosidl_adapter/cmake)
[3.006s] -- Found rosidl_generator_cpp: 3.1.6 (/opt/ros/humble/share/rosidl_generator_cpp/cmake)
[3.042s] -- Using all available rosidl_typesupport_c: rosidl_typesupport_fastrtps_c;rosidl_typesupport_introspection_c
[3.095s] -- Using all available rosidl_typesupport_cpp: rosidl_typesupport_fastrtps_cpp;rosidl_typesupport_introspection_cpp
[3.211s] -- Found rmw_implementation_cmake: 6.1.2 (/opt/ros/humble/share/rmw_implementation_cmake/cmake)
[3.219s] -- Found rmw_fastrtps_cpp: 6.2.7 (/opt/ros/humble/share/rmw_fastrtps_cpp/cmake)
[3.514s] -- Found OpenSSL: /usr/lib/x86_64-linux-gnu/libcrypto.so (found version "3.0.2")  
[3.585s] -- Found FastRTPS: /opt/ros/humble/include  
[3.709s] -- Using RMW implementation 'rmw_fastrtps_cpp' as default
[3.732s] -- Looking for pthread.h
[3.944s] -- Looking for pthread.h - found
[3.947s] -- Performing Test CMAKE_HAVE_LIBC_PTHREAD
[4.176s] -- Performing Test CMAKE_HAVE_LIBC_PTHREAD - Success
[4.184s] -- Found Threads: TRUE  
[4.370s] -- Found rclcpp_components: 16.0.11 (/opt/ros/humble/share/rclcpp_components/cmake)
[4.481s] -- Found ackermann_msgs: 2.0.2 (/opt/ros/humble/share/ackermann_msgs/cmake)
[4.529s] -- Found nav_msgs: 4.2.4 (/opt/ros/humble/share/nav_msgs/cmake)
[4.628s] -- Found sensor_msgs: 4.2.4 (/opt/ros/humble/share/sensor_msgs/cmake)
[4.690s] -- Found tf2: 0.25.12 (/opt/ros/humble/share/tf2/cmake)
[4.710s] -- Found tf2_ros: 0.25.12 (/opt/ros/humble/share/tf2_ros/cmake)
[5.234s] -- Found tf2_geometry_msgs: 0.25.12 (/opt/ros/humble/share/tf2_geometry_msgs/cmake)
[5.353s] -- Found eigen3_cmake_module: 0.1.1 (/opt/ros/humble/share/eigen3_cmake_module/cmake)
[5.358s] -- Found Eigen3: TRUE (found version "3.4.0") 
[5.365s] -- Ensuring Eigen3 include directory is part of orocos-kdl CMake target
[5.835s] -- Configuring done
[5.890s] -- Generating done
[5.911s] -- Build files have been written to: /home/sh/projects/f1tenth_miru3/build/map_controller
[5.944s] Invoked command in '/home/sh/projects/f1tenth_miru3/build/map_controller' returned '0': CMAKE_PREFIX_PATH=${CMAKE_PREFIX_PATH}:/home/sh/f1tenth_ws/install/f1tenth_gym_ros:/home/sh/projects/f1tenth_miru3/install/f1tenth_stack:/home/sh/projects/f1tenth_miru3/install/joy_teleop:/home/sh/projects/f1tenth_miru3/install/pygame_key_teleop:/home/sh/projects/f1tenth_miru3/install/mouse_teleop:/home/sh/projects/f1tenth_miru3/install/key_teleop:/home/sh/projects/f1tenth_miru3/install/forza_map_controller:/home/sh/projects/f1tenth_miru3/install/f1tenth_path_planner:/opt/ros/humble /usr/bin/cmake /home/sh/projects/f1tenth_miru3/src/map_controller -DAMENT_CMAKE_SYMLINK_INSTALL=1 -DCMAKE_INSTALL_PREFIX=/home/sh/projects/f1tenth_miru3/install/map_controller
[5.951s] Invoking command in '/home/sh/projects/f1tenth_miru3/build/map_controller': CMAKE_PREFIX_PATH=${CMAKE_PREFIX_PATH}:/home/sh/f1tenth_ws/install/f1tenth_gym_ros:/home/sh/projects/f1tenth_miru3/install/f1tenth_stack:/home/sh/projects/f1tenth_miru3/install/joy_teleop:/home/sh/projects/f1tenth_miru3/install/pygame_key_teleop:/home/sh/projects/f1tenth_miru3/install/mouse_teleop:/home/sh/projects/f1tenth_miru3/install/key_teleop:/home/sh/projects/f1tenth_miru3/install/forza_map_controller:/home/sh/projects/f1tenth_miru3/install/f1tenth_path_planner:/opt/ros/humble /usr/bin/cmake --build /home/sh/projects/f1tenth_miru3/build/map_controller -- -j16 -l16
[6.135s] [ 20%] [32mBuilding CXX object CMakeFiles/map_controller_core.dir/src/map_controller.cpp.o[0m
[6.150s] [ 40%] [32mBuilding CXX object CMakeFiles/map_controller_core.dir/src/steering_lookup.cpp.o[0m
[9.607s] [ 60%] [32m[1mLinking CXX static library libmap_controller_core.a[0m
[9.845s] [ 60%] Built target map_controller_core
[9.988s] [ 80%] [32mBuilding CXX object CMakeFiles/map_controller_node.dir/src/controller_manager_node.cpp.o[0m
[11.129s] In file included from [01m[K/home/sh/projects/f1tenth_miru3/src/map_controller/src/controller_manager_node.cpp:9[m[K:
[11.129s] [01m[K/opt/ros/humble/include/tf2_geometry_msgs/tf2_geometry_msgs/tf2_geometry_msgs.h:35:2:[m[K [01;35m[Kwarning: [m[K#warning This header is obsolete, please include tf2_geometry_msgs/tf2_geometry_msgs.hpp instead [[01;35m[K]8;;https://gcc.gnu.org/onlinedocs/gcc/Warning-Options.html#index-Wcpp-Wcpp]8;;[m[K]
[11.129s]    35 | #[01;35m[Kwarning[m[K This header is obsolete, please include tf2_geometry_msgs/tf2_geometry_msgs.hpp instead
[11.129s]       |  [01;35m[K^~~~~~~[m[K
[44.295s] [100%] [32m[1mLinking CXX executable map_controller_node[0m
[45.637s] [100%] Built target map_controller_node
