[0.332s] Invoking command in '/home/sh/projects/f1tenth_miru3/build/center_follow_cpp': CMAKE_PREFIX_PATH=/opt/ros/humble /usr/bin/cmake --build /home/sh/projects/f1tenth_miru3/build/center_follow_cpp -- -j16 -l16
[0.935s] [100%] Built target center_follower
[1.189s] Invoked command in '/home/sh/projects/f1tenth_miru3/build/center_follow_cpp' returned '0': CMAKE_PREFIX_PATH=/opt/ros/humble /usr/bin/cmake --build /home/sh/projects/f1tenth_miru3/build/center_follow_cpp -- -j16 -l16
[1.190s] Invoking command in '/home/sh/projects/f1tenth_miru3/build/center_follow_cpp': CMAKE_PREFIX_PATH=/opt/ros/humble /usr/bin/cmake --install /home/sh/projects/f1tenth_miru3/build/center_follow_cpp
[1.204s] -- Install configuration: ""
[1.204s] -- Execute custom install script
[1.204s] -- Up-to-date symlink: /home/sh/projects/f1tenth_miru3/install/center_follow_cpp/lib/center_follow_cpp/center_follower
[1.205s] -- Up-to-date symlink: /home/sh/projects/f1tenth_miru3/install/center_follow_cpp/share/ament_index/resource_index/package_run_dependencies/center_follow_cpp
[1.205s] -- Up-to-date symlink: /home/sh/projects/f1tenth_miru3/install/center_follow_cpp/share/ament_index/resource_index/parent_prefix_path/center_follow_cpp
[1.205s] -- Up-to-date symlink: /home/sh/projects/f1tenth_miru3/install/center_follow_cpp/share/center_follow_cpp/environment/ament_prefix_path.sh
[1.205s] -- Up-to-date symlink: /home/sh/projects/f1tenth_miru3/install/center_follow_cpp/share/center_follow_cpp/environment/ament_prefix_path.dsv
[1.205s] -- Up-to-date symlink: /home/sh/projects/f1tenth_miru3/install/center_follow_cpp/share/center_follow_cpp/environment/path.sh
[1.205s] -- Up-to-date symlink: /home/sh/projects/f1tenth_miru3/install/center_follow_cpp/share/center_follow_cpp/environment/path.dsv
[1.205s] -- Up-to-date symlink: /home/sh/projects/f1tenth_miru3/install/center_follow_cpp/share/center_follow_cpp/local_setup.bash
[1.206s] -- Up-to-date symlink: /home/sh/projects/f1tenth_miru3/install/center_follow_cpp/share/center_follow_cpp/local_setup.sh
[1.206s] -- Up-to-date symlink: /home/sh/projects/f1tenth_miru3/install/center_follow_cpp/share/center_follow_cpp/local_setup.zsh
[1.206s] -- Up-to-date symlink: /home/sh/projects/f1tenth_miru3/install/center_follow_cpp/share/center_follow_cpp/local_setup.dsv
[1.206s] -- Symlinking: /home/sh/projects/f1tenth_miru3/install/center_follow_cpp/share/center_follow_cpp/package.dsv
[1.223s] -- Up-to-date symlink: /home/sh/projects/f1tenth_miru3/install/center_follow_cpp/share/ament_index/resource_index/packages/center_follow_cpp
[1.226s] -- Up-to-date symlink: /home/sh/projects/f1tenth_miru3/install/center_follow_cpp/share/center_follow_cpp/cmake/center_follow_cppConfig.cmake
[1.226s] -- Up-to-date symlink: /home/sh/projects/f1tenth_miru3/install/center_follow_cpp/share/center_follow_cpp/cmake/center_follow_cppConfig-version.cmake
[1.227s] -- Up-to-date symlink: /home/sh/projects/f1tenth_miru3/install/center_follow_cpp/share/center_follow_cpp/package.xml
[1.269s] Invoked command in '/home/sh/projects/f1tenth_miru3/build/center_follow_cpp' returned '0': CMAKE_PREFIX_PATH=/opt/ros/humble /usr/bin/cmake --install /home/sh/projects/f1tenth_miru3/build/center_follow_cpp
