[0.172s] Invoking command in '/home/f1/f1tenth_ws/build/f1tenth_slam_nav': AMENT_PREFIX_PATH=/home/f1/f1tenth_ws/install/f1tenth_stack:/home/f1/f1tenth_ws/install/vesc:/home/f1/f1tenth_ws/install/vesc_driver:/home/f1/f1tenth_ws/install/vesc_ackermann:/home/f1/f1tenth_ws/install/joy_teleop:/home/f1/f1tenth_ws/install/vesc_msgs:/home/f1/f1tenth_ws/install/teleop_tools_msgs:/home/f1/f1tenth_ws/install/ackermann_mux:${AMENT_PREFIX_PATH} CMAKE_PREFIX_PATH=/home/f1/f1tenth_ws/install/vesc:/home/f1/f1tenth_ws/install/vesc_driver:/home/f1/f1tenth_ws/install/vesc_ackermann:/home/f1/f1tenth_ws/install/vesc_msgs:/home/f1/f1tenth_ws/install/teleop_tools_msgs:/home/f1/f1tenth_ws/install/ackermann_mux:/opt/ros/foxy LD_LIBRARY_PATH=/home/f1/f1tenth_ws/install/vesc_driver/lib:/home/f1/f1tenth_ws/install/vesc_ackermann/lib:/home/f1/f1tenth_ws/install/vesc_msgs/lib:/home/f1/f1tenth_ws/install/teleop_tools_msgs/lib:${LD_LIBRARY_PATH} PYTHONPATH=/home/f1/f1tenth_ws/build/f1tenth_stack:/home/f1/f1tenth_ws/install/f1tenth_stack/lib/python3.8/site-packages:/home/f1/f1tenth_ws/build/joy_teleop:/home/f1/f1tenth_ws/install/joy_teleop/lib/python3.8/site-packages:/home/f1/f1tenth_ws/install/vesc_msgs/lib/python3.8/site-packages:/home/f1/f1tenth_ws/install/teleop_tools_msgs/lib/python3.8/site-packages:${PYTHONPATH} /usr/bin/cmake --build /home/f1/f1tenth_ws/build/f1tenth_slam_nav -- -j6 -l6
[0.554s] [ 50%] Built target slam_nav_manager
[0.612s] Scanning dependencies of target high_frequency_localizer
[0.715s] [ 75%] Building CXX object CMakeFiles/high_frequency_localizer.dir/src/high_frequency_localizer.cpp.o
[70.931s] [100%] Linking CXX executable high_frequency_localizer
[71.994s] [100%] Built target high_frequency_localizer
[72.062s] Invoked command in '/home/f1/f1tenth_ws/build/f1tenth_slam_nav' returned '0': AMENT_PREFIX_PATH=/home/f1/f1tenth_ws/install/f1tenth_stack:/home/f1/f1tenth_ws/install/vesc:/home/f1/f1tenth_ws/install/vesc_driver:/home/f1/f1tenth_ws/install/vesc_ackermann:/home/f1/f1tenth_ws/install/joy_teleop:/home/f1/f1tenth_ws/install/vesc_msgs:/home/f1/f1tenth_ws/install/teleop_tools_msgs:/home/f1/f1tenth_ws/install/ackermann_mux:${AMENT_PREFIX_PATH} CMAKE_PREFIX_PATH=/home/f1/f1tenth_ws/install/vesc:/home/f1/f1tenth_ws/install/vesc_driver:/home/f1/f1tenth_ws/install/vesc_ackermann:/home/f1/f1tenth_ws/install/vesc_msgs:/home/f1/f1tenth_ws/install/teleop_tools_msgs:/home/f1/f1tenth_ws/install/ackermann_mux:/opt/ros/foxy LD_LIBRARY_PATH=/home/f1/f1tenth_ws/install/vesc_driver/lib:/home/f1/f1tenth_ws/install/vesc_ackermann/lib:/home/f1/f1tenth_ws/install/vesc_msgs/lib:/home/f1/f1tenth_ws/install/teleop_tools_msgs/lib:${LD_LIBRARY_PATH} PYTHONPATH=/home/f1/f1tenth_ws/build/f1tenth_stack:/home/f1/f1tenth_ws/install/f1tenth_stack/lib/python3.8/site-packages:/home/f1/f1tenth_ws/build/joy_teleop:/home/f1/f1tenth_ws/install/joy_teleop/lib/python3.8/site-packages:/home/f1/f1tenth_ws/install/vesc_msgs/lib/python3.8/site-packages:/home/f1/f1tenth_ws/install/teleop_tools_msgs/lib/python3.8/site-packages:${PYTHONPATH} /usr/bin/cmake --build /home/f1/f1tenth_ws/build/f1tenth_slam_nav -- -j6 -l6
[72.145s] Invoking command in '/home/f1/f1tenth_ws/build/f1tenth_slam_nav': AMENT_PREFIX_PATH=/home/f1/f1tenth_ws/install/f1tenth_stack:/home/f1/f1tenth_ws/install/vesc:/home/f1/f1tenth_ws/install/vesc_driver:/home/f1/f1tenth_ws/install/vesc_ackermann:/home/f1/f1tenth_ws/install/joy_teleop:/home/f1/f1tenth_ws/install/vesc_msgs:/home/f1/f1tenth_ws/install/teleop_tools_msgs:/home/f1/f1tenth_ws/install/ackermann_mux:${AMENT_PREFIX_PATH} CMAKE_PREFIX_PATH=/home/f1/f1tenth_ws/install/vesc:/home/f1/f1tenth_ws/install/vesc_driver:/home/f1/f1tenth_ws/install/vesc_ackermann:/home/f1/f1tenth_ws/install/vesc_msgs:/home/f1/f1tenth_ws/install/teleop_tools_msgs:/home/f1/f1tenth_ws/install/ackermann_mux:/opt/ros/foxy LD_LIBRARY_PATH=/home/f1/f1tenth_ws/install/vesc_driver/lib:/home/f1/f1tenth_ws/install/vesc_ackermann/lib:/home/f1/f1tenth_ws/install/vesc_msgs/lib:/home/f1/f1tenth_ws/install/teleop_tools_msgs/lib:${LD_LIBRARY_PATH} PYTHONPATH=/home/f1/f1tenth_ws/build/f1tenth_stack:/home/f1/f1tenth_ws/install/f1tenth_stack/lib/python3.8/site-packages:/home/f1/f1tenth_ws/build/joy_teleop:/home/f1/f1tenth_ws/install/joy_teleop/lib/python3.8/site-packages:/home/f1/f1tenth_ws/install/vesc_msgs/lib/python3.8/site-packages:/home/f1/f1tenth_ws/install/teleop_tools_msgs/lib/python3.8/site-packages:${PYTHONPATH} /usr/bin/cmake --install /home/f1/f1tenth_ws/build/f1tenth_slam_nav
[72.187s] -- Install configuration: "Release"
[72.190s] -- Execute custom install script
[72.194s] -- Symlinking: /home/f1/f1tenth_ws/install/f1tenth_slam_nav/share/f1tenth_slam_nav/launch//__pycache__/localization_launch.cpython-38.pyc
[72.254s] -- Up-to-date symlink: /home/f1/f1tenth_ws/install/f1tenth_slam_nav/share/f1tenth_slam_nav/launch//localization_launch.py
[72.255s] -- Up-to-date symlink: /home/f1/f1tenth_ws/install/f1tenth_slam_nav/share/f1tenth_slam_nav/launch//slam_launch.py
[72.257s] -- Up-to-date symlink: /home/f1/f1tenth_ws/install/f1tenth_slam_nav/share/f1tenth_slam_nav/launch//slam_nav_launch.py
[72.260s] -- Up-to-date symlink: /home/f1/f1tenth_ws/install/f1tenth_slam_nav/share/f1tenth_slam_nav/launch//slam_nav_manager_launch.py
[72.264s] -- Up-to-date symlink: /home/f1/f1tenth_ws/install/f1tenth_slam_nav/share/f1tenth_slam_nav/config//amcl_config.yaml
[72.265s] -- Up-to-date symlink: /home/f1/f1tenth_ws/install/f1tenth_slam_nav/share/f1tenth_slam_nav/config//cartographer_config.lua
[72.267s] -- Up-to-date symlink: /home/f1/f1tenth_ws/install/f1tenth_slam_nav/share/f1tenth_slam_nav/config//localization_with_path.rviz
[72.268s] -- Up-to-date symlink: /home/f1/f1tenth_ws/install/f1tenth_slam_nav/share/f1tenth_slam_nav/config//slam_toolbox_async_config.yaml
[72.270s] -- Up-to-date symlink: /home/f1/f1tenth_ws/install/f1tenth_slam_nav/share/f1tenth_slam_nav/config//slam_toolbox_config.yaml
[72.273s] -- Up-to-date symlink: /home/f1/f1tenth_ws/install/f1tenth_slam_nav/lib/f1tenth_slam_nav/slam_nav_manager
[72.275s] -- Symlinking: /home/f1/f1tenth_ws/install/f1tenth_slam_nav/lib/f1tenth_slam_nav/high_frequency_localizer
[72.333s] -- Symlinking: /home/f1/f1tenth_ws/install/f1tenth_slam_nav/lib/f1tenth_slam_nav/localization_performance_test.py
[72.390s] -- Symlinking: /home/f1/f1tenth_ws/install/f1tenth_slam_nav/lib/f1tenth_slam_nav/high_frequency_localization.py
[72.454s] -- Up-to-date symlink: /home/f1/f1tenth_ws/install/f1tenth_slam_nav/share/ament_index/resource_index/package_run_dependencies/f1tenth_slam_nav
[72.454s] -- Up-to-date symlink: /home/f1/f1tenth_ws/install/f1tenth_slam_nav/share/ament_index/resource_index/parent_prefix_path/f1tenth_slam_nav
[72.455s] -- Up-to-date symlink: /home/f1/f1tenth_ws/install/f1tenth_slam_nav/share/f1tenth_slam_nav/environment/ament_prefix_path.sh
[72.456s] -- Up-to-date symlink: /home/f1/f1tenth_ws/install/f1tenth_slam_nav/share/f1tenth_slam_nav/environment/ament_prefix_path.dsv
[72.457s] -- Up-to-date symlink: /home/f1/f1tenth_ws/install/f1tenth_slam_nav/share/f1tenth_slam_nav/environment/path.sh
[72.459s] -- Up-to-date symlink: /home/f1/f1tenth_ws/install/f1tenth_slam_nav/share/f1tenth_slam_nav/environment/path.dsv
[72.461s] -- Up-to-date symlink: /home/f1/f1tenth_ws/install/f1tenth_slam_nav/share/f1tenth_slam_nav/local_setup.bash
[72.464s] -- Up-to-date symlink: /home/f1/f1tenth_ws/install/f1tenth_slam_nav/share/f1tenth_slam_nav/local_setup.sh
[72.465s] -- Up-to-date symlink: /home/f1/f1tenth_ws/install/f1tenth_slam_nav/share/f1tenth_slam_nav/local_setup.zsh
[72.467s] -- Up-to-date symlink: /home/f1/f1tenth_ws/install/f1tenth_slam_nav/share/f1tenth_slam_nav/local_setup.dsv
[72.469s] -- Symlinking: /home/f1/f1tenth_ws/install/f1tenth_slam_nav/share/f1tenth_slam_nav/package.dsv
[72.525s] -- Up-to-date symlink: /home/f1/f1tenth_ws/install/f1tenth_slam_nav/share/ament_index/resource_index/packages/f1tenth_slam_nav
[72.527s] -- Up-to-date symlink: /home/f1/f1tenth_ws/install/f1tenth_slam_nav/share/f1tenth_slam_nav/cmake/f1tenth_slam_navConfig.cmake
[72.528s] -- Up-to-date symlink: /home/f1/f1tenth_ws/install/f1tenth_slam_nav/share/f1tenth_slam_nav/cmake/f1tenth_slam_navConfig-version.cmake
[72.530s] -- Up-to-date symlink: /home/f1/f1tenth_ws/install/f1tenth_slam_nav/share/f1tenth_slam_nav/package.xml
[72.544s] Invoked command in '/home/f1/f1tenth_ws/build/f1tenth_slam_nav' returned '0': AMENT_PREFIX_PATH=/home/f1/f1tenth_ws/install/f1tenth_stack:/home/f1/f1tenth_ws/install/vesc:/home/f1/f1tenth_ws/install/vesc_driver:/home/f1/f1tenth_ws/install/vesc_ackermann:/home/f1/f1tenth_ws/install/joy_teleop:/home/f1/f1tenth_ws/install/vesc_msgs:/home/f1/f1tenth_ws/install/teleop_tools_msgs:/home/f1/f1tenth_ws/install/ackermann_mux:${AMENT_PREFIX_PATH} CMAKE_PREFIX_PATH=/home/f1/f1tenth_ws/install/vesc:/home/f1/f1tenth_ws/install/vesc_driver:/home/f1/f1tenth_ws/install/vesc_ackermann:/home/f1/f1tenth_ws/install/vesc_msgs:/home/f1/f1tenth_ws/install/teleop_tools_msgs:/home/f1/f1tenth_ws/install/ackermann_mux:/opt/ros/foxy LD_LIBRARY_PATH=/home/f1/f1tenth_ws/install/vesc_driver/lib:/home/f1/f1tenth_ws/install/vesc_ackermann/lib:/home/f1/f1tenth_ws/install/vesc_msgs/lib:/home/f1/f1tenth_ws/install/teleop_tools_msgs/lib:${LD_LIBRARY_PATH} PYTHONPATH=/home/f1/f1tenth_ws/build/f1tenth_stack:/home/f1/f1tenth_ws/install/f1tenth_stack/lib/python3.8/site-packages:/home/f1/f1tenth_ws/build/joy_teleop:/home/f1/f1tenth_ws/install/joy_teleop/lib/python3.8/site-packages:/home/f1/f1tenth_ws/install/vesc_msgs/lib/python3.8/site-packages:/home/f1/f1tenth_ws/install/teleop_tools_msgs/lib/python3.8/site-packages:${PYTHONPATH} /usr/bin/cmake --install /home/f1/f1tenth_ws/build/f1tenth_slam_nav
