[0.915s] Invoking command in '/home/moon/sim_ws/build/centerline_planner': CONDA_PROMPT_MODIFIER=(f110) PYTHONPATH=/home/moon/sim_ws/build/centerline_planner/prefix_override:/usr/lib/python3/dist-packages/colcon_core/task/python/colcon_distutils_commands:/home/moon/sim_ws/install/centerline_planner/lib/python3.8/site-packages:${PYTHONPATH} /usr/bin/python3 -W ignore:setup.py install is deprecated -W ignore:easy_install command is deprecated setup.py develop --editable --build-directory /home/moon/sim_ws/build/centerline_planner/build --no-deps symlink_data --force
[1.091s] running develop
[1.171s] running egg_info
[1.171s] writing centerline_planner.egg-info/PKG-INFO
[1.171s] writing dependency_links to centerline_planner.egg-info/dependency_links.txt
[1.171s] writing entry points to centerline_planner.egg-info/entry_points.txt
[1.171s] writing requirements to centerline_planner.egg-info/requires.txt
[1.171s] writing top-level names to centerline_planner.egg-info/top_level.txt
[1.191s] reading manifest file 'centerline_planner.egg-info/SOURCES.txt'
[1.191s] writing manifest file 'centerline_planner.egg-info/SOURCES.txt'
[1.211s] running build_ext
[1.211s] Creating /home/moon/sim_ws/install/centerline_planner/lib/python3.8/site-packages/site.py
[1.213s] Creating /home/moon/sim_ws/install/centerline_planner/lib/python3.8/site-packages/centerline-planner.egg-link (link to .)
[1.214s] Installing centerline_pub script to /home/moon/sim_ws/install/centerline_planner/lib/centerline_planner
[1.214s] Installing path_pure_pursuit script to /home/moon/sim_ws/install/centerline_planner/lib/centerline_planner
[1.214s] 
[1.215s] Installed /home/moon/sim_ws/build/centerline_planner
[1.215s] running symlink_data
[1.216s] symbolically linking /home/moon/sim_ws/build/centerline_planner/resource/centerline_planner -> /home/moon/sim_ws/install/centerline_planner/share/ament_index/resource_index/packages
[1.216s] symbolically linking /home/moon/sim_ws/build/centerline_planner/package.xml -> /home/moon/sim_ws/install/centerline_planner/share/centerline_planner
[1.216s] symbolically linking /home/moon/sim_ws/build/centerline_planner/launch/centerline_follow.launch.py -> /home/moon/sim_ws/install/centerline_planner/share/centerline_planner/launch
[1.233s] Invoked command in '/home/moon/sim_ws/build/centerline_planner' returned '0': CONDA_PROMPT_MODIFIER=(f110) PYTHONPATH=/home/moon/sim_ws/build/centerline_planner/prefix_override:/usr/lib/python3/dist-packages/colcon_core/task/python/colcon_distutils_commands:/home/moon/sim_ws/install/centerline_planner/lib/python3.8/site-packages:${PYTHONPATH} /usr/bin/python3 -W ignore:setup.py install is deprecated -W ignore:easy_install command is deprecated setup.py develop --editable --build-directory /home/moon/sim_ws/build/centerline_planner/build --no-deps symlink_data --force
