[0.542s] Invoking command in '/home/moon/sim_ws/build/disparity_autodrive': CMAKE_PREFIX_PATH=${CMAKE_PREFIX_PATH}:/home/moon/sim_ws/install/bubble_memory:/home/moon/sim_ws/install/dyn_obstacle_detector:/home/moon/sim_ws/install/centerline_planner:/home/moon/sim_ws/install/f1tenth_gym_ros:/opt/ros/foxy CONDA_PROMPT_MODIFIER=(f110) /usr/bin/cmake --build /home/moon/sim_ws/build/disparity_autodrive -- -j16 -l16
[0.682s] [100%] Built target disparity_autodrive_node
[0.684s] Invoked command in '/home/moon/sim_ws/build/disparity_autodrive' returned '0': CMAKE_PREFIX_PATH=${CMAKE_PREFIX_PATH}:/home/moon/sim_ws/install/bubble_memory:/home/moon/sim_ws/install/dyn_obstacle_detector:/home/moon/sim_ws/install/centerline_planner:/home/moon/sim_ws/install/f1tenth_gym_ros:/opt/ros/foxy CONDA_PROMPT_MODIFIER=(f110) /usr/bin/cmake --build /home/moon/sim_ws/build/disparity_autodrive -- -j16 -l16
[0.692s] Invoking command in '/home/moon/sim_ws/build/disparity_autodrive': CMAKE_PREFIX_PATH=${CMAKE_PREFIX_PATH}:/home/moon/sim_ws/install/bubble_memory:/home/moon/sim_ws/install/dyn_obstacle_detector:/home/moon/sim_ws/install/centerline_planner:/home/moon/sim_ws/install/f1tenth_gym_ros:/opt/ros/foxy CONDA_PROMPT_MODIFIER=(f110) /usr/bin/cmake --install /home/moon/sim_ws/build/disparity_autodrive
[0.702s] -- Install configuration: ""
[0.703s] -- Up-to-date: /home/moon/sim_ws/install/disparity_autodrive/lib/disparity_autodrive/disparity_autodrive_node
[0.704s] -- Up-to-date: /home/moon/sim_ws/install/disparity_autodrive/share/ament_index/resource_index/package_run_dependencies/disparity_autodrive
[0.707s] -- Up-to-date: /home/moon/sim_ws/install/disparity_autodrive/share/ament_index/resource_index/parent_prefix_path/disparity_autodrive
[0.708s] -- Up-to-date: /home/moon/sim_ws/install/disparity_autodrive/share/disparity_autodrive/environment/ament_prefix_path.sh
[0.709s] -- Up-to-date: /home/moon/sim_ws/install/disparity_autodrive/share/disparity_autodrive/environment/ament_prefix_path.dsv
[0.710s] -- Up-to-date: /home/moon/sim_ws/install/disparity_autodrive/share/disparity_autodrive/environment/path.sh
[0.711s] -- Up-to-date: /home/moon/sim_ws/install/disparity_autodrive/share/disparity_autodrive/environment/path.dsv
[0.714s] -- Up-to-date: /home/moon/sim_ws/install/disparity_autodrive/share/disparity_autodrive/local_setup.bash
[0.715s] -- Up-to-date: /home/moon/sim_ws/install/disparity_autodrive/share/disparity_autodrive/local_setup.sh
[0.716s] -- Up-to-date: /home/moon/sim_ws/install/disparity_autodrive/share/disparity_autodrive/local_setup.zsh
[0.716s] -- Up-to-date: /home/moon/sim_ws/install/disparity_autodrive/share/disparity_autodrive/local_setup.dsv
[0.719s] -- Installing: /home/moon/sim_ws/install/disparity_autodrive/share/disparity_autodrive/package.dsv
[0.720s] -- Up-to-date: /home/moon/sim_ws/install/disparity_autodrive/share/ament_index/resource_index/packages/disparity_autodrive
[0.721s] -- Up-to-date: /home/moon/sim_ws/install/disparity_autodrive/share/disparity_autodrive/cmake/disparity_autodriveConfig.cmake
[0.721s] -- Up-to-date: /home/moon/sim_ws/install/disparity_autodrive/share/disparity_autodrive/cmake/disparity_autodriveConfig-version.cmake
[0.722s] -- Up-to-date: /home/moon/sim_ws/install/disparity_autodrive/share/disparity_autodrive/package.xml
[0.734s] Invoked command in '/home/moon/sim_ws/build/disparity_autodrive' returned '0': CMAKE_PREFIX_PATH=${CMAKE_PREFIX_PATH}:/home/moon/sim_ws/install/bubble_memory:/home/moon/sim_ws/install/dyn_obstacle_detector:/home/moon/sim_ws/install/centerline_planner:/home/moon/sim_ws/install/f1tenth_gym_ros:/opt/ros/foxy CONDA_PROMPT_MODIFIER=(f110) /usr/bin/cmake --install /home/moon/sim_ws/build/disparity_autodrive
