[3.973s] Invoking command in '/home/f1/f1tenth_ws/build/f1tenth_stack': AMENT_PREFIX_PATH=/home/f1/f1tenth_ws/install/vesc:/home/f1/f1tenth_ws/install/vesc_driver:/home/f1/f1tenth_ws/install/vesc_ackermann:/home/f1/f1tenth_ws/install/joy_teleop:/home/f1/f1tenth_ws/install/vesc_msgs:/home/f1/f1tenth_ws/install/teleop_tools_msgs:/home/f1/f1tenth_ws/install/ackermann_mux:${AMENT_PREFIX_PATH} CMAKE_PREFIX_PATH=/home/f1/f1tenth_ws/install/vesc:/home/f1/f1tenth_ws/install/vesc_driver:/home/f1/f1tenth_ws/install/vesc_ackermann:/home/f1/f1tenth_ws/install/vesc_msgs:/home/f1/f1tenth_ws/install/teleop_tools_msgs:/home/f1/f1tenth_ws/install/ackermann_mux CONDA_PROMPT_MODIFIER=(base) LD_LIBRARY_PATH=/home/f1/f1tenth_ws/install/vesc_driver/lib:/home/f1/f1tenth_ws/install/vesc_ackermann/lib:/home/f1/f1tenth_ws/install/vesc_msgs/lib:/home/f1/f1tenth_ws/install/teleop_tools_msgs/lib:${LD_LIBRARY_PATH} PYTHONPATH=/home/f1/f1tenth_ws/build/f1tenth_stack/prefix_override:/usr/lib/python3/dist-packages/colcon_core/task/python/colcon_distutils_commands:/home/f1/f1tenth_ws/install/f1tenth_stack/lib/python3.8/site-packages:/home/f1/f1tenth_ws/build/joy_teleop:/home/f1/f1tenth_ws/install/joy_teleop/lib/python3.8/site-packages:/home/f1/f1tenth_ws/install/vesc_msgs/lib/python3.8/site-packages:/home/f1/f1tenth_ws/install/teleop_tools_msgs/lib/python3.8/site-packages:${PYTHONPATH} /usr/bin/python3 -W ignore:setup.py install is deprecated -W ignore:easy_install command is deprecated setup.py develop --uninstall --editable --build-directory /home/f1/f1tenth_ws/build/f1tenth_stack/build
[5.377s] running develop
[6.204s] Removing /home/f1/f1tenth_ws/install/f1tenth_stack/lib/python3.8/site-packages/f1tenth-stack.egg-link (link to .)
[6.320s] Invoked command in '/home/f1/f1tenth_ws/build/f1tenth_stack' returned '0': AMENT_PREFIX_PATH=/home/f1/f1tenth_ws/install/vesc:/home/f1/f1tenth_ws/install/vesc_driver:/home/f1/f1tenth_ws/install/vesc_ackermann:/home/f1/f1tenth_ws/install/joy_teleop:/home/f1/f1tenth_ws/install/vesc_msgs:/home/f1/f1tenth_ws/install/teleop_tools_msgs:/home/f1/f1tenth_ws/install/ackermann_mux:${AMENT_PREFIX_PATH} CMAKE_PREFIX_PATH=/home/f1/f1tenth_ws/install/vesc:/home/f1/f1tenth_ws/install/vesc_driver:/home/f1/f1tenth_ws/install/vesc_ackermann:/home/f1/f1tenth_ws/install/vesc_msgs:/home/f1/f1tenth_ws/install/teleop_tools_msgs:/home/f1/f1tenth_ws/install/ackermann_mux CONDA_PROMPT_MODIFIER=(base) LD_LIBRARY_PATH=/home/f1/f1tenth_ws/install/vesc_driver/lib:/home/f1/f1tenth_ws/install/vesc_ackermann/lib:/home/f1/f1tenth_ws/install/vesc_msgs/lib:/home/f1/f1tenth_ws/install/teleop_tools_msgs/lib:${LD_LIBRARY_PATH} PYTHONPATH=/home/f1/f1tenth_ws/build/f1tenth_stack/prefix_override:/usr/lib/python3/dist-packages/colcon_core/task/python/colcon_distutils_commands:/home/f1/f1tenth_ws/install/f1tenth_stack/lib/python3.8/site-packages:/home/f1/f1tenth_ws/build/joy_teleop:/home/f1/f1tenth_ws/install/joy_teleop/lib/python3.8/site-packages:/home/f1/f1tenth_ws/install/vesc_msgs/lib/python3.8/site-packages:/home/f1/f1tenth_ws/install/teleop_tools_msgs/lib/python3.8/site-packages:${PYTHONPATH} /usr/bin/python3 -W ignore:setup.py install is deprecated -W ignore:easy_install command is deprecated setup.py develop --uninstall --editable --build-directory /home/f1/f1tenth_ws/build/f1tenth_stack/build
[6.342s] Invoking command in '/home/f1/f1tenth_ws/src/f1tenth_system/f1tenth_stack': AMENT_PREFIX_PATH=/home/f1/f1tenth_ws/install/vesc:/home/f1/f1tenth_ws/install/vesc_driver:/home/f1/f1tenth_ws/install/vesc_ackermann:/home/f1/f1tenth_ws/install/joy_teleop:/home/f1/f1tenth_ws/install/vesc_msgs:/home/f1/f1tenth_ws/install/teleop_tools_msgs:/home/f1/f1tenth_ws/install/ackermann_mux:${AMENT_PREFIX_PATH} CMAKE_PREFIX_PATH=/home/f1/f1tenth_ws/install/vesc:/home/f1/f1tenth_ws/install/vesc_driver:/home/f1/f1tenth_ws/install/vesc_ackermann:/home/f1/f1tenth_ws/install/vesc_msgs:/home/f1/f1tenth_ws/install/teleop_tools_msgs:/home/f1/f1tenth_ws/install/ackermann_mux CONDA_PROMPT_MODIFIER=(base) LD_LIBRARY_PATH=/home/f1/f1tenth_ws/install/vesc_driver/lib:/home/f1/f1tenth_ws/install/vesc_ackermann/lib:/home/f1/f1tenth_ws/install/vesc_msgs/lib:/home/f1/f1tenth_ws/install/teleop_tools_msgs/lib:${LD_LIBRARY_PATH} PYTHONPATH=/home/f1/f1tenth_ws/build/f1tenth_stack/prefix_override:/usr/lib/python3/dist-packages/colcon_core/task/python/colcon_distutils_commands:/home/f1/f1tenth_ws/install/f1tenth_stack/lib/python3.8/site-packages:/home/f1/f1tenth_ws/build/joy_teleop:/home/f1/f1tenth_ws/install/joy_teleop/lib/python3.8/site-packages:/home/f1/f1tenth_ws/install/vesc_msgs/lib/python3.8/site-packages:/home/f1/f1tenth_ws/install/teleop_tools_msgs/lib/python3.8/site-packages:${PYTHONPATH} /usr/bin/python3 -W ignore:setup.py install is deprecated -W ignore:easy_install command is deprecated setup.py egg_info --egg-base ../../../build/f1tenth_stack build --build-base /home/f1/f1tenth_ws/build/f1tenth_stack/build install --record /home/f1/f1tenth_ws/build/f1tenth_stack/install.log --install-scripts $base/lib/f1tenth_stack --single-version-externally-managed install_data --force
[7.644s] running egg_info
[7.648s] writing ../../../build/f1tenth_stack/f1tenth_stack.egg-info/PKG-INFO
[7.651s] writing dependency_links to ../../../build/f1tenth_stack/f1tenth_stack.egg-info/dependency_links.txt
[7.653s] writing entry points to ../../../build/f1tenth_stack/f1tenth_stack.egg-info/entry_points.txt
[7.655s] writing requirements to ../../../build/f1tenth_stack/f1tenth_stack.egg-info/requires.txt
[7.657s] writing top-level names to ../../../build/f1tenth_stack/f1tenth_stack.egg-info/top_level.txt
[7.848s] reading manifest file '../../../build/f1tenth_stack/f1tenth_stack.egg-info/SOURCES.txt'
[7.854s] writing manifest file '../../../build/f1tenth_stack/f1tenth_stack.egg-info/SOURCES.txt'
[7.855s] running build
[7.856s] running build_py
[7.858s] running install
[7.862s] running install_lib
[7.867s] creating /home/f1/f1tenth_ws/install/f1tenth_stack/lib/python3.8/site-packages/f1tenth_stack
[7.868s] copying /home/f1/f1tenth_ws/build/f1tenth_stack/build/lib/f1tenth_stack/__init__.py -> /home/f1/f1tenth_ws/install/f1tenth_stack/lib/python3.8/site-packages/f1tenth_stack
[7.869s] copying /home/f1/f1tenth_ws/build/f1tenth_stack/build/lib/f1tenth_stack/vesc_imu_bridge.py -> /home/f1/f1tenth_ws/install/f1tenth_stack/lib/python3.8/site-packages/f1tenth_stack
[7.869s] copying /home/f1/f1tenth_ws/build/f1tenth_stack/build/lib/f1tenth_stack/throttle_interpolator.py -> /home/f1/f1tenth_ws/install/f1tenth_stack/lib/python3.8/site-packages/f1tenth_stack
[7.870s] copying /home/f1/f1tenth_ws/build/f1tenth_stack/build/lib/f1tenth_stack/car_visualizer.py -> /home/f1/f1tenth_ws/install/f1tenth_stack/lib/python3.8/site-packages/f1tenth_stack
[7.871s] copying /home/f1/f1tenth_ws/build/f1tenth_stack/build/lib/f1tenth_stack/tf_publisher.py -> /home/f1/f1tenth_ws/install/f1tenth_stack/lib/python3.8/site-packages/f1tenth_stack
[7.874s] byte-compiling /home/f1/f1tenth_ws/install/f1tenth_stack/lib/python3.8/site-packages/f1tenth_stack/__init__.py to __init__.cpython-38.pyc
[7.881s] byte-compiling /home/f1/f1tenth_ws/install/f1tenth_stack/lib/python3.8/site-packages/f1tenth_stack/vesc_imu_bridge.py to vesc_imu_bridge.cpython-38.pyc
[7.886s] byte-compiling /home/f1/f1tenth_ws/install/f1tenth_stack/lib/python3.8/site-packages/f1tenth_stack/throttle_interpolator.py to throttle_interpolator.cpython-38.pyc
[7.890s] byte-compiling /home/f1/f1tenth_ws/install/f1tenth_stack/lib/python3.8/site-packages/f1tenth_stack/car_visualizer.py to car_visualizer.cpython-38.pyc
[7.893s] byte-compiling /home/f1/f1tenth_ws/install/f1tenth_stack/lib/python3.8/site-packages/f1tenth_stack/tf_publisher.py to tf_publisher.cpython-38.pyc
[7.896s] running install_data
[7.897s] copying resource/f1tenth_stack -> /home/f1/f1tenth_ws/install/f1tenth_stack/share/ament_index/resource_index/packages
[7.898s] copying package.xml -> /home/f1/f1tenth_ws/install/f1tenth_stack/share/f1tenth_stack
[7.899s] copying launch/amcl_localization_launch.py -> /home/f1/f1tenth_ws/install/f1tenth_stack/share/f1tenth_stack/launch
[7.900s] copying launch/joon_launch.py -> /home/f1/f1tenth_ws/install/f1tenth_stack/share/f1tenth_stack/launch
[7.901s] copying launch/simple_car_viz.launch.py -> /home/f1/f1tenth_ws/install/f1tenth_stack/share/f1tenth_stack/launch
[7.902s] copying launch/carto_launch.py -> /home/f1/f1tenth_ws/install/f1tenth_stack/share/f1tenth_stack/launch
[7.902s] copying launch/occupancy_grid.launch.py -> /home/f1/f1tenth_ws/install/f1tenth_stack/share/f1tenth_stack/launch
[7.903s] copying launch/bringup_launch.py -> /home/f1/f1tenth_ws/install/f1tenth_stack/share/f1tenth_stack/launch
[7.904s] copying config/mux.yaml -> /home/f1/f1tenth_ws/install/f1tenth_stack/share/f1tenth_stack/config
[7.905s] copying config/joy_teleop.yaml -> /home/f1/f1tenth_ws/install/f1tenth_stack/share/f1tenth_stack/config
[7.906s] copying config/f1tenth_online_async.yaml -> /home/f1/f1tenth_ws/install/f1tenth_stack/share/f1tenth_stack/config
[7.907s] copying config/sensors.yaml -> /home/f1/f1tenth_ws/install/f1tenth_stack/share/f1tenth_stack/config
[7.908s] copying config/vesc.yaml -> /home/f1/f1tenth_ws/install/f1tenth_stack/share/f1tenth_stack/config
[7.909s] copying config/f110_2d.lua -> /home/f1/f1tenth_ws/install/f1tenth_stack/share/f1tenth_stack/config
[7.909s] running install_egg_info
[7.920s] Copying ../../../build/f1tenth_stack/f1tenth_stack.egg-info to /home/f1/f1tenth_ws/install/f1tenth_stack/lib/python3.8/site-packages/f1tenth_stack-0.0.1-py3.8.egg-info
[7.931s] running install_scripts
[8.015s] Installing car_visualizer.py script to /home/f1/f1tenth_ws/install/f1tenth_stack/lib/f1tenth_stack
[8.016s] Installing tf_publisher script to /home/f1/f1tenth_ws/install/f1tenth_stack/lib/f1tenth_stack
[8.017s] Installing throttle_interpolator script to /home/f1/f1tenth_ws/install/f1tenth_stack/lib/f1tenth_stack
[8.018s] Installing vesc_imu_bridge script to /home/f1/f1tenth_ws/install/f1tenth_stack/lib/f1tenth_stack
[8.020s] writing list of installed files to '/home/f1/f1tenth_ws/build/f1tenth_stack/install.log'
[8.124s] Invoked command in '/home/f1/f1tenth_ws/src/f1tenth_system/f1tenth_stack' returned '0': AMENT_PREFIX_PATH=/home/f1/f1tenth_ws/install/vesc:/home/f1/f1tenth_ws/install/vesc_driver:/home/f1/f1tenth_ws/install/vesc_ackermann:/home/f1/f1tenth_ws/install/joy_teleop:/home/f1/f1tenth_ws/install/vesc_msgs:/home/f1/f1tenth_ws/install/teleop_tools_msgs:/home/f1/f1tenth_ws/install/ackermann_mux:${AMENT_PREFIX_PATH} CMAKE_PREFIX_PATH=/home/f1/f1tenth_ws/install/vesc:/home/f1/f1tenth_ws/install/vesc_driver:/home/f1/f1tenth_ws/install/vesc_ackermann:/home/f1/f1tenth_ws/install/vesc_msgs:/home/f1/f1tenth_ws/install/teleop_tools_msgs:/home/f1/f1tenth_ws/install/ackermann_mux CONDA_PROMPT_MODIFIER=(base) LD_LIBRARY_PATH=/home/f1/f1tenth_ws/install/vesc_driver/lib:/home/f1/f1tenth_ws/install/vesc_ackermann/lib:/home/f1/f1tenth_ws/install/vesc_msgs/lib:/home/f1/f1tenth_ws/install/teleop_tools_msgs/lib:${LD_LIBRARY_PATH} PYTHONPATH=/home/f1/f1tenth_ws/build/f1tenth_stack/prefix_override:/usr/lib/python3/dist-packages/colcon_core/task/python/colcon_distutils_commands:/home/f1/f1tenth_ws/install/f1tenth_stack/lib/python3.8/site-packages:/home/f1/f1tenth_ws/build/joy_teleop:/home/f1/f1tenth_ws/install/joy_teleop/lib/python3.8/site-packages:/home/f1/f1tenth_ws/install/vesc_msgs/lib/python3.8/site-packages:/home/f1/f1tenth_ws/install/teleop_tools_msgs/lib/python3.8/site-packages:${PYTHONPATH} /usr/bin/python3 -W ignore:setup.py install is deprecated -W ignore:easy_install command is deprecated setup.py egg_info --egg-base ../../../build/f1tenth_stack build --build-base /home/f1/f1tenth_ws/build/f1tenth_stack/build install --record /home/f1/f1tenth_ws/build/f1tenth_stack/install.log --install-scripts $base/lib/f1tenth_stack --single-version-externally-managed install_data --force
