[0.070s] Invoking command in '/home/f1/f1tenth_ws/build/pure_pursuit': CMAKE_PREFIX_PATH=/opt/ros/foxy CONDA_PROMPT_MODIFIER=(base) /usr/bin/cmake /home/f1/f1tenth_ws/src/pure_pursuit -DCMAKE_INSTALL_PREFIX=/home/f1/f1tenth_ws/install/pure_pursuit
[0.155s] -- Found ament_cmake: 0.9.12 (/opt/ros/foxy/share/ament_cmake/cmake)
[0.253s] -- Using PYTHON_EXECUTABLE: /home/f1/miniconda3/bin/python3
[1.189s] -- Found rclcpp: 2.4.3 (/opt/ros/foxy/share/rclcpp/cmake)
[1.420s] -- Using all available rosidl_typesupport_c: rosidl_typesupport_fastrtps_c;rosidl_typesupport_introspection_c
[1.443s] -- Found rosidl_adapter: 1.3.1 (/opt/ros/foxy/share/rosidl_adapter/cmake)
[1.919s] -- Using all available rosidl_typesupport_cpp: rosidl_typesupport_fastrtps_cpp;rosidl_typesupport_introspection_cpp
[2.190s] -- Found rmw_implementation_cmake: 1.0.4 (/opt/ros/foxy/share/rmw_implementation_cmake/cmake)
[2.196s] -- Using RMW implementation 'rmw_fastrtps_cpp' as default
[2.883s] -- Found geometry_msgs: 2.0.5 (/opt/ros/foxy/share/geometry_msgs/cmake)
[3.036s] -- Found nav_msgs: 2.0.5 (/opt/ros/foxy/share/nav_msgs/cmake)
[3.341s] -- Found ackermann_msgs: 2.0.2 (/opt/ros/foxy/share/ackermann_msgs/cmake)
[3.496s] -- Found tf2: 0.13.14 (/opt/ros/foxy/share/tf2/cmake)
[3.545s] -- Found tf2_ros: 0.13.14 (/opt/ros/foxy/share/tf2_ros/cmake)
[4.911s] -- Found tf2_geometry_msgs: 0.13.14 (/opt/ros/foxy/share/tf2_geometry_msgs/cmake)
[4.938s] -- Found eigen3_cmake_module: 0.1.1 (/opt/ros/foxy/share/eigen3_cmake_module/cmake)
[5.062s] -- Found ament_lint_auto: 0.9.8 (/opt/ros/foxy/share/ament_lint_auto/cmake)
[5.663s] -- Added test 'copyright' to check source files copyright and LICENSE
[5.670s] -- Added test 'cppcheck' to perform static code analysis on C / C++ code
[5.676s] -- Configured cppcheck include dirs: /home/f1/f1tenth_ws/src/pure_pursuit/include
[5.677s] -- Configured cppcheck exclude dirs and/or files: 
[5.681s] -- Added test 'cpplint' to check C / C++ code against the Google style
[5.682s] -- Configured cpplint exclude dirs and/or files: 
[5.686s] -- Added test 'lint_cmake' to check CMake code style
[5.691s] -- Added test 'uncrustify' to check C / C++ code style
[5.692s] -- Configured uncrustify additional arguments: 
[5.693s] -- Added test 'xmllint' to check XML markup files
[5.727s] -- Configuring done
[5.820s] -- Generating done
[5.860s] -- Build files have been written to: /home/f1/f1tenth_ws/build/pure_pursuit
[5.903s] Invoked command in '/home/f1/f1tenth_ws/build/pure_pursuit' returned '0': CMAKE_PREFIX_PATH=/opt/ros/foxy CONDA_PROMPT_MODIFIER=(base) /usr/bin/cmake /home/f1/f1tenth_ws/src/pure_pursuit -DCMAKE_INSTALL_PREFIX=/home/f1/f1tenth_ws/install/pure_pursuit
[5.918s] Invoking command in '/home/f1/f1tenth_ws/build/pure_pursuit': CMAKE_PREFIX_PATH=/opt/ros/foxy CONDA_PROMPT_MODIFIER=(base) /usr/bin/cmake --build /home/f1/f1tenth_ws/build/pure_pursuit -- -j6 -l6
[6.530s] Scanning dependencies of target pure_pursuit_node
[6.629s] [ 50%] Building CXX object CMakeFiles/pure_pursuit_node.dir/src/pure_pursuit_node.cpp.o
[7.412s] /home/f1/f1tenth_ws/src/pure_pursuit/src/pure_pursuit_node.cpp:7:10: fatal error: tf2_ros/transform_listener.hpp: No such file or directory
[7.413s]     7 | #include <tf2_ros/transform_listener.hpp>
[7.413s]       |          ^~~~~~~~~~~~~~~~~~~~~~~~~~~~~~~~
[7.414s] compilation terminated.
[7.423s] make[2]: *** [CMakeFiles/pure_pursuit_node.dir/build.make:63: CMakeFiles/pure_pursuit_node.dir/src/pure_pursuit_node.cpp.o] Error 1
[7.424s] make[1]: *** [CMakeFiles/Makefile2:78: CMakeFiles/pure_pursuit_node.dir/all] Error 2
[7.427s] make: *** [Makefile:141: all] Error 2
[7.441s] Invoked command in '/home/f1/f1tenth_ws/build/pure_pursuit' returned '2': CMAKE_PREFIX_PATH=/opt/ros/foxy CONDA_PROMPT_MODIFIER=(base) /usr/bin/cmake --build /home/f1/f1tenth_ws/build/pure_pursuit -- -j6 -l6
