[0.043s] Invoking command in '/home/sh/projects/f1tenth_miru3/build/ackermann_mux': CMAKE_PREFIX_PATH=${CMAKE_PREFIX_PATH}:/home/sh/projects/f1tenth_miru3/install/joy_teleop:/home/sh/projects/f1tenth_miru3/install/pygame_key_teleop:/home/sh/projects/f1tenth_miru3/install/mouse_teleop:/home/sh/projects/f1tenth_miru3/install/key_teleop:/home/sh/projects/f1tenth_miru3/install/forza_map_controller:/home/sh/f1tenth_ws/install/f1tenth_gym_ros:/opt/ros/humble /usr/bin/cmake --build /home/sh/projects/f1tenth_miru3/build/ackermann_mux -- -j16 -l16
[0.685s] [100%] Built target ackermann_mux
[0.864s] Invoked command in '/home/sh/projects/f1tenth_miru3/build/ackermann_mux' returned '0': CMAKE_PREFIX_PATH=${CMAKE_PREFIX_PATH}:/home/sh/projects/f1tenth_miru3/install/joy_teleop:/home/sh/projects/f1tenth_miru3/install/pygame_key_teleop:/home/sh/projects/f1tenth_miru3/install/mouse_teleop:/home/sh/projects/f1tenth_miru3/install/key_teleop:/home/sh/projects/f1tenth_miru3/install/forza_map_controller:/home/sh/f1tenth_ws/install/f1tenth_gym_ros:/opt/ros/humble /usr/bin/cmake --build /home/sh/projects/f1tenth_miru3/build/ackermann_mux -- -j16 -l16
[0.872s] Invoking command in '/home/sh/projects/f1tenth_miru3/build/ackermann_mux': CMAKE_PREFIX_PATH=${CMAKE_PREFIX_PATH}:/home/sh/projects/f1tenth_miru3/install/joy_teleop:/home/sh/projects/f1tenth_miru3/install/pygame_key_teleop:/home/sh/projects/f1tenth_miru3/install/mouse_teleop:/home/sh/projects/f1tenth_miru3/install/key_teleop:/home/sh/projects/f1tenth_miru3/install/forza_map_controller:/home/sh/f1tenth_ws/install/f1tenth_gym_ros:/opt/ros/humble /usr/bin/cmake --install /home/sh/projects/f1tenth_miru3/build/ackermann_mux
[0.892s] -- Install configuration: ""
[0.892s] -- Execute custom install script
[0.892s] -- Up-to-date symlink: /home/sh/projects/f1tenth_miru3/install/ackermann_mux/lib/ackermann_mux/ackermann_mux
[0.892s] -- Up-to-date symlink: /home/sh/projects/f1tenth_miru3/install/ackermann_mux/share/ackermann_mux/launch/ackermann_mux_launch.py
[0.892s] -- Up-to-date symlink: /home/sh/projects/f1tenth_miru3/install/ackermann_mux/share/ackermann_mux/config/ackermann_mux_locks.yaml
[0.892s] -- Up-to-date symlink: /home/sh/projects/f1tenth_miru3/install/ackermann_mux/share/ackermann_mux/config/ackermann_mux_topics.yaml
[0.893s] -- Up-to-date symlink: /home/sh/projects/f1tenth_miru3/install/ackermann_mux/share/ackermann_mux/config/joystick.yaml
[0.893s] -- Up-to-date symlink: /home/sh/projects/f1tenth_miru3/install/ackermann_mux/include/ackermann_mux/ackermann_mux.hpp
[0.893s] -- Up-to-date symlink: /home/sh/projects/f1tenth_miru3/install/ackermann_mux/include/ackermann_mux/ackermann_mux_diagnostics.hpp
[0.893s] -- Up-to-date symlink: /home/sh/projects/f1tenth_miru3/install/ackermann_mux/include/ackermann_mux/ackermann_mux_diagnostics_status.hpp
[0.893s] -- Up-to-date symlink: /home/sh/projects/f1tenth_miru3/install/ackermann_mux/include/ackermann_mux/params_helpers.hpp
[0.893s] -- Up-to-date symlink: /home/sh/projects/f1tenth_miru3/install/ackermann_mux/include/ackermann_mux/topic_handle.hpp
[0.893s] -- Up-to-date symlink: /home/sh/projects/f1tenth_miru3/install/ackermann_mux/include/ackermann_mux/utils.hpp
[0.893s] -- Up-to-date symlink: /home/sh/projects/f1tenth_miru3/install/ackermann_mux/share/ament_index/resource_index/package_run_dependencies/ackermann_mux
[0.893s] -- Up-to-date symlink: /home/sh/projects/f1tenth_miru3/install/ackermann_mux/share/ament_index/resource_index/parent_prefix_path/ackermann_mux
[0.893s] -- Up-to-date symlink: /home/sh/projects/f1tenth_miru3/install/ackermann_mux/share/ackermann_mux/environment/ament_prefix_path.sh
[0.894s] -- Up-to-date symlink: /home/sh/projects/f1tenth_miru3/install/ackermann_mux/share/ackermann_mux/environment/ament_prefix_path.dsv
[0.894s] -- Up-to-date symlink: /home/sh/projects/f1tenth_miru3/install/ackermann_mux/share/ackermann_mux/environment/path.sh
[0.894s] -- Up-to-date symlink: /home/sh/projects/f1tenth_miru3/install/ackermann_mux/share/ackermann_mux/environment/path.dsv
[0.894s] -- Up-to-date symlink: /home/sh/projects/f1tenth_miru3/install/ackermann_mux/share/ackermann_mux/local_setup.bash
[0.894s] -- Up-to-date symlink: /home/sh/projects/f1tenth_miru3/install/ackermann_mux/share/ackermann_mux/local_setup.sh
[0.894s] -- Up-to-date symlink: /home/sh/projects/f1tenth_miru3/install/ackermann_mux/share/ackermann_mux/local_setup.zsh
[0.894s] -- Up-to-date symlink: /home/sh/projects/f1tenth_miru3/install/ackermann_mux/share/ackermann_mux/local_setup.dsv
[0.895s] -- Symlinking: /home/sh/projects/f1tenth_miru3/install/ackermann_mux/share/ackermann_mux/package.dsv
[0.900s] -- Up-to-date symlink: /home/sh/projects/f1tenth_miru3/install/ackermann_mux/share/ament_index/resource_index/packages/ackermann_mux
[0.900s] -- Up-to-date symlink: /home/sh/projects/f1tenth_miru3/install/ackermann_mux/share/ackermann_mux/cmake/ament_cmake_export_include_directories-extras.cmake
[0.900s] -- Up-to-date symlink: /home/sh/projects/f1tenth_miru3/install/ackermann_mux/share/ackermann_mux/cmake/ament_cmake_export_dependencies-extras.cmake
[0.901s] -- Up-to-date symlink: /home/sh/projects/f1tenth_miru3/install/ackermann_mux/share/ackermann_mux/cmake/ackermann_muxConfig.cmake
[0.901s] -- Up-to-date symlink: /home/sh/projects/f1tenth_miru3/install/ackermann_mux/share/ackermann_mux/cmake/ackermann_muxConfig-version.cmake
[0.901s] -- Up-to-date symlink: /home/sh/projects/f1tenth_miru3/install/ackermann_mux/share/ackermann_mux/package.xml
[0.945s] Invoked command in '/home/sh/projects/f1tenth_miru3/build/ackermann_mux' returned '0': CMAKE_PREFIX_PATH=${CMAKE_PREFIX_PATH}:/home/sh/projects/f1tenth_miru3/install/joy_teleop:/home/sh/projects/f1tenth_miru3/install/pygame_key_teleop:/home/sh/projects/f1tenth_miru3/install/mouse_teleop:/home/sh/projects/f1tenth_miru3/install/key_teleop:/home/sh/projects/f1tenth_miru3/install/forza_map_controller:/home/sh/f1tenth_ws/install/f1tenth_gym_ros:/opt/ros/humble /usr/bin/cmake --install /home/sh/projects/f1tenth_miru3/build/ackermann_mux
