[0.453s] Invoking command in '/home/f1/f1tenth_ws/build/ackermann_mux': CMAKE_PREFIX_PATH=${CMAKE_PREFIX_PATH}:/home/f1/f1tenth_ws/install/f1tenth_stack:/home/f1/f1tenth_ws/install/joy_teleop:/home/f1/f1tenth_ws/install/pygame_key_teleop:/home/f1/f1tenth_ws/install/mouse_teleop:/home/f1/f1tenth_ws/install/key_teleop:/home/f1/f1tenth_ws/install/f1tenth_path_planner:/opt/ros/foxy CONDA_PROMPT_MODIFIER=(base) /usr/bin/cmake --build /home/f1/f1tenth_ws/build/ackermann_mux -- -j6 -l6
[4.577s] [100%] Built target ackermann_mux
[4.687s] Invoked command in '/home/f1/f1tenth_ws/build/ackermann_mux' returned '0': CMAKE_PREFIX_PATH=${CMAKE_PREFIX_PATH}:/home/f1/f1tenth_ws/install/f1tenth_stack:/home/f1/f1tenth_ws/install/joy_teleop:/home/f1/f1tenth_ws/install/pygame_key_teleop:/home/f1/f1tenth_ws/install/mouse_teleop:/home/f1/f1tenth_ws/install/key_teleop:/home/f1/f1tenth_ws/install/f1tenth_path_planner:/opt/ros/foxy CONDA_PROMPT_MODIFIER=(base) /usr/bin/cmake --build /home/f1/f1tenth_ws/build/ackermann_mux -- -j6 -l6
[4.705s] Invoking command in '/home/f1/f1tenth_ws/build/ackermann_mux': CMAKE_PREFIX_PATH=${CMAKE_PREFIX_PATH}:/home/f1/f1tenth_ws/install/f1tenth_stack:/home/f1/f1tenth_ws/install/joy_teleop:/home/f1/f1tenth_ws/install/pygame_key_teleop:/home/f1/f1tenth_ws/install/mouse_teleop:/home/f1/f1tenth_ws/install/key_teleop:/home/f1/f1tenth_ws/install/f1tenth_path_planner:/opt/ros/foxy CONDA_PROMPT_MODIFIER=(base) /usr/bin/cmake --install /home/f1/f1tenth_ws/build/ackermann_mux
[4.938s] -- Install configuration: "Release"
[4.956s] -- Execute custom install script
[4.966s] -- Up-to-date symlink: /home/f1/f1tenth_ws/install/ackermann_mux/lib/ackermann_mux/ackermann_mux
[4.967s] -- Up-to-date symlink: /home/f1/f1tenth_ws/install/ackermann_mux/share/ackermann_mux/launch/ackermann_mux_launch.py
[4.969s] -- Up-to-date symlink: /home/f1/f1tenth_ws/install/ackermann_mux/share/ackermann_mux/config/ackermann_mux_locks.yaml
[4.970s] -- Up-to-date symlink: /home/f1/f1tenth_ws/install/ackermann_mux/share/ackermann_mux/config/ackermann_mux_topics.yaml
[4.995s] -- Up-to-date symlink: /home/f1/f1tenth_ws/install/ackermann_mux/share/ackermann_mux/config/joystick.yaml
[5.056s] -- Up-to-date symlink: /home/f1/f1tenth_ws/install/ackermann_mux/include/ackermann_mux/ackermann_mux.hpp
[5.057s] -- Up-to-date symlink: /home/f1/f1tenth_ws/install/ackermann_mux/include/ackermann_mux/ackermann_mux_diagnostics.hpp
[5.085s] -- Up-to-date symlink: /home/f1/f1tenth_ws/install/ackermann_mux/include/ackermann_mux/ackermann_mux_diagnostics_status.hpp
[5.086s] -- Up-to-date symlink: /home/f1/f1tenth_ws/install/ackermann_mux/include/ackermann_mux/params_helpers.hpp
[5.117s] -- Up-to-date symlink: /home/f1/f1tenth_ws/install/ackermann_mux/include/ackermann_mux/topic_handle.hpp
[5.145s] -- Up-to-date symlink: /home/f1/f1tenth_ws/install/ackermann_mux/include/ackermann_mux/utils.hpp
[5.149s] -- Up-to-date symlink: /home/f1/f1tenth_ws/install/ackermann_mux/share/ament_index/resource_index/package_run_dependencies/ackermann_mux
[5.163s] -- Up-to-date symlink: /home/f1/f1tenth_ws/install/ackermann_mux/share/ament_index/resource_index/parent_prefix_path/ackermann_mux
[5.164s] -- Up-to-date symlink: /home/f1/f1tenth_ws/install/ackermann_mux/share/ackermann_mux/environment/ament_prefix_path.sh
[5.166s] -- Up-to-date symlink: /home/f1/f1tenth_ws/install/ackermann_mux/share/ackermann_mux/environment/ament_prefix_path.dsv
[5.168s] -- Up-to-date symlink: /home/f1/f1tenth_ws/install/ackermann_mux/share/ackermann_mux/environment/path.sh
[5.168s] -- Up-to-date symlink: /home/f1/f1tenth_ws/install/ackermann_mux/share/ackermann_mux/environment/path.dsv
[5.169s] -- Up-to-date symlink: /home/f1/f1tenth_ws/install/ackermann_mux/share/ackermann_mux/local_setup.bash
[5.172s] -- Up-to-date symlink: /home/f1/f1tenth_ws/install/ackermann_mux/share/ackermann_mux/local_setup.sh
[5.175s] -- Up-to-date symlink: /home/f1/f1tenth_ws/install/ackermann_mux/share/ackermann_mux/local_setup.zsh
[5.177s] -- Up-to-date symlink: /home/f1/f1tenth_ws/install/ackermann_mux/share/ackermann_mux/local_setup.dsv
[5.193s] -- Symlinking: /home/f1/f1tenth_ws/install/ackermann_mux/share/ackermann_mux/package.dsv
[5.234s] -- Up-to-date symlink: /home/f1/f1tenth_ws/install/ackermann_mux/share/ament_index/resource_index/packages/ackermann_mux
[5.234s] -- Up-to-date symlink: /home/f1/f1tenth_ws/install/ackermann_mux/share/ackermann_mux/cmake/ament_cmake_export_include_directories-extras.cmake
[5.235s] -- Up-to-date symlink: /home/f1/f1tenth_ws/install/ackermann_mux/share/ackermann_mux/cmake/ament_cmake_export_dependencies-extras.cmake
[5.235s] -- Up-to-date symlink: /home/f1/f1tenth_ws/install/ackermann_mux/share/ackermann_mux/cmake/ackermann_muxConfig.cmake
[5.238s] -- Up-to-date symlink: /home/f1/f1tenth_ws/install/ackermann_mux/share/ackermann_mux/cmake/ackermann_muxConfig-version.cmake
[5.238s] -- Up-to-date symlink: /home/f1/f1tenth_ws/install/ackermann_mux/share/ackermann_mux/package.xml
[5.445s] Invoked command in '/home/f1/f1tenth_ws/build/ackermann_mux' returned '0': CMAKE_PREFIX_PATH=${CMAKE_PREFIX_PATH}:/home/f1/f1tenth_ws/install/f1tenth_stack:/home/f1/f1tenth_ws/install/joy_teleop:/home/f1/f1tenth_ws/install/pygame_key_teleop:/home/f1/f1tenth_ws/install/mouse_teleop:/home/f1/f1tenth_ws/install/key_teleop:/home/f1/f1tenth_ws/install/f1tenth_path_planner:/opt/ros/foxy CONDA_PROMPT_MODIFIER=(base) /usr/bin/cmake --install /home/f1/f1tenth_ws/build/ackermann_mux
