running egg_info
writing ../../build/centerline_planner/centerline_planner.egg-info/PKG-INFO
writing dependency_links to ../../build/centerline_planner/centerline_planner.egg-info/dependency_links.txt
writing entry points to ../../build/centerline_planner/centerline_planner.egg-info/entry_points.txt
writing requirements to ../../build/centerline_planner/centerline_planner.egg-info/requires.txt
writing top-level names to ../../build/centerline_planner/centerline_planner.egg-info/top_level.txt
reading manifest file '../../build/centerline_planner/centerline_planner.egg-info/SOURCES.txt'
writing manifest file '../../build/centerline_planner/centerline_planner.egg-info/SOURCES.txt'
running build
running build_py
running install
running install_lib
running install_data
running install_egg_info
removing '/home/moon/sim_ws/install/centerline_planner/lib/python3.8/site-packages/centerline_planner-0.0.1-py3.8.egg-info' (and everything under it)
Copying ../../build/centerline_planner/centerline_planner.egg-info to /home/moon/sim_ws/install/centerline_planner/lib/python3.8/site-packages/centerline_planner-0.0.1-py3.8.egg-info
running install_scripts
Installing centerline_pub script to /home/moon/sim_ws/install/centerline_planner/lib/centerline_planner
Installing path_pure_pursuit script to /home/moon/sim_ws/install/centerline_planner/lib/centerline_planner
writing list of installed files to '/home/moon/sim_ws/build/centerline_planner/install.log'
