[0.802s] Invoking command in '/home/moon/sim_ws/src/f1tenth_gym_ros': PS1=\[\e]0;\u@\h: \w\a\]${debian_chroot:+($debian_chroot)}\[\033[01;32m\]\u@\h\[\033[00m\]:\[\033[01;34m\]\w\[\033[00m\]\$ PYTHONPATH=/home/moon/sim_ws/build/f1tenth_gym_ros/prefix_override:/usr/lib/python3/dist-packages/colcon_core/task/python/colcon_distutils_commands:/home/moon/sim_ws/install/f1tenth_gym_ros/lib/python3.8/site-packages:${PYTHONPATH} /usr/bin/python3 -W ignore:setup.py install is deprecated -W ignore:easy_install command is deprecated setup.py egg_info --egg-base ../../build/f1tenth_gym_ros build --build-base /home/moon/sim_ws/build/f1tenth_gym_ros/build install --record /home/moon/sim_ws/build/f1tenth_gym_ros/install.log --single-version-externally-managed install_data
[0.920s] running egg_info
[0.920s] writing ../../build/f1tenth_gym_ros/f1tenth_gym_ros.egg-info/PKG-INFO
[0.920s] writing dependency_links to ../../build/f1tenth_gym_ros/f1tenth_gym_ros.egg-info/dependency_links.txt
[0.920s] writing entry points to ../../build/f1tenth_gym_ros/f1tenth_gym_ros.egg-info/entry_points.txt
[0.920s] writing requirements to ../../build/f1tenth_gym_ros/f1tenth_gym_ros.egg-info/requires.txt
[0.920s] writing top-level names to ../../build/f1tenth_gym_ros/f1tenth_gym_ros.egg-info/top_level.txt
[0.940s] reading manifest file '../../build/f1tenth_gym_ros/f1tenth_gym_ros.egg-info/SOURCES.txt'
[0.940s] writing manifest file '../../build/f1tenth_gym_ros/f1tenth_gym_ros.egg-info/SOURCES.txt'
[0.940s] running build
[0.941s] running build_py
[0.941s] copying f1tenth_gym_ros/gym_bridge.py -> /home/moon/sim_ws/build/f1tenth_gym_ros/build/lib/f1tenth_gym_ros
[0.941s] running install
[0.941s] running install_lib
[0.942s] copying /home/moon/sim_ws/build/f1tenth_gym_ros/build/lib/f1tenth_gym_ros/gym_bridge.py -> /home/moon/sim_ws/install/f1tenth_gym_ros/lib/python3.8/site-packages/f1tenth_gym_ros
[0.942s] byte-compiling /home/moon/sim_ws/install/f1tenth_gym_ros/lib/python3.8/site-packages/f1tenth_gym_ros/gym_bridge.py to gym_bridge.cpython-38.pyc
[0.945s] running install_data
[0.945s] running install_egg_info
[0.946s] removing '/home/moon/sim_ws/install/f1tenth_gym_ros/lib/python3.8/site-packages/f1tenth_gym_ros-0.0.0-py3.8.egg-info' (and everything under it)
[0.946s] Copying ../../build/f1tenth_gym_ros/f1tenth_gym_ros.egg-info to /home/moon/sim_ws/install/f1tenth_gym_ros/lib/python3.8/site-packages/f1tenth_gym_ros-0.0.0-py3.8.egg-info
[0.947s] running install_scripts
[0.958s] Installing gym_bridge script to /home/moon/sim_ws/install/f1tenth_gym_ros/lib/f1tenth_gym_ros
[0.958s] writing list of installed files to '/home/moon/sim_ws/build/f1tenth_gym_ros/install.log'
[0.979s] Invoked command in '/home/moon/sim_ws/src/f1tenth_gym_ros' returned '0': PS1=\[\e]0;\u@\h: \w\a\]${debian_chroot:+($debian_chroot)}\[\033[01;32m\]\u@\h\[\033[00m\]:\[\033[01;34m\]\w\[\033[00m\]\$ PYTHONPATH=/home/moon/sim_ws/build/f1tenth_gym_ros/prefix_override:/usr/lib/python3/dist-packages/colcon_core/task/python/colcon_distutils_commands:/home/moon/sim_ws/install/f1tenth_gym_ros/lib/python3.8/site-packages:${PYTHONPATH} /usr/bin/python3 -W ignore:setup.py install is deprecated -W ignore:easy_install command is deprecated setup.py egg_info --egg-base ../../build/f1tenth_gym_ros build --build-base /home/moon/sim_ws/build/f1tenth_gym_ros/build install --record /home/moon/sim_ws/build/f1tenth_gym_ros/install.log --single-version-externally-managed install_data
