[0.633s] Invoking command in '/home/sh/projects/f1tenth_miru3/build/path_follow': CMAKE_PREFIX_PATH=${CMAKE_PREFIX_PATH}:/home/sh/projects/f1tenth_miru3/install/joy_teleop:/home/sh/projects/f1tenth_miru3/install/pygame_key_teleop:/home/sh/projects/f1tenth_miru3/install/mouse_teleop:/home/sh/projects/f1tenth_miru3/install/key_teleop:/home/sh/projects/f1tenth_miru3/install/forza_map_controller:/home/sh/f1tenth_ws/install/f1tenth_gym_ros:/opt/ros/humble /usr/bin/cmake --build /home/sh/projects/f1tenth_miru3/build/path_follow -- -j16 -l16
[0.679s] [100%] Built target path_follow_node
[0.866s] Invoked command in '/home/sh/projects/f1tenth_miru3/build/path_follow' returned '0': CMAKE_PREFIX_PATH=${CMAKE_PREFIX_PATH}:/home/sh/projects/f1tenth_miru3/install/joy_teleop:/home/sh/projects/f1tenth_miru3/install/pygame_key_teleop:/home/sh/projects/f1tenth_miru3/install/mouse_teleop:/home/sh/projects/f1tenth_miru3/install/key_teleop:/home/sh/projects/f1tenth_miru3/install/forza_map_controller:/home/sh/f1tenth_ws/install/f1tenth_gym_ros:/opt/ros/humble /usr/bin/cmake --build /home/sh/projects/f1tenth_miru3/build/path_follow -- -j16 -l16
[0.867s] Invoking command in '/home/sh/projects/f1tenth_miru3/build/path_follow': CMAKE_PREFIX_PATH=${CMAKE_PREFIX_PATH}:/home/sh/projects/f1tenth_miru3/install/joy_teleop:/home/sh/projects/f1tenth_miru3/install/pygame_key_teleop:/home/sh/projects/f1tenth_miru3/install/mouse_teleop:/home/sh/projects/f1tenth_miru3/install/key_teleop:/home/sh/projects/f1tenth_miru3/install/forza_map_controller:/home/sh/f1tenth_ws/install/f1tenth_gym_ros:/opt/ros/humble /usr/bin/cmake --install /home/sh/projects/f1tenth_miru3/build/path_follow
[0.869s] -- Install configuration: ""
[0.870s] -- Execute custom install script
[0.870s] -- Up-to-date symlink: /home/sh/projects/f1tenth_miru3/install/path_follow/lib/path_follow/path_follow_node
[0.870s] -- Up-to-date symlink: /home/sh/projects/f1tenth_miru3/install/path_follow/share/path_follow/launch/path_follow_launch.py
[0.871s] -- Up-to-date symlink: /home/sh/projects/f1tenth_miru3/install/path_follow/share/ament_index/resource_index/package_run_dependencies/path_follow
[0.871s] -- Up-to-date symlink: /home/sh/projects/f1tenth_miru3/install/path_follow/share/ament_index/resource_index/parent_prefix_path/path_follow
[0.871s] -- Up-to-date symlink: /home/sh/projects/f1tenth_miru3/install/path_follow/share/path_follow/environment/ament_prefix_path.sh
[0.871s] -- Up-to-date symlink: /home/sh/projects/f1tenth_miru3/install/path_follow/share/path_follow/environment/ament_prefix_path.dsv
[0.872s] -- Up-to-date symlink: /home/sh/projects/f1tenth_miru3/install/path_follow/share/path_follow/environment/path.sh
[0.872s] -- Up-to-date symlink: /home/sh/projects/f1tenth_miru3/install/path_follow/share/path_follow/environment/path.dsv
[0.872s] -- Up-to-date symlink: /home/sh/projects/f1tenth_miru3/install/path_follow/share/path_follow/local_setup.bash
[0.872s] -- Up-to-date symlink: /home/sh/projects/f1tenth_miru3/install/path_follow/share/path_follow/local_setup.sh
[0.872s] -- Up-to-date symlink: /home/sh/projects/f1tenth_miru3/install/path_follow/share/path_follow/local_setup.zsh
[0.872s] -- Up-to-date symlink: /home/sh/projects/f1tenth_miru3/install/path_follow/share/path_follow/local_setup.dsv
[0.872s] -- Symlinking: /home/sh/projects/f1tenth_miru3/install/path_follow/share/path_follow/package.dsv
[0.874s] -- Up-to-date symlink: /home/sh/projects/f1tenth_miru3/install/path_follow/share/ament_index/resource_index/packages/path_follow
[0.874s] -- Up-to-date symlink: /home/sh/projects/f1tenth_miru3/install/path_follow/share/path_follow/cmake/path_followConfig.cmake
[0.874s] -- Up-to-date symlink: /home/sh/projects/f1tenth_miru3/install/path_follow/share/path_follow/cmake/path_followConfig-version.cmake
[0.874s] -- Up-to-date symlink: /home/sh/projects/f1tenth_miru3/install/path_follow/share/path_follow/package.xml
[0.921s] Invoked command in '/home/sh/projects/f1tenth_miru3/build/path_follow' returned '0': CMAKE_PREFIX_PATH=${CMAKE_PREFIX_PATH}:/home/sh/projects/f1tenth_miru3/install/joy_teleop:/home/sh/projects/f1tenth_miru3/install/pygame_key_teleop:/home/sh/projects/f1tenth_miru3/install/mouse_teleop:/home/sh/projects/f1tenth_miru3/install/key_teleop:/home/sh/projects/f1tenth_miru3/install/forza_map_controller:/home/sh/f1tenth_ws/install/f1tenth_gym_ros:/opt/ros/humble /usr/bin/cmake --install /home/sh/projects/f1tenth_miru3/build/path_follow
