[0.015s] Invoking command in '/home/sh/projects/f1tenth_miru3/build/vesc': AMENT_PREFIX_PATH=/home/sh/projects/f1tenth_miru3/install/vesc_driver:${AMENT_PREFIX_PATH} CMAKE_PREFIX_PATH=/home/sh/projects/f1tenth_miru3/install/vesc_driver:/home/sh/projects/f1tenth_miru3/install/vesc_ackermann:/home/sh/projects/f1tenth_miru3/install/vesc_msgs:/home/sh/projects/f1tenth_miru3/install/teleop_tools:/home/sh/projects/f1tenth_miru3/install/teleop_tools_msgs:/home/sh/projects/f1tenth_miru3/install/pure_pursuit:/home/sh/projects/f1tenth_miru3/install/path_follow:/home/sh/projects/f1tenth_miru3/install/map_controller:/home/sh/projects/f1tenth_miru3/install/center_follow_cpp:/home/sh/projects/f1tenth_miru3/install/ackermann_mux:/home/sh/projects/f1tenth_miru3/install/joy_teleop:/home/sh/projects/f1tenth_miru3/install/pygame_key_teleop:/home/sh/projects/f1tenth_miru3/install/mouse_teleop:/home/sh/projects/f1tenth_miru3/install/key_teleop:/home/sh/projects/f1tenth_miru3/install/forza_map_controller:/home/sh/f1tenth_ws/install/f1tenth_gym_ros:/opt/ros/humble /usr/bin/cmake /home/sh/projects/f1tenth_miru3/src/f1tenth_system/vesc/vesc -DAMENT_CMAKE_SYMLINK_INSTALL=1 -DCMAKE_INSTALL_PREFIX=/home/sh/projects/f1tenth_miru3/install/vesc
[0.075s] -- The C compiler identification is GNU 11.4.0
[0.138s] -- The CXX compiler identification is GNU 11.4.0
[0.146s] -- Detecting C compiler ABI info
[0.223s] -- Detecting C compiler ABI info - done
[0.232s] -- Check for working C compiler: /usr/bin/cc - skipped
[0.232s] -- Detecting C compile features
[0.233s] -- Detecting C compile features - done
[0.236s] -- Detecting CXX compiler ABI info
[0.321s] -- Detecting CXX compiler ABI info - done
[0.325s] -- Check for working CXX compiler: /usr/bin/c++ - skipped
[0.326s] -- Detecting CXX compile features
[0.326s] -- Detecting CXX compile features - done
[0.328s] -- Found ament_cmake_auto: 1.3.11 (/opt/ros/humble/share/ament_cmake_auto/cmake)
[0.472s] -- Found Python3: /usr/bin/python3 (found version "3.10.12") found components: Interpreter 
[0.529s] -- Override CMake install command with custom implementation using symlinks instead of copying resources
[0.613s] -- Configuring done
[0.615s] -- Generating done
[0.616s] -- Build files have been written to: /home/sh/projects/f1tenth_miru3/build/vesc
[0.618s] Invoked command in '/home/sh/projects/f1tenth_miru3/build/vesc' returned '0': AMENT_PREFIX_PATH=/home/sh/projects/f1tenth_miru3/install/vesc_driver:${AMENT_PREFIX_PATH} CMAKE_PREFIX_PATH=/home/sh/projects/f1tenth_miru3/install/vesc_driver:/home/sh/projects/f1tenth_miru3/install/vesc_ackermann:/home/sh/projects/f1tenth_miru3/install/vesc_msgs:/home/sh/projects/f1tenth_miru3/install/teleop_tools:/home/sh/projects/f1tenth_miru3/install/teleop_tools_msgs:/home/sh/projects/f1tenth_miru3/install/pure_pursuit:/home/sh/projects/f1tenth_miru3/install/path_follow:/home/sh/projects/f1tenth_miru3/install/map_controller:/home/sh/projects/f1tenth_miru3/install/center_follow_cpp:/home/sh/projects/f1tenth_miru3/install/ackermann_mux:/home/sh/projects/f1tenth_miru3/install/joy_teleop:/home/sh/projects/f1tenth_miru3/install/pygame_key_teleop:/home/sh/projects/f1tenth_miru3/install/mouse_teleop:/home/sh/projects/f1tenth_miru3/install/key_teleop:/home/sh/projects/f1tenth_miru3/install/forza_map_controller:/home/sh/f1tenth_ws/install/f1tenth_gym_ros:/opt/ros/humble /usr/bin/cmake /home/sh/projects/f1tenth_miru3/src/f1tenth_system/vesc/vesc -DAMENT_CMAKE_SYMLINK_INSTALL=1 -DCMAKE_INSTALL_PREFIX=/home/sh/projects/f1tenth_miru3/install/vesc
[0.620s] Invoking command in '/home/sh/projects/f1tenth_miru3/build/vesc': AMENT_PREFIX_PATH=/home/sh/projects/f1tenth_miru3/install/vesc_driver:${AMENT_PREFIX_PATH} CMAKE_PREFIX_PATH=/home/sh/projects/f1tenth_miru3/install/vesc_driver:/home/sh/projects/f1tenth_miru3/install/vesc_ackermann:/home/sh/projects/f1tenth_miru3/install/vesc_msgs:/home/sh/projects/f1tenth_miru3/install/teleop_tools:/home/sh/projects/f1tenth_miru3/install/teleop_tools_msgs:/home/sh/projects/f1tenth_miru3/install/pure_pursuit:/home/sh/projects/f1tenth_miru3/install/path_follow:/home/sh/projects/f1tenth_miru3/install/map_controller:/home/sh/projects/f1tenth_miru3/install/center_follow_cpp:/home/sh/projects/f1tenth_miru3/install/ackermann_mux:/home/sh/projects/f1tenth_miru3/install/joy_teleop:/home/sh/projects/f1tenth_miru3/install/pygame_key_teleop:/home/sh/projects/f1tenth_miru3/install/mouse_teleop:/home/sh/projects/f1tenth_miru3/install/key_teleop:/home/sh/projects/f1tenth_miru3/install/forza_map_controller:/home/sh/f1tenth_ws/install/f1tenth_gym_ros:/opt/ros/humble /usr/bin/cmake --build /home/sh/projects/f1tenth_miru3/build/vesc -- -j16 -l16
[0.658s] Invoked command in '/home/sh/projects/f1tenth_miru3/build/vesc' returned '0': AMENT_PREFIX_PATH=/home/sh/projects/f1tenth_miru3/install/vesc_driver:${AMENT_PREFIX_PATH} CMAKE_PREFIX_PATH=/home/sh/projects/f1tenth_miru3/install/vesc_driver:/home/sh/projects/f1tenth_miru3/install/vesc_ackermann:/home/sh/projects/f1tenth_miru3/install/vesc_msgs:/home/sh/projects/f1tenth_miru3/install/teleop_tools:/home/sh/projects/f1tenth_miru3/install/teleop_tools_msgs:/home/sh/projects/f1tenth_miru3/install/pure_pursuit:/home/sh/projects/f1tenth_miru3/install/path_follow:/home/sh/projects/f1tenth_miru3/install/map_controller:/home/sh/projects/f1tenth_miru3/install/center_follow_cpp:/home/sh/projects/f1tenth_miru3/install/ackermann_mux:/home/sh/projects/f1tenth_miru3/install/joy_teleop:/home/sh/projects/f1tenth_miru3/install/pygame_key_teleop:/home/sh/projects/f1tenth_miru3/install/mouse_teleop:/home/sh/projects/f1tenth_miru3/install/key_teleop:/home/sh/projects/f1tenth_miru3/install/forza_map_controller:/home/sh/f1tenth_ws/install/f1tenth_gym_ros:/opt/ros/humble /usr/bin/cmake --build /home/sh/projects/f1tenth_miru3/build/vesc -- -j16 -l16
[0.658s] Invoking command in '/home/sh/projects/f1tenth_miru3/build/vesc': AMENT_PREFIX_PATH=/home/sh/projects/f1tenth_miru3/install/vesc_driver:${AMENT_PREFIX_PATH} CMAKE_PREFIX_PATH=/home/sh/projects/f1tenth_miru3/install/vesc_driver:/home/sh/projects/f1tenth_miru3/install/vesc_ackermann:/home/sh/projects/f1tenth_miru3/install/vesc_msgs:/home/sh/projects/f1tenth_miru3/install/teleop_tools:/home/sh/projects/f1tenth_miru3/install/teleop_tools_msgs:/home/sh/projects/f1tenth_miru3/install/pure_pursuit:/home/sh/projects/f1tenth_miru3/install/path_follow:/home/sh/projects/f1tenth_miru3/install/map_controller:/home/sh/projects/f1tenth_miru3/install/center_follow_cpp:/home/sh/projects/f1tenth_miru3/install/ackermann_mux:/home/sh/projects/f1tenth_miru3/install/joy_teleop:/home/sh/projects/f1tenth_miru3/install/pygame_key_teleop:/home/sh/projects/f1tenth_miru3/install/mouse_teleop:/home/sh/projects/f1tenth_miru3/install/key_teleop:/home/sh/projects/f1tenth_miru3/install/forza_map_controller:/home/sh/f1tenth_ws/install/f1tenth_gym_ros:/opt/ros/humble /usr/bin/cmake --install /home/sh/projects/f1tenth_miru3/build/vesc
[0.663s] -- Install configuration: ""
[0.664s] -- Execute custom install script
[0.664s] -- Symlinking: /home/sh/projects/f1tenth_miru3/install/vesc/share/ament_index/resource_index/package_run_dependencies/vesc
[0.672s] -- Symlinking: /home/sh/projects/f1tenth_miru3/install/vesc/share/ament_index/resource_index/parent_prefix_path/vesc
[0.678s] -- Symlinking: /home/sh/projects/f1tenth_miru3/install/vesc/share/vesc/environment/ament_prefix_path.sh
[0.685s] -- Symlinking: /home/sh/projects/f1tenth_miru3/install/vesc/share/vesc/environment/ament_prefix_path.dsv
[0.692s] -- Symlinking: /home/sh/projects/f1tenth_miru3/install/vesc/share/vesc/environment/path.sh
[0.699s] -- Symlinking: /home/sh/projects/f1tenth_miru3/install/vesc/share/vesc/environment/path.dsv
[0.705s] -- Symlinking: /home/sh/projects/f1tenth_miru3/install/vesc/share/vesc/local_setup.bash
[0.711s] -- Symlinking: /home/sh/projects/f1tenth_miru3/install/vesc/share/vesc/local_setup.sh
[0.721s] -- Symlinking: /home/sh/projects/f1tenth_miru3/install/vesc/share/vesc/local_setup.zsh
[0.729s] -- Symlinking: /home/sh/projects/f1tenth_miru3/install/vesc/share/vesc/local_setup.dsv
[0.736s] -- Symlinking: /home/sh/projects/f1tenth_miru3/install/vesc/share/vesc/package.dsv
[0.746s] -- Symlinking: /home/sh/projects/f1tenth_miru3/install/vesc/share/ament_index/resource_index/packages/vesc
[0.756s] -- Symlinking: /home/sh/projects/f1tenth_miru3/install/vesc/share/vesc/cmake/vescConfig.cmake
[0.766s] -- Symlinking: /home/sh/projects/f1tenth_miru3/install/vesc/share/vesc/cmake/vescConfig-version.cmake
[0.772s] -- Symlinking: /home/sh/projects/f1tenth_miru3/install/vesc/share/vesc/package.xml
[0.780s] Invoked command in '/home/sh/projects/f1tenth_miru3/build/vesc' returned '0': AMENT_PREFIX_PATH=/home/sh/projects/f1tenth_miru3/install/vesc_driver:${AMENT_PREFIX_PATH} CMAKE_PREFIX_PATH=/home/sh/projects/f1tenth_miru3/install/vesc_driver:/home/sh/projects/f1tenth_miru3/install/vesc_ackermann:/home/sh/projects/f1tenth_miru3/install/vesc_msgs:/home/sh/projects/f1tenth_miru3/install/teleop_tools:/home/sh/projects/f1tenth_miru3/install/teleop_tools_msgs:/home/sh/projects/f1tenth_miru3/install/pure_pursuit:/home/sh/projects/f1tenth_miru3/install/path_follow:/home/sh/projects/f1tenth_miru3/install/map_controller:/home/sh/projects/f1tenth_miru3/install/center_follow_cpp:/home/sh/projects/f1tenth_miru3/install/ackermann_mux:/home/sh/projects/f1tenth_miru3/install/joy_teleop:/home/sh/projects/f1tenth_miru3/install/pygame_key_teleop:/home/sh/projects/f1tenth_miru3/install/mouse_teleop:/home/sh/projects/f1tenth_miru3/install/key_teleop:/home/sh/projects/f1tenth_miru3/install/forza_map_controller:/home/sh/f1tenth_ws/install/f1tenth_gym_ros:/opt/ros/humble /usr/bin/cmake --install /home/sh/projects/f1tenth_miru3/build/vesc
