[0.204s] Invoking command in '/home/f1/f1tenth_ws/build/real_pure_pursuit': CMAKE_PREFIX_PATH=/opt/ros/foxy CONDA_PROMPT_MODIFIER=(base) /usr/bin/cmake /home/f1/f1tenth_ws/src/real_pure_pursuit -DCMAKE_BUILD_TYPE=Release -DAMENT_CMAKE_SYMLINK_INSTALL=1 -DCMAKE_INSTALL_PREFIX=/home/f1/f1tenth_ws/install/real_pure_pursuit
[0.295s] -- Found ament_cmake: 0.9.12 (/opt/ros/foxy/share/ament_cmake/cmake)
[0.476s] -- Using PYTHON_EXECUTABLE: /usr/bin/python3
[1.642s] -- Override CMake install command with custom implementation using symlinks instead of copying resources
[1.693s] -- Found rclcpp: 2.4.3 (/opt/ros/foxy/share/rclcpp/cmake)
[1.884s] -- Using all available rosidl_typesupport_c: rosidl_typesupport_fastrtps_c;rosidl_typesupport_introspection_c
[1.904s] -- Found rosidl_adapter: 1.3.1 (/opt/ros/foxy/share/rosidl_adapter/cmake)
[2.422s] -- Using all available rosidl_typesupport_cpp: rosidl_typesupport_fastrtps_cpp;rosidl_typesupport_introspection_cpp
[2.728s] -- Found rmw_implementation_cmake: 1.0.4 (/opt/ros/foxy/share/rmw_implementation_cmake/cmake)
[2.737s] -- Using RMW implementation 'rmw_fastrtps_cpp' as default
[3.537s] -- Found geometry_msgs: 2.0.5 (/opt/ros/foxy/share/geometry_msgs/cmake)
[3.658s] -- Found nav_msgs: 2.0.5 (/opt/ros/foxy/share/nav_msgs/cmake)
[3.983s] -- Found sensor_msgs: 2.0.5 (/opt/ros/foxy/share/sensor_msgs/cmake)
[4.300s] -- Found ackermann_msgs: 2.0.2 (/opt/ros/foxy/share/ackermann_msgs/cmake)
[4.457s] -- Found visualization_msgs: 2.0.5 (/opt/ros/foxy/share/visualization_msgs/cmake)
[4.775s] -- Found tf2: 0.13.14 (/opt/ros/foxy/share/tf2/cmake)
[4.820s] -- Found tf2_ros: 0.13.14 (/opt/ros/foxy/share/tf2_ros/cmake)
[6.293s] -- Found tf2_geometry_msgs: 0.13.14 (/opt/ros/foxy/share/tf2_geometry_msgs/cmake)
[6.322s] -- Found eigen3_cmake_module: 0.1.1 (/opt/ros/foxy/share/eigen3_cmake_module/cmake)
[6.456s] -- Found ament_lint_auto: 0.9.8 (/opt/ros/foxy/share/ament_lint_auto/cmake)
[6.810s] -- Added test 'copyright' to check source files copyright and LICENSE
[6.816s] -- Added test 'cppcheck' to perform static code analysis on C / C++ code
[6.817s] -- Configured cppcheck include dirs: 
[6.818s] -- Configured cppcheck exclude dirs and/or files: 
[6.822s] -- Added test 'cpplint' to check C / C++ code against the Google style
[6.824s] -- Configured cpplint exclude dirs and/or files: 
[6.825s] -- Added test 'flake8' to check Python code syntax and style conventions
[6.827s] -- Added test 'lint_cmake' to check CMake code style
[6.828s] -- Added test 'pep257' to check Python code against some of the style conventions in PEP 257
[6.833s] -- Added test 'uncrustify' to check C / C++ code style
[6.834s] -- Configured uncrustify additional arguments: 
[6.835s] -- Added test 'xmllint' to check XML markup files
[6.866s] -- Configuring done
[6.960s] -- Generating done
[7.004s] -- Build files have been written to: /home/f1/f1tenth_ws/build/real_pure_pursuit
[7.043s] Invoked command in '/home/f1/f1tenth_ws/build/real_pure_pursuit' returned '0': CMAKE_PREFIX_PATH=/opt/ros/foxy CONDA_PROMPT_MODIFIER=(base) /usr/bin/cmake /home/f1/f1tenth_ws/src/real_pure_pursuit -DCMAKE_BUILD_TYPE=Release -DAMENT_CMAKE_SYMLINK_INSTALL=1 -DCMAKE_INSTALL_PREFIX=/home/f1/f1tenth_ws/install/real_pure_pursuit
[7.060s] Invoking command in '/home/f1/f1tenth_ws/build/real_pure_pursuit': CMAKE_PREFIX_PATH=/opt/ros/foxy CONDA_PROMPT_MODIFIER=(base) /usr/bin/cmake --build /home/f1/f1tenth_ws/build/real_pure_pursuit -- -j6 -l6
[7.451s] [100%] Built target real_pure_pursuit_node
[7.514s] Invoked command in '/home/f1/f1tenth_ws/build/real_pure_pursuit' returned '0': CMAKE_PREFIX_PATH=/opt/ros/foxy CONDA_PROMPT_MODIFIER=(base) /usr/bin/cmake --build /home/f1/f1tenth_ws/build/real_pure_pursuit -- -j6 -l6
[7.532s] Invoking command in '/home/f1/f1tenth_ws/build/real_pure_pursuit': CMAKE_PREFIX_PATH=/opt/ros/foxy CONDA_PROMPT_MODIFIER=(base) /usr/bin/cmake --install /home/f1/f1tenth_ws/build/real_pure_pursuit
[7.577s] -- Install configuration: "Release"
[7.580s] -- Execute custom install script
[7.583s] -- Up-to-date symlink: /home/f1/f1tenth_ws/install/real_pure_pursuit/lib/real_pure_pursuit/real_pure_pursuit_node
[7.587s] -- Up-to-date symlink: /home/f1/f1tenth_ws/install/real_pure_pursuit/share/real_pure_pursuit//launch/real_autonomous_driving.launch.py
[7.589s] -- Up-to-date symlink: /home/f1/f1tenth_ws/install/real_pure_pursuit/share/ament_index/resource_index/package_run_dependencies/real_pure_pursuit
[7.591s] -- Up-to-date symlink: /home/f1/f1tenth_ws/install/real_pure_pursuit/share/ament_index/resource_index/parent_prefix_path/real_pure_pursuit
[7.593s] -- Up-to-date symlink: /home/f1/f1tenth_ws/install/real_pure_pursuit/share/real_pure_pursuit/environment/ament_prefix_path.sh
[7.594s] -- Up-to-date symlink: /home/f1/f1tenth_ws/install/real_pure_pursuit/share/real_pure_pursuit/environment/ament_prefix_path.dsv
[7.596s] -- Up-to-date symlink: /home/f1/f1tenth_ws/install/real_pure_pursuit/share/real_pure_pursuit/environment/path.sh
[7.598s] -- Up-to-date symlink: /home/f1/f1tenth_ws/install/real_pure_pursuit/share/real_pure_pursuit/environment/path.dsv
[7.600s] -- Up-to-date symlink: /home/f1/f1tenth_ws/install/real_pure_pursuit/share/real_pure_pursuit/local_setup.bash
[7.601s] -- Up-to-date symlink: /home/f1/f1tenth_ws/install/real_pure_pursuit/share/real_pure_pursuit/local_setup.sh
[7.604s] -- Up-to-date symlink: /home/f1/f1tenth_ws/install/real_pure_pursuit/share/real_pure_pursuit/local_setup.zsh
[7.606s] -- Up-to-date symlink: /home/f1/f1tenth_ws/install/real_pure_pursuit/share/real_pure_pursuit/local_setup.dsv
[7.607s] -- Symlinking: /home/f1/f1tenth_ws/install/real_pure_pursuit/share/real_pure_pursuit/package.dsv
[7.657s] -- Up-to-date symlink: /home/f1/f1tenth_ws/install/real_pure_pursuit/share/ament_index/resource_index/packages/real_pure_pursuit
[7.658s] -- Up-to-date symlink: /home/f1/f1tenth_ws/install/real_pure_pursuit/share/real_pure_pursuit/cmake/real_pure_pursuitConfig.cmake
[7.660s] -- Up-to-date symlink: /home/f1/f1tenth_ws/install/real_pure_pursuit/share/real_pure_pursuit/cmake/real_pure_pursuitConfig-version.cmake
[7.662s] -- Up-to-date symlink: /home/f1/f1tenth_ws/install/real_pure_pursuit/share/real_pure_pursuit/package.xml
[7.677s] Invoked command in '/home/f1/f1tenth_ws/build/real_pure_pursuit' returned '0': CMAKE_PREFIX_PATH=/opt/ros/foxy CONDA_PROMPT_MODIFIER=(base) /usr/bin/cmake --install /home/f1/f1tenth_ws/build/real_pure_pursuit
