[0.072s] Invoking command in '/home/f1/f1tenth_ws/build/real_pure_pursuit': CMAKE_PREFIX_PATH=/opt/ros/foxy CONDA_PROMPT_MODIFIER=(base) /usr/bin/cmake --build /home/f1/f1tenth_ws/build/real_pure_pursuit -- -j6 -l6
[0.586s] Scanning dependencies of target real_pure_pursuit_node
[0.698s] [ 50%] Building CXX object CMakeFiles/real_pure_pursuit_node.dir/src/real_pure_pursuit_node.cpp.o
[75.174s] [100%] Linking CXX executable real_pure_pursuit_node
[76.400s] [100%] Built target real_pure_pursuit_node
[76.554s] Invoked command in '/home/f1/f1tenth_ws/build/real_pure_pursuit' returned '0': CMAKE_PREFIX_PATH=/opt/ros/foxy CONDA_PROMPT_MODIFIER=(base) /usr/bin/cmake --build /home/f1/f1tenth_ws/build/real_pure_pursuit -- -j6 -l6
[76.688s] Invoking command in '/home/f1/f1tenth_ws/build/real_pure_pursuit': CMAKE_PREFIX_PATH=/opt/ros/foxy CONDA_PROMPT_MODIFIER=(base) /usr/bin/cmake --install /home/f1/f1tenth_ws/build/real_pure_pursuit
[76.762s] -- Install configuration: "Release"
[76.769s] -- Execute custom install script
[76.774s] -- Up-to-date symlink: /home/f1/f1tenth_ws/install/real_pure_pursuit/lib/real_pure_pursuit/real_pure_pursuit_node
[76.780s] -- Up-to-date symlink: /home/f1/f1tenth_ws/install/real_pure_pursuit/share/real_pure_pursuit//launch/real_autonomous_driving.launch.py
[76.788s] -- Up-to-date symlink: /home/f1/f1tenth_ws/install/real_pure_pursuit/share/ament_index/resource_index/package_run_dependencies/real_pure_pursuit
[76.791s] -- Up-to-date symlink: /home/f1/f1tenth_ws/install/real_pure_pursuit/share/ament_index/resource_index/parent_prefix_path/real_pure_pursuit
[76.795s] -- Up-to-date symlink: /home/f1/f1tenth_ws/install/real_pure_pursuit/share/real_pure_pursuit/environment/ament_prefix_path.sh
[76.799s] -- Up-to-date symlink: /home/f1/f1tenth_ws/install/real_pure_pursuit/share/real_pure_pursuit/environment/ament_prefix_path.dsv
[76.804s] -- Up-to-date symlink: /home/f1/f1tenth_ws/install/real_pure_pursuit/share/real_pure_pursuit/environment/path.sh
[76.811s] -- Up-to-date symlink: /home/f1/f1tenth_ws/install/real_pure_pursuit/share/real_pure_pursuit/environment/path.dsv
[76.818s] -- Up-to-date symlink: /home/f1/f1tenth_ws/install/real_pure_pursuit/share/real_pure_pursuit/local_setup.bash
[76.818s] -- Up-to-date symlink: /home/f1/f1tenth_ws/install/real_pure_pursuit/share/real_pure_pursuit/local_setup.sh
[76.821s] -- Up-to-date symlink: /home/f1/f1tenth_ws/install/real_pure_pursuit/share/real_pure_pursuit/local_setup.zsh
[76.823s] -- Up-to-date symlink: /home/f1/f1tenth_ws/install/real_pure_pursuit/share/real_pure_pursuit/local_setup.dsv
[76.828s] -- Symlinking: /home/f1/f1tenth_ws/install/real_pure_pursuit/share/real_pure_pursuit/package.dsv
[76.913s] -- Up-to-date symlink: /home/f1/f1tenth_ws/install/real_pure_pursuit/share/ament_index/resource_index/packages/real_pure_pursuit
[76.923s] -- Up-to-date symlink: /home/f1/f1tenth_ws/install/real_pure_pursuit/share/real_pure_pursuit/cmake/real_pure_pursuitConfig.cmake
[76.924s] -- Up-to-date symlink: /home/f1/f1tenth_ws/install/real_pure_pursuit/share/real_pure_pursuit/cmake/real_pure_pursuitConfig-version.cmake
[76.931s] -- Up-to-date symlink: /home/f1/f1tenth_ws/install/real_pure_pursuit/share/real_pure_pursuit/package.xml
[76.991s] Invoked command in '/home/f1/f1tenth_ws/build/real_pure_pursuit' returned '0': CMAKE_PREFIX_PATH=/opt/ros/foxy CONDA_PROMPT_MODIFIER=(base) /usr/bin/cmake --install /home/f1/f1tenth_ws/build/real_pure_pursuit
