[0.876s] Invoking command in '/home/f1/f1tenth_ws/build/path_follow': CMAKE_PREFIX_PATH=${CMAKE_PREFIX_PATH}:/home/f1/f1tenth_ws/install/f1tenth_stack:/home/f1/f1tenth_ws/install/joy_teleop:/home/f1/f1tenth_ws/install/pygame_key_teleop:/home/f1/f1tenth_ws/install/mouse_teleop:/home/f1/f1tenth_ws/install/key_teleop:/home/f1/f1tenth_ws/install/f1tenth_path_planner:/opt/ros/foxy CONDA_PROMPT_MODIFIER=(base) /usr/bin/cmake --build /home/f1/f1tenth_ws/build/path_follow -- -j6 -l6
[1.605s] [100%] Built target path_follow_node
[3.218s] Invoked command in '/home/f1/f1tenth_ws/build/path_follow' returned '0': CMAKE_PREFIX_PATH=${CMAKE_PREFIX_PATH}:/home/f1/f1tenth_ws/install/f1tenth_stack:/home/f1/f1tenth_ws/install/joy_teleop:/home/f1/f1tenth_ws/install/pygame_key_teleop:/home/f1/f1tenth_ws/install/mouse_teleop:/home/f1/f1tenth_ws/install/key_teleop:/home/f1/f1tenth_ws/install/f1tenth_path_planner:/opt/ros/foxy CONDA_PROMPT_MODIFIER=(base) /usr/bin/cmake --build /home/f1/f1tenth_ws/build/path_follow -- -j6 -l6
[3.252s] Invoking command in '/home/f1/f1tenth_ws/build/path_follow': CMAKE_PREFIX_PATH=${CMAKE_PREFIX_PATH}:/home/f1/f1tenth_ws/install/f1tenth_stack:/home/f1/f1tenth_ws/install/joy_teleop:/home/f1/f1tenth_ws/install/pygame_key_teleop:/home/f1/f1tenth_ws/install/mouse_teleop:/home/f1/f1tenth_ws/install/key_teleop:/home/f1/f1tenth_ws/install/f1tenth_path_planner:/opt/ros/foxy CONDA_PROMPT_MODIFIER=(base) /usr/bin/cmake --install /home/f1/f1tenth_ws/build/path_follow
[3.412s] -- Install configuration: "Release"
[3.412s] -- Execute custom install script
[3.413s] -- Up-to-date symlink: /home/f1/f1tenth_ws/install/path_follow/lib/path_follow/path_follow_node
[3.414s] -- Up-to-date symlink: /home/f1/f1tenth_ws/install/path_follow/share/path_follow/launch/path_follow_launch.py
[3.415s] -- Up-to-date symlink: /home/f1/f1tenth_ws/install/path_follow/share/ament_index/resource_index/package_run_dependencies/path_follow
[3.415s] -- Up-to-date symlink: /home/f1/f1tenth_ws/install/path_follow/share/ament_index/resource_index/parent_prefix_path/path_follow
[3.415s] -- Up-to-date symlink: /home/f1/f1tenth_ws/install/path_follow/share/path_follow/environment/ament_prefix_path.sh
[3.416s] -- Up-to-date symlink: /home/f1/f1tenth_ws/install/path_follow/share/path_follow/environment/ament_prefix_path.dsv
[3.416s] -- Up-to-date symlink: /home/f1/f1tenth_ws/install/path_follow/share/path_follow/environment/path.sh
[3.417s] -- Up-to-date symlink: /home/f1/f1tenth_ws/install/path_follow/share/path_follow/environment/path.dsv
[3.417s] -- Up-to-date symlink: /home/f1/f1tenth_ws/install/path_follow/share/path_follow/local_setup.bash
[3.418s] -- Up-to-date symlink: /home/f1/f1tenth_ws/install/path_follow/share/path_follow/local_setup.sh
[3.418s] -- Up-to-date symlink: /home/f1/f1tenth_ws/install/path_follow/share/path_follow/local_setup.zsh
[3.419s] -- Up-to-date symlink: /home/f1/f1tenth_ws/install/path_follow/share/path_follow/local_setup.dsv
[3.419s] -- Symlinking: /home/f1/f1tenth_ws/install/path_follow/share/path_follow/package.dsv
[3.448s] -- Up-to-date symlink: /home/f1/f1tenth_ws/install/path_follow/share/ament_index/resource_index/packages/path_follow
[3.449s] -- Up-to-date symlink: /home/f1/f1tenth_ws/install/path_follow/share/path_follow/cmake/path_followConfig.cmake
[3.451s] -- Up-to-date symlink: /home/f1/f1tenth_ws/install/path_follow/share/path_follow/cmake/path_followConfig-version.cmake
[3.454s] -- Up-to-date symlink: /home/f1/f1tenth_ws/install/path_follow/share/path_follow/package.xml
[3.504s] Invoked command in '/home/f1/f1tenth_ws/build/path_follow' returned '0': CMAKE_PREFIX_PATH=${CMAKE_PREFIX_PATH}:/home/f1/f1tenth_ws/install/f1tenth_stack:/home/f1/f1tenth_ws/install/joy_teleop:/home/f1/f1tenth_ws/install/pygame_key_teleop:/home/f1/f1tenth_ws/install/mouse_teleop:/home/f1/f1tenth_ws/install/key_teleop:/home/f1/f1tenth_ws/install/f1tenth_path_planner:/opt/ros/foxy CONDA_PROMPT_MODIFIER=(base) /usr/bin/cmake --install /home/f1/f1tenth_ws/build/path_follow
