[0.328s] Invoking command in '/home/moon/sim_ws/build/csv_obstacle': CONDA_PROMPT_MODIFIER=(f110) PYTHONPATH=/home/moon/sim_ws/build/csv_obstacle/prefix_override:/usr/lib/python3/dist-packages/colcon_core/task/python/colcon_distutils_commands:/home/moon/sim_ws/install/csv_obstacle/lib/python3.8/site-packages:${PYTHONPATH} /usr/bin/python3 -W ignore:setup.py install is deprecated -W ignore:easy_install command is deprecated setup.py develop --editable --build-directory /home/moon/sim_ws/build/csv_obstacle/build --no-deps symlink_data
[0.446s] running develop
[0.510s] running egg_info
[0.510s] creating csv_obstacle.egg-info
[0.510s] writing csv_obstacle.egg-info/PKG-INFO
[0.511s] writing dependency_links to csv_obstacle.egg-info/dependency_links.txt
[0.511s] writing entry points to csv_obstacle.egg-info/entry_points.txt
[0.511s] writing requirements to csv_obstacle.egg-info/requires.txt
[0.511s] writing top-level names to csv_obstacle.egg-info/top_level.txt
[0.511s] writing manifest file 'csv_obstacle.egg-info/SOURCES.txt'
[0.527s] reading manifest file 'csv_obstacle.egg-info/SOURCES.txt'
[0.527s] writing manifest file 'csv_obstacle.egg-info/SOURCES.txt'
[0.543s] running build_ext
[0.543s] Creating /home/moon/sim_ws/install/csv_obstacle/lib/python3.8/site-packages/site.py
[0.545s] Creating /home/moon/sim_ws/install/csv_obstacle/lib/python3.8/site-packages/csv-obstacle.egg-link (link to .)
[0.545s] Installing csv_obstacle script to /home/moon/sim_ws/install/csv_obstacle/lib/csv_obstacle
[0.545s] 
[0.545s] Installed /home/moon/sim_ws/build/csv_obstacle
[0.545s] running symlink_data
[0.545s] creating /home/moon/sim_ws/install/csv_obstacle/share/ament_index
[0.545s] creating /home/moon/sim_ws/install/csv_obstacle/share/ament_index/resource_index
[0.545s] creating /home/moon/sim_ws/install/csv_obstacle/share/ament_index/resource_index/packages
[0.545s] symbolically linking /home/moon/sim_ws/build/csv_obstacle/resource/csv_obstacle -> /home/moon/sim_ws/install/csv_obstacle/share/ament_index/resource_index/packages
[0.546s] symbolically linking /home/moon/sim_ws/build/csv_obstacle/package.xml -> /home/moon/sim_ws/install/csv_obstacle/share/csv_obstacle
[0.546s] creating /home/moon/sim_ws/install/csv_obstacle/share/csv_obstacle/launch
[0.546s] symbolically linking /home/moon/sim_ws/build/csv_obstacle/launch/csv_obstacle.launch.py -> /home/moon/sim_ws/install/csv_obstacle/share/csv_obstacle/launch
[0.559s] Invoked command in '/home/moon/sim_ws/build/csv_obstacle' returned '0': CONDA_PROMPT_MODIFIER=(f110) PYTHONPATH=/home/moon/sim_ws/build/csv_obstacle/prefix_override:/usr/lib/python3/dist-packages/colcon_core/task/python/colcon_distutils_commands:/home/moon/sim_ws/install/csv_obstacle/lib/python3.8/site-packages:${PYTHONPATH} /usr/bin/python3 -W ignore:setup.py install is deprecated -W ignore:easy_install command is deprecated setup.py develop --editable --build-directory /home/moon/sim_ws/build/csv_obstacle/build --no-deps symlink_data
