[1.019s] Invoking command in '/home/f1/f1tenth_ws/build/pure_pursuit': CMAKE_PREFIX_PATH=${CMAKE_PREFIX_PATH}:/home/f1/f1tenth_ws/install/f1tenth_stack:/home/f1/f1tenth_ws/install/joy_teleop:/home/f1/f1tenth_ws/install/pygame_key_teleop:/home/f1/f1tenth_ws/install/mouse_teleop:/home/f1/f1tenth_ws/install/key_teleop:/home/f1/f1tenth_ws/install/f1tenth_path_planner:/opt/ros/foxy CONDA_PROMPT_MODIFIER=(base) /usr/bin/cmake --build /home/f1/f1tenth_ws/build/pure_pursuit -- -j6 -l6
[1.802s] [100%] Built target pure_pursuit_node
[3.685s] Invoked command in '/home/f1/f1tenth_ws/build/pure_pursuit' returned '0': CMAKE_PREFIX_PATH=${CMAKE_PREFIX_PATH}:/home/f1/f1tenth_ws/install/f1tenth_stack:/home/f1/f1tenth_ws/install/joy_teleop:/home/f1/f1tenth_ws/install/pygame_key_teleop:/home/f1/f1tenth_ws/install/mouse_teleop:/home/f1/f1tenth_ws/install/key_teleop:/home/f1/f1tenth_ws/install/f1tenth_path_planner:/opt/ros/foxy CONDA_PROMPT_MODIFIER=(base) /usr/bin/cmake --build /home/f1/f1tenth_ws/build/pure_pursuit -- -j6 -l6
[3.712s] Invoking command in '/home/f1/f1tenth_ws/build/pure_pursuit': CMAKE_PREFIX_PATH=${CMAKE_PREFIX_PATH}:/home/f1/f1tenth_ws/install/f1tenth_stack:/home/f1/f1tenth_ws/install/joy_teleop:/home/f1/f1tenth_ws/install/pygame_key_teleop:/home/f1/f1tenth_ws/install/mouse_teleop:/home/f1/f1tenth_ws/install/key_teleop:/home/f1/f1tenth_ws/install/f1tenth_path_planner:/opt/ros/foxy CONDA_PROMPT_MODIFIER=(base) /usr/bin/cmake --install /home/f1/f1tenth_ws/build/pure_pursuit
[3.870s] -- Install configuration: "Release"
[3.871s] -- Execute custom install script
[3.871s] -- Up-to-date symlink: /home/f1/f1tenth_ws/install/pure_pursuit/lib/pure_pursuit/pure_pursuit_node
[3.872s] -- Up-to-date symlink: /home/f1/f1tenth_ws/install/pure_pursuit/share/pure_pursuit/config//pure_pursuit_config.yaml
[3.872s] -- Up-to-date symlink: /home/f1/f1tenth_ws/install/pure_pursuit/share/pure_pursuit/launch//pure_pursuit_launch.py
[3.873s] -- Up-to-date symlink: /home/f1/f1tenth_ws/install/pure_pursuit/share/ament_index/resource_index/package_run_dependencies/pure_pursuit
[3.883s] -- Up-to-date symlink: /home/f1/f1tenth_ws/install/pure_pursuit/share/ament_index/resource_index/parent_prefix_path/pure_pursuit
[3.884s] -- Up-to-date symlink: /home/f1/f1tenth_ws/install/pure_pursuit/share/pure_pursuit/environment/ament_prefix_path.sh
[3.884s] -- Up-to-date symlink: /home/f1/f1tenth_ws/install/pure_pursuit/share/pure_pursuit/environment/ament_prefix_path.dsv
[3.885s] -- Up-to-date symlink: /home/f1/f1tenth_ws/install/pure_pursuit/share/pure_pursuit/environment/path.sh
[3.909s] -- Up-to-date symlink: /home/f1/f1tenth_ws/install/pure_pursuit/share/pure_pursuit/environment/path.dsv
[3.918s] -- Up-to-date symlink: /home/f1/f1tenth_ws/install/pure_pursuit/share/pure_pursuit/local_setup.bash
[3.919s] -- Up-to-date symlink: /home/f1/f1tenth_ws/install/pure_pursuit/share/pure_pursuit/local_setup.sh
[3.920s] -- Up-to-date symlink: /home/f1/f1tenth_ws/install/pure_pursuit/share/pure_pursuit/local_setup.zsh
[3.920s] -- Up-to-date symlink: /home/f1/f1tenth_ws/install/pure_pursuit/share/pure_pursuit/local_setup.dsv
[3.921s] -- Symlinking: /home/f1/f1tenth_ws/install/pure_pursuit/share/pure_pursuit/package.dsv
[4.065s] -- Up-to-date symlink: /home/f1/f1tenth_ws/install/pure_pursuit/share/ament_index/resource_index/packages/pure_pursuit
[4.067s] -- Up-to-date symlink: /home/f1/f1tenth_ws/install/pure_pursuit/share/pure_pursuit/cmake/pure_pursuitConfig.cmake
[4.067s] -- Up-to-date symlink: /home/f1/f1tenth_ws/install/pure_pursuit/share/pure_pursuit/cmake/pure_pursuitConfig-version.cmake
[4.095s] -- Up-to-date symlink: /home/f1/f1tenth_ws/install/pure_pursuit/share/pure_pursuit/package.xml
[4.344s] Invoked command in '/home/f1/f1tenth_ws/build/pure_pursuit' returned '0': CMAKE_PREFIX_PATH=${CMAKE_PREFIX_PATH}:/home/f1/f1tenth_ws/install/f1tenth_stack:/home/f1/f1tenth_ws/install/joy_teleop:/home/f1/f1tenth_ws/install/pygame_key_teleop:/home/f1/f1tenth_ws/install/mouse_teleop:/home/f1/f1tenth_ws/install/key_teleop:/home/f1/f1tenth_ws/install/f1tenth_path_planner:/opt/ros/foxy CONDA_PROMPT_MODIFIER=(base) /usr/bin/cmake --install /home/f1/f1tenth_ws/build/pure_pursuit
