[0.041s] Invoking command in '/home/sh/projects/f1tenth_miru3/build/vesc_msgs': CMAKE_PREFIX_PATH=/opt/ros/humble /usr/bin/cmake --build /home/sh/projects/f1tenth_miru3/build/vesc_msgs -- -j16 -l16
[0.942s] [ 10%] Built target vesc_msgs__rosidl_generator_c
[0.942s] [ 12%] Built target vesc_msgs__cpp
[0.942s] [ 12%] Built target ament_cmake_python_symlink_vesc_msgs
[0.942s] [ 41%] Built target vesc_msgs__rosidl_typesupport_fastrtps_c
[0.942s] [ 41%] Built target vesc_msgs__rosidl_typesupport_c
[0.942s] [ 45%] Built target vesc_msgs__rosidl_typesupport_introspection_c
[0.943s] [ 56%] Built target vesc_msgs__rosidl_typesupport_fastrtps_cpp
[0.943s] [ 67%] Built target vesc_msgs__rosidl_typesupport_cpp
[0.943s] [ 78%] Built target vesc_msgs__rosidl_typesupport_introspection_cpp
[0.945s] [ 78%] Built target vesc_msgs
[0.946s] [ 80%] Built target vesc_msgs__py
[0.946s] [ 89%] Built target vesc_msgs__rosidl_generator_py
[0.947s] [ 92%] Built target vesc_msgs__rosidl_typesupport_c__pyext
[0.947s] [ 96%] Built target vesc_msgs__rosidl_typesupport_introspection_c__pyext
[0.947s] [100%] Built target vesc_msgs__rosidl_typesupport_fastrtps_c__pyext
[0.947s] running egg_info
[0.947s] writing vesc_msgs.egg-info/PKG-INFO
[0.947s] writing dependency_links to vesc_msgs.egg-info/dependency_links.txt
[0.947s] writing top-level names to vesc_msgs.egg-info/top_level.txt
[0.947s] reading manifest file 'vesc_msgs.egg-info/SOURCES.txt'
[0.947s] writing manifest file 'vesc_msgs.egg-info/SOURCES.txt'
[0.947s] [100%] Built target ament_cmake_python_build_vesc_msgs_egg
[1.206s] Invoked command in '/home/sh/projects/f1tenth_miru3/build/vesc_msgs' returned '0': CMAKE_PREFIX_PATH=/opt/ros/humble /usr/bin/cmake --build /home/sh/projects/f1tenth_miru3/build/vesc_msgs -- -j16 -l16
[1.207s] Invoking command in '/home/sh/projects/f1tenth_miru3/build/vesc_msgs': CMAKE_PREFIX_PATH=/opt/ros/humble /usr/bin/cmake --install /home/sh/projects/f1tenth_miru3/build/vesc_msgs
[1.235s] -- Install configuration: ""
[1.236s] -- Execute custom install script
[1.236s] -- Up-to-date symlink: /home/sh/projects/f1tenth_miru3/install/vesc_msgs/share/ament_index/resource_index/rosidl_interfaces/vesc_msgs
[1.238s] -- Up-to-date symlink: /home/sh/projects/f1tenth_miru3/install/vesc_msgs/include/vesc_msgs/vesc_msgs/msg/detail/vesc_imu__functions.h
[1.239s] -- Up-to-date symlink: /home/sh/projects/f1tenth_miru3/install/vesc_msgs/include/vesc_msgs/vesc_msgs/msg/detail/vesc_imu__struct.h
[1.239s] -- Up-to-date symlink: /home/sh/projects/f1tenth_miru3/install/vesc_msgs/include/vesc_msgs/vesc_msgs/msg/detail/vesc_imu__type_support.h
[1.239s] -- Up-to-date symlink: /home/sh/projects/f1tenth_miru3/install/vesc_msgs/include/vesc_msgs/vesc_msgs/msg/detail/vesc_imu_stamped__functions.h
[1.239s] -- Up-to-date symlink: /home/sh/projects/f1tenth_miru3/install/vesc_msgs/include/vesc_msgs/vesc_msgs/msg/detail/vesc_imu_stamped__struct.h
[1.239s] -- Up-to-date symlink: /home/sh/projects/f1tenth_miru3/install/vesc_msgs/include/vesc_msgs/vesc_msgs/msg/detail/vesc_imu_stamped__type_support.h
[1.240s] -- Up-to-date symlink: /home/sh/projects/f1tenth_miru3/install/vesc_msgs/include/vesc_msgs/vesc_msgs/msg/detail/vesc_state__functions.h
[1.241s] -- Up-to-date symlink: /home/sh/projects/f1tenth_miru3/install/vesc_msgs/include/vesc_msgs/vesc_msgs/msg/detail/vesc_state__struct.h
[1.241s] -- Up-to-date symlink: /home/sh/projects/f1tenth_miru3/install/vesc_msgs/include/vesc_msgs/vesc_msgs/msg/detail/vesc_state__type_support.h
[1.241s] -- Up-to-date symlink: /home/sh/projects/f1tenth_miru3/install/vesc_msgs/include/vesc_msgs/vesc_msgs/msg/detail/vesc_state_stamped__functions.h
[1.241s] -- Up-to-date symlink: /home/sh/projects/f1tenth_miru3/install/vesc_msgs/include/vesc_msgs/vesc_msgs/msg/detail/vesc_state_stamped__struct.h
[1.242s] -- Up-to-date symlink: /home/sh/projects/f1tenth_miru3/install/vesc_msgs/include/vesc_msgs/vesc_msgs/msg/detail/vesc_state_stamped__type_support.h
[1.242s] -- Up-to-date symlink: /home/sh/projects/f1tenth_miru3/install/vesc_msgs/include/vesc_msgs/vesc_msgs/msg/rosidl_generator_c__visibility_control.h
[1.242s] -- Up-to-date symlink: /home/sh/projects/f1tenth_miru3/install/vesc_msgs/include/vesc_msgs/vesc_msgs/msg/vesc_imu.h
[1.242s] -- Up-to-date symlink: /home/sh/projects/f1tenth_miru3/install/vesc_msgs/include/vesc_msgs/vesc_msgs/msg/vesc_imu_stamped.h
[1.242s] -- Up-to-date symlink: /home/sh/projects/f1tenth_miru3/install/vesc_msgs/include/vesc_msgs/vesc_msgs/msg/vesc_state.h
[1.242s] -- Up-to-date symlink: /home/sh/projects/f1tenth_miru3/install/vesc_msgs/include/vesc_msgs/vesc_msgs/msg/vesc_state_stamped.h
[1.242s] -- Up-to-date symlink: /home/sh/projects/f1tenth_miru3/install/vesc_msgs/share/vesc_msgs/environment/library_path.sh
[1.242s] -- Up-to-date symlink: /home/sh/projects/f1tenth_miru3/install/vesc_msgs/share/vesc_msgs/environment/library_path.dsv
[1.242s] -- Up-to-date symlink: /home/sh/projects/f1tenth_miru3/install/vesc_msgs/include/vesc_msgs/vesc_msgs/msg/detail/vesc_imu__rosidl_typesupport_fastrtps_c.h
[1.243s] -- Up-to-date symlink: /home/sh/projects/f1tenth_miru3/install/vesc_msgs/include/vesc_msgs/vesc_msgs/msg/detail/vesc_imu_stamped__rosidl_typesupport_fastrtps_c.h
[1.243s] -- Up-to-date symlink: /home/sh/projects/f1tenth_miru3/install/vesc_msgs/include/vesc_msgs/vesc_msgs/msg/detail/vesc_state__rosidl_typesupport_fastrtps_c.h
[1.244s] -- Up-to-date symlink: /home/sh/projects/f1tenth_miru3/install/vesc_msgs/include/vesc_msgs/vesc_msgs/msg/detail/vesc_state_stamped__rosidl_typesupport_fastrtps_c.h
[1.245s] -- Up-to-date symlink: /home/sh/projects/f1tenth_miru3/install/vesc_msgs/include/vesc_msgs/vesc_msgs/msg/rosidl_typesupport_fastrtps_c__visibility_control.h
[1.246s] -- Up-to-date symlink: /home/sh/projects/f1tenth_miru3/install/vesc_msgs/include/vesc_msgs/vesc_msgs/msg/detail/vesc_imu__rosidl_typesupport_introspection_c.h
[1.246s] -- Up-to-date symlink: /home/sh/projects/f1tenth_miru3/install/vesc_msgs/include/vesc_msgs/vesc_msgs/msg/detail/vesc_imu_stamped__rosidl_typesupport_introspection_c.h
[1.246s] -- Up-to-date symlink: /home/sh/projects/f1tenth_miru3/install/vesc_msgs/include/vesc_msgs/vesc_msgs/msg/detail/vesc_state__rosidl_typesupport_introspection_c.h
[1.247s] -- Up-to-date symlink: /home/sh/projects/f1tenth_miru3/install/vesc_msgs/include/vesc_msgs/vesc_msgs/msg/detail/vesc_state_stamped__rosidl_typesupport_introspection_c.h
[1.247s] -- Up-to-date symlink: /home/sh/projects/f1tenth_miru3/install/vesc_msgs/include/vesc_msgs/vesc_msgs/msg/rosidl_typesupport_introspection_c__visibility_control.h
[1.247s] -- Up-to-date symlink: /home/sh/projects/f1tenth_miru3/install/vesc_msgs/include/vesc_msgs/vesc_msgs/msg/detail/vesc_imu__builder.hpp
[1.247s] -- Up-to-date symlink: /home/sh/projects/f1tenth_miru3/install/vesc_msgs/include/vesc_msgs/vesc_msgs/msg/detail/vesc_imu__struct.hpp
[1.247s] -- Up-to-date symlink: /home/sh/projects/f1tenth_miru3/install/vesc_msgs/include/vesc_msgs/vesc_msgs/msg/detail/vesc_imu__traits.hpp
[1.247s] -- Up-to-date symlink: /home/sh/projects/f1tenth_miru3/install/vesc_msgs/include/vesc_msgs/vesc_msgs/msg/detail/vesc_imu__type_support.hpp
[1.247s] -- Up-to-date symlink: /home/sh/projects/f1tenth_miru3/install/vesc_msgs/include/vesc_msgs/vesc_msgs/msg/detail/vesc_imu_stamped__builder.hpp
[1.248s] -- Up-to-date symlink: /home/sh/projects/f1tenth_miru3/install/vesc_msgs/include/vesc_msgs/vesc_msgs/msg/detail/vesc_imu_stamped__struct.hpp
[1.248s] -- Up-to-date symlink: /home/sh/projects/f1tenth_miru3/install/vesc_msgs/include/vesc_msgs/vesc_msgs/msg/detail/vesc_imu_stamped__traits.hpp
[1.248s] -- Up-to-date symlink: /home/sh/projects/f1tenth_miru3/install/vesc_msgs/include/vesc_msgs/vesc_msgs/msg/detail/vesc_imu_stamped__type_support.hpp
[1.248s] -- Up-to-date symlink: /home/sh/projects/f1tenth_miru3/install/vesc_msgs/include/vesc_msgs/vesc_msgs/msg/detail/vesc_state__builder.hpp
[1.248s] -- Up-to-date symlink: /home/sh/projects/f1tenth_miru3/install/vesc_msgs/include/vesc_msgs/vesc_msgs/msg/detail/vesc_state__struct.hpp
[1.248s] -- Up-to-date symlink: /home/sh/projects/f1tenth_miru3/install/vesc_msgs/include/vesc_msgs/vesc_msgs/msg/detail/vesc_state__traits.hpp
[1.248s] -- Up-to-date symlink: /home/sh/projects/f1tenth_miru3/install/vesc_msgs/include/vesc_msgs/vesc_msgs/msg/detail/vesc_state__type_support.hpp
[1.248s] -- Up-to-date symlink: /home/sh/projects/f1tenth_miru3/install/vesc_msgs/include/vesc_msgs/vesc_msgs/msg/detail/vesc_state_stamped__builder.hpp
[1.248s] -- Up-to-date symlink: /home/sh/projects/f1tenth_miru3/install/vesc_msgs/include/vesc_msgs/vesc_msgs/msg/detail/vesc_state_stamped__struct.hpp
[1.248s] -- Up-to-date symlink: /home/sh/projects/f1tenth_miru3/install/vesc_msgs/include/vesc_msgs/vesc_msgs/msg/detail/vesc_state_stamped__traits.hpp
[1.248s] -- Up-to-date symlink: /home/sh/projects/f1tenth_miru3/install/vesc_msgs/include/vesc_msgs/vesc_msgs/msg/detail/vesc_state_stamped__type_support.hpp
[1.248s] -- Up-to-date symlink: /home/sh/projects/f1tenth_miru3/install/vesc_msgs/include/vesc_msgs/vesc_msgs/msg/rosidl_generator_cpp__visibility_control.hpp
[1.249s] -- Up-to-date symlink: /home/sh/projects/f1tenth_miru3/install/vesc_msgs/include/vesc_msgs/vesc_msgs/msg/vesc_imu.hpp
[1.249s] -- Up-to-date symlink: /home/sh/projects/f1tenth_miru3/install/vesc_msgs/include/vesc_msgs/vesc_msgs/msg/vesc_imu_stamped.hpp
[1.249s] -- Up-to-date symlink: /home/sh/projects/f1tenth_miru3/install/vesc_msgs/include/vesc_msgs/vesc_msgs/msg/vesc_state.hpp
[1.249s] -- Up-to-date symlink: /home/sh/projects/f1tenth_miru3/install/vesc_msgs/include/vesc_msgs/vesc_msgs/msg/vesc_state_stamped.hpp
[1.249s] -- Up-to-date symlink: /home/sh/projects/f1tenth_miru3/install/vesc_msgs/include/vesc_msgs/vesc_msgs/msg/detail/vesc_imu__rosidl_typesupport_fastrtps_cpp.hpp
[1.249s] -- Up-to-date symlink: /home/sh/projects/f1tenth_miru3/install/vesc_msgs/include/vesc_msgs/vesc_msgs/msg/detail/vesc_imu_stamped__rosidl_typesupport_fastrtps_cpp.hpp
[1.249s] -- Up-to-date symlink: /home/sh/projects/f1tenth_miru3/install/vesc_msgs/include/vesc_msgs/vesc_msgs/msg/detail/vesc_state__rosidl_typesupport_fastrtps_cpp.hpp
[1.249s] -- Up-to-date symlink: /home/sh/projects/f1tenth_miru3/install/vesc_msgs/include/vesc_msgs/vesc_msgs/msg/detail/vesc_state_stamped__rosidl_typesupport_fastrtps_cpp.hpp
[1.249s] -- Up-to-date symlink: /home/sh/projects/f1tenth_miru3/install/vesc_msgs/include/vesc_msgs/vesc_msgs/msg/rosidl_typesupport_fastrtps_cpp__visibility_control.h
[1.250s] -- Up-to-date symlink: /home/sh/projects/f1tenth_miru3/install/vesc_msgs/include/vesc_msgs/vesc_msgs/msg/detail/vesc_imu__rosidl_typesupport_introspection_cpp.hpp
[1.250s] -- Up-to-date symlink: /home/sh/projects/f1tenth_miru3/install/vesc_msgs/include/vesc_msgs/vesc_msgs/msg/detail/vesc_imu_stamped__rosidl_typesupport_introspection_cpp.hpp
[1.250s] -- Up-to-date symlink: /home/sh/projects/f1tenth_miru3/install/vesc_msgs/include/vesc_msgs/vesc_msgs/msg/detail/vesc_state__rosidl_typesupport_introspection_cpp.hpp
[1.250s] -- Up-to-date symlink: /home/sh/projects/f1tenth_miru3/install/vesc_msgs/include/vesc_msgs/vesc_msgs/msg/detail/vesc_state_stamped__rosidl_typesupport_introspection_cpp.hpp
[1.250s] -- Up-to-date symlink: /home/sh/projects/f1tenth_miru3/install/vesc_msgs/share/vesc_msgs/environment/pythonpath.sh
[1.250s] -- Up-to-date symlink: /home/sh/projects/f1tenth_miru3/install/vesc_msgs/share/vesc_msgs/environment/pythonpath.dsv
[1.250s] -- Up-to-date symlink: /home/sh/projects/f1tenth_miru3/install/vesc_msgs/local/lib/python3.10/dist-packages/vesc_msgs-1.2.0-py3.10.egg-info/PKG-INFO
[1.250s] -- Up-to-date symlink: /home/sh/projects/f1tenth_miru3/install/vesc_msgs/local/lib/python3.10/dist-packages/vesc_msgs-1.2.0-py3.10.egg-info/SOURCES.txt
[1.250s] -- Up-to-date symlink: /home/sh/projects/f1tenth_miru3/install/vesc_msgs/local/lib/python3.10/dist-packages/vesc_msgs-1.2.0-py3.10.egg-info/dependency_links.txt
[1.252s] -- Up-to-date symlink: /home/sh/projects/f1tenth_miru3/install/vesc_msgs/local/lib/python3.10/dist-packages/vesc_msgs-1.2.0-py3.10.egg-info/top_level.txt
[1.252s] -- Up-to-date symlink: /home/sh/projects/f1tenth_miru3/install/vesc_msgs/local/lib/python3.10/dist-packages/vesc_msgs/__init__.py
[1.252s] -- Up-to-date symlink: /home/sh/projects/f1tenth_miru3/install/vesc_msgs/local/lib/python3.10/dist-packages/vesc_msgs/_vesc_msgs_s.ep.rosidl_typesupport_c.c
[1.253s] -- Up-to-date symlink: /home/sh/projects/f1tenth_miru3/install/vesc_msgs/local/lib/python3.10/dist-packages/vesc_msgs/_vesc_msgs_s.ep.rosidl_typesupport_fastrtps_c.c
[1.253s] -- Up-to-date symlink: /home/sh/projects/f1tenth_miru3/install/vesc_msgs/local/lib/python3.10/dist-packages/vesc_msgs/_vesc_msgs_s.ep.rosidl_typesupport_introspection_c.c
[1.253s] -- Up-to-date symlink: /home/sh/projects/f1tenth_miru3/install/vesc_msgs/local/lib/python3.10/dist-packages/vesc_msgs/libvesc_msgs__rosidl_generator_py.so
[1.253s] -- Up-to-date symlink: /home/sh/projects/f1tenth_miru3/install/vesc_msgs/local/lib/python3.10/dist-packages/vesc_msgs/msg/__init__.py
[1.253s] -- Up-to-date symlink: /home/sh/projects/f1tenth_miru3/install/vesc_msgs/local/lib/python3.10/dist-packages/vesc_msgs/msg/_vesc_imu.py
[1.254s] -- Up-to-date symlink: /home/sh/projects/f1tenth_miru3/install/vesc_msgs/local/lib/python3.10/dist-packages/vesc_msgs/msg/_vesc_imu_s.c
[1.254s] -- Up-to-date symlink: /home/sh/projects/f1tenth_miru3/install/vesc_msgs/local/lib/python3.10/dist-packages/vesc_msgs/msg/_vesc_imu_stamped.py
[1.254s] -- Up-to-date symlink: /home/sh/projects/f1tenth_miru3/install/vesc_msgs/local/lib/python3.10/dist-packages/vesc_msgs/msg/_vesc_imu_stamped_s.c
[1.256s] -- Up-to-date symlink: /home/sh/projects/f1tenth_miru3/install/vesc_msgs/local/lib/python3.10/dist-packages/vesc_msgs/msg/_vesc_state.py
[1.256s] -- Up-to-date symlink: /home/sh/projects/f1tenth_miru3/install/vesc_msgs/local/lib/python3.10/dist-packages/vesc_msgs/msg/_vesc_state_s.c
[1.257s] -- Up-to-date symlink: /home/sh/projects/f1tenth_miru3/install/vesc_msgs/local/lib/python3.10/dist-packages/vesc_msgs/msg/_vesc_state_stamped.py
[1.257s] -- Up-to-date symlink: /home/sh/projects/f1tenth_miru3/install/vesc_msgs/local/lib/python3.10/dist-packages/vesc_msgs/msg/_vesc_state_stamped_s.c
[1.257s] -- Up-to-date symlink: /home/sh/projects/f1tenth_miru3/install/vesc_msgs/local/lib/python3.10/dist-packages/vesc_msgs/vesc_msgs_s__rosidl_typesupport_c.cpython-310-x86_64-linux-gnu.so
[1.257s] -- Up-to-date symlink: /home/sh/projects/f1tenth_miru3/install/vesc_msgs/local/lib/python3.10/dist-packages/vesc_msgs/vesc_msgs_s__rosidl_typesupport_fastrtps_c.cpython-310-x86_64-linux-gnu.so
[1.257s] -- Up-to-date symlink: /home/sh/projects/f1tenth_miru3/install/vesc_msgs/local/lib/python3.10/dist-packages/vesc_msgs/vesc_msgs_s__rosidl_typesupport_introspection_c.cpython-310-x86_64-linux-gnu.so
[1.257s] -- Up-to-date symlink: /home/sh/projects/f1tenth_miru3/install/vesc_msgs/local/lib/python3.10/dist-packages/vesc_msgs/vesc_msgs_s__rosidl_typesupport_fastrtps_c.cpython-310-x86_64-linux-gnu.so
[1.257s] -- Up-to-date symlink: /home/sh/projects/f1tenth_miru3/install/vesc_msgs/local/lib/python3.10/dist-packages/vesc_msgs/vesc_msgs_s__rosidl_typesupport_introspection_c.cpython-310-x86_64-linux-gnu.so
[1.258s] -- Up-to-date symlink: /home/sh/projects/f1tenth_miru3/install/vesc_msgs/local/lib/python3.10/dist-packages/vesc_msgs/vesc_msgs_s__rosidl_typesupport_c.cpython-310-x86_64-linux-gnu.so
[1.258s] -- Up-to-date symlink: /home/sh/projects/f1tenth_miru3/install/vesc_msgs/share/vesc_msgs/msg/VescState.idl
[1.258s] -- Up-to-date symlink: /home/sh/projects/f1tenth_miru3/install/vesc_msgs/share/vesc_msgs/msg/VescStateStamped.idl
[1.259s] -- Up-to-date symlink: /home/sh/projects/f1tenth_miru3/install/vesc_msgs/share/vesc_msgs/msg/VescImu.idl
[1.259s] -- Up-to-date symlink: /home/sh/projects/f1tenth_miru3/install/vesc_msgs/share/vesc_msgs/msg/VescImuStamped.idl
[1.259s] -- Up-to-date symlink: /home/sh/projects/f1tenth_miru3/install/vesc_msgs/share/vesc_msgs/msg/VescState.msg
[1.259s] -- Up-to-date symlink: /home/sh/projects/f1tenth_miru3/install/vesc_msgs/share/vesc_msgs/msg/VescStateStamped.msg
[1.259s] -- Up-to-date symlink: /home/sh/projects/f1tenth_miru3/install/vesc_msgs/share/vesc_msgs/msg/VescImu.msg
[1.260s] -- Up-to-date symlink: /home/sh/projects/f1tenth_miru3/install/vesc_msgs/share/vesc_msgs/msg/VescImuStamped.msg
[1.260s] -- Up-to-date symlink: /home/sh/projects/f1tenth_miru3/install/vesc_msgs/share/ament_index/resource_index/package_run_dependencies/vesc_msgs
[1.260s] -- Up-to-date symlink: /home/sh/projects/f1tenth_miru3/install/vesc_msgs/share/ament_index/resource_index/parent_prefix_path/vesc_msgs
[1.260s] -- Up-to-date symlink: /home/sh/projects/f1tenth_miru3/install/vesc_msgs/share/vesc_msgs/environment/ament_prefix_path.sh
[1.260s] -- Up-to-date symlink: /home/sh/projects/f1tenth_miru3/install/vesc_msgs/share/vesc_msgs/environment/ament_prefix_path.dsv
[1.261s] -- Up-to-date symlink: /home/sh/projects/f1tenth_miru3/install/vesc_msgs/share/vesc_msgs/environment/path.sh
[1.261s] -- Up-to-date symlink: /home/sh/projects/f1tenth_miru3/install/vesc_msgs/share/vesc_msgs/environment/path.dsv
[1.261s] -- Up-to-date symlink: /home/sh/projects/f1tenth_miru3/install/vesc_msgs/share/vesc_msgs/local_setup.bash
[1.262s] -- Up-to-date symlink: /home/sh/projects/f1tenth_miru3/install/vesc_msgs/share/vesc_msgs/local_setup.sh
[1.262s] -- Up-to-date symlink: /home/sh/projects/f1tenth_miru3/install/vesc_msgs/share/vesc_msgs/local_setup.zsh
[1.262s] -- Up-to-date symlink: /home/sh/projects/f1tenth_miru3/install/vesc_msgs/share/vesc_msgs/local_setup.dsv
[1.262s] -- Symlinking: /home/sh/projects/f1tenth_miru3/install/vesc_msgs/share/vesc_msgs/package.dsv
[1.266s] -- Up-to-date symlink: /home/sh/projects/f1tenth_miru3/install/vesc_msgs/share/ament_index/resource_index/packages/vesc_msgs
[1.266s] -- Up-to-date symlink: /home/sh/projects/f1tenth_miru3/install/vesc_msgs/share/vesc_msgs/cmake/rosidl_cmake-extras.cmake
[1.267s] -- Up-to-date symlink: /home/sh/projects/f1tenth_miru3/install/vesc_msgs/share/vesc_msgs/cmake/ament_cmake_export_dependencies-extras.cmake
[1.267s] -- Up-to-date symlink: /home/sh/projects/f1tenth_miru3/install/vesc_msgs/share/vesc_msgs/cmake/ament_cmake_export_include_directories-extras.cmake
[1.267s] -- Up-to-date symlink: /home/sh/projects/f1tenth_miru3/install/vesc_msgs/share/vesc_msgs/cmake/ament_cmake_export_libraries-extras.cmake
[1.267s] -- Up-to-date symlink: /home/sh/projects/f1tenth_miru3/install/vesc_msgs/share/vesc_msgs/cmake/ament_cmake_export_targets-extras.cmake
[1.267s] -- Up-to-date symlink: /home/sh/projects/f1tenth_miru3/install/vesc_msgs/share/vesc_msgs/cmake/rosidl_cmake_export_typesupport_targets-extras.cmake
[1.267s] -- Up-to-date symlink: /home/sh/projects/f1tenth_miru3/install/vesc_msgs/share/vesc_msgs/cmake/rosidl_cmake_export_typesupport_libraries-extras.cmake
[1.267s] -- Up-to-date symlink: /home/sh/projects/f1tenth_miru3/install/vesc_msgs/share/vesc_msgs/cmake/vesc_msgsConfig.cmake
[1.267s] -- Up-to-date symlink: /home/sh/projects/f1tenth_miru3/install/vesc_msgs/share/vesc_msgs/cmake/vesc_msgsConfig-version.cmake
[1.267s] -- Up-to-date symlink: /home/sh/projects/f1tenth_miru3/install/vesc_msgs/share/vesc_msgs/package.xml
[1.267s] -- Up-to-date: /home/sh/projects/f1tenth_miru3/install/vesc_msgs/lib/libvesc_msgs__rosidl_generator_c.so
[1.267s] -- Up-to-date: /home/sh/projects/f1tenth_miru3/install/vesc_msgs/lib/libvesc_msgs__rosidl_typesupport_fastrtps_c.so
[1.268s] -- Up-to-date: /home/sh/projects/f1tenth_miru3/install/vesc_msgs/lib/libvesc_msgs__rosidl_typesupport_introspection_c.so
[1.268s] -- Up-to-date: /home/sh/projects/f1tenth_miru3/install/vesc_msgs/lib/libvesc_msgs__rosidl_typesupport_c.so
[1.268s] -- Up-to-date: /home/sh/projects/f1tenth_miru3/install/vesc_msgs/lib/libvesc_msgs__rosidl_typesupport_fastrtps_cpp.so
[1.268s] -- Up-to-date: /home/sh/projects/f1tenth_miru3/install/vesc_msgs/lib/libvesc_msgs__rosidl_typesupport_introspection_cpp.so
[1.268s] -- Up-to-date: /home/sh/projects/f1tenth_miru3/install/vesc_msgs/lib/libvesc_msgs__rosidl_typesupport_cpp.so
[1.308s] Listing '/home/sh/projects/f1tenth_miru3/install/vesc_msgs/local/lib/python3.10/dist-packages/vesc_msgs'...
[1.308s] Listing '/home/sh/projects/f1tenth_miru3/install/vesc_msgs/local/lib/python3.10/dist-packages/vesc_msgs/msg'...
[1.318s] -- Up-to-date: /home/sh/projects/f1tenth_miru3/install/vesc_msgs/lib/libvesc_msgs__rosidl_generator_py.so
[1.318s] -- Up-to-date: /home/sh/projects/f1tenth_miru3/install/vesc_msgs/share/vesc_msgs/cmake/export_vesc_msgs__rosidl_generator_cExport.cmake
[1.319s] -- Up-to-date: /home/sh/projects/f1tenth_miru3/install/vesc_msgs/share/vesc_msgs/cmake/export_vesc_msgs__rosidl_generator_cExport-noconfig.cmake
[1.319s] -- Up-to-date: /home/sh/projects/f1tenth_miru3/install/vesc_msgs/share/vesc_msgs/cmake/export_vesc_msgs__rosidl_typesupport_fastrtps_cExport.cmake
[1.319s] -- Up-to-date: /home/sh/projects/f1tenth_miru3/install/vesc_msgs/share/vesc_msgs/cmake/export_vesc_msgs__rosidl_typesupport_fastrtps_cExport-noconfig.cmake
[1.319s] -- Up-to-date: /home/sh/projects/f1tenth_miru3/install/vesc_msgs/share/vesc_msgs/cmake/vesc_msgs__rosidl_typesupport_introspection_cExport.cmake
[1.320s] -- Up-to-date: /home/sh/projects/f1tenth_miru3/install/vesc_msgs/share/vesc_msgs/cmake/vesc_msgs__rosidl_typesupport_introspection_cExport-noconfig.cmake
[1.320s] -- Up-to-date: /home/sh/projects/f1tenth_miru3/install/vesc_msgs/share/vesc_msgs/cmake/vesc_msgs__rosidl_typesupport_cExport.cmake
[1.320s] -- Up-to-date: /home/sh/projects/f1tenth_miru3/install/vesc_msgs/share/vesc_msgs/cmake/vesc_msgs__rosidl_typesupport_cExport-noconfig.cmake
[1.320s] -- Up-to-date: /home/sh/projects/f1tenth_miru3/install/vesc_msgs/share/vesc_msgs/cmake/export_vesc_msgs__rosidl_generator_cppExport.cmake
[1.320s] -- Up-to-date: /home/sh/projects/f1tenth_miru3/install/vesc_msgs/share/vesc_msgs/cmake/export_vesc_msgs__rosidl_typesupport_fastrtps_cppExport.cmake
[1.320s] -- Up-to-date: /home/sh/projects/f1tenth_miru3/install/vesc_msgs/share/vesc_msgs/cmake/export_vesc_msgs__rosidl_typesupport_fastrtps_cppExport-noconfig.cmake
[1.320s] -- Up-to-date: /home/sh/projects/f1tenth_miru3/install/vesc_msgs/share/vesc_msgs/cmake/vesc_msgs__rosidl_typesupport_introspection_cppExport.cmake
[1.320s] -- Up-to-date: /home/sh/projects/f1tenth_miru3/install/vesc_msgs/share/vesc_msgs/cmake/vesc_msgs__rosidl_typesupport_introspection_cppExport-noconfig.cmake
[1.321s] -- Up-to-date: /home/sh/projects/f1tenth_miru3/install/vesc_msgs/share/vesc_msgs/cmake/vesc_msgs__rosidl_typesupport_cppExport.cmake
[1.321s] -- Up-to-date: /home/sh/projects/f1tenth_miru3/install/vesc_msgs/share/vesc_msgs/cmake/vesc_msgs__rosidl_typesupport_cppExport-noconfig.cmake
[1.321s] -- Up-to-date: /home/sh/projects/f1tenth_miru3/install/vesc_msgs/share/vesc_msgs/cmake/export_vesc_msgs__rosidl_generator_pyExport.cmake
[1.321s] -- Up-to-date: /home/sh/projects/f1tenth_miru3/install/vesc_msgs/share/vesc_msgs/cmake/export_vesc_msgs__rosidl_generator_pyExport-noconfig.cmake
[1.390s] Invoked command in '/home/sh/projects/f1tenth_miru3/build/vesc_msgs' returned '0': CMAKE_PREFIX_PATH=/opt/ros/humble /usr/bin/cmake --install /home/sh/projects/f1tenth_miru3/build/vesc_msgs
