[0.108s] Invoking command in '/home/sh/projects/f1tenth_miru3/build/ackermann_mux': CMAKE_PREFIX_PATH=${CMAKE_PREFIX_PATH}:/home/sh/f1tenth_ws/install/f1tenth_gym_ros:/home/sh/projects/f1tenth_miru3/install/f1tenth_stack:/home/sh/projects/f1tenth_miru3/install/joy_teleop:/home/sh/projects/f1tenth_miru3/install/pygame_key_teleop:/home/sh/projects/f1tenth_miru3/install/mouse_teleop:/home/sh/projects/f1tenth_miru3/install/key_teleop:/home/sh/projects/f1tenth_miru3/install/forza_map_controller:/home/sh/projects/f1tenth_miru3/install/f1tenth_path_planner:/opt/ros/humble /usr/bin/cmake /home/sh/projects/f1tenth_miru3/src/f1tenth_system/ackermann_mux -DAMENT_CMAKE_SYMLINK_INSTALL=1 -DCMAKE_INSTALL_PREFIX=/home/sh/projects/f1tenth_miru3/install/ackermann_mux
[2.031s] -- The C compiler identification is GNU 11.4.0
[2.031s] -- The CXX compiler identification is GNU 11.4.0
[2.031s] -- Detecting C compiler ABI info
[2.032s] -- Detecting C compiler ABI info - done
[2.032s] -- Check for working C compiler: /usr/bin/cc - skipped
[2.032s] -- Detecting C compile features
[2.032s] -- Detecting C compile features - done
[2.032s] -- Detecting CXX compiler ABI info
[2.033s] -- Detecting CXX compiler ABI info - done
[2.033s] -- Check for working CXX compiler: /usr/bin/c++ - skipped
[2.033s] -- Detecting CXX compile features
[2.033s] -- Detecting CXX compile features - done
[2.033s] -- Found ament_cmake: 1.3.11 (/opt/ros/humble/share/ament_cmake/cmake)
[2.034s] -- Found Python3: /usr/bin/python3 (found version "3.10.12") found components: Interpreter 
[2.034s] -- Override CMake install command with custom implementation using symlinks instead of copying resources
[2.034s] -- Found rclcpp: 16.0.11 (/opt/ros/humble/share/rclcpp/cmake)
[2.034s] -- Found rosidl_generator_c: 3.1.6 (/opt/ros/humble/share/rosidl_generator_c/cmake)
[2.034s] -- Found rosidl_adapter: 3.1.6 (/opt/ros/humble/share/rosidl_adapter/cmake)
[2.035s] -- Found rosidl_generator_cpp: 3.1.6 (/opt/ros/humble/share/rosidl_generator_cpp/cmake)
[2.035s] -- Using all available rosidl_typesupport_c: rosidl_typesupport_fastrtps_c;rosidl_typesupport_introspection_c
[2.035s] -- Using all available rosidl_typesupport_cpp: rosidl_typesupport_fastrtps_cpp;rosidl_typesupport_introspection_cpp
[2.035s] -- Found rmw_implementation_cmake: 6.1.2 (/opt/ros/humble/share/rmw_implementation_cmake/cmake)
[2.036s] -- Found rmw_fastrtps_cpp: 6.2.7 (/opt/ros/humble/share/rmw_fastrtps_cpp/cmake)
[2.138s] -- Found OpenSSL: /usr/lib/x86_64-linux-gnu/libcrypto.so (found version "3.0.2")  
[2.214s] -- Found FastRTPS: /opt/ros/humble/include  
[2.325s] -- Using RMW implementation 'rmw_fastrtps_cpp' as default
[2.354s] -- Looking for pthread.h
[2.526s] -- Looking for pthread.h - found
[2.527s] -- Performing Test CMAKE_HAVE_LIBC_PTHREAD
[2.715s] -- Performing Test CMAKE_HAVE_LIBC_PTHREAD - Success
[2.718s] -- Found Threads: TRUE  
[2.954s] -- Found ackermann_msgs: 2.0.2 (/opt/ros/humble/share/ackermann_msgs/cmake)
[3.021s] -- Found diagnostic_updater: 4.0.6 (/opt/ros/humble/share/diagnostic_updater/cmake)
[3.114s] -- Found ament_lint_auto: 0.12.11 (/opt/ros/humble/share/ament_lint_auto/cmake)
[3.430s] -- Found python_cmake_module: 0.10.0 (/opt/ros/humble/share/python_cmake_module/cmake)
[3.505s] -- Found PythonInterp: /usr/bin/python3 (found suitable version "3.10.12", minimum required is "3.6") 
[3.524s] -- Found PythonLibs: /usr/lib/x86_64-linux-gnu/libpython3.10.so (found suitable version "3.10.12", minimum required is "3.5") 
[3.524s] -- Using PYTHON_EXECUTABLE: /usr/bin/python3
[3.524s] -- Using PYTHON_INCLUDE_DIRS: /usr/include/python3.10
[3.525s] -- Using PYTHON_LIBRARIES: /usr/lib/x86_64-linux-gnu/libpython3.10.so
[3.583s] -- Found PythonExtra: .so  
[3.621s] -- Added test 'xmllint' to check XML markup files
[3.624s] -- Added test 'copyright' to check source files copyright and LICENSE
[3.629s] -- Added test 'cppcheck' to perform static code analysis on C / C++ code
[3.629s] -- Configured cppcheck include dirs: /home/sh/projects/f1tenth_miru3/src/f1tenth_system/ackermann_mux/include
[3.630s] -- Configured cppcheck exclude dirs and/or files: 
[3.634s] -- Added test 'cpplint' to check C / C++ code against the Google style
[3.634s] -- Configured cpplint exclude dirs and/or files: 
[3.640s] -- Added test 'flake8' to check Python code syntax and style conventions
[3.644s] -- Added test 'lint_cmake' to check CMake code style
[3.647s] -- Added test 'pep257' to check Python code against some of the docstring style conventions in PEP 257
[3.654s] -- Added test 'uncrustify' to check C / C++ code style
[3.655s] -- Configured uncrustify additional arguments: 
[3.663s] -- Configuring done
[3.690s] -- Generating done
[3.697s] -- Build files have been written to: /home/sh/projects/f1tenth_miru3/build/ackermann_mux
[3.719s] Invoked command in '/home/sh/projects/f1tenth_miru3/build/ackermann_mux' returned '0': CMAKE_PREFIX_PATH=${CMAKE_PREFIX_PATH}:/home/sh/f1tenth_ws/install/f1tenth_gym_ros:/home/sh/projects/f1tenth_miru3/install/f1tenth_stack:/home/sh/projects/f1tenth_miru3/install/joy_teleop:/home/sh/projects/f1tenth_miru3/install/pygame_key_teleop:/home/sh/projects/f1tenth_miru3/install/mouse_teleop:/home/sh/projects/f1tenth_miru3/install/key_teleop:/home/sh/projects/f1tenth_miru3/install/forza_map_controller:/home/sh/projects/f1tenth_miru3/install/f1tenth_path_planner:/opt/ros/humble /usr/bin/cmake /home/sh/projects/f1tenth_miru3/src/f1tenth_system/ackermann_mux -DAMENT_CMAKE_SYMLINK_INSTALL=1 -DCMAKE_INSTALL_PREFIX=/home/sh/projects/f1tenth_miru3/install/ackermann_mux
[3.726s] Invoking command in '/home/sh/projects/f1tenth_miru3/build/ackermann_mux': CMAKE_PREFIX_PATH=${CMAKE_PREFIX_PATH}:/home/sh/f1tenth_ws/install/f1tenth_gym_ros:/home/sh/projects/f1tenth_miru3/install/f1tenth_stack:/home/sh/projects/f1tenth_miru3/install/joy_teleop:/home/sh/projects/f1tenth_miru3/install/pygame_key_teleop:/home/sh/projects/f1tenth_miru3/install/mouse_teleop:/home/sh/projects/f1tenth_miru3/install/key_teleop:/home/sh/projects/f1tenth_miru3/install/forza_map_controller:/home/sh/projects/f1tenth_miru3/install/f1tenth_path_planner:/opt/ros/humble /usr/bin/cmake --build /home/sh/projects/f1tenth_miru3/build/ackermann_mux -- -j16 -l16
[3.878s] [ 25%] [32mBuilding CXX object CMakeFiles/ackermann_mux.dir/src/ackermann_mux.cpp.o[0m
[3.879s] [ 50%] [32mBuilding CXX object CMakeFiles/ackermann_mux.dir/src/ackermann_mux_node.cpp.o[0m
[3.879s] [ 75%] [32mBuilding CXX object CMakeFiles/ackermann_mux.dir/src/ackermann_mux_diagnostics.cpp.o[0m
[44.034s] [100%] [32m[1mLinking CXX executable ackermann_mux[0m
[45.416s] [100%] Built target ackermann_mux
