running develop
running egg_info
creating pygame_key_teleop.egg-info
writing pygame_key_teleop.egg-info/PKG-INFO
writing dependency_links to pygame_key_teleop.egg-info/dependency_links.txt
writing entry points to pygame_key_teleop.egg-info/entry_points.txt
writing requirements to pygame_key_teleop.egg-info/requires.txt
writing top-level names to pygame_key_teleop.egg-info/top_level.txt
writing manifest file 'pygame_key_teleop.egg-info/SOURCES.txt'
reading manifest file 'pygame_key_teleop.egg-info/SOURCES.txt'
writing manifest file 'pygame_key_teleop.egg-info/SOURCES.txt'
running build_ext
Creating /home/sh/projects/f1tenth_miru3/install/pygame_key_teleop/lib/python3.10/site-packages/pygame-key-teleop.egg-link (link to .)
Installing pygame_key_teleop script to /home/sh/projects/f1tenth_miru3/install/pygame_key_teleop/lib/pygame_key_teleop

Installed /home/sh/projects/f1tenth_miru3/build/pygame_key_teleop
running symlink_data
creating /home/sh/projects/f1tenth_miru3/install/pygame_key_teleop/share/ament_index
creating /home/sh/projects/f1tenth_miru3/install/pygame_key_teleop/share/ament_index/resource_index
creating /home/sh/projects/f1tenth_miru3/install/pygame_key_teleop/share/ament_index/resource_index/packages
symbolically linking /home/sh/projects/f1tenth_miru3/build/pygame_key_teleop/resource/pygame_key_teleop -> /home/sh/projects/f1tenth_miru3/install/pygame_key_teleop/share/ament_index/resource_index/packages
symbolically linking /home/sh/projects/f1tenth_miru3/build/pygame_key_teleop/package.xml -> /home/sh/projects/f1tenth_miru3/install/pygame_key_teleop/share/pygame_key_teleop
