[0.911s] Invoking command in '/home/sh/projects/f1tenth_miru3/build/pure_pursuit': CMAKE_PREFIX_PATH=/opt/ros/humble /usr/bin/cmake --build /home/sh/projects/f1tenth_miru3/build/pure_pursuit -- -j16 -l16
[0.970s] [100%] Built target pure_pursuit_node
[1.226s] Invoked command in '/home/sh/projects/f1tenth_miru3/build/pure_pursuit' returned '0': CMAKE_PREFIX_PATH=/opt/ros/humble /usr/bin/cmake --build /home/sh/projects/f1tenth_miru3/build/pure_pursuit -- -j16 -l16
[1.232s] Invoking command in '/home/sh/projects/f1tenth_miru3/build/pure_pursuit': CMAKE_PREFIX_PATH=/opt/ros/humble /usr/bin/cmake --install /home/sh/projects/f1tenth_miru3/build/pure_pursuit
[1.233s] -- Install configuration: ""
[1.234s] -- Execute custom install script
[1.234s] -- Up-to-date symlink: /home/sh/projects/f1tenth_miru3/install/pure_pursuit/lib/pure_pursuit/pure_pursuit_node
[1.234s] -- Up-to-date symlink: /home/sh/projects/f1tenth_miru3/install/pure_pursuit/share/pure_pursuit/config//pure_pursuit_config.yaml
[1.234s] -- Up-to-date symlink: /home/sh/projects/f1tenth_miru3/install/pure_pursuit/share/pure_pursuit/launch//pure_pursuit_launch.py
[1.234s] -- Up-to-date symlink: /home/sh/projects/f1tenth_miru3/install/pure_pursuit/share/ament_index/resource_index/package_run_dependencies/pure_pursuit
[1.234s] -- Up-to-date symlink: /home/sh/projects/f1tenth_miru3/install/pure_pursuit/share/ament_index/resource_index/parent_prefix_path/pure_pursuit
[1.235s] -- Up-to-date symlink: /home/sh/projects/f1tenth_miru3/install/pure_pursuit/share/pure_pursuit/environment/ament_prefix_path.sh
[1.235s] -- Up-to-date symlink: /home/sh/projects/f1tenth_miru3/install/pure_pursuit/share/pure_pursuit/environment/ament_prefix_path.dsv
[1.235s] -- Up-to-date symlink: /home/sh/projects/f1tenth_miru3/install/pure_pursuit/share/pure_pursuit/environment/path.sh
[1.235s] -- Up-to-date symlink: /home/sh/projects/f1tenth_miru3/install/pure_pursuit/share/pure_pursuit/environment/path.dsv
[1.236s] -- Up-to-date symlink: /home/sh/projects/f1tenth_miru3/install/pure_pursuit/share/pure_pursuit/local_setup.bash
[1.236s] -- Up-to-date symlink: /home/sh/projects/f1tenth_miru3/install/pure_pursuit/share/pure_pursuit/local_setup.sh
[1.236s] -- Up-to-date symlink: /home/sh/projects/f1tenth_miru3/install/pure_pursuit/share/pure_pursuit/local_setup.zsh
[1.236s] -- Up-to-date symlink: /home/sh/projects/f1tenth_miru3/install/pure_pursuit/share/pure_pursuit/local_setup.dsv
[1.236s] -- Symlinking: /home/sh/projects/f1tenth_miru3/install/pure_pursuit/share/pure_pursuit/package.dsv
[1.239s] -- Up-to-date symlink: /home/sh/projects/f1tenth_miru3/install/pure_pursuit/share/ament_index/resource_index/packages/pure_pursuit
[1.239s] -- Up-to-date symlink: /home/sh/projects/f1tenth_miru3/install/pure_pursuit/share/pure_pursuit/cmake/pure_pursuitConfig.cmake
[1.239s] -- Up-to-date symlink: /home/sh/projects/f1tenth_miru3/install/pure_pursuit/share/pure_pursuit/cmake/pure_pursuitConfig-version.cmake
[1.239s] -- Up-to-date symlink: /home/sh/projects/f1tenth_miru3/install/pure_pursuit/share/pure_pursuit/package.xml
[1.287s] Invoked command in '/home/sh/projects/f1tenth_miru3/build/pure_pursuit' returned '0': CMAKE_PREFIX_PATH=/opt/ros/humble /usr/bin/cmake --install /home/sh/projects/f1tenth_miru3/build/pure_pursuit
