[2.664s] Invoking command in '/home/f1/f1tenth_ws/build/center_follow_cpp': CMAKE_PREFIX_PATH=/opt/ros/foxy CONDA_PROMPT_MODIFIER=(base) /usr/bin/cmake --build /home/f1/f1tenth_ws/build/center_follow_cpp -- -j6 -l6
[3.199s] [100%] Built target center_follower
[4.745s] Invoked command in '/home/f1/f1tenth_ws/build/center_follow_cpp' returned '0': CMAKE_PREFIX_PATH=/opt/ros/foxy CONDA_PROMPT_MODIFIER=(base) /usr/bin/cmake --build /home/f1/f1tenth_ws/build/center_follow_cpp -- -j6 -l6
[4.784s] Invoking command in '/home/f1/f1tenth_ws/build/center_follow_cpp': CMAKE_PREFIX_PATH=/opt/ros/foxy CONDA_PROMPT_MODIFIER=(base) /usr/bin/cmake --install /home/f1/f1tenth_ws/build/center_follow_cpp
[5.106s] -- Install configuration: "Release"
[5.106s] -- Execute custom install script
[5.110s] -- Up-to-date symlink: /home/f1/f1tenth_ws/install/center_follow_cpp/lib/center_follow_cpp/center_follower
[5.112s] -- Up-to-date symlink: /home/f1/f1tenth_ws/install/center_follow_cpp/share/ament_index/resource_index/package_run_dependencies/center_follow_cpp
[5.112s] -- Up-to-date symlink: /home/f1/f1tenth_ws/install/center_follow_cpp/share/ament_index/resource_index/parent_prefix_path/center_follow_cpp
[5.113s] -- Up-to-date symlink: /home/f1/f1tenth_ws/install/center_follow_cpp/share/center_follow_cpp/environment/ament_prefix_path.sh
[5.118s] -- Up-to-date symlink: /home/f1/f1tenth_ws/install/center_follow_cpp/share/center_follow_cpp/environment/ament_prefix_path.dsv
[5.126s] -- Up-to-date symlink: /home/f1/f1tenth_ws/install/center_follow_cpp/share/center_follow_cpp/environment/path.sh
[5.135s] -- Up-to-date symlink: /home/f1/f1tenth_ws/install/center_follow_cpp/share/center_follow_cpp/environment/path.dsv
[5.136s] -- Up-to-date symlink: /home/f1/f1tenth_ws/install/center_follow_cpp/share/center_follow_cpp/local_setup.bash
[5.137s] -- Up-to-date symlink: /home/f1/f1tenth_ws/install/center_follow_cpp/share/center_follow_cpp/local_setup.sh
[5.139s] -- Up-to-date symlink: /home/f1/f1tenth_ws/install/center_follow_cpp/share/center_follow_cpp/local_setup.zsh
[5.144s] -- Up-to-date symlink: /home/f1/f1tenth_ws/install/center_follow_cpp/share/center_follow_cpp/local_setup.dsv
[5.145s] -- Symlinking: /home/f1/f1tenth_ws/install/center_follow_cpp/share/center_follow_cpp/package.dsv
[5.225s] -- Up-to-date symlink: /home/f1/f1tenth_ws/install/center_follow_cpp/share/ament_index/resource_index/packages/center_follow_cpp
[5.225s] -- Up-to-date symlink: /home/f1/f1tenth_ws/install/center_follow_cpp/share/center_follow_cpp/cmake/center_follow_cppConfig.cmake
[5.227s] -- Up-to-date symlink: /home/f1/f1tenth_ws/install/center_follow_cpp/share/center_follow_cpp/cmake/center_follow_cppConfig-version.cmake
[5.235s] -- Up-to-date symlink: /home/f1/f1tenth_ws/install/center_follow_cpp/share/center_follow_cpp/package.xml
[5.547s] Invoked command in '/home/f1/f1tenth_ws/build/center_follow_cpp' returned '0': CMAKE_PREFIX_PATH=/opt/ros/foxy CONDA_PROMPT_MODIFIER=(base) /usr/bin/cmake --install /home/f1/f1tenth_ws/build/center_follow_cpp
