[0.922s] Invoking command in '/home/moon/sim_ws/build/csv_obstacle': CONDA_PROMPT_MODIFIER=(f110) PYTHONPATH=/home/moon/sim_ws/build/csv_obstacle/prefix_override:/usr/lib/python3/dist-packages/colcon_core/task/python/colcon_distutils_commands:/home/moon/sim_ws/install/csv_obstacle/lib/python3.8/site-packages:${PYTHONPATH} /usr/bin/python3 -W ignore:setup.py install is deprecated -W ignore:easy_install command is deprecated setup.py develop --editable --build-directory /home/moon/sim_ws/build/csv_obstacle/build --no-deps symlink_data --force
[1.057s] running develop
[1.133s] running egg_info
[1.133s] writing csv_obstacle.egg-info/PKG-INFO
[1.133s] writing dependency_links to csv_obstacle.egg-info/dependency_links.txt
[1.133s] writing entry points to csv_obstacle.egg-info/entry_points.txt
[1.133s] writing requirements to csv_obstacle.egg-info/requires.txt
[1.133s] writing top-level names to csv_obstacle.egg-info/top_level.txt
[1.152s] reading manifest file 'csv_obstacle.egg-info/SOURCES.txt'
[1.152s] writing manifest file 'csv_obstacle.egg-info/SOURCES.txt'
[1.171s] running build_ext
[1.171s] Creating /home/moon/sim_ws/install/csv_obstacle/lib/python3.8/site-packages/csv-obstacle.egg-link (link to .)
[1.172s] Installing csv_obstacle script to /home/moon/sim_ws/install/csv_obstacle/lib/csv_obstacle
[1.172s] 
[1.172s] Installed /home/moon/sim_ws/build/csv_obstacle
[1.172s] running symlink_data
[1.172s] symbolically linking /home/moon/sim_ws/build/csv_obstacle/resource/csv_obstacle -> /home/moon/sim_ws/install/csv_obstacle/share/ament_index/resource_index/packages
[1.172s] symbolically linking /home/moon/sim_ws/build/csv_obstacle/package.xml -> /home/moon/sim_ws/install/csv_obstacle/share/csv_obstacle
[1.172s] symbolically linking /home/moon/sim_ws/build/csv_obstacle/launch/csv_obstacle.launch.py -> /home/moon/sim_ws/install/csv_obstacle/share/csv_obstacle/launch
[1.206s] Invoked command in '/home/moon/sim_ws/build/csv_obstacle' returned '0': CONDA_PROMPT_MODIFIER=(f110) PYTHONPATH=/home/moon/sim_ws/build/csv_obstacle/prefix_override:/usr/lib/python3/dist-packages/colcon_core/task/python/colcon_distutils_commands:/home/moon/sim_ws/install/csv_obstacle/lib/python3.8/site-packages:${PYTHONPATH} /usr/bin/python3 -W ignore:setup.py install is deprecated -W ignore:easy_install command is deprecated setup.py develop --editable --build-directory /home/moon/sim_ws/build/csv_obstacle/build --no-deps symlink_data --force
