[0.628s] Invoking command in '/home/moon/sim_ws/build/key_teleop': CMAKE_PREFIX_PATH=${CMAKE_PREFIX_PATH}:/home/moon/sim_ws/install/csv_obstacle:/home/moon/sim_ws/install/centerline_planner:/home/moon/sim_ws/install/bubble_memory:/home/moon/sim_ws/install/f1tenth_gym_ros:/opt/ros/foxy CONDA_PROMPT_MODIFIER=(f110) /usr/bin/cmake /home/moon/sim_ws/src/key_teleop -DAMENT_CMAKE_SYMLINK_INSTALL=1 -DCMAKE_INSTALL_PREFIX=/home/moon/sim_ws/install/key_teleop
[0.637s] -- Found ament_cmake: 0.9.12 (/opt/ros/foxy/share/ament_cmake/cmake)
[0.656s] -- Using PYTHON_EXECUTABLE: /usr/bin/python3
[0.762s] -- Override CMake install command with custom implementation using symlinks instead of copying resources
[0.767s] -- Found rclcpp: 2.4.3 (/opt/ros/foxy/share/rclcpp/cmake)
[0.789s] -- Using all available rosidl_typesupport_c: rosidl_typesupport_fastrtps_c;rosidl_typesupport_introspection_c
[0.791s] -- Found rosidl_adapter: 1.3.1 (/opt/ros/foxy/share/rosidl_adapter/cmake)
[0.887s] -- Using all available rosidl_typesupport_cpp: rosidl_typesupport_fastrtps_cpp;rosidl_typesupport_introspection_cpp
[0.920s] -- Found rmw_implementation_cmake: 1.0.4 (/opt/ros/foxy/share/rmw_implementation_cmake/cmake)
[0.921s] -- Using RMW implementation 'rmw_fastrtps_cpp' as default
[1.011s] -- Found ackermann_msgs: 2.0.2 (/opt/ros/foxy/share/ackermann_msgs/cmake)
[1.076s] -- Configuring done
[1.083s] -- Generating done
[1.086s] -- Build files have been written to: /home/moon/sim_ws/build/key_teleop
[1.092s] Invoked command in '/home/moon/sim_ws/build/key_teleop' returned '0': CMAKE_PREFIX_PATH=${CMAKE_PREFIX_PATH}:/home/moon/sim_ws/install/csv_obstacle:/home/moon/sim_ws/install/centerline_planner:/home/moon/sim_ws/install/bubble_memory:/home/moon/sim_ws/install/f1tenth_gym_ros:/opt/ros/foxy CONDA_PROMPT_MODIFIER=(f110) /usr/bin/cmake /home/moon/sim_ws/src/key_teleop -DAMENT_CMAKE_SYMLINK_INSTALL=1 -DCMAKE_INSTALL_PREFIX=/home/moon/sim_ws/install/key_teleop
[1.094s] Invoking command in '/home/moon/sim_ws/build/key_teleop': CMAKE_PREFIX_PATH=${CMAKE_PREFIX_PATH}:/home/moon/sim_ws/install/csv_obstacle:/home/moon/sim_ws/install/centerline_planner:/home/moon/sim_ws/install/bubble_memory:/home/moon/sim_ws/install/f1tenth_gym_ros:/opt/ros/foxy CONDA_PROMPT_MODIFIER=(f110) /usr/bin/cmake --build /home/moon/sim_ws/build/key_teleop -- -j16 -l16
[1.152s] [ 50%] [32m[1mLinking CXX executable keyboard_teleop[0m
[1.267s] [100%] Built target keyboard_teleop
[1.278s] Invoked command in '/home/moon/sim_ws/build/key_teleop' returned '0': CMAKE_PREFIX_PATH=${CMAKE_PREFIX_PATH}:/home/moon/sim_ws/install/csv_obstacle:/home/moon/sim_ws/install/centerline_planner:/home/moon/sim_ws/install/bubble_memory:/home/moon/sim_ws/install/f1tenth_gym_ros:/opt/ros/foxy CONDA_PROMPT_MODIFIER=(f110) /usr/bin/cmake --build /home/moon/sim_ws/build/key_teleop -- -j16 -l16
[1.278s] Invoking command in '/home/moon/sim_ws/build/key_teleop': CMAKE_PREFIX_PATH=${CMAKE_PREFIX_PATH}:/home/moon/sim_ws/install/csv_obstacle:/home/moon/sim_ws/install/centerline_planner:/home/moon/sim_ws/install/bubble_memory:/home/moon/sim_ws/install/f1tenth_gym_ros:/opt/ros/foxy CONDA_PROMPT_MODIFIER=(f110) /usr/bin/cmake --install /home/moon/sim_ws/build/key_teleop
[1.281s] -- Install configuration: ""
[1.282s] -- Execute custom install script
[1.282s] -- Symlinking: /home/moon/sim_ws/install/key_teleop/lib/key_teleop/keyboard_teleop
[1.288s] -- Symlinking: /home/moon/sim_ws/install/key_teleop/share/ament_index/resource_index/package_run_dependencies/key_teleop
[1.294s] -- Symlinking: /home/moon/sim_ws/install/key_teleop/share/ament_index/resource_index/parent_prefix_path/key_teleop
[1.299s] -- Symlinking: /home/moon/sim_ws/install/key_teleop/share/key_teleop/environment/ament_prefix_path.sh
[1.305s] -- Symlinking: /home/moon/sim_ws/install/key_teleop/share/key_teleop/environment/ament_prefix_path.dsv
[1.310s] -- Symlinking: /home/moon/sim_ws/install/key_teleop/share/key_teleop/environment/path.sh
[1.316s] -- Symlinking: /home/moon/sim_ws/install/key_teleop/share/key_teleop/environment/path.dsv
[1.323s] -- Symlinking: /home/moon/sim_ws/install/key_teleop/share/key_teleop/local_setup.bash
[1.329s] -- Symlinking: /home/moon/sim_ws/install/key_teleop/share/key_teleop/local_setup.sh
[1.335s] -- Symlinking: /home/moon/sim_ws/install/key_teleop/share/key_teleop/local_setup.zsh
[1.340s] -- Symlinking: /home/moon/sim_ws/install/key_teleop/share/key_teleop/local_setup.dsv
[1.346s] -- Symlinking: /home/moon/sim_ws/install/key_teleop/share/key_teleop/package.dsv
[1.352s] -- Symlinking: /home/moon/sim_ws/install/key_teleop/share/ament_index/resource_index/packages/key_teleop
[1.359s] -- Symlinking: /home/moon/sim_ws/install/key_teleop/share/key_teleop/cmake/key_teleopConfig.cmake
[1.365s] -- Symlinking: /home/moon/sim_ws/install/key_teleop/share/key_teleop/cmake/key_teleopConfig-version.cmake
[1.371s] -- Symlinking: /home/moon/sim_ws/install/key_teleop/share/key_teleop/package.xml
[1.380s] Invoked command in '/home/moon/sim_ws/build/key_teleop' returned '0': CMAKE_PREFIX_PATH=${CMAKE_PREFIX_PATH}:/home/moon/sim_ws/install/csv_obstacle:/home/moon/sim_ws/install/centerline_planner:/home/moon/sim_ws/install/bubble_memory:/home/moon/sim_ws/install/f1tenth_gym_ros:/opt/ros/foxy CONDA_PROMPT_MODIFIER=(f110) /usr/bin/cmake --install /home/moon/sim_ws/build/key_teleop
