[0.805s] Invoking command in '/home/moon/sim_ws/src/csv_obstacle': PS1=\[\e]0;\u@\h: \w\a\]${debian_chroot:+($debian_chroot)}\[\033[01;32m\]\u@\h\[\033[00m\]:\[\033[01;34m\]\w\[\033[00m\]\$ PYTHONPATH=/home/moon/sim_ws/build/csv_obstacle/prefix_override:/usr/lib/python3/dist-packages/colcon_core/task/python/colcon_distutils_commands:/home/moon/sim_ws/install/csv_obstacle/lib/python3.8/site-packages:${PYTHONPATH} /usr/bin/python3 -W ignore:setup.py install is deprecated -W ignore:easy_install command is deprecated setup.py egg_info --egg-base ../../build/csv_obstacle build --build-base /home/moon/sim_ws/build/csv_obstacle/build install --record /home/moon/sim_ws/build/csv_obstacle/install.log --single-version-externally-managed install_data
[0.922s] running egg_info
[0.922s] writing ../../build/csv_obstacle/csv_obstacle.egg-info/PKG-INFO
[0.922s] writing dependency_links to ../../build/csv_obstacle/csv_obstacle.egg-info/dependency_links.txt
[0.922s] writing entry points to ../../build/csv_obstacle/csv_obstacle.egg-info/entry_points.txt
[0.922s] writing requirements to ../../build/csv_obstacle/csv_obstacle.egg-info/requires.txt
[0.922s] writing top-level names to ../../build/csv_obstacle/csv_obstacle.egg-info/top_level.txt
[0.942s] reading manifest file '../../build/csv_obstacle/csv_obstacle.egg-info/SOURCES.txt'
[0.942s] writing manifest file '../../build/csv_obstacle/csv_obstacle.egg-info/SOURCES.txt'
[0.942s] running build
[0.942s] running build_py
[0.942s] running install
[0.943s] running install_lib
[0.944s] running install_data
[0.944s] running install_egg_info
[0.945s] removing '/home/moon/sim_ws/install/csv_obstacle/lib/python3.8/site-packages/csv_obstacle-0.0.1-py3.8.egg-info' (and everything under it)
[0.945s] Copying ../../build/csv_obstacle/csv_obstacle.egg-info to /home/moon/sim_ws/install/csv_obstacle/lib/python3.8/site-packages/csv_obstacle-0.0.1-py3.8.egg-info
[0.945s] running install_scripts
[0.956s] Installing csv_obstacle script to /home/moon/sim_ws/install/csv_obstacle/lib/csv_obstacle
[0.956s] writing list of installed files to '/home/moon/sim_ws/build/csv_obstacle/install.log'
[0.974s] Invoked command in '/home/moon/sim_ws/src/csv_obstacle' returned '0': PS1=\[\e]0;\u@\h: \w\a\]${debian_chroot:+($debian_chroot)}\[\033[01;32m\]\u@\h\[\033[00m\]:\[\033[01;34m\]\w\[\033[00m\]\$ PYTHONPATH=/home/moon/sim_ws/build/csv_obstacle/prefix_override:/usr/lib/python3/dist-packages/colcon_core/task/python/colcon_distutils_commands:/home/moon/sim_ws/install/csv_obstacle/lib/python3.8/site-packages:${PYTHONPATH} /usr/bin/python3 -W ignore:setup.py install is deprecated -W ignore:easy_install command is deprecated setup.py egg_info --egg-base ../../build/csv_obstacle build --build-base /home/moon/sim_ws/build/csv_obstacle/build install --record /home/moon/sim_ws/build/csv_obstacle/install.log --single-version-externally-managed install_data
