-- Found ament_cmake: 0.9.12 (/opt/ros/foxy/share/ament_cmake/cmake)
-- Using PYTHON_EXECUTABLE: /usr/bin/python3
-- Override CMake install command with custom implementation using symlinks instead of copying resources
-- Found rclcpp: 2.4.3 (/opt/ros/foxy/share/rclcpp/cmake)
-- Using all available rosidl_typesupport_c: rosidl_typesupport_fastrtps_c;rosidl_typesupport_introspection_c
-- Found rosidl_adapter: 1.3.1 (/opt/ros/foxy/share/rosidl_adapter/cmake)
-- Using all available rosidl_typesupport_cpp: rosidl_typesupport_fastrtps_cpp;rosidl_typesupport_introspection_cpp
-- Found rmw_implementation_cmake: 1.0.4 (/opt/ros/foxy/share/rmw_implementation_cmake/cmake)
-- Using RMW implementation 'rmw_fastrtps_cpp' as default
-- Found ackermann_msgs: 2.0.2 (/opt/ros/foxy/share/ackermann_msgs/cmake)
-- Configuring done
-- Generating done
-- Build files have been written to: /home/moon/sim_ws/build/key_teleop
[100%] Built target keyboard_teleop
-- Install configuration: ""
-- Execute custom install script
-- Up-to-date symlink: /home/moon/sim_ws/install/key_teleop/lib/key_teleop/keyboard_teleop
-- Up-to-date symlink: /home/moon/sim_ws/install/key_teleop/share/ament_index/resource_index/package_run_dependencies/key_teleop
-- Up-to-date symlink: /home/moon/sim_ws/install/key_teleop/share/ament_index/resource_index/parent_prefix_path/key_teleop
-- Up-to-date symlink: /home/moon/sim_ws/install/key_teleop/share/key_teleop/environment/ament_prefix_path.sh
-- Up-to-date symlink: /home/moon/sim_ws/install/key_teleop/share/key_teleop/environment/ament_prefix_path.dsv
-- Up-to-date symlink: /home/moon/sim_ws/install/key_teleop/share/key_teleop/environment/path.sh
-- Up-to-date symlink: /home/moon/sim_ws/install/key_teleop/share/key_teleop/environment/path.dsv
-- Up-to-date symlink: /home/moon/sim_ws/install/key_teleop/share/key_teleop/local_setup.bash
-- Up-to-date symlink: /home/moon/sim_ws/install/key_teleop/share/key_teleop/local_setup.sh
-- Up-to-date symlink: /home/moon/sim_ws/install/key_teleop/share/key_teleop/local_setup.zsh
-- Up-to-date symlink: /home/moon/sim_ws/install/key_teleop/share/key_teleop/local_setup.dsv
-- Symlinking: /home/moon/sim_ws/install/key_teleop/share/key_teleop/package.dsv
-- Up-to-date symlink: /home/moon/sim_ws/install/key_teleop/share/ament_index/resource_index/packages/key_teleop
-- Up-to-date symlink: /home/moon/sim_ws/install/key_teleop/share/key_teleop/cmake/key_teleopConfig.cmake
-- Up-to-date symlink: /home/moon/sim_ws/install/key_teleop/share/key_teleop/cmake/key_teleopConfig-version.cmake
-- Up-to-date symlink: /home/moon/sim_ws/install/key_teleop/share/key_teleop/package.xml
