[0.607s] Invoking command in '/home/moon/sim_ws/build/key_teleop': CMAKE_PREFIX_PATH=${CMAKE_PREFIX_PATH}:/home/moon/sim_ws/install/bubble_memory:/home/moon/sim_ws/install/centerline_planner:/home/moon/sim_ws/install/f1tenth_gym_ros:/opt/ros/foxy PS1=\[\e]0;\u@\h: \w\a\]${debian_chroot:+($debian_chroot)}\[\033[01;32m\]\u@\h\[\033[00m\]:\[\033[01;34m\]\w\[\033[00m\]\$ /usr/bin/cmake /home/moon/sim_ws/src/key_teleop -DCMAKE_INSTALL_PREFIX=/home/moon/sim_ws/install/key_teleop
[0.616s] -- Found ament_cmake: 0.9.12 (/opt/ros/foxy/share/ament_cmake/cmake)
[0.635s] -- Using PYTHON_EXECUTABLE: /usr/bin/python3
[0.742s] -- Override CMake install command with custom implementation using symlinks instead of copying resources
[0.746s] -- Found rclcpp: 2.4.3 (/opt/ros/foxy/share/rclcpp/cmake)
[0.768s] -- Using all available rosidl_typesupport_c: rosidl_typesupport_fastrtps_c;rosidl_typesupport_introspection_c
[0.770s] -- Found rosidl_adapter: 1.3.1 (/opt/ros/foxy/share/rosidl_adapter/cmake)
[0.851s] -- Using all available rosidl_typesupport_cpp: rosidl_typesupport_fastrtps_cpp;rosidl_typesupport_introspection_cpp
[0.884s] -- Found rmw_implementation_cmake: 1.0.4 (/opt/ros/foxy/share/rmw_implementation_cmake/cmake)
[0.885s] -- Using RMW implementation 'rmw_fastrtps_cpp' as default
[0.975s] -- Found ackermann_msgs: 2.0.2 (/opt/ros/foxy/share/ackermann_msgs/cmake)
[1.056s] -- Configuring done
[1.061s] -- Generating done
[1.064s] -- Build files have been written to: /home/moon/sim_ws/build/key_teleop
[1.069s] Invoked command in '/home/moon/sim_ws/build/key_teleop' returned '0': CMAKE_PREFIX_PATH=${CMAKE_PREFIX_PATH}:/home/moon/sim_ws/install/bubble_memory:/home/moon/sim_ws/install/centerline_planner:/home/moon/sim_ws/install/f1tenth_gym_ros:/opt/ros/foxy PS1=\[\e]0;\u@\h: \w\a\]${debian_chroot:+($debian_chroot)}\[\033[01;32m\]\u@\h\[\033[00m\]:\[\033[01;34m\]\w\[\033[00m\]\$ /usr/bin/cmake /home/moon/sim_ws/src/key_teleop -DCMAKE_INSTALL_PREFIX=/home/moon/sim_ws/install/key_teleop
[1.072s] Invoking command in '/home/moon/sim_ws/build/key_teleop': CMAKE_PREFIX_PATH=${CMAKE_PREFIX_PATH}:/home/moon/sim_ws/install/bubble_memory:/home/moon/sim_ws/install/centerline_planner:/home/moon/sim_ws/install/f1tenth_gym_ros:/opt/ros/foxy PS1=\[\e]0;\u@\h: \w\a\]${debian_chroot:+($debian_chroot)}\[\033[01;32m\]\u@\h\[\033[00m\]:\[\033[01;34m\]\w\[\033[00m\]\$ /usr/bin/cmake --build /home/moon/sim_ws/build/key_teleop -- -j16 -l16
[1.113s] [100%] Built target keyboard_teleop
[1.123s] Invoked command in '/home/moon/sim_ws/build/key_teleop' returned '0': CMAKE_PREFIX_PATH=${CMAKE_PREFIX_PATH}:/home/moon/sim_ws/install/bubble_memory:/home/moon/sim_ws/install/centerline_planner:/home/moon/sim_ws/install/f1tenth_gym_ros:/opt/ros/foxy PS1=\[\e]0;\u@\h: \w\a\]${debian_chroot:+($debian_chroot)}\[\033[01;32m\]\u@\h\[\033[00m\]:\[\033[01;34m\]\w\[\033[00m\]\$ /usr/bin/cmake --build /home/moon/sim_ws/build/key_teleop -- -j16 -l16
[1.132s] Invoking command in '/home/moon/sim_ws/build/key_teleop': CMAKE_PREFIX_PATH=${CMAKE_PREFIX_PATH}:/home/moon/sim_ws/install/bubble_memory:/home/moon/sim_ws/install/centerline_planner:/home/moon/sim_ws/install/f1tenth_gym_ros:/opt/ros/foxy PS1=\[\e]0;\u@\h: \w\a\]${debian_chroot:+($debian_chroot)}\[\033[01;32m\]\u@\h\[\033[00m\]:\[\033[01;34m\]\w\[\033[00m\]\$ /usr/bin/cmake --install /home/moon/sim_ws/build/key_teleop
[1.138s] -- Install configuration: ""
[1.138s] -- Execute custom install script
[1.138s] -- Up-to-date symlink: /home/moon/sim_ws/install/key_teleop/lib/key_teleop/keyboard_teleop
[1.138s] -- Up-to-date symlink: /home/moon/sim_ws/install/key_teleop/share/ament_index/resource_index/package_run_dependencies/key_teleop
[1.138s] -- Up-to-date symlink: /home/moon/sim_ws/install/key_teleop/share/ament_index/resource_index/parent_prefix_path/key_teleop
[1.138s] -- Up-to-date symlink: /home/moon/sim_ws/install/key_teleop/share/key_teleop/environment/ament_prefix_path.sh
[1.138s] -- Up-to-date symlink: /home/moon/sim_ws/install/key_teleop/share/key_teleop/environment/ament_prefix_path.dsv
[1.138s] -- Up-to-date symlink: /home/moon/sim_ws/install/key_teleop/share/key_teleop/environment/path.sh
[1.139s] -- Up-to-date symlink: /home/moon/sim_ws/install/key_teleop/share/key_teleop/environment/path.dsv
[1.139s] -- Up-to-date symlink: /home/moon/sim_ws/install/key_teleop/share/key_teleop/local_setup.bash
[1.139s] -- Up-to-date symlink: /home/moon/sim_ws/install/key_teleop/share/key_teleop/local_setup.sh
[1.139s] -- Up-to-date symlink: /home/moon/sim_ws/install/key_teleop/share/key_teleop/local_setup.zsh
[1.139s] -- Up-to-date symlink: /home/moon/sim_ws/install/key_teleop/share/key_teleop/local_setup.dsv
[1.139s] -- Symlinking: /home/moon/sim_ws/install/key_teleop/share/key_teleop/package.dsv
[1.146s] -- Up-to-date symlink: /home/moon/sim_ws/install/key_teleop/share/ament_index/resource_index/packages/key_teleop
[1.146s] -- Up-to-date symlink: /home/moon/sim_ws/install/key_teleop/share/key_teleop/cmake/key_teleopConfig.cmake
[1.146s] -- Up-to-date symlink: /home/moon/sim_ws/install/key_teleop/share/key_teleop/cmake/key_teleopConfig-version.cmake
[1.146s] -- Up-to-date symlink: /home/moon/sim_ws/install/key_teleop/share/key_teleop/package.xml
[1.148s] Invoked command in '/home/moon/sim_ws/build/key_teleop' returned '0': CMAKE_PREFIX_PATH=${CMAKE_PREFIX_PATH}:/home/moon/sim_ws/install/bubble_memory:/home/moon/sim_ws/install/centerline_planner:/home/moon/sim_ws/install/f1tenth_gym_ros:/opt/ros/foxy PS1=\[\e]0;\u@\h: \w\a\]${debian_chroot:+($debian_chroot)}\[\033[01;32m\]\u@\h\[\033[00m\]:\[\033[01;34m\]\w\[\033[00m\]\$ /usr/bin/cmake --install /home/moon/sim_ws/build/key_teleop
