running develop
running egg_info
creating f1tenth_stack.egg-info
writing f1tenth_stack.egg-info/PKG-INFO
writing dependency_links to f1tenth_stack.egg-info/dependency_links.txt
writing entry points to f1tenth_stack.egg-info/entry_points.txt
writing requirements to f1tenth_stack.egg-info/requires.txt
writing top-level names to f1tenth_stack.egg-info/top_level.txt
writing manifest file 'f1tenth_stack.egg-info/SOURCES.txt'
reading manifest file 'f1tenth_stack.egg-info/SOURCES.txt'
writing manifest file 'f1tenth_stack.egg-info/SOURCES.txt'
running build_ext
Creating /home/sh/projects/f1tenth_miru3/install/f1tenth_stack/lib/python3.10/site-packages/f1tenth-stack.egg-link (link to .)
Installing car_visualizer.py script to /home/sh/projects/f1tenth_miru3/install/f1tenth_stack/lib/f1tenth_stack
Installing tf_publisher script to /home/sh/projects/f1tenth_miru3/install/f1tenth_stack/lib/f1tenth_stack
Installing throttle_interpolator script to /home/sh/projects/f1tenth_miru3/install/f1tenth_stack/lib/f1tenth_stack
Installing vesc_imu_bridge script to /home/sh/projects/f1tenth_miru3/install/f1tenth_stack/lib/f1tenth_stack

Installed /home/sh/projects/f1tenth_miru3/build/f1tenth_stack
running symlink_data
creating /home/sh/projects/f1tenth_miru3/install/f1tenth_stack/share/ament_index
creating /home/sh/projects/f1tenth_miru3/install/f1tenth_stack/share/ament_index/resource_index
creating /home/sh/projects/f1tenth_miru3/install/f1tenth_stack/share/ament_index/resource_index/packages
symbolically linking /home/sh/projects/f1tenth_miru3/build/f1tenth_stack/resource/f1tenth_stack -> /home/sh/projects/f1tenth_miru3/install/f1tenth_stack/share/ament_index/resource_index/packages
symbolically linking /home/sh/projects/f1tenth_miru3/build/f1tenth_stack/package.xml -> /home/sh/projects/f1tenth_miru3/install/f1tenth_stack/share/f1tenth_stack
creating /home/sh/projects/f1tenth_miru3/install/f1tenth_stack/share/f1tenth_stack/launch
symbolically linking /home/sh/projects/f1tenth_miru3/build/f1tenth_stack/launch/bringup_launch.py -> /home/sh/projects/f1tenth_miru3/install/f1tenth_stack/share/f1tenth_stack/launch
symbolically linking /home/sh/projects/f1tenth_miru3/build/f1tenth_stack/launch/amcl_localization_launch.py -> /home/sh/projects/f1tenth_miru3/install/f1tenth_stack/share/f1tenth_stack/launch
symbolically linking /home/sh/projects/f1tenth_miru3/build/f1tenth_stack/launch/occupancy_grid.launch.py -> /home/sh/projects/f1tenth_miru3/install/f1tenth_stack/share/f1tenth_stack/launch
symbolically linking /home/sh/projects/f1tenth_miru3/build/f1tenth_stack/launch/simple_car_viz.launch.py -> /home/sh/projects/f1tenth_miru3/install/f1tenth_stack/share/f1tenth_stack/launch
symbolically linking /home/sh/projects/f1tenth_miru3/build/f1tenth_stack/launch/joon_launch.py -> /home/sh/projects/f1tenth_miru3/install/f1tenth_stack/share/f1tenth_stack/launch
symbolically linking /home/sh/projects/f1tenth_miru3/build/f1tenth_stack/launch/carto_launch.py -> /home/sh/projects/f1tenth_miru3/install/f1tenth_stack/share/f1tenth_stack/launch
creating /home/sh/projects/f1tenth_miru3/install/f1tenth_stack/share/f1tenth_stack/config
symbolically linking /home/sh/projects/f1tenth_miru3/build/f1tenth_stack/config/sensors.yaml -> /home/sh/projects/f1tenth_miru3/install/f1tenth_stack/share/f1tenth_stack/config
symbolically linking /home/sh/projects/f1tenth_miru3/build/f1tenth_stack/config/f1tenth_online_async.yaml -> /home/sh/projects/f1tenth_miru3/install/f1tenth_stack/share/f1tenth_stack/config
symbolically linking /home/sh/projects/f1tenth_miru3/build/f1tenth_stack/config/mux.yaml -> /home/sh/projects/f1tenth_miru3/install/f1tenth_stack/share/f1tenth_stack/config
symbolically linking /home/sh/projects/f1tenth_miru3/build/f1tenth_stack/config/vesc.yaml -> /home/sh/projects/f1tenth_miru3/install/f1tenth_stack/share/f1tenth_stack/config
symbolically linking /home/sh/projects/f1tenth_miru3/build/f1tenth_stack/config/joy_teleop.yaml -> /home/sh/projects/f1tenth_miru3/install/f1tenth_stack/share/f1tenth_stack/config
symbolically linking /home/sh/projects/f1tenth_miru3/build/f1tenth_stack/config/f110_2d.lua -> /home/sh/projects/f1tenth_miru3/install/f1tenth_stack/share/f1tenth_stack/config
