[0.422s] Invoking command in '/home/f1/f1tenth_ws/build/ackermann_mux': CMAKE_PREFIX_PATH=/opt/ros/foxy CONDA_PROMPT_MODIFIER=(base) /usr/bin/cmake --build /home/f1/f1tenth_ws/build/ackermann_mux -- -j6 -l6
[2.854s] [100%] Built target ackermann_mux
[4.743s] Invoked command in '/home/f1/f1tenth_ws/build/ackermann_mux' returned '0': CMAKE_PREFIX_PATH=/opt/ros/foxy CONDA_PROMPT_MODIFIER=(base) /usr/bin/cmake --build /home/f1/f1tenth_ws/build/ackermann_mux -- -j6 -l6
[4.764s] Invoking command in '/home/f1/f1tenth_ws/build/ackermann_mux': CMAKE_PREFIX_PATH=/opt/ros/foxy CONDA_PROMPT_MODIFIER=(base) /usr/bin/cmake --install /home/f1/f1tenth_ws/build/ackermann_mux
[4.845s] -- Install configuration: "Release"
[4.860s] -- Execute custom install script
[4.861s] -- Up-to-date symlink: /home/f1/f1tenth_ws/install/ackermann_mux/lib/ackermann_mux/ackermann_mux
[4.863s] -- Up-to-date symlink: /home/f1/f1tenth_ws/install/ackermann_mux/share/ackermann_mux/launch/ackermann_mux_launch.py
[4.899s] -- Up-to-date symlink: /home/f1/f1tenth_ws/install/ackermann_mux/share/ackermann_mux/config/ackermann_mux_locks.yaml
[4.901s] -- Up-to-date symlink: /home/f1/f1tenth_ws/install/ackermann_mux/share/ackermann_mux/config/ackermann_mux_topics.yaml
[4.901s] -- Up-to-date symlink: /home/f1/f1tenth_ws/install/ackermann_mux/share/ackermann_mux/config/joystick.yaml
[4.911s] -- Up-to-date symlink: /home/f1/f1tenth_ws/install/ackermann_mux/include/ackermann_mux/ackermann_mux.hpp
[4.917s] -- Up-to-date symlink: /home/f1/f1tenth_ws/install/ackermann_mux/include/ackermann_mux/ackermann_mux_diagnostics.hpp
[4.918s] -- Up-to-date symlink: /home/f1/f1tenth_ws/install/ackermann_mux/include/ackermann_mux/ackermann_mux_diagnostics_status.hpp
[4.918s] -- Up-to-date symlink: /home/f1/f1tenth_ws/install/ackermann_mux/include/ackermann_mux/params_helpers.hpp
[4.919s] -- Up-to-date symlink: /home/f1/f1tenth_ws/install/ackermann_mux/include/ackermann_mux/topic_handle.hpp
[4.919s] -- Up-to-date symlink: /home/f1/f1tenth_ws/install/ackermann_mux/include/ackermann_mux/utils.hpp
[4.925s] -- Up-to-date symlink: /home/f1/f1tenth_ws/install/ackermann_mux/share/ament_index/resource_index/package_run_dependencies/ackermann_mux
[4.927s] -- Up-to-date symlink: /home/f1/f1tenth_ws/install/ackermann_mux/share/ament_index/resource_index/parent_prefix_path/ackermann_mux
[4.950s] -- Up-to-date symlink: /home/f1/f1tenth_ws/install/ackermann_mux/share/ackermann_mux/environment/ament_prefix_path.sh
[4.951s] -- Up-to-date symlink: /home/f1/f1tenth_ws/install/ackermann_mux/share/ackermann_mux/environment/ament_prefix_path.dsv
[4.953s] -- Up-to-date symlink: /home/f1/f1tenth_ws/install/ackermann_mux/share/ackermann_mux/environment/path.sh
[4.957s] -- Up-to-date symlink: /home/f1/f1tenth_ws/install/ackermann_mux/share/ackermann_mux/environment/path.dsv
[4.970s] -- Up-to-date symlink: /home/f1/f1tenth_ws/install/ackermann_mux/share/ackermann_mux/local_setup.bash
[4.972s] -- Up-to-date symlink: /home/f1/f1tenth_ws/install/ackermann_mux/share/ackermann_mux/local_setup.sh
[4.974s] -- Up-to-date symlink: /home/f1/f1tenth_ws/install/ackermann_mux/share/ackermann_mux/local_setup.zsh
[4.975s] -- Up-to-date symlink: /home/f1/f1tenth_ws/install/ackermann_mux/share/ackermann_mux/local_setup.dsv
[4.994s] -- Symlinking: /home/f1/f1tenth_ws/install/ackermann_mux/share/ackermann_mux/package.dsv
[5.226s] -- Up-to-date symlink: /home/f1/f1tenth_ws/install/ackermann_mux/share/ament_index/resource_index/packages/ackermann_mux
[5.226s] -- Up-to-date symlink: /home/f1/f1tenth_ws/install/ackermann_mux/share/ackermann_mux/cmake/ament_cmake_export_include_directories-extras.cmake
[5.228s] -- Up-to-date symlink: /home/f1/f1tenth_ws/install/ackermann_mux/share/ackermann_mux/cmake/ament_cmake_export_dependencies-extras.cmake
[5.234s] -- Up-to-date symlink: /home/f1/f1tenth_ws/install/ackermann_mux/share/ackermann_mux/cmake/ackermann_muxConfig.cmake
[5.258s] -- Up-to-date symlink: /home/f1/f1tenth_ws/install/ackermann_mux/share/ackermann_mux/cmake/ackermann_muxConfig-version.cmake
[5.258s] -- Up-to-date symlink: /home/f1/f1tenth_ws/install/ackermann_mux/share/ackermann_mux/package.xml
[5.312s] Invoked command in '/home/f1/f1tenth_ws/build/ackermann_mux' returned '0': CMAKE_PREFIX_PATH=/opt/ros/foxy CONDA_PROMPT_MODIFIER=(base) /usr/bin/cmake --install /home/f1/f1tenth_ws/build/ackermann_mux
