[1.724s] Invoking command in '/home/sh/projects/f1tenth_miru3/build/joy_teleop': AMENT_PREFIX_PATH=/home/sh/projects/f1tenth_miru3/install/teleop_tools_msgs:${AMENT_PREFIX_PATH} CMAKE_PREFIX_PATH=/home/sh/projects/f1tenth_miru3/install/teleop_tools_msgs:/home/sh/projects/f1tenth_miru3/install/f1tenth_slam_nav:/home/sh/projects/f1tenth_miru3/install/vesc:/home/sh/projects/f1tenth_miru3/install/vesc_driver:/home/sh/projects/f1tenth_miru3/install/vesc_ackermann:/home/sh/projects/f1tenth_miru3/install/vesc_msgs:/home/sh/projects/f1tenth_miru3/install/teleop_tools:/home/sh/projects/f1tenth_miru3/install/real_pure_pursuit:/home/sh/projects/f1tenth_miru3/install/pure_pursuit:/home/sh/projects/f1tenth_miru3/install/path_planner:/home/sh/projects/f1tenth_miru3/install/path_follow:/home/sh/projects/f1tenth_miru3/install/map_controller:/home/sh/projects/f1tenth_miru3/install/lidar_processing:/home/sh/projects/f1tenth_miru3/install/center_follow_cpp:/home/sh/projects/f1tenth_miru3/install/ackermann_mux LD_LIBRARY_PATH=/home/sh/projects/f1tenth_miru3/install/teleop_tools_msgs/lib:/home/sh/projects/f1tenth_miru3/install/vesc_driver/lib:/home/sh/projects/f1tenth_miru3/install/vesc_ackermann/lib:/home/sh/projects/f1tenth_miru3/install/vesc_msgs/lib:/home/sh/projects/f1tenth_miru3/install/map_controller/lib:/opt/ros/humble/opt/rviz_ogre_vendor/lib:/opt/ros/humble/lib/x86_64-linux-gnu:/opt/ros/humble/lib:/home/sh/../../lib:/home/sh/../../../blasfeo/lib PYTHONPATH=/home/sh/projects/f1tenth_miru3/build/joy_teleop/prefix_override:/usr/lib/python3/dist-packages/colcon_core/task/python/colcon_distutils_commands:/home/sh/projects/f1tenth_miru3/install/joy_teleop/lib/python3.10/site-packages:/home/sh/projects/f1tenth_miru3/install/teleop_tools_msgs/local/lib/python3.10/dist-packages:${PYTHONPATH} /usr/bin/python3 -W ignore:setup.py install is deprecated -W ignore:easy_install command is deprecated setup.py develop --editable --build-directory /home/sh/projects/f1tenth_miru3/build/joy_teleop/build --no-deps symlink_data
[2.323s] /usr/lib/python3/dist-packages/setuptools/dist.py:723: UserWarning: Usage of dash-separated 'script-dir' will not be supported in future versions. Please use the underscore name 'script_dir' instead
[2.324s]   warnings.warn(
[2.392s] running develop
[2.773s] running egg_info
[2.773s] creating joy_teleop.egg-info
[2.774s] writing joy_teleop.egg-info/PKG-INFO
[2.775s] writing dependency_links to joy_teleop.egg-info/dependency_links.txt
[2.775s] writing entry points to joy_teleop.egg-info/entry_points.txt
[2.775s] writing requirements to joy_teleop.egg-info/requires.txt
[2.776s] writing top-level names to joy_teleop.egg-info/top_level.txt
[2.776s] writing manifest file 'joy_teleop.egg-info/SOURCES.txt'
[2.781s] reading manifest file 'joy_teleop.egg-info/SOURCES.txt'
[2.783s] writing manifest file 'joy_teleop.egg-info/SOURCES.txt'
[2.790s] running build_ext
[2.791s] Creating /home/sh/projects/f1tenth_miru3/install/joy_teleop/lib/python3.10/site-packages/joy-teleop.egg-link (link to .)
[2.791s] Installing incrementer_server script to /home/sh/projects/f1tenth_miru3/install/joy_teleop/lib/joy_teleop
[2.792s] Installing joy_teleop script to /home/sh/projects/f1tenth_miru3/install/joy_teleop/lib/joy_teleop
[2.793s] 
[2.793s] Installed /home/sh/projects/f1tenth_miru3/build/joy_teleop
[2.794s] running symlink_data
[2.794s] symbolically linking /home/sh/projects/f1tenth_miru3/build/joy_teleop/package.xml -> /home/sh/projects/f1tenth_miru3/install/joy_teleop/share/joy_teleop
[2.794s] creating /home/sh/projects/f1tenth_miru3/install/joy_teleop/share/joy_teleop/config
[2.795s] symbolically linking /home/sh/projects/f1tenth_miru3/build/joy_teleop/config/joy_teleop_example.yaml -> /home/sh/projects/f1tenth_miru3/install/joy_teleop/share/joy_teleop/config
[2.795s] creating /home/sh/projects/f1tenth_miru3/install/joy_teleop/share/joy_teleop/launch
[2.795s] symbolically linking /home/sh/projects/f1tenth_miru3/build/joy_teleop/launch/example.launch.py -> /home/sh/projects/f1tenth_miru3/install/joy_teleop/share/joy_teleop/launch
[2.795s] creating /home/sh/projects/f1tenth_miru3/install/joy_teleop/share/ament_index
[2.796s] creating /home/sh/projects/f1tenth_miru3/install/joy_teleop/share/ament_index/resource_index
[2.796s] creating /home/sh/projects/f1tenth_miru3/install/joy_teleop/share/ament_index/resource_index/packages
[2.796s] symbolically linking /home/sh/projects/f1tenth_miru3/build/joy_teleop/resource/joy_teleop -> /home/sh/projects/f1tenth_miru3/install/joy_teleop/share/ament_index/resource_index/packages
[2.883s] Invoked command in '/home/sh/projects/f1tenth_miru3/build/joy_teleop' returned '0': AMENT_PREFIX_PATH=/home/sh/projects/f1tenth_miru3/install/teleop_tools_msgs:${AMENT_PREFIX_PATH} CMAKE_PREFIX_PATH=/home/sh/projects/f1tenth_miru3/install/teleop_tools_msgs:/home/sh/projects/f1tenth_miru3/install/f1tenth_slam_nav:/home/sh/projects/f1tenth_miru3/install/vesc:/home/sh/projects/f1tenth_miru3/install/vesc_driver:/home/sh/projects/f1tenth_miru3/install/vesc_ackermann:/home/sh/projects/f1tenth_miru3/install/vesc_msgs:/home/sh/projects/f1tenth_miru3/install/teleop_tools:/home/sh/projects/f1tenth_miru3/install/real_pure_pursuit:/home/sh/projects/f1tenth_miru3/install/pure_pursuit:/home/sh/projects/f1tenth_miru3/install/path_planner:/home/sh/projects/f1tenth_miru3/install/path_follow:/home/sh/projects/f1tenth_miru3/install/map_controller:/home/sh/projects/f1tenth_miru3/install/lidar_processing:/home/sh/projects/f1tenth_miru3/install/center_follow_cpp:/home/sh/projects/f1tenth_miru3/install/ackermann_mux LD_LIBRARY_PATH=/home/sh/projects/f1tenth_miru3/install/teleop_tools_msgs/lib:/home/sh/projects/f1tenth_miru3/install/vesc_driver/lib:/home/sh/projects/f1tenth_miru3/install/vesc_ackermann/lib:/home/sh/projects/f1tenth_miru3/install/vesc_msgs/lib:/home/sh/projects/f1tenth_miru3/install/map_controller/lib:/opt/ros/humble/opt/rviz_ogre_vendor/lib:/opt/ros/humble/lib/x86_64-linux-gnu:/opt/ros/humble/lib:/home/sh/../../lib:/home/sh/../../../blasfeo/lib PYTHONPATH=/home/sh/projects/f1tenth_miru3/build/joy_teleop/prefix_override:/usr/lib/python3/dist-packages/colcon_core/task/python/colcon_distutils_commands:/home/sh/projects/f1tenth_miru3/install/joy_teleop/lib/python3.10/site-packages:/home/sh/projects/f1tenth_miru3/install/teleop_tools_msgs/local/lib/python3.10/dist-packages:${PYTHONPATH} /usr/bin/python3 -W ignore:setup.py install is deprecated -W ignore:easy_install command is deprecated setup.py develop --editable --build-directory /home/sh/projects/f1tenth_miru3/build/joy_teleop/build --no-deps symlink_data
