[0.925s] Invoking command in '/home/moon/sim_ws/src/csv_obstacle': CONDA_PROMPT_MODIFIER=(f110) PYTHONPATH=/home/moon/sim_ws/build/csv_obstacle/prefix_override:/usr/lib/python3/dist-packages/colcon_core/task/python/colcon_distutils_commands:/home/moon/sim_ws/install/csv_obstacle/lib/python3.8/site-packages:${PYTHONPATH} /usr/bin/python3 -W ignore:setup.py install is deprecated -W ignore:easy_install command is deprecated setup.py egg_info --egg-base ../../build/csv_obstacle build --build-base /home/moon/sim_ws/build/csv_obstacle/build install --record /home/moon/sim_ws/build/csv_obstacle/install.log --single-version-externally-managed install_data
[1.047s] running egg_info
[1.047s] writing ../../build/csv_obstacle/csv_obstacle.egg-info/PKG-INFO
[1.047s] writing dependency_links to ../../build/csv_obstacle/csv_obstacle.egg-info/dependency_links.txt
[1.047s] writing entry points to ../../build/csv_obstacle/csv_obstacle.egg-info/entry_points.txt
[1.047s] writing requirements to ../../build/csv_obstacle/csv_obstacle.egg-info/requires.txt
[1.047s] writing top-level names to ../../build/csv_obstacle/csv_obstacle.egg-info/top_level.txt
[1.067s] reading manifest file '../../build/csv_obstacle/csv_obstacle.egg-info/SOURCES.txt'
[1.068s] writing manifest file '../../build/csv_obstacle/csv_obstacle.egg-info/SOURCES.txt'
[1.068s] running build
[1.068s] running build_py
[1.068s] running install
[1.069s] running install_lib
[1.070s] running install_data
[1.070s] running install_egg_info
[1.071s] removing '/home/moon/sim_ws/install/csv_obstacle/lib/python3.8/site-packages/csv_obstacle-0.0.1-py3.8.egg-info' (and everything under it)
[1.071s] Copying ../../build/csv_obstacle/csv_obstacle.egg-info to /home/moon/sim_ws/install/csv_obstacle/lib/python3.8/site-packages/csv_obstacle-0.0.1-py3.8.egg-info
[1.072s] running install_scripts
[1.085s] Installing csv_obstacle script to /home/moon/sim_ws/install/csv_obstacle/lib/csv_obstacle
[1.085s] writing list of installed files to '/home/moon/sim_ws/build/csv_obstacle/install.log'
[1.106s] Invoked command in '/home/moon/sim_ws/src/csv_obstacle' returned '0': CONDA_PROMPT_MODIFIER=(f110) PYTHONPATH=/home/moon/sim_ws/build/csv_obstacle/prefix_override:/usr/lib/python3/dist-packages/colcon_core/task/python/colcon_distutils_commands:/home/moon/sim_ws/install/csv_obstacle/lib/python3.8/site-packages:${PYTHONPATH} /usr/bin/python3 -W ignore:setup.py install is deprecated -W ignore:easy_install command is deprecated setup.py egg_info --egg-base ../../build/csv_obstacle build --build-base /home/moon/sim_ws/build/csv_obstacle/build install --record /home/moon/sim_ws/build/csv_obstacle/install.log --single-version-externally-managed install_data
