[1.944s] Invoking command in '/home/sh/projects/f1tenth_miru3/build/pure_pursuit': CMAKE_PREFIX_PATH=${CMAKE_PREFIX_PATH}:/home/sh/f1tenth_ws/install/f1tenth_gym_ros:/home/sh/projects/f1tenth_miru3/install/f1tenth_stack:/home/sh/projects/f1tenth_miru3/install/joy_teleop:/home/sh/projects/f1tenth_miru3/install/pygame_key_teleop:/home/sh/projects/f1tenth_miru3/install/mouse_teleop:/home/sh/projects/f1tenth_miru3/install/key_teleop:/home/sh/projects/f1tenth_miru3/install/forza_map_controller:/home/sh/projects/f1tenth_miru3/install/f1tenth_path_planner:/opt/ros/humble /usr/bin/cmake /home/sh/projects/f1tenth_miru3/src/pure_pursuit -DAMENT_CMAKE_SYMLINK_INSTALL=1 -DCMAKE_INSTALL_PREFIX=/home/sh/projects/f1tenth_miru3/install/pure_pursuit
[2.060s] -- The C compiler identification is GNU 11.4.0
[2.205s] -- The CXX compiler identification is GNU 11.4.0
[2.225s] -- Detecting C compiler ABI info
[2.374s] -- Detecting C compiler ABI info - done
[2.397s] -- Check for working C compiler: /usr/bin/cc - skipped
[2.397s] -- Detecting C compile features
[2.398s] -- Detecting C compile features - done
[2.406s] -- Detecting CXX compiler ABI info
[2.621s] -- Detecting CXX compiler ABI info - done
[2.641s] -- Check for working CXX compiler: /usr/bin/c++ - skipped
[2.642s] -- Detecting CXX compile features
[2.643s] -- Detecting CXX compile features - done
[2.649s] -- Found ament_cmake: 1.3.11 (/opt/ros/humble/share/ament_cmake/cmake)
[3.144s] -- Found Python3: /usr/bin/python3 (found version "3.10.12") found components: Interpreter 
[3.349s] -- Override CMake install command with custom implementation using symlinks instead of copying resources
[3.425s] -- Found rclcpp: 16.0.11 (/opt/ros/humble/share/rclcpp/cmake)
[3.556s] -- Found rosidl_generator_c: 3.1.6 (/opt/ros/humble/share/rosidl_generator_c/cmake)
[3.573s] -- Found rosidl_adapter: 3.1.6 (/opt/ros/humble/share/rosidl_adapter/cmake)
[3.598s] -- Found rosidl_generator_cpp: 3.1.6 (/opt/ros/humble/share/rosidl_generator_cpp/cmake)
[3.637s] -- Using all available rosidl_typesupport_c: rosidl_typesupport_fastrtps_c;rosidl_typesupport_introspection_c
[3.697s] -- Using all available rosidl_typesupport_cpp: rosidl_typesupport_fastrtps_cpp;rosidl_typesupport_introspection_cpp
[3.869s] -- Found rmw_implementation_cmake: 6.1.2 (/opt/ros/humble/share/rmw_implementation_cmake/cmake)
[3.875s] -- Found rmw_fastrtps_cpp: 6.2.7 (/opt/ros/humble/share/rmw_fastrtps_cpp/cmake)
[4.146s] -- Found OpenSSL: /usr/lib/x86_64-linux-gnu/libcrypto.so (found version "3.0.2")  
[4.226s] -- Found FastRTPS: /opt/ros/humble/include  
[4.344s] -- Using RMW implementation 'rmw_fastrtps_cpp' as default
[4.369s] -- Looking for pthread.h
[4.576s] -- Looking for pthread.h - found
[4.576s] -- Performing Test CMAKE_HAVE_LIBC_PTHREAD
[4.790s] -- Performing Test CMAKE_HAVE_LIBC_PTHREAD - Success
[4.801s] -- Found Threads: TRUE  
[5.067s] -- Found geometry_msgs: 4.2.4 (/opt/ros/humble/share/geometry_msgs/cmake)
[5.123s] -- Found nav_msgs: 4.2.4 (/opt/ros/humble/share/nav_msgs/cmake)
[5.215s] -- Found ackermann_msgs: 2.0.2 (/opt/ros/humble/share/ackermann_msgs/cmake)
[5.273s] -- Found tf2: 0.25.12 (/opt/ros/humble/share/tf2/cmake)
[5.320s] -- Found tf2_ros: 0.25.12 (/opt/ros/humble/share/tf2_ros/cmake)
[5.714s] -- Found tf2_geometry_msgs: 0.25.12 (/opt/ros/humble/share/tf2_geometry_msgs/cmake)
[5.765s] -- Found eigen3_cmake_module: 0.1.1 (/opt/ros/humble/share/eigen3_cmake_module/cmake)
[5.770s] -- Found Eigen3: TRUE (found version "3.4.0") 
[5.770s] -- Ensuring Eigen3 include directory is part of orocos-kdl CMake target
[5.803s] -- Found ament_lint_auto: 0.12.11 (/opt/ros/humble/share/ament_lint_auto/cmake)
[6.099s] -- Added test 'copyright' to check source files copyright and LICENSE
[6.105s] -- Added test 'cppcheck' to perform static code analysis on C / C++ code
[6.106s] -- Configured cppcheck include dirs: /home/sh/projects/f1tenth_miru3/src/pure_pursuit/include
[6.106s] -- Configured cppcheck exclude dirs and/or files: 
[6.109s] -- Added test 'cpplint' to check C / C++ code against the Google style
[6.109s] -- Configured cpplint exclude dirs and/or files: 
[6.111s] -- Added test 'flake8' to check Python code syntax and style conventions
[6.114s] -- Added test 'lint_cmake' to check CMake code style
[6.117s] -- Added test 'pep257' to check Python code against some of the docstring style conventions in PEP 257
[6.119s] -- Added test 'uncrustify' to check C / C++ code style
[6.120s] -- Configured uncrustify additional arguments: 
[6.121s] -- Added test 'xmllint' to check XML markup files
[6.127s] -- Configuring done
[6.162s] -- Generating done
[6.177s] -- Build files have been written to: /home/sh/projects/f1tenth_miru3/build/pure_pursuit
[6.207s] Invoked command in '/home/sh/projects/f1tenth_miru3/build/pure_pursuit' returned '0': CMAKE_PREFIX_PATH=${CMAKE_PREFIX_PATH}:/home/sh/f1tenth_ws/install/f1tenth_gym_ros:/home/sh/projects/f1tenth_miru3/install/f1tenth_stack:/home/sh/projects/f1tenth_miru3/install/joy_teleop:/home/sh/projects/f1tenth_miru3/install/pygame_key_teleop:/home/sh/projects/f1tenth_miru3/install/mouse_teleop:/home/sh/projects/f1tenth_miru3/install/key_teleop:/home/sh/projects/f1tenth_miru3/install/forza_map_controller:/home/sh/projects/f1tenth_miru3/install/f1tenth_path_planner:/opt/ros/humble /usr/bin/cmake /home/sh/projects/f1tenth_miru3/src/pure_pursuit -DAMENT_CMAKE_SYMLINK_INSTALL=1 -DCMAKE_INSTALL_PREFIX=/home/sh/projects/f1tenth_miru3/install/pure_pursuit
[6.211s] Invoking command in '/home/sh/projects/f1tenth_miru3/build/pure_pursuit': CMAKE_PREFIX_PATH=${CMAKE_PREFIX_PATH}:/home/sh/f1tenth_ws/install/f1tenth_gym_ros:/home/sh/projects/f1tenth_miru3/install/f1tenth_stack:/home/sh/projects/f1tenth_miru3/install/joy_teleop:/home/sh/projects/f1tenth_miru3/install/pygame_key_teleop:/home/sh/projects/f1tenth_miru3/install/mouse_teleop:/home/sh/projects/f1tenth_miru3/install/key_teleop:/home/sh/projects/f1tenth_miru3/install/forza_map_controller:/home/sh/projects/f1tenth_miru3/install/f1tenth_path_planner:/opt/ros/humble /usr/bin/cmake --build /home/sh/projects/f1tenth_miru3/build/pure_pursuit -- -j16 -l16
[6.372s] [ 50%] [32mBuilding CXX object CMakeFiles/pure_pursuit_node.dir/src/pure_pursuit_node.cpp.o[0m
[7.372s] In file included from [01m[K/home/sh/projects/f1tenth_miru3/src/pure_pursuit/src/pure_pursuit_node.cpp:10[m[K:
[7.373s] [01m[K/opt/ros/humble/include/tf2_geometry_msgs/tf2_geometry_msgs/tf2_geometry_msgs.h:35:2:[m[K [01;35m[Kwarning: [m[K#warning This header is obsolete, please include tf2_geometry_msgs/tf2_geometry_msgs.hpp instead [[01;35m[K]8;;https://gcc.gnu.org/onlinedocs/gcc/Warning-Options.html#index-Wcpp-Wcpp]8;;[m[K]
[7.374s]    35 | #[01;35m[Kwarning[m[K This header is obsolete, please include tf2_geometry_msgs/tf2_geometry_msgs.hpp instead
[7.374s]       |  [01;35m[K^~~~~~~[m[K
[48.610s] [100%] [32m[1mLinking CXX executable pure_pursuit_node[0m
[49.998s] [100%] Built target pure_pursuit_node
