[0.248s] Invoking command in '/home/sh/projects/f1tenth_miru3/build/center_follow_cpp': CMAKE_PREFIX_PATH=${CMAKE_PREFIX_PATH}:/home/sh/projects/f1tenth_miru3/install/joy_teleop:/home/sh/projects/f1tenth_miru3/install/pygame_key_teleop:/home/sh/projects/f1tenth_miru3/install/mouse_teleop:/home/sh/projects/f1tenth_miru3/install/key_teleop:/home/sh/projects/f1tenth_miru3/install/forza_map_controller:/home/sh/f1tenth_ws/install/f1tenth_gym_ros:/opt/ros/humble /usr/bin/cmake --build /home/sh/projects/f1tenth_miru3/build/center_follow_cpp -- -j16 -l16
[0.675s] [100%] Built target center_follower
[0.867s] Invoked command in '/home/sh/projects/f1tenth_miru3/build/center_follow_cpp' returned '0': CMAKE_PREFIX_PATH=${CMAKE_PREFIX_PATH}:/home/sh/projects/f1tenth_miru3/install/joy_teleop:/home/sh/projects/f1tenth_miru3/install/pygame_key_teleop:/home/sh/projects/f1tenth_miru3/install/mouse_teleop:/home/sh/projects/f1tenth_miru3/install/key_teleop:/home/sh/projects/f1tenth_miru3/install/forza_map_controller:/home/sh/f1tenth_ws/install/f1tenth_gym_ros:/opt/ros/humble /usr/bin/cmake --build /home/sh/projects/f1tenth_miru3/build/center_follow_cpp -- -j16 -l16
[0.867s] Invoking command in '/home/sh/projects/f1tenth_miru3/build/center_follow_cpp': CMAKE_PREFIX_PATH=${CMAKE_PREFIX_PATH}:/home/sh/projects/f1tenth_miru3/install/joy_teleop:/home/sh/projects/f1tenth_miru3/install/pygame_key_teleop:/home/sh/projects/f1tenth_miru3/install/mouse_teleop:/home/sh/projects/f1tenth_miru3/install/key_teleop:/home/sh/projects/f1tenth_miru3/install/forza_map_controller:/home/sh/f1tenth_ws/install/f1tenth_gym_ros:/opt/ros/humble /usr/bin/cmake --install /home/sh/projects/f1tenth_miru3/build/center_follow_cpp
[0.886s] -- Install configuration: ""
[0.886s] -- Execute custom install script
[0.886s] -- Up-to-date symlink: /home/sh/projects/f1tenth_miru3/install/center_follow_cpp/lib/center_follow_cpp/center_follower
[0.886s] -- Up-to-date symlink: /home/sh/projects/f1tenth_miru3/install/center_follow_cpp/share/ament_index/resource_index/package_run_dependencies/center_follow_cpp
[0.887s] -- Up-to-date symlink: /home/sh/projects/f1tenth_miru3/install/center_follow_cpp/share/ament_index/resource_index/parent_prefix_path/center_follow_cpp
[0.887s] -- Up-to-date symlink: /home/sh/projects/f1tenth_miru3/install/center_follow_cpp/share/center_follow_cpp/environment/ament_prefix_path.sh
[0.887s] -- Up-to-date symlink: /home/sh/projects/f1tenth_miru3/install/center_follow_cpp/share/center_follow_cpp/environment/ament_prefix_path.dsv
[0.887s] -- Up-to-date symlink: /home/sh/projects/f1tenth_miru3/install/center_follow_cpp/share/center_follow_cpp/environment/path.sh
[0.887s] -- Up-to-date symlink: /home/sh/projects/f1tenth_miru3/install/center_follow_cpp/share/center_follow_cpp/environment/path.dsv
[0.888s] -- Up-to-date symlink: /home/sh/projects/f1tenth_miru3/install/center_follow_cpp/share/center_follow_cpp/local_setup.bash
[0.888s] -- Up-to-date symlink: /home/sh/projects/f1tenth_miru3/install/center_follow_cpp/share/center_follow_cpp/local_setup.sh
[0.888s] -- Up-to-date symlink: /home/sh/projects/f1tenth_miru3/install/center_follow_cpp/share/center_follow_cpp/local_setup.zsh
[0.888s] -- Up-to-date symlink: /home/sh/projects/f1tenth_miru3/install/center_follow_cpp/share/center_follow_cpp/local_setup.dsv
[0.890s] -- Symlinking: /home/sh/projects/f1tenth_miru3/install/center_follow_cpp/share/center_follow_cpp/package.dsv
[0.909s] -- Up-to-date symlink: /home/sh/projects/f1tenth_miru3/install/center_follow_cpp/share/ament_index/resource_index/packages/center_follow_cpp
[0.909s] -- Up-to-date symlink: /home/sh/projects/f1tenth_miru3/install/center_follow_cpp/share/center_follow_cpp/cmake/center_follow_cppConfig.cmake
[0.910s] -- Up-to-date symlink: /home/sh/projects/f1tenth_miru3/install/center_follow_cpp/share/center_follow_cpp/cmake/center_follow_cppConfig-version.cmake
[0.911s] -- Up-to-date symlink: /home/sh/projects/f1tenth_miru3/install/center_follow_cpp/share/center_follow_cpp/package.xml
[0.924s] Invoked command in '/home/sh/projects/f1tenth_miru3/build/center_follow_cpp' returned '0': CMAKE_PREFIX_PATH=${CMAKE_PREFIX_PATH}:/home/sh/projects/f1tenth_miru3/install/joy_teleop:/home/sh/projects/f1tenth_miru3/install/pygame_key_teleop:/home/sh/projects/f1tenth_miru3/install/mouse_teleop:/home/sh/projects/f1tenth_miru3/install/key_teleop:/home/sh/projects/f1tenth_miru3/install/forza_map_controller:/home/sh/f1tenth_ws/install/f1tenth_gym_ros:/opt/ros/humble /usr/bin/cmake --install /home/sh/projects/f1tenth_miru3/build/center_follow_cpp
