[0.797s] Invoking command in '/home/moon/sim_ws/src/bubble_memory': CONDA_PROMPT_MODIFIER=(f110) PYTHONPATH=/home/moon/sim_ws/build/bubble_memory/prefix_override:/usr/lib/python3/dist-packages/colcon_core/task/python/colcon_distutils_commands:/home/moon/sim_ws/install/bubble_memory/lib/python3.8/site-packages:${PYTHONPATH} /usr/bin/python3 -W ignore:setup.py install is deprecated -W ignore:easy_install command is deprecated setup.py egg_info --egg-base ../../build/bubble_memory build --build-base /home/moon/sim_ws/build/bubble_memory/build install --record /home/moon/sim_ws/build/bubble_memory/install.log --install-scripts $base/lib/bubble_memory --single-version-externally-managed install_data
[0.921s] running egg_info
[0.921s] writing ../../build/bubble_memory/bubble_memory.egg-info/PKG-INFO
[0.921s] writing dependency_links to ../../build/bubble_memory/bubble_memory.egg-info/dependency_links.txt
[0.921s] writing entry points to ../../build/bubble_memory/bubble_memory.egg-info/entry_points.txt
[0.922s] writing requirements to ../../build/bubble_memory/bubble_memory.egg-info/requires.txt
[0.922s] writing top-level names to ../../build/bubble_memory/bubble_memory.egg-info/top_level.txt
[0.941s] reading manifest file '../../build/bubble_memory/bubble_memory.egg-info/SOURCES.txt'
[0.941s] writing manifest file '../../build/bubble_memory/bubble_memory.egg-info/SOURCES.txt'
[0.942s] running build
[0.942s] running build_py
[0.942s] running install
[0.942s] running install_lib
[0.943s] running install_data
[0.943s] running install_egg_info
[0.944s] removing '/home/moon/sim_ws/install/bubble_memory/lib/python3.8/site-packages/bubble_memory-0.0.1-py3.8.egg-info' (and everything under it)
[0.944s] Copying ../../build/bubble_memory/bubble_memory.egg-info to /home/moon/sim_ws/install/bubble_memory/lib/python3.8/site-packages/bubble_memory-0.0.1-py3.8.egg-info
[0.945s] running install_scripts
[0.955s] Installing bubble_memory script to /home/moon/sim_ws/install/bubble_memory/lib/bubble_memory
[0.955s] writing list of installed files to '/home/moon/sim_ws/build/bubble_memory/install.log'
[0.969s] Invoked command in '/home/moon/sim_ws/src/bubble_memory' returned '0': CONDA_PROMPT_MODIFIER=(f110) PYTHONPATH=/home/moon/sim_ws/build/bubble_memory/prefix_override:/usr/lib/python3/dist-packages/colcon_core/task/python/colcon_distutils_commands:/home/moon/sim_ws/install/bubble_memory/lib/python3.8/site-packages:${PYTHONPATH} /usr/bin/python3 -W ignore:setup.py install is deprecated -W ignore:easy_install command is deprecated setup.py egg_info --egg-base ../../build/bubble_memory build --build-base /home/moon/sim_ws/build/bubble_memory/build install --record /home/moon/sim_ws/build/bubble_memory/install.log --install-scripts $base/lib/bubble_memory --single-version-externally-managed install_data
