[2.485s] Invoking command in '/home/f1/f1tenth_ws/build/center_follow_cpp': CMAKE_PREFIX_PATH=${CMAKE_PREFIX_PATH}:/home/f1/f1tenth_ws/install/f1tenth_stack:/home/f1/f1tenth_ws/install/joy_teleop:/home/f1/f1tenth_ws/install/pygame_key_teleop:/home/f1/f1tenth_ws/install/mouse_teleop:/home/f1/f1tenth_ws/install/key_teleop:/home/f1/f1tenth_ws/install/f1tenth_path_planner:/opt/ros/foxy CONDA_PROMPT_MODIFIER=(base) /usr/bin/cmake --build /home/f1/f1tenth_ws/build/center_follow_cpp -- -j6 -l6
[4.514s] [100%] Built target center_follower
[4.672s] Invoked command in '/home/f1/f1tenth_ws/build/center_follow_cpp' returned '0': CMAKE_PREFIX_PATH=${CMAKE_PREFIX_PATH}:/home/f1/f1tenth_ws/install/f1tenth_stack:/home/f1/f1tenth_ws/install/joy_teleop:/home/f1/f1tenth_ws/install/pygame_key_teleop:/home/f1/f1tenth_ws/install/mouse_teleop:/home/f1/f1tenth_ws/install/key_teleop:/home/f1/f1tenth_ws/install/f1tenth_path_planner:/opt/ros/foxy CONDA_PROMPT_MODIFIER=(base) /usr/bin/cmake --build /home/f1/f1tenth_ws/build/center_follow_cpp -- -j6 -l6
[4.705s] Invoking command in '/home/f1/f1tenth_ws/build/center_follow_cpp': CMAKE_PREFIX_PATH=${CMAKE_PREFIX_PATH}:/home/f1/f1tenth_ws/install/f1tenth_stack:/home/f1/f1tenth_ws/install/joy_teleop:/home/f1/f1tenth_ws/install/pygame_key_teleop:/home/f1/f1tenth_ws/install/mouse_teleop:/home/f1/f1tenth_ws/install/key_teleop:/home/f1/f1tenth_ws/install/f1tenth_path_planner:/opt/ros/foxy CONDA_PROMPT_MODIFIER=(base) /usr/bin/cmake --install /home/f1/f1tenth_ws/build/center_follow_cpp
[4.947s] -- Install configuration: "Release"
[4.950s] -- Execute custom install script
[4.967s] -- Up-to-date symlink: /home/f1/f1tenth_ws/install/center_follow_cpp/lib/center_follow_cpp/center_follower
[4.969s] -- Up-to-date symlink: /home/f1/f1tenth_ws/install/center_follow_cpp/share/ament_index/resource_index/package_run_dependencies/center_follow_cpp
[4.982s] -- Up-to-date symlink: /home/f1/f1tenth_ws/install/center_follow_cpp/share/ament_index/resource_index/parent_prefix_path/center_follow_cpp
[4.999s] -- Up-to-date symlink: /home/f1/f1tenth_ws/install/center_follow_cpp/share/center_follow_cpp/environment/ament_prefix_path.sh
[5.000s] -- Up-to-date symlink: /home/f1/f1tenth_ws/install/center_follow_cpp/share/center_follow_cpp/environment/ament_prefix_path.dsv
[5.000s] -- Up-to-date symlink: /home/f1/f1tenth_ws/install/center_follow_cpp/share/center_follow_cpp/environment/path.sh
[5.001s] -- Up-to-date symlink: /home/f1/f1tenth_ws/install/center_follow_cpp/share/center_follow_cpp/environment/path.dsv
[5.004s] -- Up-to-date symlink: /home/f1/f1tenth_ws/install/center_follow_cpp/share/center_follow_cpp/local_setup.bash
[5.019s] -- Up-to-date symlink: /home/f1/f1tenth_ws/install/center_follow_cpp/share/center_follow_cpp/local_setup.sh
[5.020s] -- Up-to-date symlink: /home/f1/f1tenth_ws/install/center_follow_cpp/share/center_follow_cpp/local_setup.zsh
[5.060s] -- Up-to-date symlink: /home/f1/f1tenth_ws/install/center_follow_cpp/share/center_follow_cpp/local_setup.dsv
[5.089s] -- Symlinking: /home/f1/f1tenth_ws/install/center_follow_cpp/share/center_follow_cpp/package.dsv
[5.258s] -- Up-to-date symlink: /home/f1/f1tenth_ws/install/center_follow_cpp/share/ament_index/resource_index/packages/center_follow_cpp
[5.264s] -- Up-to-date symlink: /home/f1/f1tenth_ws/install/center_follow_cpp/share/center_follow_cpp/cmake/center_follow_cppConfig.cmake
[5.281s] -- Up-to-date symlink: /home/f1/f1tenth_ws/install/center_follow_cpp/share/center_follow_cpp/cmake/center_follow_cppConfig-version.cmake
[5.284s] -- Up-to-date symlink: /home/f1/f1tenth_ws/install/center_follow_cpp/share/center_follow_cpp/package.xml
[5.537s] Invoked command in '/home/f1/f1tenth_ws/build/center_follow_cpp' returned '0': CMAKE_PREFIX_PATH=${CMAKE_PREFIX_PATH}:/home/f1/f1tenth_ws/install/f1tenth_stack:/home/f1/f1tenth_ws/install/joy_teleop:/home/f1/f1tenth_ws/install/pygame_key_teleop:/home/f1/f1tenth_ws/install/mouse_teleop:/home/f1/f1tenth_ws/install/key_teleop:/home/f1/f1tenth_ws/install/f1tenth_path_planner:/opt/ros/foxy CONDA_PROMPT_MODIFIER=(base) /usr/bin/cmake --install /home/f1/f1tenth_ws/build/center_follow_cpp
