[0.246s] Invoking command in '/home/f1/f1tenth_ws/build/f1tenth_slam_nav': AMENT_PREFIX_PATH=/home/f1/f1tenth_ws/install/f1tenth_stack:/home/f1/f1tenth_ws/install/vesc:/home/f1/f1tenth_ws/install/vesc_driver:/home/f1/f1tenth_ws/install/vesc_ackermann:/home/f1/f1tenth_ws/install/joy_teleop:/home/f1/f1tenth_ws/install/vesc_msgs:/home/f1/f1tenth_ws/install/teleop_tools_msgs:/home/f1/f1tenth_ws/install/ackermann_mux:${AMENT_PREFIX_PATH} CMAKE_PREFIX_PATH=/home/f1/f1tenth_ws/install/vesc:/home/f1/f1tenth_ws/install/vesc_driver:/home/f1/f1tenth_ws/install/vesc_ackermann:/home/f1/f1tenth_ws/install/vesc_msgs:/home/f1/f1tenth_ws/install/teleop_tools_msgs:/home/f1/f1tenth_ws/install/ackermann_mux:/opt/ros/foxy CONDA_PROMPT_MODIFIER=(base) LD_LIBRARY_PATH=/home/f1/f1tenth_ws/install/vesc_driver/lib:/home/f1/f1tenth_ws/install/vesc_ackermann/lib:/home/f1/f1tenth_ws/install/vesc_msgs/lib:/home/f1/f1tenth_ws/install/teleop_tools_msgs/lib:${LD_LIBRARY_PATH} PYTHONPATH=/home/f1/f1tenth_ws/build/f1tenth_stack:/home/f1/f1tenth_ws/install/f1tenth_stack/lib/python3.8/site-packages:/home/f1/f1tenth_ws/build/joy_teleop:/home/f1/f1tenth_ws/install/joy_teleop/lib/python3.8/site-packages:/home/f1/f1tenth_ws/install/vesc_msgs/lib/python3.8/site-packages:/home/f1/f1tenth_ws/install/teleop_tools_msgs/lib/python3.8/site-packages:${PYTHONPATH} /usr/bin/cmake --build /home/f1/f1tenth_ws/build/f1tenth_slam_nav -- -j6 -l6
[0.707s] [ 50%] Built target high_frequency_localizer_node
[0.937s] [100%] Built target slam_nav_manager
[1.019s] Invoked command in '/home/f1/f1tenth_ws/build/f1tenth_slam_nav' returned '0': AMENT_PREFIX_PATH=/home/f1/f1tenth_ws/install/f1tenth_stack:/home/f1/f1tenth_ws/install/vesc:/home/f1/f1tenth_ws/install/vesc_driver:/home/f1/f1tenth_ws/install/vesc_ackermann:/home/f1/f1tenth_ws/install/joy_teleop:/home/f1/f1tenth_ws/install/vesc_msgs:/home/f1/f1tenth_ws/install/teleop_tools_msgs:/home/f1/f1tenth_ws/install/ackermann_mux:${AMENT_PREFIX_PATH} CMAKE_PREFIX_PATH=/home/f1/f1tenth_ws/install/vesc:/home/f1/f1tenth_ws/install/vesc_driver:/home/f1/f1tenth_ws/install/vesc_ackermann:/home/f1/f1tenth_ws/install/vesc_msgs:/home/f1/f1tenth_ws/install/teleop_tools_msgs:/home/f1/f1tenth_ws/install/ackermann_mux:/opt/ros/foxy CONDA_PROMPT_MODIFIER=(base) LD_LIBRARY_PATH=/home/f1/f1tenth_ws/install/vesc_driver/lib:/home/f1/f1tenth_ws/install/vesc_ackermann/lib:/home/f1/f1tenth_ws/install/vesc_msgs/lib:/home/f1/f1tenth_ws/install/teleop_tools_msgs/lib:${LD_LIBRARY_PATH} PYTHONPATH=/home/f1/f1tenth_ws/build/f1tenth_stack:/home/f1/f1tenth_ws/install/f1tenth_stack/lib/python3.8/site-packages:/home/f1/f1tenth_ws/build/joy_teleop:/home/f1/f1tenth_ws/install/joy_teleop/lib/python3.8/site-packages:/home/f1/f1tenth_ws/install/vesc_msgs/lib/python3.8/site-packages:/home/f1/f1tenth_ws/install/teleop_tools_msgs/lib/python3.8/site-packages:${PYTHONPATH} /usr/bin/cmake --build /home/f1/f1tenth_ws/build/f1tenth_slam_nav -- -j6 -l6
[1.036s] Invoking command in '/home/f1/f1tenth_ws/build/f1tenth_slam_nav': AMENT_PREFIX_PATH=/home/f1/f1tenth_ws/install/f1tenth_stack:/home/f1/f1tenth_ws/install/vesc:/home/f1/f1tenth_ws/install/vesc_driver:/home/f1/f1tenth_ws/install/vesc_ackermann:/home/f1/f1tenth_ws/install/joy_teleop:/home/f1/f1tenth_ws/install/vesc_msgs:/home/f1/f1tenth_ws/install/teleop_tools_msgs:/home/f1/f1tenth_ws/install/ackermann_mux:${AMENT_PREFIX_PATH} CMAKE_PREFIX_PATH=/home/f1/f1tenth_ws/install/vesc:/home/f1/f1tenth_ws/install/vesc_driver:/home/f1/f1tenth_ws/install/vesc_ackermann:/home/f1/f1tenth_ws/install/vesc_msgs:/home/f1/f1tenth_ws/install/teleop_tools_msgs:/home/f1/f1tenth_ws/install/ackermann_mux:/opt/ros/foxy CONDA_PROMPT_MODIFIER=(base) LD_LIBRARY_PATH=/home/f1/f1tenth_ws/install/vesc_driver/lib:/home/f1/f1tenth_ws/install/vesc_ackermann/lib:/home/f1/f1tenth_ws/install/vesc_msgs/lib:/home/f1/f1tenth_ws/install/teleop_tools_msgs/lib:${LD_LIBRARY_PATH} PYTHONPATH=/home/f1/f1tenth_ws/build/f1tenth_stack:/home/f1/f1tenth_ws/install/f1tenth_stack/lib/python3.8/site-packages:/home/f1/f1tenth_ws/build/joy_teleop:/home/f1/f1tenth_ws/install/joy_teleop/lib/python3.8/site-packages:/home/f1/f1tenth_ws/install/vesc_msgs/lib/python3.8/site-packages:/home/f1/f1tenth_ws/install/teleop_tools_msgs/lib/python3.8/site-packages:${PYTHONPATH} /usr/bin/cmake --install /home/f1/f1tenth_ws/build/f1tenth_slam_nav
[1.100s] -- Install configuration: "Release"
[1.104s] -- Execute custom install script
[1.110s] -- Symlinking: /home/f1/f1tenth_ws/install/f1tenth_slam_nav/share/f1tenth_slam_nav/launch//__pycache__/localization_launch.cpython-38.pyc
[1.178s] -- Up-to-date symlink: /home/f1/f1tenth_ws/install/f1tenth_slam_nav/share/f1tenth_slam_nav/launch//localization_launch.py
[1.180s] -- Up-to-date symlink: /home/f1/f1tenth_ws/install/f1tenth_slam_nav/share/f1tenth_slam_nav/launch//slam_nav_launch.py
[1.182s] -- Up-to-date symlink: /home/f1/f1tenth_ws/install/f1tenth_slam_nav/share/f1tenth_slam_nav/launch//slam_nav_manager_launch.py
[1.189s] -- Up-to-date symlink: /home/f1/f1tenth_ws/install/f1tenth_slam_nav/share/f1tenth_slam_nav/config//amcl_config.yaml
[1.192s] -- Up-to-date symlink: /home/f1/f1tenth_ws/install/f1tenth_slam_nav/share/f1tenth_slam_nav/config//cartographer_config.lua
[1.194s] -- Up-to-date symlink: /home/f1/f1tenth_ws/install/f1tenth_slam_nav/share/f1tenth_slam_nav/config//localization_with_path.rviz
[1.195s] -- Up-to-date symlink: /home/f1/f1tenth_ws/install/f1tenth_slam_nav/share/f1tenth_slam_nav/config//slam_toolbox_async_config.yaml
[1.196s] -- Up-to-date symlink: /home/f1/f1tenth_ws/install/f1tenth_slam_nav/share/f1tenth_slam_nav/config//slam_toolbox_config.yaml
[1.201s] -- Up-to-date symlink: /home/f1/f1tenth_ws/install/f1tenth_slam_nav/lib/f1tenth_slam_nav/slam_nav_manager
[1.203s] -- Up-to-date symlink: /home/f1/f1tenth_ws/install/f1tenth_slam_nav/lib/f1tenth_slam_nav/high_frequency_localizer_node
[1.204s] -- Up-to-date symlink: /home/f1/f1tenth_ws/install/f1tenth_slam_nav/lib/f1tenth_slam_nav/localization_performance_test.py
[1.206s] -- Up-to-date symlink: /home/f1/f1tenth_ws/install/f1tenth_slam_nav/lib/f1tenth_slam_nav/high_frequency_localization.py
[1.208s] -- Up-to-date symlink: /home/f1/f1tenth_ws/install/f1tenth_slam_nav/share/ament_index/resource_index/package_run_dependencies/f1tenth_slam_nav
[1.210s] -- Up-to-date symlink: /home/f1/f1tenth_ws/install/f1tenth_slam_nav/share/ament_index/resource_index/parent_prefix_path/f1tenth_slam_nav
[1.212s] -- Up-to-date symlink: /home/f1/f1tenth_ws/install/f1tenth_slam_nav/share/f1tenth_slam_nav/environment/ament_prefix_path.sh
[1.214s] -- Up-to-date symlink: /home/f1/f1tenth_ws/install/f1tenth_slam_nav/share/f1tenth_slam_nav/environment/ament_prefix_path.dsv
[1.216s] -- Up-to-date symlink: /home/f1/f1tenth_ws/install/f1tenth_slam_nav/share/f1tenth_slam_nav/environment/path.sh
[1.218s] -- Up-to-date symlink: /home/f1/f1tenth_ws/install/f1tenth_slam_nav/share/f1tenth_slam_nav/environment/path.dsv
[1.220s] -- Up-to-date symlink: /home/f1/f1tenth_ws/install/f1tenth_slam_nav/share/f1tenth_slam_nav/local_setup.bash
[1.222s] -- Up-to-date symlink: /home/f1/f1tenth_ws/install/f1tenth_slam_nav/share/f1tenth_slam_nav/local_setup.sh
[1.224s] -- Up-to-date symlink: /home/f1/f1tenth_ws/install/f1tenth_slam_nav/share/f1tenth_slam_nav/local_setup.zsh
[1.225s] -- Up-to-date symlink: /home/f1/f1tenth_ws/install/f1tenth_slam_nav/share/f1tenth_slam_nav/local_setup.dsv
[1.227s] -- Symlinking: /home/f1/f1tenth_ws/install/f1tenth_slam_nav/share/f1tenth_slam_nav/package.dsv
[1.305s] -- Up-to-date symlink: /home/f1/f1tenth_ws/install/f1tenth_slam_nav/share/ament_index/resource_index/packages/f1tenth_slam_nav
[1.306s] -- Up-to-date symlink: /home/f1/f1tenth_ws/install/f1tenth_slam_nav/share/f1tenth_slam_nav/cmake/f1tenth_slam_navConfig.cmake
[1.309s] -- Up-to-date symlink: /home/f1/f1tenth_ws/install/f1tenth_slam_nav/share/f1tenth_slam_nav/cmake/f1tenth_slam_navConfig-version.cmake
[1.313s] -- Up-to-date symlink: /home/f1/f1tenth_ws/install/f1tenth_slam_nav/share/f1tenth_slam_nav/package.xml
[1.333s] Invoked command in '/home/f1/f1tenth_ws/build/f1tenth_slam_nav' returned '0': AMENT_PREFIX_PATH=/home/f1/f1tenth_ws/install/f1tenth_stack:/home/f1/f1tenth_ws/install/vesc:/home/f1/f1tenth_ws/install/vesc_driver:/home/f1/f1tenth_ws/install/vesc_ackermann:/home/f1/f1tenth_ws/install/joy_teleop:/home/f1/f1tenth_ws/install/vesc_msgs:/home/f1/f1tenth_ws/install/teleop_tools_msgs:/home/f1/f1tenth_ws/install/ackermann_mux:${AMENT_PREFIX_PATH} CMAKE_PREFIX_PATH=/home/f1/f1tenth_ws/install/vesc:/home/f1/f1tenth_ws/install/vesc_driver:/home/f1/f1tenth_ws/install/vesc_ackermann:/home/f1/f1tenth_ws/install/vesc_msgs:/home/f1/f1tenth_ws/install/teleop_tools_msgs:/home/f1/f1tenth_ws/install/ackermann_mux:/opt/ros/foxy CONDA_PROMPT_MODIFIER=(base) LD_LIBRARY_PATH=/home/f1/f1tenth_ws/install/vesc_driver/lib:/home/f1/f1tenth_ws/install/vesc_ackermann/lib:/home/f1/f1tenth_ws/install/vesc_msgs/lib:/home/f1/f1tenth_ws/install/teleop_tools_msgs/lib:${LD_LIBRARY_PATH} PYTHONPATH=/home/f1/f1tenth_ws/build/f1tenth_stack:/home/f1/f1tenth_ws/install/f1tenth_stack/lib/python3.8/site-packages:/home/f1/f1tenth_ws/build/joy_teleop:/home/f1/f1tenth_ws/install/joy_teleop/lib/python3.8/site-packages:/home/f1/f1tenth_ws/install/vesc_msgs/lib/python3.8/site-packages:/home/f1/f1tenth_ws/install/teleop_tools_msgs/lib/python3.8/site-packages:${PYTHONPATH} /usr/bin/cmake --install /home/f1/f1tenth_ws/build/f1tenth_slam_nav
