[0.009s] Invoking command in '/home/sh/projects/f1tenth_miru3/build/vesc_driver': CMAKE_PREFIX_PATH=/home/sh/projects/f1tenth_miru3/install/vesc_msgs:/home/sh/projects/f1tenth_miru3/install/vesc_ackermann:/home/sh/projects/f1tenth_miru3/install/teleop_tools:/home/sh/projects/f1tenth_miru3/install/teleop_tools_msgs:/home/sh/projects/f1tenth_miru3/install/pure_pursuit:/home/sh/projects/f1tenth_miru3/install/path_follow:/home/sh/projects/f1tenth_miru3/install/map_controller:/home/sh/projects/f1tenth_miru3/install/center_follow_cpp:/home/sh/projects/f1tenth_miru3/install/ackermann_mux:/home/sh/projects/f1tenth_miru3/install/joy_teleop:/home/sh/projects/f1tenth_miru3/install/pygame_key_teleop:/home/sh/projects/f1tenth_miru3/install/mouse_teleop:/home/sh/projects/f1tenth_miru3/install/key_teleop:/home/sh/projects/f1tenth_miru3/install/forza_map_controller:/home/sh/f1tenth_ws/install/f1tenth_gym_ros:/opt/ros/humble LD_LIBRARY_PATH=/home/sh/projects/f1tenth_miru3/install/vesc_msgs/lib:/home/sh/projects/f1tenth_miru3/install/vesc_driver/lib:/home/sh/projects/f1tenth_miru3/install/vesc_ackermann/lib:/home/sh/projects/f1tenth_miru3/install/teleop_tools_msgs/lib:/home/sh/projects/f1tenth_miru3/install/map_controller/lib:/opt/ros/humble/opt/rviz_ogre_vendor/lib:/opt/ros/humble/lib/x86_64-linux-gnu:/opt/ros/humble/lib:/home/sh/../../lib:/home/sh/../../../blasfeo/lib /usr/bin/cmake /home/sh/projects/f1tenth_miru3/src/f1tenth_system/vesc/vesc_driver -DAMENT_CMAKE_SYMLINK_INSTALL=1 -DCMAKE_INSTALL_PREFIX=/home/sh/projects/f1tenth_miru3/install/vesc_driver
[0.050s] -- The C compiler identification is GNU 11.4.0
[0.086s] -- The CXX compiler identification is GNU 11.4.0
[0.091s] -- Detecting C compiler ABI info
[0.142s] -- Detecting C compiler ABI info - done
[0.146s] -- Check for working C compiler: /usr/bin/cc - skipped
[0.146s] -- Detecting C compile features
[0.146s] -- Detecting C compile features - done
[0.148s] -- Detecting CXX compiler ABI info
[0.216s] -- Detecting CXX compiler ABI info - done
[0.220s] -- Check for working CXX compiler: /usr/bin/c++ - skipped
[0.220s] -- Detecting CXX compile features
[0.220s] -- Detecting CXX compile features - done
[0.222s] -- Found ament_cmake_auto: 1.3.11 (/opt/ros/humble/share/ament_cmake_auto/cmake)
[0.330s] -- Found Python3: /usr/bin/python3 (found version "3.10.12") found components: Interpreter 
[0.376s] -- Override CMake install command with custom implementation using symlinks instead of copying resources
[0.472s] -- Found rosidl_generator_c: 3.1.6 (/opt/ros/humble/share/rosidl_generator_c/cmake)
[0.476s] -- Found rosidl_adapter: 3.1.6 (/opt/ros/humble/share/rosidl_adapter/cmake)
[0.482s] -- Found rosidl_generator_cpp: 3.1.6 (/opt/ros/humble/share/rosidl_generator_cpp/cmake)
[0.490s] -- Using all available rosidl_typesupport_c: rosidl_typesupport_fastrtps_c;rosidl_typesupport_introspection_c
[0.501s] -- Using all available rosidl_typesupport_cpp: rosidl_typesupport_fastrtps_cpp;rosidl_typesupport_introspection_cpp
[0.532s] -- Found rmw_implementation_cmake: 6.1.2 (/opt/ros/humble/share/rmw_implementation_cmake/cmake)
[0.534s] -- Found rmw_fastrtps_cpp: 6.2.7 (/opt/ros/humble/share/rmw_fastrtps_cpp/cmake)
[0.610s] -- Found OpenSSL: /usr/lib/x86_64-linux-gnu/libcrypto.so (found version "3.0.2")  
[0.633s] -- Found FastRTPS: /opt/ros/humble/include  
[0.660s] -- Using RMW implementation 'rmw_fastrtps_cpp' as default
[0.666s] -- Looking for pthread.h
[0.724s] -- Looking for pthread.h - found
[0.724s] -- Performing Test CMAKE_HAVE_LIBC_PTHREAD
[0.773s] -- Performing Test CMAKE_HAVE_LIBC_PTHREAD - Success
[0.774s] -- Found Threads: TRUE  
[0.859s] -- Found asio_cmake_module: 1.2.0 (/opt/ros/humble/share/asio_cmake_module/cmake)
[0.859s] -- Found ASIO: /usr/include  
[0.914s] -- Found ament_lint_auto: 0.12.11 (/opt/ros/humble/share/ament_lint_auto/cmake)
[0.932s] -- Added test 'copyright' to check source files copyright and LICENSE
[0.932s] -- Added test 'cppcheck' to perform static code analysis on C / C++ code
[0.933s] -- Configured cppcheck include dirs: /home/sh/projects/f1tenth_miru3/src/f1tenth_system/vesc/vesc_driver/include
[0.933s] -- Configured cppcheck exclude dirs and/or files: 
[0.933s] -- Added test 'cpplint' to check C / C++ code against the Google style
[0.934s] -- Configured cpplint exclude dirs and/or files: 
[0.934s] -- Added test 'flake8' to check Python code syntax and style conventions
[0.934s] -- Added test 'lint_cmake' to check CMake code style
[0.935s] -- Added test 'pep257' to check Python code against some of the docstring style conventions in PEP 257
[0.935s] -- Added test 'uncrustify' to check C / C++ code style
[0.935s] -- Configured uncrustify additional arguments: 
[0.936s] -- Added test 'xmllint' to check XML markup files
[0.937s] -- Configuring done
[0.955s] -- Generating done
[0.960s] -- Build files have been written to: /home/sh/projects/f1tenth_miru3/build/vesc_driver
[0.968s] Invoked command in '/home/sh/projects/f1tenth_miru3/build/vesc_driver' returned '0': CMAKE_PREFIX_PATH=/home/sh/projects/f1tenth_miru3/install/vesc_msgs:/home/sh/projects/f1tenth_miru3/install/vesc_ackermann:/home/sh/projects/f1tenth_miru3/install/teleop_tools:/home/sh/projects/f1tenth_miru3/install/teleop_tools_msgs:/home/sh/projects/f1tenth_miru3/install/pure_pursuit:/home/sh/projects/f1tenth_miru3/install/path_follow:/home/sh/projects/f1tenth_miru3/install/map_controller:/home/sh/projects/f1tenth_miru3/install/center_follow_cpp:/home/sh/projects/f1tenth_miru3/install/ackermann_mux:/home/sh/projects/f1tenth_miru3/install/joy_teleop:/home/sh/projects/f1tenth_miru3/install/pygame_key_teleop:/home/sh/projects/f1tenth_miru3/install/mouse_teleop:/home/sh/projects/f1tenth_miru3/install/key_teleop:/home/sh/projects/f1tenth_miru3/install/forza_map_controller:/home/sh/f1tenth_ws/install/f1tenth_gym_ros:/opt/ros/humble LD_LIBRARY_PATH=/home/sh/projects/f1tenth_miru3/install/vesc_msgs/lib:/home/sh/projects/f1tenth_miru3/install/vesc_driver/lib:/home/sh/projects/f1tenth_miru3/install/vesc_ackermann/lib:/home/sh/projects/f1tenth_miru3/install/teleop_tools_msgs/lib:/home/sh/projects/f1tenth_miru3/install/map_controller/lib:/opt/ros/humble/opt/rviz_ogre_vendor/lib:/opt/ros/humble/lib/x86_64-linux-gnu:/opt/ros/humble/lib:/home/sh/../../lib:/home/sh/../../../blasfeo/lib /usr/bin/cmake /home/sh/projects/f1tenth_miru3/src/f1tenth_system/vesc/vesc_driver -DAMENT_CMAKE_SYMLINK_INSTALL=1 -DCMAKE_INSTALL_PREFIX=/home/sh/projects/f1tenth_miru3/install/vesc_driver
[0.968s] Invoking command in '/home/sh/projects/f1tenth_miru3/build/vesc_driver': CMAKE_PREFIX_PATH=/home/sh/projects/f1tenth_miru3/install/vesc_msgs:/home/sh/projects/f1tenth_miru3/install/vesc_ackermann:/home/sh/projects/f1tenth_miru3/install/teleop_tools:/home/sh/projects/f1tenth_miru3/install/teleop_tools_msgs:/home/sh/projects/f1tenth_miru3/install/pure_pursuit:/home/sh/projects/f1tenth_miru3/install/path_follow:/home/sh/projects/f1tenth_miru3/install/map_controller:/home/sh/projects/f1tenth_miru3/install/center_follow_cpp:/home/sh/projects/f1tenth_miru3/install/ackermann_mux:/home/sh/projects/f1tenth_miru3/install/joy_teleop:/home/sh/projects/f1tenth_miru3/install/pygame_key_teleop:/home/sh/projects/f1tenth_miru3/install/mouse_teleop:/home/sh/projects/f1tenth_miru3/install/key_teleop:/home/sh/projects/f1tenth_miru3/install/forza_map_controller:/home/sh/f1tenth_ws/install/f1tenth_gym_ros:/opt/ros/humble LD_LIBRARY_PATH=/home/sh/projects/f1tenth_miru3/install/vesc_msgs/lib:/home/sh/projects/f1tenth_miru3/install/vesc_driver/lib:/home/sh/projects/f1tenth_miru3/install/vesc_ackermann/lib:/home/sh/projects/f1tenth_miru3/install/teleop_tools_msgs/lib:/home/sh/projects/f1tenth_miru3/install/map_controller/lib:/opt/ros/humble/opt/rviz_ogre_vendor/lib:/opt/ros/humble/lib/x86_64-linux-gnu:/opt/ros/humble/lib:/home/sh/../../lib:/home/sh/../../../blasfeo/lib /usr/bin/cmake --build /home/sh/projects/f1tenth_miru3/build/vesc_driver -- -j16 -l16
[0.997s] [35m[1mConsolidate compiler generated dependencies of target vesc_driver[0m
[0.998s] [35m[1mConsolidate compiler generated dependencies of target vesc_driver_node[0m
[1.010s] [ 10%] [32mBuilding CXX object CMakeFiles/vesc_driver.dir/src/vesc_packet_factory.cpp.o[0m
[1.010s] [ 20%] [32mBuilding CXX object CMakeFiles/vesc_driver.dir/src/vesc_driver.cpp.o[0m
[1.011s] [ 40%] Built target vesc_driver_node
[1.012s] [ 60%] [32mBuilding CXX object CMakeFiles/vesc_driver.dir/src/vesc_interface.cpp.o[0m
[1.012s] [ 60%] [32mBuilding CXX object CMakeFiles/vesc_driver.dir/src/vesc_packet.cpp.o[0m
[6.671s] [ 70%] [32m[1mLinking CXX shared library libvesc_driver.so[0m
[7.033s] [ 70%] Built target vesc_driver
[7.049s] [ 80%] [32mBuilding CXX object CMakeFiles/vesc_device_namer.dir/src/vesc_device_namer.cpp.o[0m
[7.049s] [ 90%] [32mBuilding CXX object CMakeFiles/vesc_device_namer.dir/src/vesc_device_uuid_lookup.cpp.o[0m
[7.480s] [100%] [32m[1mLinking CXX executable vesc_device_namer[0m
[7.655s] [100%] Built target vesc_device_namer
[7.667s] Invoked command in '/home/sh/projects/f1tenth_miru3/build/vesc_driver' returned '0': CMAKE_PREFIX_PATH=/home/sh/projects/f1tenth_miru3/install/vesc_msgs:/home/sh/projects/f1tenth_miru3/install/vesc_ackermann:/home/sh/projects/f1tenth_miru3/install/teleop_tools:/home/sh/projects/f1tenth_miru3/install/teleop_tools_msgs:/home/sh/projects/f1tenth_miru3/install/pure_pursuit:/home/sh/projects/f1tenth_miru3/install/path_follow:/home/sh/projects/f1tenth_miru3/install/map_controller:/home/sh/projects/f1tenth_miru3/install/center_follow_cpp:/home/sh/projects/f1tenth_miru3/install/ackermann_mux:/home/sh/projects/f1tenth_miru3/install/joy_teleop:/home/sh/projects/f1tenth_miru3/install/pygame_key_teleop:/home/sh/projects/f1tenth_miru3/install/mouse_teleop:/home/sh/projects/f1tenth_miru3/install/key_teleop:/home/sh/projects/f1tenth_miru3/install/forza_map_controller:/home/sh/f1tenth_ws/install/f1tenth_gym_ros:/opt/ros/humble LD_LIBRARY_PATH=/home/sh/projects/f1tenth_miru3/install/vesc_msgs/lib:/home/sh/projects/f1tenth_miru3/install/vesc_driver/lib:/home/sh/projects/f1tenth_miru3/install/vesc_ackermann/lib:/home/sh/projects/f1tenth_miru3/install/teleop_tools_msgs/lib:/home/sh/projects/f1tenth_miru3/install/map_controller/lib:/opt/ros/humble/opt/rviz_ogre_vendor/lib:/opt/ros/humble/lib/x86_64-linux-gnu:/opt/ros/humble/lib:/home/sh/../../lib:/home/sh/../../../blasfeo/lib /usr/bin/cmake --build /home/sh/projects/f1tenth_miru3/build/vesc_driver -- -j16 -l16
[7.673s] Invoking command in '/home/sh/projects/f1tenth_miru3/build/vesc_driver': CMAKE_PREFIX_PATH=/home/sh/projects/f1tenth_miru3/install/vesc_msgs:/home/sh/projects/f1tenth_miru3/install/vesc_ackermann:/home/sh/projects/f1tenth_miru3/install/teleop_tools:/home/sh/projects/f1tenth_miru3/install/teleop_tools_msgs:/home/sh/projects/f1tenth_miru3/install/pure_pursuit:/home/sh/projects/f1tenth_miru3/install/path_follow:/home/sh/projects/f1tenth_miru3/install/map_controller:/home/sh/projects/f1tenth_miru3/install/center_follow_cpp:/home/sh/projects/f1tenth_miru3/install/ackermann_mux:/home/sh/projects/f1tenth_miru3/install/joy_teleop:/home/sh/projects/f1tenth_miru3/install/pygame_key_teleop:/home/sh/projects/f1tenth_miru3/install/mouse_teleop:/home/sh/projects/f1tenth_miru3/install/key_teleop:/home/sh/projects/f1tenth_miru3/install/forza_map_controller:/home/sh/f1tenth_ws/install/f1tenth_gym_ros:/opt/ros/humble LD_LIBRARY_PATH=/home/sh/projects/f1tenth_miru3/install/vesc_msgs/lib:/home/sh/projects/f1tenth_miru3/install/vesc_driver/lib:/home/sh/projects/f1tenth_miru3/install/vesc_ackermann/lib:/home/sh/projects/f1tenth_miru3/install/teleop_tools_msgs/lib:/home/sh/projects/f1tenth_miru3/install/map_controller/lib:/opt/ros/humble/opt/rviz_ogre_vendor/lib:/opt/ros/humble/lib/x86_64-linux-gnu:/opt/ros/humble/lib:/home/sh/../../lib:/home/sh/../../../blasfeo/lib /usr/bin/cmake --install /home/sh/projects/f1tenth_miru3/build/vesc_driver
[7.678s] -- Install configuration: ""
[7.678s] -- Execute custom install script
[7.678s] -- Symlinking: /home/sh/projects/f1tenth_miru3/install/vesc_driver/lib/vesc_driver/vesc_driver_node
[7.686s] -- Symlinking: /home/sh/projects/f1tenth_miru3/install/vesc_driver/include/vesc_driver/crc.hpp
[7.694s] -- Symlinking: /home/sh/projects/f1tenth_miru3/install/vesc_driver/include/vesc_driver/datatypes.hpp
[7.698s] -- Symlinking: /home/sh/projects/f1tenth_miru3/install/vesc_driver/include/vesc_driver/vesc_device_uuid_lookup.hpp
[7.703s] -- Symlinking: /home/sh/projects/f1tenth_miru3/install/vesc_driver/include/vesc_driver/vesc_driver.hpp
[7.710s] -- Symlinking: /home/sh/projects/f1tenth_miru3/install/vesc_driver/include/vesc_driver/vesc_interface.hpp
[7.716s] -- Symlinking: /home/sh/projects/f1tenth_miru3/install/vesc_driver/include/vesc_driver/vesc_packet.hpp
[7.720s] -- Symlinking: /home/sh/projects/f1tenth_miru3/install/vesc_driver/include/vesc_driver/vesc_packet_factory.hpp
[7.728s] -- Symlinking: /home/sh/projects/f1tenth_miru3/install/vesc_driver/share/vesc_driver/environment/library_path.sh
[7.734s] -- Symlinking: /home/sh/projects/f1tenth_miru3/install/vesc_driver/share/vesc_driver/environment/library_path.dsv
[7.741s] -- Symlinking: /home/sh/projects/f1tenth_miru3/install/vesc_driver/lib/libvesc_driver.so
[7.748s] -- Symlinking: /home/sh/projects/f1tenth_miru3/install/vesc_driver/lib/vesc_driver/vesc_device_namer
[7.756s] -- Symlinking: /home/sh/projects/f1tenth_miru3/install/vesc_driver/share/vesc_driver/launch/vesc_driver_node.launch.py
[7.763s] -- Symlinking: /home/sh/projects/f1tenth_miru3/install/vesc_driver/share/vesc_driver/params/vesc_config.yaml
[7.768s] -- Symlinking: /home/sh/projects/f1tenth_miru3/install/vesc_driver/share/ament_index/resource_index/package_run_dependencies/vesc_driver
[7.775s] -- Symlinking: /home/sh/projects/f1tenth_miru3/install/vesc_driver/share/ament_index/resource_index/parent_prefix_path/vesc_driver
[7.781s] -- Symlinking: /home/sh/projects/f1tenth_miru3/install/vesc_driver/share/vesc_driver/environment/ament_prefix_path.sh
[7.786s] -- Symlinking: /home/sh/projects/f1tenth_miru3/install/vesc_driver/share/vesc_driver/environment/ament_prefix_path.dsv
[7.793s] -- Symlinking: /home/sh/projects/f1tenth_miru3/install/vesc_driver/share/vesc_driver/environment/path.sh
[7.798s] -- Symlinking: /home/sh/projects/f1tenth_miru3/install/vesc_driver/share/vesc_driver/environment/path.dsv
[7.804s] -- Symlinking: /home/sh/projects/f1tenth_miru3/install/vesc_driver/share/vesc_driver/local_setup.bash
[7.811s] -- Symlinking: /home/sh/projects/f1tenth_miru3/install/vesc_driver/share/vesc_driver/local_setup.sh
[7.816s] -- Symlinking: /home/sh/projects/f1tenth_miru3/install/vesc_driver/share/vesc_driver/local_setup.zsh
[7.825s] -- Symlinking: /home/sh/projects/f1tenth_miru3/install/vesc_driver/share/vesc_driver/local_setup.dsv
[7.831s] -- Symlinking: /home/sh/projects/f1tenth_miru3/install/vesc_driver/share/vesc_driver/package.dsv
[7.838s] -- Symlinking: /home/sh/projects/f1tenth_miru3/install/vesc_driver/share/ament_index/resource_index/packages/vesc_driver
[7.845s] -- Symlinking: /home/sh/projects/f1tenth_miru3/install/vesc_driver/share/ament_index/resource_index/rclcpp_components/vesc_driver
[7.851s] -- Symlinking: /home/sh/projects/f1tenth_miru3/install/vesc_driver/share/vesc_driver/cmake/ament_cmake_export_dependencies-extras.cmake
[7.857s] -- Symlinking: /home/sh/projects/f1tenth_miru3/install/vesc_driver/share/vesc_driver/cmake/ament_cmake_export_include_directories-extras.cmake
[7.863s] -- Symlinking: /home/sh/projects/f1tenth_miru3/install/vesc_driver/share/vesc_driver/cmake/ament_cmake_export_libraries-extras.cmake
[7.870s] -- Symlinking: /home/sh/projects/f1tenth_miru3/install/vesc_driver/share/vesc_driver/cmake/vesc_driverConfig.cmake
[7.877s] -- Symlinking: /home/sh/projects/f1tenth_miru3/install/vesc_driver/share/vesc_driver/cmake/vesc_driverConfig-version.cmake
[7.884s] -- Symlinking: /home/sh/projects/f1tenth_miru3/install/vesc_driver/share/vesc_driver/package.xml
[7.898s] Invoked command in '/home/sh/projects/f1tenth_miru3/build/vesc_driver' returned '0': CMAKE_PREFIX_PATH=/home/sh/projects/f1tenth_miru3/install/vesc_msgs:/home/sh/projects/f1tenth_miru3/install/vesc_ackermann:/home/sh/projects/f1tenth_miru3/install/teleop_tools:/home/sh/projects/f1tenth_miru3/install/teleop_tools_msgs:/home/sh/projects/f1tenth_miru3/install/pure_pursuit:/home/sh/projects/f1tenth_miru3/install/path_follow:/home/sh/projects/f1tenth_miru3/install/map_controller:/home/sh/projects/f1tenth_miru3/install/center_follow_cpp:/home/sh/projects/f1tenth_miru3/install/ackermann_mux:/home/sh/projects/f1tenth_miru3/install/joy_teleop:/home/sh/projects/f1tenth_miru3/install/pygame_key_teleop:/home/sh/projects/f1tenth_miru3/install/mouse_teleop:/home/sh/projects/f1tenth_miru3/install/key_teleop:/home/sh/projects/f1tenth_miru3/install/forza_map_controller:/home/sh/f1tenth_ws/install/f1tenth_gym_ros:/opt/ros/humble LD_LIBRARY_PATH=/home/sh/projects/f1tenth_miru3/install/vesc_msgs/lib:/home/sh/projects/f1tenth_miru3/install/vesc_driver/lib:/home/sh/projects/f1tenth_miru3/install/vesc_ackermann/lib:/home/sh/projects/f1tenth_miru3/install/teleop_tools_msgs/lib:/home/sh/projects/f1tenth_miru3/install/map_controller/lib:/opt/ros/humble/opt/rviz_ogre_vendor/lib:/opt/ros/humble/lib/x86_64-linux-gnu:/opt/ros/humble/lib:/home/sh/../../lib:/home/sh/../../../blasfeo/lib /usr/bin/cmake --install /home/sh/projects/f1tenth_miru3/build/vesc_driver
