[0.633s] Invoking command in '/home/sh/projects/f1tenth_miru3/build/pure_pursuit': CMAKE_PREFIX_PATH=${CMAKE_PREFIX_PATH}:/home/sh/projects/f1tenth_miru3/install/joy_teleop:/home/sh/projects/f1tenth_miru3/install/pygame_key_teleop:/home/sh/projects/f1tenth_miru3/install/mouse_teleop:/home/sh/projects/f1tenth_miru3/install/key_teleop:/home/sh/projects/f1tenth_miru3/install/forza_map_controller:/home/sh/f1tenth_ws/install/f1tenth_gym_ros:/opt/ros/humble /usr/bin/cmake --build /home/sh/projects/f1tenth_miru3/build/pure_pursuit -- -j16 -l16
[0.674s] [100%] Built target pure_pursuit_node
[0.862s] Invoked command in '/home/sh/projects/f1tenth_miru3/build/pure_pursuit' returned '0': CMAKE_PREFIX_PATH=${CMAKE_PREFIX_PATH}:/home/sh/projects/f1tenth_miru3/install/joy_teleop:/home/sh/projects/f1tenth_miru3/install/pygame_key_teleop:/home/sh/projects/f1tenth_miru3/install/mouse_teleop:/home/sh/projects/f1tenth_miru3/install/key_teleop:/home/sh/projects/f1tenth_miru3/install/forza_map_controller:/home/sh/f1tenth_ws/install/f1tenth_gym_ros:/opt/ros/humble /usr/bin/cmake --build /home/sh/projects/f1tenth_miru3/build/pure_pursuit -- -j16 -l16
[0.863s] Invoking command in '/home/sh/projects/f1tenth_miru3/build/pure_pursuit': CMAKE_PREFIX_PATH=${CMAKE_PREFIX_PATH}:/home/sh/projects/f1tenth_miru3/install/joy_teleop:/home/sh/projects/f1tenth_miru3/install/pygame_key_teleop:/home/sh/projects/f1tenth_miru3/install/mouse_teleop:/home/sh/projects/f1tenth_miru3/install/key_teleop:/home/sh/projects/f1tenth_miru3/install/forza_map_controller:/home/sh/f1tenth_ws/install/f1tenth_gym_ros:/opt/ros/humble /usr/bin/cmake --install /home/sh/projects/f1tenth_miru3/build/pure_pursuit
[0.865s] -- Install configuration: ""
[0.865s] -- Execute custom install script
[0.865s] -- Up-to-date symlink: /home/sh/projects/f1tenth_miru3/install/pure_pursuit/lib/pure_pursuit/pure_pursuit_node
[0.865s] -- Up-to-date symlink: /home/sh/projects/f1tenth_miru3/install/pure_pursuit/share/pure_pursuit/config//pure_pursuit_config.yaml
[0.865s] -- Up-to-date symlink: /home/sh/projects/f1tenth_miru3/install/pure_pursuit/share/pure_pursuit/launch//pure_pursuit_launch.py
[0.865s] -- Up-to-date symlink: /home/sh/projects/f1tenth_miru3/install/pure_pursuit/share/ament_index/resource_index/package_run_dependencies/pure_pursuit
[0.865s] -- Up-to-date symlink: /home/sh/projects/f1tenth_miru3/install/pure_pursuit/share/ament_index/resource_index/parent_prefix_path/pure_pursuit
[0.865s] -- Up-to-date symlink: /home/sh/projects/f1tenth_miru3/install/pure_pursuit/share/pure_pursuit/environment/ament_prefix_path.sh
[0.865s] -- Up-to-date symlink: /home/sh/projects/f1tenth_miru3/install/pure_pursuit/share/pure_pursuit/environment/ament_prefix_path.dsv
[0.865s] -- Up-to-date symlink: /home/sh/projects/f1tenth_miru3/install/pure_pursuit/share/pure_pursuit/environment/path.sh
[0.865s] -- Up-to-date symlink: /home/sh/projects/f1tenth_miru3/install/pure_pursuit/share/pure_pursuit/environment/path.dsv
[0.865s] -- Up-to-date symlink: /home/sh/projects/f1tenth_miru3/install/pure_pursuit/share/pure_pursuit/local_setup.bash
[0.865s] -- Up-to-date symlink: /home/sh/projects/f1tenth_miru3/install/pure_pursuit/share/pure_pursuit/local_setup.sh
[0.865s] -- Up-to-date symlink: /home/sh/projects/f1tenth_miru3/install/pure_pursuit/share/pure_pursuit/local_setup.zsh
[0.865s] -- Up-to-date symlink: /home/sh/projects/f1tenth_miru3/install/pure_pursuit/share/pure_pursuit/local_setup.dsv
[0.865s] -- Symlinking: /home/sh/projects/f1tenth_miru3/install/pure_pursuit/share/pure_pursuit/package.dsv
[0.870s] -- Up-to-date symlink: /home/sh/projects/f1tenth_miru3/install/pure_pursuit/share/ament_index/resource_index/packages/pure_pursuit
[0.870s] -- Up-to-date symlink: /home/sh/projects/f1tenth_miru3/install/pure_pursuit/share/pure_pursuit/cmake/pure_pursuitConfig.cmake
[0.870s] -- Up-to-date symlink: /home/sh/projects/f1tenth_miru3/install/pure_pursuit/share/pure_pursuit/cmake/pure_pursuitConfig-version.cmake
[0.871s] -- Up-to-date symlink: /home/sh/projects/f1tenth_miru3/install/pure_pursuit/share/pure_pursuit/package.xml
[0.910s] Invoked command in '/home/sh/projects/f1tenth_miru3/build/pure_pursuit' returned '0': CMAKE_PREFIX_PATH=${CMAKE_PREFIX_PATH}:/home/sh/projects/f1tenth_miru3/install/joy_teleop:/home/sh/projects/f1tenth_miru3/install/pygame_key_teleop:/home/sh/projects/f1tenth_miru3/install/mouse_teleop:/home/sh/projects/f1tenth_miru3/install/key_teleop:/home/sh/projects/f1tenth_miru3/install/forza_map_controller:/home/sh/f1tenth_ws/install/f1tenth_gym_ros:/opt/ros/humble /usr/bin/cmake --install /home/sh/projects/f1tenth_miru3/build/pure_pursuit
