[1.941s] Invoking command in '/home/sh/projects/f1tenth_miru3/build/path_follow': CMAKE_PREFIX_PATH=${CMAKE_PREFIX_PATH}:/home/sh/f1tenth_ws/install/f1tenth_gym_ros:/home/sh/projects/f1tenth_miru3/install/f1tenth_stack:/home/sh/projects/f1tenth_miru3/install/joy_teleop:/home/sh/projects/f1tenth_miru3/install/pygame_key_teleop:/home/sh/projects/f1tenth_miru3/install/mouse_teleop:/home/sh/projects/f1tenth_miru3/install/key_teleop:/home/sh/projects/f1tenth_miru3/install/forza_map_controller:/home/sh/projects/f1tenth_miru3/install/f1tenth_path_planner:/opt/ros/humble /usr/bin/cmake /home/sh/projects/f1tenth_miru3/src/path_follow -DAMENT_CMAKE_SYMLINK_INSTALL=1 -DCMAKE_INSTALL_PREFIX=/home/sh/projects/f1tenth_miru3/install/path_follow
[2.076s] -- The C compiler identification is GNU 11.4.0
[2.213s] -- The CXX compiler identification is GNU 11.4.0
[2.232s] -- Detecting C compiler ABI info
[2.399s] -- Detecting C compiler ABI info - done
[2.421s] -- Check for working C compiler: /usr/bin/cc - skipped
[2.421s] -- Detecting C compile features
[2.423s] -- Detecting C compile features - done
[2.431s] -- Detecting CXX compiler ABI info
[2.631s] -- Detecting CXX compiler ABI info - done
[2.655s] -- Check for working CXX compiler: /usr/bin/c++ - skipped
[2.655s] -- Detecting CXX compile features
[2.657s] -- Detecting CXX compile features - done
[2.662s] -- Found ament_cmake: 1.3.11 (/opt/ros/humble/share/ament_cmake/cmake)
[3.196s] -- Found Python3: /usr/bin/python3 (found version "3.10.12") found components: Interpreter 
[3.421s] -- Override CMake install command with custom implementation using symlinks instead of copying resources
[3.504s] -- Found rclcpp: 16.0.11 (/opt/ros/humble/share/rclcpp/cmake)
[3.631s] -- Found rosidl_generator_c: 3.1.6 (/opt/ros/humble/share/rosidl_generator_c/cmake)
[3.646s] -- Found rosidl_adapter: 3.1.6 (/opt/ros/humble/share/rosidl_adapter/cmake)
[3.672s] -- Found rosidl_generator_cpp: 3.1.6 (/opt/ros/humble/share/rosidl_generator_cpp/cmake)
[3.721s] -- Using all available rosidl_typesupport_c: rosidl_typesupport_fastrtps_c;rosidl_typesupport_introspection_c
[3.786s] -- Using all available rosidl_typesupport_cpp: rosidl_typesupport_fastrtps_cpp;rosidl_typesupport_introspection_cpp
[3.925s] -- Found rmw_implementation_cmake: 6.1.2 (/opt/ros/humble/share/rmw_implementation_cmake/cmake)
[3.934s] -- Found rmw_fastrtps_cpp: 6.2.7 (/opt/ros/humble/share/rmw_fastrtps_cpp/cmake)
[4.216s] -- Found OpenSSL: /usr/lib/x86_64-linux-gnu/libcrypto.so (found version "3.0.2")  
[4.307s] -- Found FastRTPS: /opt/ros/humble/include  
[4.424s] -- Using RMW implementation 'rmw_fastrtps_cpp' as default
[4.452s] -- Looking for pthread.h
[4.684s] -- Looking for pthread.h - found
[4.686s] -- Performing Test CMAKE_HAVE_LIBC_PTHREAD
[5.034s] -- Performing Test CMAKE_HAVE_LIBC_PTHREAD - Success
[5.048s] -- Found Threads: TRUE  
[5.401s] -- Found geometry_msgs: 4.2.4 (/opt/ros/humble/share/geometry_msgs/cmake)
[5.460s] -- Found nav_msgs: 4.2.4 (/opt/ros/humble/share/nav_msgs/cmake)
[5.545s] -- Found sensor_msgs: 4.2.4 (/opt/ros/humble/share/sensor_msgs/cmake)
[5.624s] -- Found tf2: 0.25.12 (/opt/ros/humble/share/tf2/cmake)
[5.663s] -- Found tf2_ros: 0.25.12 (/opt/ros/humble/share/tf2_ros/cmake)
[6.002s] -- Found tf2_geometry_msgs: 0.25.12 (/opt/ros/humble/share/tf2_geometry_msgs/cmake)
[6.044s] -- Found eigen3_cmake_module: 0.1.1 (/opt/ros/humble/share/eigen3_cmake_module/cmake)
[6.049s] -- Found Eigen3: TRUE (found version "3.4.0") 
[6.049s] -- Ensuring Eigen3 include directory is part of orocos-kdl CMake target
[6.057s] -- Found ackermann_msgs: 2.0.2 (/opt/ros/humble/share/ackermann_msgs/cmake)
[6.157s] -- Found OpenCV: /usr (found version "4.5.4") 
[6.183s] -- Found ament_lint_auto: 0.12.11 (/opt/ros/humble/share/ament_lint_auto/cmake)
[6.455s] -- Added test 'copyright' to check source files copyright and LICENSE
[6.460s] -- Added test 'cppcheck' to perform static code analysis on C / C++ code
[6.463s] -- Configured cppcheck include dirs: 
[6.463s] -- Configured cppcheck exclude dirs and/or files: 
[6.466s] -- Added test 'cpplint' to check C / C++ code against the Google style
[6.467s] -- Configured cpplint exclude dirs and/or files: 
[6.470s] -- Added test 'flake8' to check Python code syntax and style conventions
[6.473s] -- Added test 'lint_cmake' to check CMake code style
[6.476s] -- Added test 'pep257' to check Python code against some of the docstring style conventions in PEP 257
[6.480s] -- Added test 'uncrustify' to check C / C++ code style
[6.480s] -- Configured uncrustify additional arguments: 
[6.490s] -- Added test 'xmllint' to check XML markup files
[6.496s] -- Configuring done
[6.563s] -- Generating done
[6.588s] -- Build files have been written to: /home/sh/projects/f1tenth_miru3/build/path_follow
[6.645s] Invoked command in '/home/sh/projects/f1tenth_miru3/build/path_follow' returned '0': CMAKE_PREFIX_PATH=${CMAKE_PREFIX_PATH}:/home/sh/f1tenth_ws/install/f1tenth_gym_ros:/home/sh/projects/f1tenth_miru3/install/f1tenth_stack:/home/sh/projects/f1tenth_miru3/install/joy_teleop:/home/sh/projects/f1tenth_miru3/install/pygame_key_teleop:/home/sh/projects/f1tenth_miru3/install/mouse_teleop:/home/sh/projects/f1tenth_miru3/install/key_teleop:/home/sh/projects/f1tenth_miru3/install/forza_map_controller:/home/sh/projects/f1tenth_miru3/install/f1tenth_path_planner:/opt/ros/humble /usr/bin/cmake /home/sh/projects/f1tenth_miru3/src/path_follow -DAMENT_CMAKE_SYMLINK_INSTALL=1 -DCMAKE_INSTALL_PREFIX=/home/sh/projects/f1tenth_miru3/install/path_follow
[6.659s] Invoking command in '/home/sh/projects/f1tenth_miru3/build/path_follow': CMAKE_PREFIX_PATH=${CMAKE_PREFIX_PATH}:/home/sh/f1tenth_ws/install/f1tenth_gym_ros:/home/sh/projects/f1tenth_miru3/install/f1tenth_stack:/home/sh/projects/f1tenth_miru3/install/joy_teleop:/home/sh/projects/f1tenth_miru3/install/pygame_key_teleop:/home/sh/projects/f1tenth_miru3/install/mouse_teleop:/home/sh/projects/f1tenth_miru3/install/key_teleop:/home/sh/projects/f1tenth_miru3/install/forza_map_controller:/home/sh/projects/f1tenth_miru3/install/f1tenth_path_planner:/opt/ros/humble /usr/bin/cmake --build /home/sh/projects/f1tenth_miru3/build/path_follow -- -j16 -l16
[6.924s] [ 50%] [32mBuilding CXX object CMakeFiles/path_follow_node.dir/src/path_follow_node.cpp.o[0m
[8.002s] In file included from [01m[K/home/sh/projects/f1tenth_miru3/src/path_follow/src/path_follow_node.cpp:9[m[K:
[8.002s] [01m[K/opt/ros/humble/include/tf2_geometry_msgs/tf2_geometry_msgs/tf2_geometry_msgs.h:35:2:[m[K [01;35m[Kwarning: [m[K#warning This header is obsolete, please include tf2_geometry_msgs/tf2_geometry_msgs.hpp instead [[01;35m[K]8;;https://gcc.gnu.org/onlinedocs/gcc/Warning-Options.html#index-Wcpp-Wcpp]8;;[m[K]
[8.002s]    35 | #[01;35m[Kwarning[m[K This header is obsolete, please include tf2_geometry_msgs/tf2_geometry_msgs.hpp instead
[8.002s]       |  [01;35m[K^~~~~~~[m[K
[44.068s] [100%] [32m[1mLinking CXX executable path_follow_node[0m
[46.076s] [100%] Built target path_follow_node
