[0.027s] Invoking command in '/home/sh/projects/f1tenth_miru3/build/vesc_driver': CMAKE_PREFIX_PATH=/home/sh/projects/f1tenth_miru3/install/vesc_msgs:/home/sh/projects/f1tenth_miru3/install/vesc_ackermann:/home/sh/projects/f1tenth_miru3/install/teleop_tools:/home/sh/projects/f1tenth_miru3/install/teleop_tools_msgs:/home/sh/projects/f1tenth_miru3/install/pure_pursuit:/home/sh/projects/f1tenth_miru3/install/path_follow:/home/sh/projects/f1tenth_miru3/install/map_controller:/home/sh/projects/f1tenth_miru3/install/center_follow_cpp:/home/sh/projects/f1tenth_miru3/install/ackermann_mux:/home/sh/projects/f1tenth_miru3/install/joy_teleop:/home/sh/projects/f1tenth_miru3/install/pygame_key_teleop:/home/sh/projects/f1tenth_miru3/install/mouse_teleop:/home/sh/projects/f1tenth_miru3/install/key_teleop:/home/sh/projects/f1tenth_miru3/install/forza_map_controller:/home/sh/f1tenth_ws/install/f1tenth_gym_ros:/opt/ros/humble LD_LIBRARY_PATH=/home/sh/projects/f1tenth_miru3/install/vesc_msgs/lib:/home/sh/projects/f1tenth_miru3/install/vesc_driver/lib:/home/sh/projects/f1tenth_miru3/install/vesc_ackermann/lib:/home/sh/projects/f1tenth_miru3/install/teleop_tools_msgs/lib:/home/sh/projects/f1tenth_miru3/install/map_controller/lib:/opt/ros/humble/opt/rviz_ogre_vendor/lib:/opt/ros/humble/lib/x86_64-linux-gnu:/opt/ros/humble/lib:/home/sh/../../lib:/home/sh/../../../blasfeo/lib /usr/bin/cmake --build /home/sh/projects/f1tenth_miru3/build/vesc_driver -- -j16 -l16
[0.074s] [35m[1mConsolidate compiler generated dependencies of target vesc_driver[0m
[0.086s] [ 20%] Built target vesc_driver_node
[0.098s] [ 70%] Built target vesc_driver
[0.110s] [35m[1mConsolidate compiler generated dependencies of target vesc_device_namer[0m
[0.124s] [100%] Built target vesc_device_namer
[0.246s] Invoked command in '/home/sh/projects/f1tenth_miru3/build/vesc_driver' returned '0': CMAKE_PREFIX_PATH=/home/sh/projects/f1tenth_miru3/install/vesc_msgs:/home/sh/projects/f1tenth_miru3/install/vesc_ackermann:/home/sh/projects/f1tenth_miru3/install/teleop_tools:/home/sh/projects/f1tenth_miru3/install/teleop_tools_msgs:/home/sh/projects/f1tenth_miru3/install/pure_pursuit:/home/sh/projects/f1tenth_miru3/install/path_follow:/home/sh/projects/f1tenth_miru3/install/map_controller:/home/sh/projects/f1tenth_miru3/install/center_follow_cpp:/home/sh/projects/f1tenth_miru3/install/ackermann_mux:/home/sh/projects/f1tenth_miru3/install/joy_teleop:/home/sh/projects/f1tenth_miru3/install/pygame_key_teleop:/home/sh/projects/f1tenth_miru3/install/mouse_teleop:/home/sh/projects/f1tenth_miru3/install/key_teleop:/home/sh/projects/f1tenth_miru3/install/forza_map_controller:/home/sh/f1tenth_ws/install/f1tenth_gym_ros:/opt/ros/humble LD_LIBRARY_PATH=/home/sh/projects/f1tenth_miru3/install/vesc_msgs/lib:/home/sh/projects/f1tenth_miru3/install/vesc_driver/lib:/home/sh/projects/f1tenth_miru3/install/vesc_ackermann/lib:/home/sh/projects/f1tenth_miru3/install/teleop_tools_msgs/lib:/home/sh/projects/f1tenth_miru3/install/map_controller/lib:/opt/ros/humble/opt/rviz_ogre_vendor/lib:/opt/ros/humble/lib/x86_64-linux-gnu:/opt/ros/humble/lib:/home/sh/../../lib:/home/sh/../../../blasfeo/lib /usr/bin/cmake --build /home/sh/projects/f1tenth_miru3/build/vesc_driver -- -j16 -l16
[0.247s] Invoking command in '/home/sh/projects/f1tenth_miru3/build/vesc_driver': CMAKE_PREFIX_PATH=/home/sh/projects/f1tenth_miru3/install/vesc_msgs:/home/sh/projects/f1tenth_miru3/install/vesc_ackermann:/home/sh/projects/f1tenth_miru3/install/teleop_tools:/home/sh/projects/f1tenth_miru3/install/teleop_tools_msgs:/home/sh/projects/f1tenth_miru3/install/pure_pursuit:/home/sh/projects/f1tenth_miru3/install/path_follow:/home/sh/projects/f1tenth_miru3/install/map_controller:/home/sh/projects/f1tenth_miru3/install/center_follow_cpp:/home/sh/projects/f1tenth_miru3/install/ackermann_mux:/home/sh/projects/f1tenth_miru3/install/joy_teleop:/home/sh/projects/f1tenth_miru3/install/pygame_key_teleop:/home/sh/projects/f1tenth_miru3/install/mouse_teleop:/home/sh/projects/f1tenth_miru3/install/key_teleop:/home/sh/projects/f1tenth_miru3/install/forza_map_controller:/home/sh/f1tenth_ws/install/f1tenth_gym_ros:/opt/ros/humble LD_LIBRARY_PATH=/home/sh/projects/f1tenth_miru3/install/vesc_msgs/lib:/home/sh/projects/f1tenth_miru3/install/vesc_driver/lib:/home/sh/projects/f1tenth_miru3/install/vesc_ackermann/lib:/home/sh/projects/f1tenth_miru3/install/teleop_tools_msgs/lib:/home/sh/projects/f1tenth_miru3/install/map_controller/lib:/opt/ros/humble/opt/rviz_ogre_vendor/lib:/opt/ros/humble/lib/x86_64-linux-gnu:/opt/ros/humble/lib:/home/sh/../../lib:/home/sh/../../../blasfeo/lib /usr/bin/cmake --install /home/sh/projects/f1tenth_miru3/build/vesc_driver
[0.252s] -- Install configuration: ""
[0.252s] -- Execute custom install script
[0.253s] -- Up-to-date symlink: /home/sh/projects/f1tenth_miru3/install/vesc_driver/lib/vesc_driver/vesc_driver_node
[0.253s] -- Up-to-date symlink: /home/sh/projects/f1tenth_miru3/install/vesc_driver/include/vesc_driver/crc.hpp
[0.254s] -- Up-to-date symlink: /home/sh/projects/f1tenth_miru3/install/vesc_driver/include/vesc_driver/datatypes.hpp
[0.254s] -- Up-to-date symlink: /home/sh/projects/f1tenth_miru3/install/vesc_driver/include/vesc_driver/vesc_device_uuid_lookup.hpp
[0.254s] -- Up-to-date symlink: /home/sh/projects/f1tenth_miru3/install/vesc_driver/include/vesc_driver/vesc_driver.hpp
[0.254s] -- Up-to-date symlink: /home/sh/projects/f1tenth_miru3/install/vesc_driver/include/vesc_driver/vesc_interface.hpp
[0.254s] -- Up-to-date symlink: /home/sh/projects/f1tenth_miru3/install/vesc_driver/include/vesc_driver/vesc_packet.hpp
[0.254s] -- Up-to-date symlink: /home/sh/projects/f1tenth_miru3/install/vesc_driver/include/vesc_driver/vesc_packet_factory.hpp
[0.255s] -- Up-to-date symlink: /home/sh/projects/f1tenth_miru3/install/vesc_driver/share/vesc_driver/environment/library_path.sh
[0.255s] -- Up-to-date symlink: /home/sh/projects/f1tenth_miru3/install/vesc_driver/share/vesc_driver/environment/library_path.dsv
[0.256s] -- Up-to-date symlink: /home/sh/projects/f1tenth_miru3/install/vesc_driver/lib/libvesc_driver.so
[0.256s] -- Up-to-date symlink: /home/sh/projects/f1tenth_miru3/install/vesc_driver/lib/vesc_driver/vesc_device_namer
[0.256s] -- Up-to-date symlink: /home/sh/projects/f1tenth_miru3/install/vesc_driver/share/vesc_driver/launch/vesc_driver_node.launch.py
[0.256s] -- Up-to-date symlink: /home/sh/projects/f1tenth_miru3/install/vesc_driver/share/vesc_driver/params/vesc_config.yaml
[0.257s] -- Up-to-date symlink: /home/sh/projects/f1tenth_miru3/install/vesc_driver/share/ament_index/resource_index/package_run_dependencies/vesc_driver
[0.257s] -- Up-to-date symlink: /home/sh/projects/f1tenth_miru3/install/vesc_driver/share/ament_index/resource_index/parent_prefix_path/vesc_driver
[0.257s] -- Up-to-date symlink: /home/sh/projects/f1tenth_miru3/install/vesc_driver/share/vesc_driver/environment/ament_prefix_path.sh
[0.257s] -- Up-to-date symlink: /home/sh/projects/f1tenth_miru3/install/vesc_driver/share/vesc_driver/environment/ament_prefix_path.dsv
[0.257s] -- Up-to-date symlink: /home/sh/projects/f1tenth_miru3/install/vesc_driver/share/vesc_driver/environment/path.sh
[0.257s] -- Up-to-date symlink: /home/sh/projects/f1tenth_miru3/install/vesc_driver/share/vesc_driver/environment/path.dsv
[0.257s] -- Up-to-date symlink: /home/sh/projects/f1tenth_miru3/install/vesc_driver/share/vesc_driver/local_setup.bash
[0.257s] -- Up-to-date symlink: /home/sh/projects/f1tenth_miru3/install/vesc_driver/share/vesc_driver/local_setup.sh
[0.257s] -- Up-to-date symlink: /home/sh/projects/f1tenth_miru3/install/vesc_driver/share/vesc_driver/local_setup.zsh
[0.257s] -- Up-to-date symlink: /home/sh/projects/f1tenth_miru3/install/vesc_driver/share/vesc_driver/local_setup.dsv
[0.257s] -- Symlinking: /home/sh/projects/f1tenth_miru3/install/vesc_driver/share/vesc_driver/package.dsv
[0.267s] -- Up-to-date symlink: /home/sh/projects/f1tenth_miru3/install/vesc_driver/share/ament_index/resource_index/packages/vesc_driver
[0.268s] -- Up-to-date symlink: /home/sh/projects/f1tenth_miru3/install/vesc_driver/share/ament_index/resource_index/rclcpp_components/vesc_driver
[0.268s] -- Up-to-date symlink: /home/sh/projects/f1tenth_miru3/install/vesc_driver/share/vesc_driver/cmake/ament_cmake_export_dependencies-extras.cmake
[0.268s] -- Up-to-date symlink: /home/sh/projects/f1tenth_miru3/install/vesc_driver/share/vesc_driver/cmake/ament_cmake_export_include_directories-extras.cmake
[0.268s] -- Up-to-date symlink: /home/sh/projects/f1tenth_miru3/install/vesc_driver/share/vesc_driver/cmake/ament_cmake_export_libraries-extras.cmake
[0.268s] -- Up-to-date symlink: /home/sh/projects/f1tenth_miru3/install/vesc_driver/share/vesc_driver/cmake/vesc_driverConfig.cmake
[0.269s] -- Up-to-date symlink: /home/sh/projects/f1tenth_miru3/install/vesc_driver/share/vesc_driver/cmake/vesc_driverConfig-version.cmake
[0.269s] -- Up-to-date symlink: /home/sh/projects/f1tenth_miru3/install/vesc_driver/share/vesc_driver/package.xml
[0.290s] Invoked command in '/home/sh/projects/f1tenth_miru3/build/vesc_driver' returned '0': CMAKE_PREFIX_PATH=/home/sh/projects/f1tenth_miru3/install/vesc_msgs:/home/sh/projects/f1tenth_miru3/install/vesc_ackermann:/home/sh/projects/f1tenth_miru3/install/teleop_tools:/home/sh/projects/f1tenth_miru3/install/teleop_tools_msgs:/home/sh/projects/f1tenth_miru3/install/pure_pursuit:/home/sh/projects/f1tenth_miru3/install/path_follow:/home/sh/projects/f1tenth_miru3/install/map_controller:/home/sh/projects/f1tenth_miru3/install/center_follow_cpp:/home/sh/projects/f1tenth_miru3/install/ackermann_mux:/home/sh/projects/f1tenth_miru3/install/joy_teleop:/home/sh/projects/f1tenth_miru3/install/pygame_key_teleop:/home/sh/projects/f1tenth_miru3/install/mouse_teleop:/home/sh/projects/f1tenth_miru3/install/key_teleop:/home/sh/projects/f1tenth_miru3/install/forza_map_controller:/home/sh/f1tenth_ws/install/f1tenth_gym_ros:/opt/ros/humble LD_LIBRARY_PATH=/home/sh/projects/f1tenth_miru3/install/vesc_msgs/lib:/home/sh/projects/f1tenth_miru3/install/vesc_driver/lib:/home/sh/projects/f1tenth_miru3/install/vesc_ackermann/lib:/home/sh/projects/f1tenth_miru3/install/teleop_tools_msgs/lib:/home/sh/projects/f1tenth_miru3/install/map_controller/lib:/opt/ros/humble/opt/rviz_ogre_vendor/lib:/opt/ros/humble/lib/x86_64-linux-gnu:/opt/ros/humble/lib:/home/sh/../../lib:/home/sh/../../../blasfeo/lib /usr/bin/cmake --install /home/sh/projects/f1tenth_miru3/build/vesc_driver
