[0.686s] Invoking command in '/home/moon/sim_ws/build/key_teleop': CMAKE_PREFIX_PATH=${CMAKE_PREFIX_PATH}:/home/moon/sim_ws/install/csv_obstacle:/home/moon/sim_ws/install/centerline_planner:/home/moon/sim_ws/install/bubble_memory:/home/moon/sim_ws/install/f1tenth_gym_ros:/opt/ros/foxy CONDA_PROMPT_MODIFIER=(f110) /usr/bin/cmake --build /home/moon/sim_ws/build/key_teleop -- -j16 -l16
[0.741s] [100%] Built target keyboard_teleop
[0.775s] Invoked command in '/home/moon/sim_ws/build/key_teleop' returned '0': CMAKE_PREFIX_PATH=${CMAKE_PREFIX_PATH}:/home/moon/sim_ws/install/csv_obstacle:/home/moon/sim_ws/install/centerline_planner:/home/moon/sim_ws/install/bubble_memory:/home/moon/sim_ws/install/f1tenth_gym_ros:/opt/ros/foxy CONDA_PROMPT_MODIFIER=(f110) /usr/bin/cmake --build /home/moon/sim_ws/build/key_teleop -- -j16 -l16
[0.778s] Invoking command in '/home/moon/sim_ws/build/key_teleop': CMAKE_PREFIX_PATH=${CMAKE_PREFIX_PATH}:/home/moon/sim_ws/install/csv_obstacle:/home/moon/sim_ws/install/centerline_planner:/home/moon/sim_ws/install/bubble_memory:/home/moon/sim_ws/install/f1tenth_gym_ros:/opt/ros/foxy CONDA_PROMPT_MODIFIER=(f110) /usr/bin/cmake --install /home/moon/sim_ws/build/key_teleop
[0.783s] -- Install configuration: ""
[0.783s] -- Up-to-date: /home/moon/sim_ws/install/key_teleop/lib/key_teleop/keyboard_teleop
[0.783s] -- Up-to-date: /home/moon/sim_ws/install/key_teleop/share/ament_index/resource_index/package_run_dependencies/key_teleop
[0.784s] -- Up-to-date: /home/moon/sim_ws/install/key_teleop/share/ament_index/resource_index/parent_prefix_path/key_teleop
[0.784s] -- Up-to-date: /home/moon/sim_ws/install/key_teleop/share/key_teleop/environment/ament_prefix_path.sh
[0.784s] -- Up-to-date: /home/moon/sim_ws/install/key_teleop/share/key_teleop/environment/ament_prefix_path.dsv
[0.784s] -- Up-to-date: /home/moon/sim_ws/install/key_teleop/share/key_teleop/environment/path.sh
[0.784s] -- Up-to-date: /home/moon/sim_ws/install/key_teleop/share/key_teleop/environment/path.dsv
[0.785s] -- Up-to-date: /home/moon/sim_ws/install/key_teleop/share/key_teleop/local_setup.bash
[0.785s] -- Up-to-date: /home/moon/sim_ws/install/key_teleop/share/key_teleop/local_setup.sh
[0.785s] -- Up-to-date: /home/moon/sim_ws/install/key_teleop/share/key_teleop/local_setup.zsh
[0.785s] -- Up-to-date: /home/moon/sim_ws/install/key_teleop/share/key_teleop/local_setup.dsv
[0.785s] -- Installing: /home/moon/sim_ws/install/key_teleop/share/key_teleop/package.dsv
[0.785s] -- Up-to-date: /home/moon/sim_ws/install/key_teleop/share/ament_index/resource_index/packages/key_teleop
[0.785s] -- Up-to-date: /home/moon/sim_ws/install/key_teleop/share/key_teleop/cmake/key_teleopConfig.cmake
[0.785s] -- Up-to-date: /home/moon/sim_ws/install/key_teleop/share/key_teleop/cmake/key_teleopConfig-version.cmake
[0.785s] -- Up-to-date: /home/moon/sim_ws/install/key_teleop/share/key_teleop/package.xml
[0.798s] Invoked command in '/home/moon/sim_ws/build/key_teleop' returned '0': CMAKE_PREFIX_PATH=${CMAKE_PREFIX_PATH}:/home/moon/sim_ws/install/csv_obstacle:/home/moon/sim_ws/install/centerline_planner:/home/moon/sim_ws/install/bubble_memory:/home/moon/sim_ws/install/f1tenth_gym_ros:/opt/ros/foxy CONDA_PROMPT_MODIFIER=(f110) /usr/bin/cmake --install /home/moon/sim_ws/build/key_teleop
