[0.411s] Invoking command in '/home/moon/sim_ws/build/disparity_autodrive': CMAKE_PREFIX_PATH=${CMAKE_PREFIX_PATH}:/home/moon/sim_ws/install/csv_obstacle:/home/moon/sim_ws/install/bound_obstacle_detector:/home/moon/sim_ws/install/bubble_memory:/home/moon/sim_ws/install/dyn_obstacle_detector:/home/moon/sim_ws/install/centerline_planner:/home/moon/sim_ws/install/f1tenth_gym_ros:/opt/ros/foxy CONDA_PROMPT_MODIFIER=(f110) /usr/bin/cmake --build /home/moon/sim_ws/build/disparity_autodrive -- -j16 -l16
[0.551s] [100%] Built target disparity_autodrive_node
[0.553s] Invoked command in '/home/moon/sim_ws/build/disparity_autodrive' returned '0': CMAKE_PREFIX_PATH=${CMAKE_PREFIX_PATH}:/home/moon/sim_ws/install/csv_obstacle:/home/moon/sim_ws/install/bound_obstacle_detector:/home/moon/sim_ws/install/bubble_memory:/home/moon/sim_ws/install/dyn_obstacle_detector:/home/moon/sim_ws/install/centerline_planner:/home/moon/sim_ws/install/f1tenth_gym_ros:/opt/ros/foxy CONDA_PROMPT_MODIFIER=(f110) /usr/bin/cmake --build /home/moon/sim_ws/build/disparity_autodrive -- -j16 -l16
[0.561s] Invoking command in '/home/moon/sim_ws/build/disparity_autodrive': CMAKE_PREFIX_PATH=${CMAKE_PREFIX_PATH}:/home/moon/sim_ws/install/csv_obstacle:/home/moon/sim_ws/install/bound_obstacle_detector:/home/moon/sim_ws/install/bubble_memory:/home/moon/sim_ws/install/dyn_obstacle_detector:/home/moon/sim_ws/install/centerline_planner:/home/moon/sim_ws/install/f1tenth_gym_ros:/opt/ros/foxy CONDA_PROMPT_MODIFIER=(f110) /usr/bin/cmake --install /home/moon/sim_ws/build/disparity_autodrive
[0.567s] -- Install configuration: ""
[0.567s] -- Execute custom install script
[0.568s] -- Up-to-date symlink: /home/moon/sim_ws/install/disparity_autodrive/lib/disparity_autodrive/disparity_autodrive_node
[0.568s] -- Up-to-date symlink: /home/moon/sim_ws/install/disparity_autodrive/share/ament_index/resource_index/package_run_dependencies/disparity_autodrive
[0.570s] -- Up-to-date symlink: /home/moon/sim_ws/install/disparity_autodrive/share/ament_index/resource_index/parent_prefix_path/disparity_autodrive
[0.570s] -- Up-to-date symlink: /home/moon/sim_ws/install/disparity_autodrive/share/disparity_autodrive/environment/ament_prefix_path.sh
[0.571s] -- Up-to-date symlink: /home/moon/sim_ws/install/disparity_autodrive/share/disparity_autodrive/environment/ament_prefix_path.dsv
[0.571s] -- Up-to-date symlink: /home/moon/sim_ws/install/disparity_autodrive/share/disparity_autodrive/environment/path.sh
[0.571s] -- Up-to-date symlink: /home/moon/sim_ws/install/disparity_autodrive/share/disparity_autodrive/environment/path.dsv
[0.573s] -- Up-to-date symlink: /home/moon/sim_ws/install/disparity_autodrive/share/disparity_autodrive/local_setup.bash
[0.573s] -- Up-to-date symlink: /home/moon/sim_ws/install/disparity_autodrive/share/disparity_autodrive/local_setup.sh
[0.574s] -- Up-to-date symlink: /home/moon/sim_ws/install/disparity_autodrive/share/disparity_autodrive/local_setup.zsh
[0.575s] -- Up-to-date symlink: /home/moon/sim_ws/install/disparity_autodrive/share/disparity_autodrive/local_setup.dsv
[0.575s] -- Symlinking: /home/moon/sim_ws/install/disparity_autodrive/share/disparity_autodrive/package.dsv
[0.575s] -- Up-to-date symlink: /home/moon/sim_ws/install/disparity_autodrive/share/ament_index/resource_index/packages/disparity_autodrive
[0.576s] -- Up-to-date symlink: /home/moon/sim_ws/install/disparity_autodrive/share/disparity_autodrive/cmake/disparity_autodriveConfig.cmake
[0.576s] -- Up-to-date symlink: /home/moon/sim_ws/install/disparity_autodrive/share/disparity_autodrive/cmake/disparity_autodriveConfig-version.cmake
[0.577s] -- Up-to-date symlink: /home/moon/sim_ws/install/disparity_autodrive/share/disparity_autodrive/package.xml
[0.580s] Invoked command in '/home/moon/sim_ws/build/disparity_autodrive' returned '0': CMAKE_PREFIX_PATH=${CMAKE_PREFIX_PATH}:/home/moon/sim_ws/install/csv_obstacle:/home/moon/sim_ws/install/bound_obstacle_detector:/home/moon/sim_ws/install/bubble_memory:/home/moon/sim_ws/install/dyn_obstacle_detector:/home/moon/sim_ws/install/centerline_planner:/home/moon/sim_ws/install/f1tenth_gym_ros:/opt/ros/foxy CONDA_PROMPT_MODIFIER=(f110) /usr/bin/cmake --install /home/moon/sim_ws/build/disparity_autodrive
