Consolidate compiler generated dependencies of target center_follower
[100%] Built target center_follower
-- Install configuration: ""
-- Execute custom install script
-- Symlinking: /home/sh/projects/f1tenth_miru3/install/center_follow_cpp/lib/center_follow_cpp/center_follower
-- Symlinking: /home/sh/projects/f1tenth_miru3/install/center_follow_cpp/share/ament_index/resource_index/package_run_dependencies/center_follow_cpp
-- Symlinking: /home/sh/projects/f1tenth_miru3/install/center_follow_cpp/share/ament_index/resource_index/parent_prefix_path/center_follow_cpp
-- Symlinking: /home/sh/projects/f1tenth_miru3/install/center_follow_cpp/share/center_follow_cpp/environment/ament_prefix_path.sh
-- Symlinking: /home/sh/projects/f1tenth_miru3/install/center_follow_cpp/share/center_follow_cpp/environment/ament_prefix_path.dsv
-- Symlinking: /home/sh/projects/f1tenth_miru3/install/center_follow_cpp/share/center_follow_cpp/environment/path.sh
-- Symlinking: /home/sh/projects/f1tenth_miru3/install/center_follow_cpp/share/center_follow_cpp/environment/path.dsv
-- Symlinking: /home/sh/projects/f1tenth_miru3/install/center_follow_cpp/share/center_follow_cpp/local_setup.bash
-- Symlinking: /home/sh/projects/f1tenth_miru3/install/center_follow_cpp/share/center_follow_cpp/local_setup.sh
-- Symlinking: /home/sh/projects/f1tenth_miru3/install/center_follow_cpp/share/center_follow_cpp/local_setup.zsh
-- Symlinking: /home/sh/projects/f1tenth_miru3/install/center_follow_cpp/share/center_follow_cpp/local_setup.dsv
-- Symlinking: /home/sh/projects/f1tenth_miru3/install/center_follow_cpp/share/center_follow_cpp/package.dsv
-- Symlinking: /home/sh/projects/f1tenth_miru3/install/center_follow_cpp/share/ament_index/resource_index/packages/center_follow_cpp
-- Symlinking: /home/sh/projects/f1tenth_miru3/install/center_follow_cpp/share/center_follow_cpp/cmake/center_follow_cppConfig.cmake
-- Symlinking: /home/sh/projects/f1tenth_miru3/install/center_follow_cpp/share/center_follow_cpp/cmake/center_follow_cppConfig-version.cmake
-- Symlinking: /home/sh/projects/f1tenth_miru3/install/center_follow_cpp/share/center_follow_cpp/package.xml
