-- Found ament_cmake: 0.9.12 (/opt/ros/foxy/share/ament_cmake/cmake)
-- Using PYTHON_EXECUTABLE: /usr/bin/python3
-- Override CMake install command with custom implementation using symlinks instead of copying resources
-- Found rclcpp: 2.4.3 (/opt/ros/foxy/share/rclcpp/cmake)
-- Using all available rosidl_typesupport_c: rosidl_typesupport_fastrtps_c;rosidl_typesupport_introspection_c
-- Found rosidl_adapter: 1.3.1 (/opt/ros/foxy/share/rosidl_adapter/cmake)
-- Using all available rosidl_typesupport_cpp: rosidl_typesupport_fastrtps_cpp;rosidl_typesupport_introspection_cpp
-- Found rmw_implementation_cmake: 1.0.4 (/opt/ros/foxy/share/rmw_implementation_cmake/cmake)
-- Using RMW implementation 'rmw_fastrtps_cpp' as default
-- Found std_srvs: 2.0.5 (/opt/ros/foxy/share/std_srvs/cmake)
-- Found geometry_msgs: 2.0.5 (/opt/ros/foxy/share/geometry_msgs/cmake)
-- Found nav_msgs: 2.0.5 (/opt/ros/foxy/share/nav_msgs/cmake)
-- Found sensor_msgs: 2.0.5 (/opt/ros/foxy/share/sensor_msgs/cmake)
-- Found tf2: 0.13.14 (/opt/ros/foxy/share/tf2/cmake)
-- Found tf2_geometry_msgs: 0.13.14 (/opt/ros/foxy/share/tf2_geometry_msgs/cmake)
-- Found eigen3_cmake_module: 0.1.1 (/opt/ros/foxy/share/eigen3_cmake_module/cmake)
-- Found Eigen3: TRUE (found version "3.3.7") 
-- Found lifecycle_msgs: 1.0.0 (/opt/ros/foxy/share/lifecycle_msgs/cmake)
-- Found ament_lint_auto: 0.9.8 (/opt/ros/foxy/share/ament_lint_auto/cmake)
-- Added test 'copyright' to check source files copyright and LICENSE
-- Added test 'cppcheck' to perform static code analysis on C / C++ code
-- Configured cppcheck include dirs: /home/f1/f1tenth_ws/src/f1tenth_slam_nav/include
-- Configured cppcheck exclude dirs and/or files: 
-- Added test 'cpplint' to check C / C++ code against the Google style
-- Configured cpplint exclude dirs and/or files: 
-- Added test 'flake8' to check Python code syntax and style conventions
-- Added test 'lint_cmake' to check CMake code style
-- Added test 'pep257' to check Python code against some of the style conventions in PEP 257
-- Added test 'uncrustify' to check C / C++ code style
-- Configured uncrustify additional arguments: 
-- Added test 'xmllint' to check XML markup files
-- Configuring done
-- Generating done
-- Build files have been written to: /home/f1/f1tenth_ws/build/f1tenth_slam_nav
[35m[1mScanning dependencies of target high_frequency_localizer[0m
[35m[1mScanning dependencies of target slam_nav_manager[0m
[ 25%] [32mBuilding CXX object CMakeFiles/slam_nav_manager.dir/src/slam_nav_manager.cpp.o[0m
[ 50%] [32mBuilding CXX object CMakeFiles/high_frequency_localizer.dir/src/high_frequency_localizer.cpp.o[0m
In file included from [01m[K/home/f1/f1tenth_ws/src/f1tenth_slam_nav/src/high_frequency_localizer.cpp:1[m[K:
[01m[K/home/f1/f1tenth_ws/src/f1tenth_slam_nav/include/f1tenth_slam_nav/high_frequency_localizer.hpp:10:10:[m[K [01;31m[Kfatal error: [m[Ktf2_geometry_msgs/tf2_geometry_msgs.hpp: No such file or directory
   10 | #include [01;31m[K<tf2_geometry_msgs/tf2_geometry_msgs.hpp>[m[K
      |          [01;31m[K^~~~~~~~~~~~~~~~~~~~~~~~~~~~~~~~~~~~~~~~~[m[K
compilation terminated.
make[2]: *** [CMakeFiles/high_frequency_localizer.dir/build.make:63: CMakeFiles/high_frequency_localizer.dir/src/high_frequency_localizer.cpp.o] Error 1
make[1]: *** [CMakeFiles/Makefile2:80: CMakeFiles/high_frequency_localizer.dir/all] Error 2
make[1]: *** Waiting for unfinished jobs....
[01m[K/home/f1/f1tenth_ws/src/f1tenth_slam_nav/src/slam_nav_manager.cpp:[m[K In member function ‘[01m[Kvoid SlamNavManager::stopCurrentProcesses()[m[K’:
[01m[K/home/f1/f1tenth_ws/src/f1tenth_slam_nav/src/slam_nav_manager.cpp:175:28:[m[K [01;35m[Kwarning: [m[Kignoring return value of ‘[01m[Kint system(const char*)[m[K’, declared with attribute warn_unused_result [[01;35m[K-Wunused-result[m[K]
  175 |                 [01;35m[Kstd::system(kill_cmd.c_str())[m[K;
      |                 [01;35m[K~~~~~~~~~~~^~~~~~~~~~~~~~~~~~[m[K
[01m[K/home/f1/f1tenth_ws/src/f1tenth_slam_nav/src/slam_nav_manager.cpp:[m[K In member function ‘[01m[Kvoid SlamNavManager::saveMapCallback(std::shared_ptr<std_srvs::srv::Empty_Request_<std::allocator<void> > >, std::shared_ptr<std_srvs::srv::Empty_Response_<std::allocator<void> > >)[m[K’:
[01m[K/home/f1/f1tenth_ws/src/f1tenth_slam_nav/src/slam_nav_manager.cpp:133:24:[m[K [01;35m[Kwarning: [m[Kignoring return value of ‘[01m[Kint system(const char*)[m[K’, declared with attribute warn_unused_result [[01;35m[K-Wunused-result[m[K]
  133 |             [01;35m[Kstd::system(mkdir_cmd.c_str())[m[K;
      |             [01;35m[K~~~~~~~~~~~^~~~~~~~~~~~~~~~~~~[m[K
[ 75%] [32m[1mLinking CXX executable slam_nav_manager[0m
[ 75%] Built target slam_nav_manager
make: *** [Makefile:141: all] Error 2
