running develop
running egg_info
writing f1tenth_gym_ros.egg-info/PKG-INFO
writing dependency_links to f1tenth_gym_ros.egg-info/dependency_links.txt
writing entry points to f1tenth_gym_ros.egg-info/entry_points.txt
writing requirements to f1tenth_gym_ros.egg-info/requires.txt
writing top-level names to f1tenth_gym_ros.egg-info/top_level.txt
reading manifest file 'f1tenth_gym_ros.egg-info/SOURCES.txt'
writing manifest file 'f1tenth_gym_ros.egg-info/SOURCES.txt'
running build_ext
Creating /home/moon/sim_ws/install/f1tenth_gym_ros/lib/python3.8/site-packages/site.py
Creating /home/moon/sim_ws/install/f1tenth_gym_ros/lib/python3.8/site-packages/f1tenth-gym-ros.egg-link (link to .)
Installing gym_bridge script to /home/moon/sim_ws/install/f1tenth_gym_ros/lib/f1tenth_gym_ros

Installed /home/moon/sim_ws/build/f1tenth_gym_ros
running symlink_data
symbolically linking /home/moon/sim_ws/build/f1tenth_gym_ros/resource/f1tenth_gym_ros -> /home/moon/sim_ws/install/f1tenth_gym_ros/share/ament_index/resource_index/packages
symbolically linking /home/moon/sim_ws/build/f1tenth_gym_ros/package.xml -> /home/moon/sim_ws/install/f1tenth_gym_ros/share/f1tenth_gym_ros
symbolically linking /home/moon/sim_ws/build/f1tenth_gym_ros/launch/gym_bridge_launch.py -> /home/moon/sim_ws/install/f1tenth_gym_ros/share/f1tenth_gym_ros/launch
symbolically linking /home/moon/sim_ws/build/f1tenth_gym_ros/launch/opp_racecar.xacro -> /home/moon/sim_ws/install/f1tenth_gym_ros/share/f1tenth_gym_ros/launch
symbolically linking /home/moon/sim_ws/build/f1tenth_gym_ros/launch/ego_racecar.xacro -> /home/moon/sim_ws/install/f1tenth_gym_ros/share/f1tenth_gym_ros/launch
symbolically linking /home/moon/sim_ws/build/f1tenth_gym_ros/launch/gym_bridge.rviz -> /home/moon/sim_ws/install/f1tenth_gym_ros/share/f1tenth_gym_ros/launch
symbolically linking /home/moon/sim_ws/build/f1tenth_gym_ros/config/sim.yaml -> /home/moon/sim_ws/install/f1tenth_gym_ros/share/f1tenth_gym_ros/config
