/home/f1/f1tenth_ws/install/map_controller/lib/python3.8/site-packages/map_controller/__init__.py
/home/f1/f1tenth_ws/install/map_controller/lib/python3.8/site-packages/map_controller/controller_manager.py
/home/f1/f1tenth_ws/install/map_controller/lib/python3.8/site-packages/map_controller/frenet_converter.py
/home/f1/f1tenth_ws/install/map_controller/lib/python3.8/site-packages/map_controller/map_controller.py
/home/f1/f1tenth_ws/install/map_controller/lib/python3.8/site-packages/map_controller/steering_lookup.py
/home/f1/f1tenth_ws/install/map_controller/lib/python3.8/site-packages/map_controller/__pycache__/__init__.cpython-38.pyc
/home/f1/f1tenth_ws/install/map_controller/lib/python3.8/site-packages/map_controller/__pycache__/controller_manager.cpython-38.pyc
/home/f1/f1tenth_ws/install/map_controller/lib/python3.8/site-packages/map_controller/__pycache__/frenet_converter.cpython-38.pyc
/home/f1/f1tenth_ws/install/map_controller/lib/python3.8/site-packages/map_controller/__pycache__/map_controller.cpython-38.pyc
/home/f1/f1tenth_ws/install/map_controller/lib/python3.8/site-packages/map_controller/__pycache__/steering_lookup.cpython-38.pyc
/home/f1/f1tenth_ws/install/map_controller/share/ament_index/resource_index/packages/map_controller
/home/f1/f1tenth_ws/install/map_controller/share/map_controller/package.xml
/home/f1/f1tenth_ws/install/map_controller/share/map_controller/launch/map_controller.launch.py
/home/f1/f1tenth_ws/install/map_controller/share/map_controller/launch/map_with_bound.launch.py
/home/f1/f1tenth_ws/install/map_controller/share/map_controller/config/map_controller_params.yaml
/home/f1/f1tenth_ws/install/map_controller/share/map_controller/config/steering_lut/NUC2_pacejka_lookup_table.csv
/home/f1/f1tenth_ws/install/map_controller/lib/python3.8/site-packages/map_controller-1.0.0-py3.8.egg-info/zip-safe
/home/f1/f1tenth_ws/install/map_controller/lib/python3.8/site-packages/map_controller-1.0.0-py3.8.egg-info/requires.txt
/home/f1/f1tenth_ws/install/map_controller/lib/python3.8/site-packages/map_controller-1.0.0-py3.8.egg-info/top_level.txt
/home/f1/f1tenth_ws/install/map_controller/lib/python3.8/site-packages/map_controller-1.0.0-py3.8.egg-info/entry_points.txt
/home/f1/f1tenth_ws/install/map_controller/lib/python3.8/site-packages/map_controller-1.0.0-py3.8.egg-info/SOURCES.txt
/home/f1/f1tenth_ws/install/map_controller/lib/python3.8/site-packages/map_controller-1.0.0-py3.8.egg-info/PKG-INFO
/home/f1/f1tenth_ws/install/map_controller/lib/python3.8/site-packages/map_controller-1.0.0-py3.8.egg-info/dependency_links.txt
/home/f1/f1tenth_ws/install/map_controller/lib/map_controller/map_controller
