[4.890s] Invoking command in '/home/f1/f1tenth_ws/build/map_controller': PYTHONPATH=/home/f1/f1tenth_ws/build/map_controller/prefix_override:/usr/lib/python3/dist-packages/colcon_core/task/python/colcon_distutils_commands:/home/f1/f1tenth_ws/install/map_controller/lib/python3.8/site-packages:${PYTHONPATH} /usr/bin/python3 -W ignore:setup.py install is deprecated -W ignore:easy_install command is deprecated setup.py develop --uninstall --editable --build-directory /home/f1/f1tenth_ws/build/map_controller/build
[6.795s] running develop
[7.900s] Removing /home/f1/f1tenth_ws/install/map_controller/lib/python3.8/site-packages/map-controller.egg-link (link to .)
[8.052s] Invoked command in '/home/f1/f1tenth_ws/build/map_controller' returned '0': PYTHONPATH=/home/f1/f1tenth_ws/build/map_controller/prefix_override:/usr/lib/python3/dist-packages/colcon_core/task/python/colcon_distutils_commands:/home/f1/f1tenth_ws/install/map_controller/lib/python3.8/site-packages:${PYTHONPATH} /usr/bin/python3 -W ignore:setup.py install is deprecated -W ignore:easy_install command is deprecated setup.py develop --uninstall --editable --build-directory /home/f1/f1tenth_ws/build/map_controller/build
[8.066s] Invoking command in '/home/f1/f1tenth_ws/src/map_controller': PYTHONPATH=/home/f1/f1tenth_ws/build/map_controller/prefix_override:/usr/lib/python3/dist-packages/colcon_core/task/python/colcon_distutils_commands:/home/f1/f1tenth_ws/install/map_controller/lib/python3.8/site-packages:${PYTHONPATH} /usr/bin/python3 -W ignore:setup.py install is deprecated -W ignore:easy_install command is deprecated setup.py egg_info --egg-base ../../build/map_controller build --build-base /home/f1/f1tenth_ws/build/map_controller/build install --record /home/f1/f1tenth_ws/build/map_controller/install.log --single-version-externally-managed install_data --force
[9.894s] running egg_info
[9.898s] writing ../../build/map_controller/map_controller.egg-info/PKG-INFO
[9.902s] writing dependency_links to ../../build/map_controller/map_controller.egg-info/dependency_links.txt
[9.905s] writing entry points to ../../build/map_controller/map_controller.egg-info/entry_points.txt
[9.907s] writing requirements to ../../build/map_controller/map_controller.egg-info/requires.txt
[9.909s] writing top-level names to ../../build/map_controller/map_controller.egg-info/top_level.txt
[10.164s] reading manifest file '../../build/map_controller/map_controller.egg-info/SOURCES.txt'
[10.170s] writing manifest file '../../build/map_controller/map_controller.egg-info/SOURCES.txt'
[10.174s] running build
[10.175s] running build_py
[10.180s] copying map_controller/controller_manager.py -> /home/f1/f1tenth_ws/build/map_controller/build/lib/map_controller
[10.183s] running install
[10.189s] running install_lib
[10.194s] creating /home/f1/f1tenth_ws/install/map_controller/lib/python3.8/site-packages/map_controller
[10.195s] copying /home/f1/f1tenth_ws/build/map_controller/build/lib/map_controller/__init__.py -> /home/f1/f1tenth_ws/install/map_controller/lib/python3.8/site-packages/map_controller
[10.196s] copying /home/f1/f1tenth_ws/build/map_controller/build/lib/map_controller/controller_manager.py -> /home/f1/f1tenth_ws/install/map_controller/lib/python3.8/site-packages/map_controller
[10.198s] copying /home/f1/f1tenth_ws/build/map_controller/build/lib/map_controller/frenet_converter.py -> /home/f1/f1tenth_ws/install/map_controller/lib/python3.8/site-packages/map_controller
[10.199s] copying /home/f1/f1tenth_ws/build/map_controller/build/lib/map_controller/map_controller.py -> /home/f1/f1tenth_ws/install/map_controller/lib/python3.8/site-packages/map_controller
[10.200s] copying /home/f1/f1tenth_ws/build/map_controller/build/lib/map_controller/steering_lookup.py -> /home/f1/f1tenth_ws/install/map_controller/lib/python3.8/site-packages/map_controller
[10.202s] byte-compiling /home/f1/f1tenth_ws/install/map_controller/lib/python3.8/site-packages/map_controller/__init__.py to __init__.cpython-38.pyc
[10.209s] byte-compiling /home/f1/f1tenth_ws/install/map_controller/lib/python3.8/site-packages/map_controller/controller_manager.py to controller_manager.cpython-38.pyc
[10.240s] byte-compiling /home/f1/f1tenth_ws/install/map_controller/lib/python3.8/site-packages/map_controller/frenet_converter.py to frenet_converter.cpython-38.pyc
[10.246s] byte-compiling /home/f1/f1tenth_ws/install/map_controller/lib/python3.8/site-packages/map_controller/map_controller.py to map_controller.cpython-38.pyc
[10.260s] byte-compiling /home/f1/f1tenth_ws/install/map_controller/lib/python3.8/site-packages/map_controller/steering_lookup.py to steering_lookup.cpython-38.pyc
[10.266s] running install_data
[10.267s] copying resource/map_controller -> /home/f1/f1tenth_ws/install/map_controller/share/ament_index/resource_index/packages
[10.274s] copying package.xml -> /home/f1/f1tenth_ws/install/map_controller/share/map_controller
[10.275s] copying launch/map_controller.launch.py -> /home/f1/f1tenth_ws/install/map_controller/share/map_controller/launch
[10.275s] copying launch/map_with_bound.launch.py -> /home/f1/f1tenth_ws/install/map_controller/share/map_controller/launch
[10.278s] copying config/map_controller_params.yaml -> /home/f1/f1tenth_ws/install/map_controller/share/map_controller/config
[10.280s] copying config/steering_lut/NUC2_pacejka_lookup_table.csv -> /home/f1/f1tenth_ws/install/map_controller/share/map_controller/config/steering_lut
[10.280s] running install_egg_info
[10.301s] Copying ../../build/map_controller/map_controller.egg-info to /home/f1/f1tenth_ws/install/map_controller/lib/python3.8/site-packages/map_controller-1.0.0-py3.8.egg-info
[10.307s] running install_scripts
[10.434s] Installing map_controller script to /home/f1/f1tenth_ws/install/map_controller/lib/map_controller
[10.438s] writing list of installed files to '/home/f1/f1tenth_ws/build/map_controller/install.log'
[10.594s] Invoked command in '/home/f1/f1tenth_ws/src/map_controller' returned '0': PYTHONPATH=/home/f1/f1tenth_ws/build/map_controller/prefix_override:/usr/lib/python3/dist-packages/colcon_core/task/python/colcon_distutils_commands:/home/f1/f1tenth_ws/install/map_controller/lib/python3.8/site-packages:${PYTHONPATH} /usr/bin/python3 -W ignore:setup.py install is deprecated -W ignore:easy_install command is deprecated setup.py egg_info --egg-base ../../build/map_controller build --build-base /home/f1/f1tenth_ws/build/map_controller/build install --record /home/f1/f1tenth_ws/build/map_controller/install.log --single-version-externally-managed install_data --force
