[0.034s] Invoking command in '/home/sh/projects/f1tenth_miru3/build/teleop_tools_msgs': CMAKE_PREFIX_PATH=${CMAKE_PREFIX_PATH}:/home/sh/projects/f1tenth_miru3/install/joy_teleop:/home/sh/projects/f1tenth_miru3/install/pygame_key_teleop:/home/sh/projects/f1tenth_miru3/install/mouse_teleop:/home/sh/projects/f1tenth_miru3/install/key_teleop:/home/sh/projects/f1tenth_miru3/install/forza_map_controller:/home/sh/f1tenth_ws/install/f1tenth_gym_ros:/opt/ros/humble /usr/bin/cmake --build /home/sh/projects/f1tenth_miru3/build/teleop_tools_msgs -- -j16 -l16
[0.656s] [  3%] Built target teleop_tools_msgs__cpp
[0.656s] [ 12%] Built target teleop_tools_msgs__rosidl_generator_c
[0.656s] [ 12%] Built target ament_cmake_python_symlink_teleop_tools_msgs
[0.656s] [ 22%] Built target teleop_tools_msgs__rosidl_typesupport_cpp
[0.656s] [ 32%] Built target teleop_tools_msgs__rosidl_typesupport_introspection_cpp
[0.656s] [ 41%] Built target teleop_tools_msgs__rosidl_typesupport_fastrtps_cpp
[0.656s] [ 51%] Built target teleop_tools_msgs__rosidl_typesupport_introspection_c
[0.656s] [ 61%] Built target teleop_tools_msgs__rosidl_typesupport_c
[0.656s] [ 70%] Built target teleop_tools_msgs__rosidl_typesupport_fastrtps_c
[0.656s] [ 70%] Built target teleop_tools_msgs
[0.656s] [ 74%] Built target teleop_tools_msgs__py
[0.656s] [ 80%] Built target teleop_tools_msgs__rosidl_generator_py
[0.656s] [ 87%] Built target teleop_tools_msgs__rosidl_typesupport_c__pyext
[0.656s] [ 93%] Built target teleop_tools_msgs__rosidl_typesupport_fastrtps_c__pyext
[0.656s] [100%] Built target teleop_tools_msgs__rosidl_typesupport_introspection_c__pyext
[0.657s] running egg_info
[0.657s] writing teleop_tools_msgs.egg-info/PKG-INFO
[0.657s] writing dependency_links to teleop_tools_msgs.egg-info/dependency_links.txt
[0.657s] writing top-level names to teleop_tools_msgs.egg-info/top_level.txt
[0.657s] reading manifest file 'teleop_tools_msgs.egg-info/SOURCES.txt'
[0.657s] writing manifest file 'teleop_tools_msgs.egg-info/SOURCES.txt'
[0.657s] [100%] Built target ament_cmake_python_build_teleop_tools_msgs_egg
[0.840s] Invoked command in '/home/sh/projects/f1tenth_miru3/build/teleop_tools_msgs' returned '0': CMAKE_PREFIX_PATH=${CMAKE_PREFIX_PATH}:/home/sh/projects/f1tenth_miru3/install/joy_teleop:/home/sh/projects/f1tenth_miru3/install/pygame_key_teleop:/home/sh/projects/f1tenth_miru3/install/mouse_teleop:/home/sh/projects/f1tenth_miru3/install/key_teleop:/home/sh/projects/f1tenth_miru3/install/forza_map_controller:/home/sh/f1tenth_ws/install/f1tenth_gym_ros:/opt/ros/humble /usr/bin/cmake --build /home/sh/projects/f1tenth_miru3/build/teleop_tools_msgs -- -j16 -l16
[0.841s] Invoking command in '/home/sh/projects/f1tenth_miru3/build/teleop_tools_msgs': CMAKE_PREFIX_PATH=${CMAKE_PREFIX_PATH}:/home/sh/projects/f1tenth_miru3/install/joy_teleop:/home/sh/projects/f1tenth_miru3/install/pygame_key_teleop:/home/sh/projects/f1tenth_miru3/install/mouse_teleop:/home/sh/projects/f1tenth_miru3/install/key_teleop:/home/sh/projects/f1tenth_miru3/install/forza_map_controller:/home/sh/f1tenth_ws/install/f1tenth_gym_ros:/opt/ros/humble /usr/bin/cmake --install /home/sh/projects/f1tenth_miru3/build/teleop_tools_msgs
[0.866s] -- Install configuration: ""
[0.866s] -- Execute custom install script
[0.866s] -- Up-to-date symlink: /home/sh/projects/f1tenth_miru3/install/teleop_tools_msgs/share/ament_index/resource_index/rosidl_interfaces/teleop_tools_msgs
[0.866s] -- Up-to-date symlink: /home/sh/projects/f1tenth_miru3/install/teleop_tools_msgs/include/teleop_tools_msgs/teleop_tools_msgs/action/detail/increment__functions.h
[0.866s] -- Up-to-date symlink: /home/sh/projects/f1tenth_miru3/install/teleop_tools_msgs/include/teleop_tools_msgs/teleop_tools_msgs/action/detail/increment__struct.h
[0.866s] -- Up-to-date symlink: /home/sh/projects/f1tenth_miru3/install/teleop_tools_msgs/include/teleop_tools_msgs/teleop_tools_msgs/action/detail/increment__type_support.h
[0.866s] -- Up-to-date symlink: /home/sh/projects/f1tenth_miru3/install/teleop_tools_msgs/include/teleop_tools_msgs/teleop_tools_msgs/action/increment.h
[0.867s] -- Up-to-date symlink: /home/sh/projects/f1tenth_miru3/install/teleop_tools_msgs/include/teleop_tools_msgs/teleop_tools_msgs/msg/rosidl_generator_c__visibility_control.h
[0.868s] -- Up-to-date symlink: /home/sh/projects/f1tenth_miru3/install/teleop_tools_msgs/share/teleop_tools_msgs/environment/library_path.sh
[0.868s] -- Up-to-date symlink: /home/sh/projects/f1tenth_miru3/install/teleop_tools_msgs/share/teleop_tools_msgs/environment/library_path.dsv
[0.869s] -- Up-to-date symlink: /home/sh/projects/f1tenth_miru3/install/teleop_tools_msgs/include/teleop_tools_msgs/teleop_tools_msgs/action/detail/increment__rosidl_typesupport_fastrtps_c.h
[0.869s] -- Up-to-date symlink: /home/sh/projects/f1tenth_miru3/install/teleop_tools_msgs/include/teleop_tools_msgs/teleop_tools_msgs/msg/rosidl_typesupport_fastrtps_c__visibility_control.h
[0.869s] -- Up-to-date symlink: /home/sh/projects/f1tenth_miru3/install/teleop_tools_msgs/include/teleop_tools_msgs/teleop_tools_msgs/action/detail/increment__rosidl_typesupport_introspection_c.h
[0.869s] -- Up-to-date symlink: /home/sh/projects/f1tenth_miru3/install/teleop_tools_msgs/include/teleop_tools_msgs/teleop_tools_msgs/msg/rosidl_typesupport_introspection_c__visibility_control.h
[0.872s] -- Up-to-date symlink: /home/sh/projects/f1tenth_miru3/install/teleop_tools_msgs/include/teleop_tools_msgs/teleop_tools_msgs/action/detail/increment__builder.hpp
[0.872s] -- Up-to-date symlink: /home/sh/projects/f1tenth_miru3/install/teleop_tools_msgs/include/teleop_tools_msgs/teleop_tools_msgs/action/detail/increment__struct.hpp
[0.872s] -- Up-to-date symlink: /home/sh/projects/f1tenth_miru3/install/teleop_tools_msgs/include/teleop_tools_msgs/teleop_tools_msgs/action/detail/increment__traits.hpp
[0.872s] -- Up-to-date symlink: /home/sh/projects/f1tenth_miru3/install/teleop_tools_msgs/include/teleop_tools_msgs/teleop_tools_msgs/action/detail/increment__type_support.hpp
[0.873s] -- Up-to-date symlink: /home/sh/projects/f1tenth_miru3/install/teleop_tools_msgs/include/teleop_tools_msgs/teleop_tools_msgs/action/increment.hpp
[0.873s] -- Up-to-date symlink: /home/sh/projects/f1tenth_miru3/install/teleop_tools_msgs/include/teleop_tools_msgs/teleop_tools_msgs/msg/rosidl_generator_cpp__visibility_control.hpp
[0.873s] -- Up-to-date symlink: /home/sh/projects/f1tenth_miru3/install/teleop_tools_msgs/include/teleop_tools_msgs/teleop_tools_msgs/action/detail/increment__rosidl_typesupport_fastrtps_cpp.hpp
[0.873s] -- Up-to-date symlink: /home/sh/projects/f1tenth_miru3/install/teleop_tools_msgs/include/teleop_tools_msgs/teleop_tools_msgs/msg/rosidl_typesupport_fastrtps_cpp__visibility_control.h
[0.874s] -- Up-to-date symlink: /home/sh/projects/f1tenth_miru3/install/teleop_tools_msgs/include/teleop_tools_msgs/teleop_tools_msgs/action/detail/increment__rosidl_typesupport_introspection_cpp.hpp
[0.874s] -- Up-to-date symlink: /home/sh/projects/f1tenth_miru3/install/teleop_tools_msgs/share/teleop_tools_msgs/environment/pythonpath.sh
[0.874s] -- Up-to-date symlink: /home/sh/projects/f1tenth_miru3/install/teleop_tools_msgs/share/teleop_tools_msgs/environment/pythonpath.dsv
[0.874s] -- Up-to-date symlink: /home/sh/projects/f1tenth_miru3/install/teleop_tools_msgs/local/lib/python3.10/dist-packages/teleop_tools_msgs-1.2.1-py3.10.egg-info/PKG-INFO
[0.874s] -- Up-to-date symlink: /home/sh/projects/f1tenth_miru3/install/teleop_tools_msgs/local/lib/python3.10/dist-packages/teleop_tools_msgs-1.2.1-py3.10.egg-info/SOURCES.txt
[0.874s] -- Up-to-date symlink: /home/sh/projects/f1tenth_miru3/install/teleop_tools_msgs/local/lib/python3.10/dist-packages/teleop_tools_msgs-1.2.1-py3.10.egg-info/dependency_links.txt
[0.874s] -- Up-to-date symlink: /home/sh/projects/f1tenth_miru3/install/teleop_tools_msgs/local/lib/python3.10/dist-packages/teleop_tools_msgs-1.2.1-py3.10.egg-info/top_level.txt
[0.875s] -- Up-to-date symlink: /home/sh/projects/f1tenth_miru3/install/teleop_tools_msgs/local/lib/python3.10/dist-packages/teleop_tools_msgs/__init__.py
[0.875s] -- Up-to-date symlink: /home/sh/projects/f1tenth_miru3/install/teleop_tools_msgs/local/lib/python3.10/dist-packages/teleop_tools_msgs/_teleop_tools_msgs_s.ep.rosidl_typesupport_c.c
[0.876s] -- Up-to-date symlink: /home/sh/projects/f1tenth_miru3/install/teleop_tools_msgs/local/lib/python3.10/dist-packages/teleop_tools_msgs/_teleop_tools_msgs_s.ep.rosidl_typesupport_fastrtps_c.c
[0.876s] -- Up-to-date symlink: /home/sh/projects/f1tenth_miru3/install/teleop_tools_msgs/local/lib/python3.10/dist-packages/teleop_tools_msgs/_teleop_tools_msgs_s.ep.rosidl_typesupport_introspection_c.c
[0.876s] -- Up-to-date symlink: /home/sh/projects/f1tenth_miru3/install/teleop_tools_msgs/local/lib/python3.10/dist-packages/teleop_tools_msgs/action/__init__.py
[0.876s] -- Up-to-date symlink: /home/sh/projects/f1tenth_miru3/install/teleop_tools_msgs/local/lib/python3.10/dist-packages/teleop_tools_msgs/action/_increment.py
[0.876s] -- Up-to-date symlink: /home/sh/projects/f1tenth_miru3/install/teleop_tools_msgs/local/lib/python3.10/dist-packages/teleop_tools_msgs/action/_increment_s.c
[0.876s] -- Up-to-date symlink: /home/sh/projects/f1tenth_miru3/install/teleop_tools_msgs/local/lib/python3.10/dist-packages/teleop_tools_msgs/libteleop_tools_msgs__rosidl_generator_py.so
[0.876s] -- Up-to-date symlink: /home/sh/projects/f1tenth_miru3/install/teleop_tools_msgs/local/lib/python3.10/dist-packages/teleop_tools_msgs/teleop_tools_msgs_s__rosidl_typesupport_c.cpython-310-x86_64-linux-gnu.so
[0.876s] -- Up-to-date symlink: /home/sh/projects/f1tenth_miru3/install/teleop_tools_msgs/local/lib/python3.10/dist-packages/teleop_tools_msgs/teleop_tools_msgs_s__rosidl_typesupport_fastrtps_c.cpython-310-x86_64-linux-gnu.so
[0.878s] -- Up-to-date symlink: /home/sh/projects/f1tenth_miru3/install/teleop_tools_msgs/local/lib/python3.10/dist-packages/teleop_tools_msgs/teleop_tools_msgs_s__rosidl_typesupport_introspection_c.cpython-310-x86_64-linux-gnu.so
[0.878s] -- Up-to-date symlink: /home/sh/projects/f1tenth_miru3/install/teleop_tools_msgs/local/lib/python3.10/dist-packages/teleop_tools_msgs/teleop_tools_msgs_s__rosidl_typesupport_fastrtps_c.cpython-310-x86_64-linux-gnu.so
[0.878s] -- Up-to-date symlink: /home/sh/projects/f1tenth_miru3/install/teleop_tools_msgs/local/lib/python3.10/dist-packages/teleop_tools_msgs/teleop_tools_msgs_s__rosidl_typesupport_introspection_c.cpython-310-x86_64-linux-gnu.so
[0.878s] -- Up-to-date symlink: /home/sh/projects/f1tenth_miru3/install/teleop_tools_msgs/local/lib/python3.10/dist-packages/teleop_tools_msgs/teleop_tools_msgs_s__rosidl_typesupport_c.cpython-310-x86_64-linux-gnu.so
[0.879s] -- Up-to-date symlink: /home/sh/projects/f1tenth_miru3/install/teleop_tools_msgs/share/teleop_tools_msgs/action/Increment.idl
[0.880s] -- Up-to-date symlink: /home/sh/projects/f1tenth_miru3/install/teleop_tools_msgs/share/teleop_tools_msgs/action/Increment.action
[0.880s] -- Up-to-date symlink: /home/sh/projects/f1tenth_miru3/install/teleop_tools_msgs/share/ament_index/resource_index/package_run_dependencies/teleop_tools_msgs
[0.882s] -- Up-to-date symlink: /home/sh/projects/f1tenth_miru3/install/teleop_tools_msgs/share/ament_index/resource_index/parent_prefix_path/teleop_tools_msgs
[0.882s] -- Up-to-date symlink: /home/sh/projects/f1tenth_miru3/install/teleop_tools_msgs/share/teleop_tools_msgs/environment/ament_prefix_path.sh
[0.882s] -- Up-to-date symlink: /home/sh/projects/f1tenth_miru3/install/teleop_tools_msgs/share/teleop_tools_msgs/environment/ament_prefix_path.dsv
[0.882s] -- Up-to-date symlink: /home/sh/projects/f1tenth_miru3/install/teleop_tools_msgs/share/teleop_tools_msgs/environment/path.sh
[0.882s] -- Up-to-date symlink: /home/sh/projects/f1tenth_miru3/install/teleop_tools_msgs/share/teleop_tools_msgs/environment/path.dsv
[0.882s] -- Up-to-date symlink: /home/sh/projects/f1tenth_miru3/install/teleop_tools_msgs/share/teleop_tools_msgs/local_setup.bash
[0.882s] -- Up-to-date symlink: /home/sh/projects/f1tenth_miru3/install/teleop_tools_msgs/share/teleop_tools_msgs/local_setup.sh
[0.882s] -- Up-to-date symlink: /home/sh/projects/f1tenth_miru3/install/teleop_tools_msgs/share/teleop_tools_msgs/local_setup.zsh
[0.882s] -- Up-to-date symlink: /home/sh/projects/f1tenth_miru3/install/teleop_tools_msgs/share/teleop_tools_msgs/local_setup.dsv
[0.882s] -- Symlinking: /home/sh/projects/f1tenth_miru3/install/teleop_tools_msgs/share/teleop_tools_msgs/package.dsv
[0.886s] -- Up-to-date symlink: /home/sh/projects/f1tenth_miru3/install/teleop_tools_msgs/share/ament_index/resource_index/packages/teleop_tools_msgs
[0.886s] -- Up-to-date symlink: /home/sh/projects/f1tenth_miru3/install/teleop_tools_msgs/share/teleop_tools_msgs/cmake/rosidl_cmake-extras.cmake
[0.886s] -- Up-to-date symlink: /home/sh/projects/f1tenth_miru3/install/teleop_tools_msgs/share/teleop_tools_msgs/cmake/ament_cmake_export_dependencies-extras.cmake
[0.886s] -- Up-to-date symlink: /home/sh/projects/f1tenth_miru3/install/teleop_tools_msgs/share/teleop_tools_msgs/cmake/ament_cmake_export_include_directories-extras.cmake
[0.886s] -- Up-to-date symlink: /home/sh/projects/f1tenth_miru3/install/teleop_tools_msgs/share/teleop_tools_msgs/cmake/ament_cmake_export_libraries-extras.cmake
[0.887s] -- Up-to-date symlink: /home/sh/projects/f1tenth_miru3/install/teleop_tools_msgs/share/teleop_tools_msgs/cmake/ament_cmake_export_targets-extras.cmake
[0.887s] -- Up-to-date symlink: /home/sh/projects/f1tenth_miru3/install/teleop_tools_msgs/share/teleop_tools_msgs/cmake/rosidl_cmake_export_typesupport_targets-extras.cmake
[0.887s] -- Up-to-date symlink: /home/sh/projects/f1tenth_miru3/install/teleop_tools_msgs/share/teleop_tools_msgs/cmake/rosidl_cmake_export_typesupport_libraries-extras.cmake
[0.887s] -- Up-to-date symlink: /home/sh/projects/f1tenth_miru3/install/teleop_tools_msgs/share/teleop_tools_msgs/cmake/teleop_tools_msgsConfig.cmake
[0.887s] -- Up-to-date symlink: /home/sh/projects/f1tenth_miru3/install/teleop_tools_msgs/share/teleop_tools_msgs/cmake/teleop_tools_msgsConfig-version.cmake
[0.887s] -- Up-to-date symlink: /home/sh/projects/f1tenth_miru3/install/teleop_tools_msgs/share/teleop_tools_msgs/package.xml
[0.887s] -- Up-to-date: /home/sh/projects/f1tenth_miru3/install/teleop_tools_msgs/lib/libteleop_tools_msgs__rosidl_generator_c.so
[0.887s] -- Up-to-date: /home/sh/projects/f1tenth_miru3/install/teleop_tools_msgs/lib/libteleop_tools_msgs__rosidl_typesupport_fastrtps_c.so
[0.887s] -- Up-to-date: /home/sh/projects/f1tenth_miru3/install/teleop_tools_msgs/lib/libteleop_tools_msgs__rosidl_typesupport_introspection_c.so
[0.887s] -- Up-to-date: /home/sh/projects/f1tenth_miru3/install/teleop_tools_msgs/lib/libteleop_tools_msgs__rosidl_typesupport_c.so
[0.887s] -- Up-to-date: /home/sh/projects/f1tenth_miru3/install/teleop_tools_msgs/lib/libteleop_tools_msgs__rosidl_typesupport_fastrtps_cpp.so
[0.888s] -- Up-to-date: /home/sh/projects/f1tenth_miru3/install/teleop_tools_msgs/lib/libteleop_tools_msgs__rosidl_typesupport_introspection_cpp.so
[0.888s] -- Up-to-date: /home/sh/projects/f1tenth_miru3/install/teleop_tools_msgs/lib/libteleop_tools_msgs__rosidl_typesupport_cpp.so
[0.909s] Listing '/home/sh/projects/f1tenth_miru3/install/teleop_tools_msgs/local/lib/python3.10/dist-packages/teleop_tools_msgs'...
[0.909s] Listing '/home/sh/projects/f1tenth_miru3/install/teleop_tools_msgs/local/lib/python3.10/dist-packages/teleop_tools_msgs/action'...
[0.913s] -- Up-to-date: /home/sh/projects/f1tenth_miru3/install/teleop_tools_msgs/lib/libteleop_tools_msgs__rosidl_generator_py.so
[0.913s] -- Up-to-date: /home/sh/projects/f1tenth_miru3/install/teleop_tools_msgs/share/teleop_tools_msgs/cmake/export_teleop_tools_msgs__rosidl_generator_cExport.cmake
[0.914s] -- Up-to-date: /home/sh/projects/f1tenth_miru3/install/teleop_tools_msgs/share/teleop_tools_msgs/cmake/export_teleop_tools_msgs__rosidl_generator_cExport-noconfig.cmake
[0.914s] -- Up-to-date: /home/sh/projects/f1tenth_miru3/install/teleop_tools_msgs/share/teleop_tools_msgs/cmake/export_teleop_tools_msgs__rosidl_typesupport_fastrtps_cExport.cmake
[0.915s] -- Up-to-date: /home/sh/projects/f1tenth_miru3/install/teleop_tools_msgs/share/teleop_tools_msgs/cmake/export_teleop_tools_msgs__rosidl_typesupport_fastrtps_cExport-noconfig.cmake
[0.915s] -- Up-to-date: /home/sh/projects/f1tenth_miru3/install/teleop_tools_msgs/share/teleop_tools_msgs/cmake/teleop_tools_msgs__rosidl_typesupport_introspection_cExport.cmake
[0.915s] -- Up-to-date: /home/sh/projects/f1tenth_miru3/install/teleop_tools_msgs/share/teleop_tools_msgs/cmake/teleop_tools_msgs__rosidl_typesupport_introspection_cExport-noconfig.cmake
[0.916s] -- Up-to-date: /home/sh/projects/f1tenth_miru3/install/teleop_tools_msgs/share/teleop_tools_msgs/cmake/teleop_tools_msgs__rosidl_typesupport_cExport.cmake
[0.916s] -- Up-to-date: /home/sh/projects/f1tenth_miru3/install/teleop_tools_msgs/share/teleop_tools_msgs/cmake/teleop_tools_msgs__rosidl_typesupport_cExport-noconfig.cmake
[0.916s] -- Up-to-date: /home/sh/projects/f1tenth_miru3/install/teleop_tools_msgs/share/teleop_tools_msgs/cmake/export_teleop_tools_msgs__rosidl_generator_cppExport.cmake
[0.916s] -- Up-to-date: /home/sh/projects/f1tenth_miru3/install/teleop_tools_msgs/share/teleop_tools_msgs/cmake/export_teleop_tools_msgs__rosidl_typesupport_fastrtps_cppExport.cmake
[0.916s] -- Up-to-date: /home/sh/projects/f1tenth_miru3/install/teleop_tools_msgs/share/teleop_tools_msgs/cmake/export_teleop_tools_msgs__rosidl_typesupport_fastrtps_cppExport-noconfig.cmake
[0.916s] -- Up-to-date: /home/sh/projects/f1tenth_miru3/install/teleop_tools_msgs/share/teleop_tools_msgs/cmake/teleop_tools_msgs__rosidl_typesupport_introspection_cppExport.cmake
[0.916s] -- Up-to-date: /home/sh/projects/f1tenth_miru3/install/teleop_tools_msgs/share/teleop_tools_msgs/cmake/teleop_tools_msgs__rosidl_typesupport_introspection_cppExport-noconfig.cmake
[0.916s] -- Up-to-date: /home/sh/projects/f1tenth_miru3/install/teleop_tools_msgs/share/teleop_tools_msgs/cmake/teleop_tools_msgs__rosidl_typesupport_cppExport.cmake
[0.916s] -- Up-to-date: /home/sh/projects/f1tenth_miru3/install/teleop_tools_msgs/share/teleop_tools_msgs/cmake/teleop_tools_msgs__rosidl_typesupport_cppExport-noconfig.cmake
[0.916s] -- Up-to-date: /home/sh/projects/f1tenth_miru3/install/teleop_tools_msgs/share/teleop_tools_msgs/cmake/export_teleop_tools_msgs__rosidl_generator_pyExport.cmake
[0.916s] -- Up-to-date: /home/sh/projects/f1tenth_miru3/install/teleop_tools_msgs/share/teleop_tools_msgs/cmake/export_teleop_tools_msgs__rosidl_generator_pyExport-noconfig.cmake
[0.969s] Invoked command in '/home/sh/projects/f1tenth_miru3/build/teleop_tools_msgs' returned '0': CMAKE_PREFIX_PATH=${CMAKE_PREFIX_PATH}:/home/sh/projects/f1tenth_miru3/install/joy_teleop:/home/sh/projects/f1tenth_miru3/install/pygame_key_teleop:/home/sh/projects/f1tenth_miru3/install/mouse_teleop:/home/sh/projects/f1tenth_miru3/install/key_teleop:/home/sh/projects/f1tenth_miru3/install/forza_map_controller:/home/sh/f1tenth_ws/install/f1tenth_gym_ros:/opt/ros/humble /usr/bin/cmake --install /home/sh/projects/f1tenth_miru3/build/teleop_tools_msgs
