[0.118s] DEBUG:colcon:Command line arguments: ['/usr/bin/colcon', 'build', '--packages-select', 'bound_obstacle_detector']
[0.118s] DEBUG:colcon:Parsed command line arguments: Namespace(allow_overriding=[], ament_cmake_args=None, base_paths=['.'], build_base='build', catkin_cmake_args=None, catkin_skip_building_tests=False, cmake_args=None, cmake_clean_cache=False, cmake_clean_first=False, cmake_force_configure=False, cmake_target=None, cmake_target_skip_unavailable=False, continue_on_error=False, event_handlers=None, executor='parallel', ignore_user_meta=False, install_base='install', log_base=None, log_level=None, main=<bound method BuildVerb.main of <colcon_core.verb.build.BuildVerb object at 0x7f2282d64e50>>, merge_install=False, metas=['./colcon.meta'], packages_above=None, packages_above_and_dependencies=None, packages_above_depth=None, packages_end=None, packages_ignore=None, packages_ignore_regex=None, packages_select=['bound_obstacle_detector'], packages_select_build_failed=False, packages_select_by_dep=None, packages_select_regex=None, packages_select_test_failures=False, packages_skip=None, packages_skip_build_finished=False, packages_skip_by_dep=None, packages_skip_regex=None, packages_skip_test_passed=False, packages_skip_up_to=None, packages_start=None, packages_up_to=None, packages_up_to_regex=None, parallel_workers=16, paths=None, symlink_install=False, test_result_base=None, verb_extension=<colcon_core.verb.build.BuildVerb object at 0x7f2282d64e50>, verb_name='build', verb_parser=<colcon_defaults.argument_parser.defaults.DefaultArgumentsDecorator object at 0x7f2282c27040>)
[0.205s] Level 1:colcon.colcon_core.package_discovery:discover_packages(colcon_meta) check parameters
[0.206s] Level 1:colcon.colcon_core.package_discovery:discover_packages(recursive) check parameters
[0.206s] Level 1:colcon.colcon_core.package_discovery:discover_packages(ignore) check parameters
[0.206s] Level 1:colcon.colcon_core.package_discovery:discover_packages(path) check parameters
[0.206s] Level 1:colcon.colcon_core.package_discovery:discover_packages(colcon_meta) discover
[0.206s] Level 1:colcon.colcon_core.package_discovery:discover_packages(recursive) discover
[0.206s] INFO:colcon.colcon_core.package_discovery:Crawling recursively for packages in '/home/moon/sim_ws/src/bound_obstacle_detector'
[0.206s] Level 1:colcon.colcon_core.package_identification:_identify(.) by extensions ['ignore', 'ignore_ament_install']
[0.206s] Level 1:colcon.colcon_core.package_identification:_identify(.) by extension 'ignore'
[0.206s] Level 1:colcon.colcon_core.package_identification:_identify(.) by extension 'ignore_ament_install'
[0.206s] Level 1:colcon.colcon_core.package_identification:_identify(.) by extensions ['colcon_pkg']
[0.206s] Level 1:colcon.colcon_core.package_identification:_identify(.) by extension 'colcon_pkg'
[0.206s] Level 1:colcon.colcon_core.package_identification:_identify(.) by extensions ['colcon_meta']
[0.206s] Level 1:colcon.colcon_core.package_identification:_identify(.) by extension 'colcon_meta'
[0.206s] Level 1:colcon.colcon_core.package_identification:_identify(.) by extensions ['ros']
[0.206s] Level 1:colcon.colcon_core.package_identification:_identify(.) by extension 'ros'
[0.214s] DEBUG:colcon.colcon_core.package_identification:Package '.' with type 'ros.ament_python' and name 'bound_obstacle_detector'
[0.214s] Level 1:colcon.colcon_core.package_discovery:discover_packages(recursive) using defaults
[0.214s] Level 1:colcon.colcon_core.package_discovery:discover_packages(ignore) discover
[0.214s] Level 1:colcon.colcon_core.package_discovery:discover_packages(ignore) using defaults
[0.214s] Level 1:colcon.colcon_core.package_discovery:discover_packages(path) discover
[0.214s] Level 1:colcon.colcon_core.package_discovery:discover_packages(path) using defaults
[0.224s] Level 1:colcon.colcon_core.package_discovery:discover_packages(prefix_path) check parameters
[0.224s] Level 1:colcon.colcon_core.package_discovery:discover_packages(prefix_path) discover
[0.226s] DEBUG:colcon.colcon_installed_package_information.package_discovery:Found 9 installed packages in /home/moon/sim_ws/install
[0.226s] DEBUG:colcon.colcon_installed_package_information.package_discovery:Found 293 installed packages in /opt/ros/foxy
[0.233s] Level 1:colcon.colcon_core.package_discovery:discover_packages(prefix_path) using defaults
[0.264s] Level 5:colcon.colcon_core.verb:set package 'bound_obstacle_detector' build argument 'cmake_args' from command line to 'None'
[0.264s] Level 5:colcon.colcon_core.verb:set package 'bound_obstacle_detector' build argument 'cmake_target' from command line to 'None'
[0.264s] Level 5:colcon.colcon_core.verb:set package 'bound_obstacle_detector' build argument 'cmake_target_skip_unavailable' from command line to 'False'
[0.264s] Level 5:colcon.colcon_core.verb:set package 'bound_obstacle_detector' build argument 'cmake_clean_cache' from command line to 'False'
[0.264s] Level 5:colcon.colcon_core.verb:set package 'bound_obstacle_detector' build argument 'cmake_clean_first' from command line to 'False'
[0.264s] Level 5:colcon.colcon_core.verb:set package 'bound_obstacle_detector' build argument 'cmake_force_configure' from command line to 'False'
[0.264s] Level 5:colcon.colcon_core.verb:set package 'bound_obstacle_detector' build argument 'ament_cmake_args' from command line to 'None'
[0.264s] Level 5:colcon.colcon_core.verb:set package 'bound_obstacle_detector' build argument 'catkin_cmake_args' from command line to 'None'
[0.264s] Level 5:colcon.colcon_core.verb:set package 'bound_obstacle_detector' build argument 'catkin_skip_building_tests' from command line to 'False'
[0.264s] DEBUG:colcon.colcon_core.verb:Building package 'bound_obstacle_detector' with the following arguments: {'ament_cmake_args': None, 'build_base': '/home/moon/sim_ws/src/bound_obstacle_detector/build/bound_obstacle_detector', 'catkin_cmake_args': None, 'catkin_skip_building_tests': False, 'cmake_args': None, 'cmake_clean_cache': False, 'cmake_clean_first': False, 'cmake_force_configure': False, 'cmake_target': None, 'cmake_target_skip_unavailable': False, 'install_base': '/home/moon/sim_ws/src/bound_obstacle_detector/install/bound_obstacle_detector', 'merge_install': False, 'path': '/home/moon/sim_ws/src/bound_obstacle_detector', 'symlink_install': False, 'test_result_base': None}
[0.264s] INFO:colcon.colcon_core.executor:Executing jobs using 'parallel' executor
[0.264s] DEBUG:colcon.colcon_parallel_executor.executor.parallel:run_until_complete
[0.265s] INFO:colcon.colcon_ros.task.ament_python.build:Building ROS package in '/home/moon/sim_ws/src/bound_obstacle_detector' with build type 'ament_python'
[0.265s] Level 1:colcon.colcon_core.shell:create_environment_hook('bound_obstacle_detector', 'ament_prefix_path')
[0.266s] INFO:colcon.colcon_core.plugin_system:Skipping extension 'colcon_core.shell.bat': Not used on non-Windows systems
[0.266s] INFO:colcon.colcon_core.shell:Creating environment hook '/home/moon/sim_ws/src/bound_obstacle_detector/install/bound_obstacle_detector/share/bound_obstacle_detector/hook/ament_prefix_path.ps1'
[0.266s] INFO:colcon.colcon_core.shell:Creating environment descriptor '/home/moon/sim_ws/src/bound_obstacle_detector/install/bound_obstacle_detector/share/bound_obstacle_detector/hook/ament_prefix_path.dsv'
[0.266s] INFO:colcon.colcon_core.shell:Creating environment hook '/home/moon/sim_ws/src/bound_obstacle_detector/install/bound_obstacle_detector/share/bound_obstacle_detector/hook/ament_prefix_path.sh'
[0.267s] INFO:colcon.colcon_core.shell:Skip shell extension 'powershell' for command environment: Not usable outside of PowerShell
[0.267s] DEBUG:colcon.colcon_core.shell:Skip shell extension 'dsv' for command environment
[0.393s] INFO:colcon.colcon_core.task.python.build:Building Python package in '/home/moon/sim_ws/src/bound_obstacle_detector'
[0.394s] INFO:colcon.colcon_core.shell:Skip shell extension 'powershell' for command environment: Not usable outside of PowerShell
[0.394s] DEBUG:colcon.colcon_core.shell:Skip shell extension 'dsv' for command environment
[0.648s] DEBUG:colcon.colcon_core.event_handler.log_command:Invoking command in '/home/moon/sim_ws/src/bound_obstacle_detector': CONDA_PROMPT_MODIFIER=(f110) PYTHONPATH=/home/moon/sim_ws/src/bound_obstacle_detector/build/bound_obstacle_detector/prefix_override:/usr/lib/python3/dist-packages/colcon_core/task/python/colcon_distutils_commands:/home/moon/sim_ws/src/bound_obstacle_detector/install/bound_obstacle_detector/lib/python3.8/site-packages:${PYTHONPATH} /usr/bin/python3 -W ignore:setup.py install is deprecated -W ignore:easy_install command is deprecated setup.py egg_info --egg-base build/bound_obstacle_detector build --build-base /home/moon/sim_ws/src/bound_obstacle_detector/build/bound_obstacle_detector/build install --record /home/moon/sim_ws/src/bound_obstacle_detector/build/bound_obstacle_detector/install.log --single-version-externally-managed install_data
[0.818s] DEBUG:colcon.colcon_core.event_handler.log_command:Invoked command in '/home/moon/sim_ws/src/bound_obstacle_detector' returned '0': CONDA_PROMPT_MODIFIER=(f110) PYTHONPATH=/home/moon/sim_ws/src/bound_obstacle_detector/build/bound_obstacle_detector/prefix_override:/usr/lib/python3/dist-packages/colcon_core/task/python/colcon_distutils_commands:/home/moon/sim_ws/src/bound_obstacle_detector/install/bound_obstacle_detector/lib/python3.8/site-packages:${PYTHONPATH} /usr/bin/python3 -W ignore:setup.py install is deprecated -W ignore:easy_install command is deprecated setup.py egg_info --egg-base build/bound_obstacle_detector build --build-base /home/moon/sim_ws/src/bound_obstacle_detector/build/bound_obstacle_detector/build install --record /home/moon/sim_ws/src/bound_obstacle_detector/build/bound_obstacle_detector/install.log --single-version-externally-managed install_data
[0.819s] Level 1:colcon.colcon_core.environment:checking '/home/moon/sim_ws/src/bound_obstacle_detector/install/bound_obstacle_detector' for CMake module files
[0.819s] Level 1:colcon.colcon_core.environment:checking '/home/moon/sim_ws/src/bound_obstacle_detector/install/bound_obstacle_detector' for CMake config files
[0.820s] Level 1:colcon.colcon_core.environment:checking '/home/moon/sim_ws/src/bound_obstacle_detector/install/bound_obstacle_detector/lib'
[0.820s] Level 1:colcon.colcon_core.environment:checking '/home/moon/sim_ws/src/bound_obstacle_detector/install/bound_obstacle_detector/bin'
[0.820s] Level 1:colcon.colcon_core.environment:checking '/home/moon/sim_ws/src/bound_obstacle_detector/install/bound_obstacle_detector/lib/pkgconfig/bound_obstacle_detector.pc'
[0.820s] Level 1:colcon.colcon_core.environment:checking '/home/moon/sim_ws/src/bound_obstacle_detector/install/bound_obstacle_detector/lib/python3.8/site-packages'
[0.820s] Level 1:colcon.colcon_core.shell:create_environment_hook('bound_obstacle_detector', 'pythonpath')
[0.820s] INFO:colcon.colcon_core.shell:Creating environment hook '/home/moon/sim_ws/src/bound_obstacle_detector/install/bound_obstacle_detector/share/bound_obstacle_detector/hook/pythonpath.ps1'
[0.821s] INFO:colcon.colcon_core.shell:Creating environment descriptor '/home/moon/sim_ws/src/bound_obstacle_detector/install/bound_obstacle_detector/share/bound_obstacle_detector/hook/pythonpath.dsv'
[0.821s] INFO:colcon.colcon_core.shell:Creating environment hook '/home/moon/sim_ws/src/bound_obstacle_detector/install/bound_obstacle_detector/share/bound_obstacle_detector/hook/pythonpath.sh'
[0.821s] Level 1:colcon.colcon_core.environment:checking '/home/moon/sim_ws/src/bound_obstacle_detector/install/bound_obstacle_detector/bin'
[0.821s] Level 1:colcon.colcon_core.environment:create_environment_scripts_only(bound_obstacle_detector)
[0.821s] INFO:colcon.colcon_core.shell:Creating package script '/home/moon/sim_ws/src/bound_obstacle_detector/install/bound_obstacle_detector/share/bound_obstacle_detector/package.ps1'
[0.822s] INFO:colcon.colcon_core.shell:Creating package descriptor '/home/moon/sim_ws/src/bound_obstacle_detector/install/bound_obstacle_detector/share/bound_obstacle_detector/package.dsv'
[0.823s] INFO:colcon.colcon_core.shell:Creating package script '/home/moon/sim_ws/src/bound_obstacle_detector/install/bound_obstacle_detector/share/bound_obstacle_detector/package.sh'
[0.823s] INFO:colcon.colcon_core.shell:Creating package script '/home/moon/sim_ws/src/bound_obstacle_detector/install/bound_obstacle_detector/share/bound_obstacle_detector/package.bash'
[0.824s] INFO:colcon.colcon_core.shell:Creating package script '/home/moon/sim_ws/src/bound_obstacle_detector/install/bound_obstacle_detector/share/bound_obstacle_detector/package.zsh'
[0.824s] Level 1:colcon.colcon_core.environment:create_file_with_runtime_dependencies(/home/moon/sim_ws/src/bound_obstacle_detector/install/bound_obstacle_detector/share/colcon-core/packages/bound_obstacle_detector)
[0.824s] DEBUG:colcon.colcon_parallel_executor.executor.parallel:closing loop
[0.825s] DEBUG:colcon.colcon_parallel_executor.executor.parallel:loop closed
[0.825s] DEBUG:colcon.colcon_parallel_executor.executor.parallel:run_until_complete finished with '0'
[0.825s] DEBUG:colcon.colcon_core.event_reactor:joining thread
[0.828s] INFO:colcon.colcon_core.plugin_system:Skipping extension 'colcon_notification.desktop_notification.terminal_notifier': Not used on non-Darwin systems
[0.828s] INFO:colcon.colcon_core.plugin_system:Skipping extension 'colcon_notification.desktop_notification.win32': Not used on non-Windows systems
[0.828s] INFO:colcon.colcon_notification.desktop_notification:Sending desktop notification using 'notify2'
[0.837s] DEBUG:colcon.colcon_core.event_reactor:joined thread
[0.838s] INFO:colcon.colcon_core.shell:Creating prefix script '/home/moon/sim_ws/src/bound_obstacle_detector/install/local_setup.ps1'
[0.838s] INFO:colcon.colcon_core.shell:Creating prefix util module '/home/moon/sim_ws/src/bound_obstacle_detector/install/_local_setup_util_ps1.py'
[0.839s] INFO:colcon.colcon_core.shell:Creating prefix chain script '/home/moon/sim_ws/src/bound_obstacle_detector/install/setup.ps1'
[0.840s] INFO:colcon.colcon_core.shell:Creating prefix script '/home/moon/sim_ws/src/bound_obstacle_detector/install/local_setup.sh'
[0.840s] INFO:colcon.colcon_core.shell:Creating prefix util module '/home/moon/sim_ws/src/bound_obstacle_detector/install/_local_setup_util_sh.py'
[0.841s] INFO:colcon.colcon_core.shell:Creating prefix chain script '/home/moon/sim_ws/src/bound_obstacle_detector/install/setup.sh'
[0.842s] INFO:colcon.colcon_core.shell:Creating prefix script '/home/moon/sim_ws/src/bound_obstacle_detector/install/local_setup.bash'
[0.842s] INFO:colcon.colcon_core.shell:Creating prefix chain script '/home/moon/sim_ws/src/bound_obstacle_detector/install/setup.bash'
[0.843s] INFO:colcon.colcon_core.shell:Creating prefix script '/home/moon/sim_ws/src/bound_obstacle_detector/install/local_setup.zsh'
[0.843s] INFO:colcon.colcon_core.shell:Creating prefix chain script '/home/moon/sim_ws/src/bound_obstacle_detector/install/setup.zsh'
