[0.079s] Invoking command in '/home/f1/f1tenth_ws/build/real_pure_pursuit': CMAKE_PREFIX_PATH=/opt/ros/foxy /usr/bin/cmake /home/f1/f1tenth_ws/src/real_pure_pursuit -DCMAKE_INSTALL_PREFIX=/home/f1/f1tenth_ws/install/real_pure_pursuit
[0.162s] -- Found ament_cmake: 0.9.12 (/opt/ros/foxy/share/ament_cmake/cmake)
[0.289s] -- Using PYTHON_EXECUTABLE: /usr/bin/python3
[1.364s] -- Override CMake install command with custom implementation using symlinks instead of copying resources
[1.418s] -- Found rclcpp: 2.4.3 (/opt/ros/foxy/share/rclcpp/cmake)
[1.606s] -- Using all available rosidl_typesupport_c: rosidl_typesupport_fastrtps_c;rosidl_typesupport_introspection_c
[1.625s] -- Found rosidl_adapter: 1.3.1 (/opt/ros/foxy/share/rosidl_adapter/cmake)
[2.059s] -- Using all available rosidl_typesupport_cpp: rosidl_typesupport_fastrtps_cpp;rosidl_typesupport_introspection_cpp
[2.319s] -- Found rmw_implementation_cmake: 1.0.4 (/opt/ros/foxy/share/rmw_implementation_cmake/cmake)
[2.326s] -- Using RMW implementation 'rmw_fastrtps_cpp' as default
[3.019s] -- Found geometry_msgs: 2.0.5 (/opt/ros/foxy/share/geometry_msgs/cmake)
[3.169s] -- Found nav_msgs: 2.0.5 (/opt/ros/foxy/share/nav_msgs/cmake)
[3.487s] -- Found sensor_msgs: 2.0.5 (/opt/ros/foxy/share/sensor_msgs/cmake)
[3.798s] -- Found ackermann_msgs: 2.0.2 (/opt/ros/foxy/share/ackermann_msgs/cmake)
[3.951s] -- Found visualization_msgs: 2.0.5 (/opt/ros/foxy/share/visualization_msgs/cmake)
[4.258s] -- Found tf2: 0.13.14 (/opt/ros/foxy/share/tf2/cmake)
[4.305s] -- Found tf2_ros: 0.13.14 (/opt/ros/foxy/share/tf2_ros/cmake)
[5.712s] -- Found tf2_geometry_msgs: 0.13.14 (/opt/ros/foxy/share/tf2_geometry_msgs/cmake)
[5.746s] -- Found eigen3_cmake_module: 0.1.1 (/opt/ros/foxy/share/eigen3_cmake_module/cmake)
[5.882s] -- Found ament_lint_auto: 0.9.8 (/opt/ros/foxy/share/ament_lint_auto/cmake)
[6.242s] -- Added test 'copyright' to check source files copyright and LICENSE
[6.249s] -- Added test 'cppcheck' to perform static code analysis on C / C++ code
[6.250s] -- Configured cppcheck include dirs: 
[6.250s] -- Configured cppcheck exclude dirs and/or files: 
[6.254s] -- Added test 'cpplint' to check C / C++ code against the Google style
[6.254s] -- Configured cpplint exclude dirs and/or files: 
[6.256s] -- Added test 'flake8' to check Python code syntax and style conventions
[6.258s] -- Added test 'lint_cmake' to check CMake code style
[6.260s] -- Added test 'pep257' to check Python code against some of the style conventions in PEP 257
[6.265s] -- Added test 'uncrustify' to check C / C++ code style
[6.265s] -- Configured uncrustify additional arguments: 
[6.267s] -- Added test 'xmllint' to check XML markup files
[6.296s] -- Configuring done
[6.399s] -- Generating done
[6.442s] -- Build files have been written to: /home/f1/f1tenth_ws/build/real_pure_pursuit
[6.480s] Invoked command in '/home/f1/f1tenth_ws/build/real_pure_pursuit' returned '0': CMAKE_PREFIX_PATH=/opt/ros/foxy /usr/bin/cmake /home/f1/f1tenth_ws/src/real_pure_pursuit -DCMAKE_INSTALL_PREFIX=/home/f1/f1tenth_ws/install/real_pure_pursuit
[6.503s] Invoking command in '/home/f1/f1tenth_ws/build/real_pure_pursuit': CMAKE_PREFIX_PATH=/opt/ros/foxy /usr/bin/cmake --build /home/f1/f1tenth_ws/build/real_pure_pursuit -- -j6 -l6
[6.950s] Scanning dependencies of target real_pure_pursuit_node
[7.057s] [ 50%] Building CXX object CMakeFiles/real_pure_pursuit_node.dir/src/real_pure_pursuit_node.cpp.o
[62.766s] [100%] Linking CXX executable real_pure_pursuit_node
[63.678s] [100%] Built target real_pure_pursuit_node
[63.743s] Invoked command in '/home/f1/f1tenth_ws/build/real_pure_pursuit' returned '0': CMAKE_PREFIX_PATH=/opt/ros/foxy /usr/bin/cmake --build /home/f1/f1tenth_ws/build/real_pure_pursuit -- -j6 -l6
[63.834s] Invoking command in '/home/f1/f1tenth_ws/build/real_pure_pursuit': CMAKE_PREFIX_PATH=/opt/ros/foxy /usr/bin/cmake --install /home/f1/f1tenth_ws/build/real_pure_pursuit
[63.884s] -- Install configuration: "Release"
[63.886s] -- Execute custom install script
[63.891s] -- Up-to-date symlink: /home/f1/f1tenth_ws/install/real_pure_pursuit/lib/real_pure_pursuit/real_pure_pursuit_node
[63.896s] -- Up-to-date symlink: /home/f1/f1tenth_ws/install/real_pure_pursuit/share/real_pure_pursuit//launch/real_autonomous_driving.launch.py
[63.898s] -- Up-to-date symlink: /home/f1/f1tenth_ws/install/real_pure_pursuit/share/ament_index/resource_index/package_run_dependencies/real_pure_pursuit
[63.899s] -- Up-to-date symlink: /home/f1/f1tenth_ws/install/real_pure_pursuit/share/ament_index/resource_index/parent_prefix_path/real_pure_pursuit
[63.902s] -- Up-to-date symlink: /home/f1/f1tenth_ws/install/real_pure_pursuit/share/real_pure_pursuit/environment/ament_prefix_path.sh
[63.904s] -- Up-to-date symlink: /home/f1/f1tenth_ws/install/real_pure_pursuit/share/real_pure_pursuit/environment/ament_prefix_path.dsv
[63.906s] -- Up-to-date symlink: /home/f1/f1tenth_ws/install/real_pure_pursuit/share/real_pure_pursuit/environment/path.sh
[63.906s] -- Up-to-date symlink: /home/f1/f1tenth_ws/install/real_pure_pursuit/share/real_pure_pursuit/environment/path.dsv
[63.908s] -- Up-to-date symlink: /home/f1/f1tenth_ws/install/real_pure_pursuit/share/real_pure_pursuit/local_setup.bash
[63.910s] -- Up-to-date symlink: /home/f1/f1tenth_ws/install/real_pure_pursuit/share/real_pure_pursuit/local_setup.sh
[63.911s] -- Up-to-date symlink: /home/f1/f1tenth_ws/install/real_pure_pursuit/share/real_pure_pursuit/local_setup.zsh
[63.913s] -- Up-to-date symlink: /home/f1/f1tenth_ws/install/real_pure_pursuit/share/real_pure_pursuit/local_setup.dsv
[63.915s] -- Symlinking: /home/f1/f1tenth_ws/install/real_pure_pursuit/share/real_pure_pursuit/package.dsv
[63.969s] -- Up-to-date symlink: /home/f1/f1tenth_ws/install/real_pure_pursuit/share/ament_index/resource_index/packages/real_pure_pursuit
[63.971s] -- Up-to-date symlink: /home/f1/f1tenth_ws/install/real_pure_pursuit/share/real_pure_pursuit/cmake/real_pure_pursuitConfig.cmake
[63.971s] -- Up-to-date symlink: /home/f1/f1tenth_ws/install/real_pure_pursuit/share/real_pure_pursuit/cmake/real_pure_pursuitConfig-version.cmake
[63.976s] -- Up-to-date symlink: /home/f1/f1tenth_ws/install/real_pure_pursuit/share/real_pure_pursuit/package.xml
[63.996s] Invoked command in '/home/f1/f1tenth_ws/build/real_pure_pursuit' returned '0': CMAKE_PREFIX_PATH=/opt/ros/foxy /usr/bin/cmake --install /home/f1/f1tenth_ws/build/real_pure_pursuit
