[0.465s] Invoking command in '/home/sh/projects/f1tenth_miru3/build/map_controller': CMAKE_PREFIX_PATH=${CMAKE_PREFIX_PATH}:/home/sh/projects/f1tenth_miru3/install/joy_teleop:/home/sh/projects/f1tenth_miru3/install/pygame_key_teleop:/home/sh/projects/f1tenth_miru3/install/mouse_teleop:/home/sh/projects/f1tenth_miru3/install/key_teleop:/home/sh/projects/f1tenth_miru3/install/forza_map_controller:/home/sh/f1tenth_ws/install/f1tenth_gym_ros:/opt/ros/humble /usr/bin/cmake --build /home/sh/projects/f1tenth_miru3/build/map_controller -- -j16 -l16
[0.669s] [ 60%] Built target map_controller_core
[0.669s] [100%] Built target map_controller_node
[0.863s] Invoked command in '/home/sh/projects/f1tenth_miru3/build/map_controller' returned '0': CMAKE_PREFIX_PATH=${CMAKE_PREFIX_PATH}:/home/sh/projects/f1tenth_miru3/install/joy_teleop:/home/sh/projects/f1tenth_miru3/install/pygame_key_teleop:/home/sh/projects/f1tenth_miru3/install/mouse_teleop:/home/sh/projects/f1tenth_miru3/install/key_teleop:/home/sh/projects/f1tenth_miru3/install/forza_map_controller:/home/sh/f1tenth_ws/install/f1tenth_gym_ros:/opt/ros/humble /usr/bin/cmake --build /home/sh/projects/f1tenth_miru3/build/map_controller -- -j16 -l16
[0.865s] Invoking command in '/home/sh/projects/f1tenth_miru3/build/map_controller': CMAKE_PREFIX_PATH=${CMAKE_PREFIX_PATH}:/home/sh/projects/f1tenth_miru3/install/joy_teleop:/home/sh/projects/f1tenth_miru3/install/pygame_key_teleop:/home/sh/projects/f1tenth_miru3/install/mouse_teleop:/home/sh/projects/f1tenth_miru3/install/key_teleop:/home/sh/projects/f1tenth_miru3/install/forza_map_controller:/home/sh/f1tenth_ws/install/f1tenth_gym_ros:/opt/ros/humble /usr/bin/cmake --install /home/sh/projects/f1tenth_miru3/build/map_controller
[0.881s] -- Install configuration: ""
[0.881s] -- Execute custom install script
[0.882s] -- Up-to-date symlink: /home/sh/projects/f1tenth_miru3/install/map_controller/lib/map_controller/libmap_controller_core.a
[0.883s] -- Up-to-date symlink: /home/sh/projects/f1tenth_miru3/install/map_controller/lib/map_controller/map_controller_node
[0.884s] -- Up-to-date symlink: /home/sh/projects/f1tenth_miru3/install/map_controller/include/map_controller/map_controller.hpp
[0.884s] -- Up-to-date symlink: /home/sh/projects/f1tenth_miru3/install/map_controller/include/map_controller/steering_lookup.hpp
[0.884s] -- Up-to-date symlink: /home/sh/projects/f1tenth_miru3/install/map_controller/share/map_controller/config/map_controller_params.yaml
[0.884s] -- Up-to-date symlink: /home/sh/projects/f1tenth_miru3/install/map_controller/share/map_controller/config/steering_lookup/NUC2_pacejka_lookup_table.csv
[0.884s] -- Up-to-date symlink: /home/sh/projects/f1tenth_miru3/install/map_controller/share/map_controller/launch/map_controller_launch.py
[0.884s] -- Up-to-date symlink: /home/sh/projects/f1tenth_miru3/install/map_controller/share/map_controller/launch/map_controller_sim_launch.py
[0.885s] -- Up-to-date symlink: /home/sh/projects/f1tenth_miru3/install/map_controller/share/map_controller/launch/map_controller_sim_with_odom_bridge.launch.py
[0.885s] -- Up-to-date symlink: /home/sh/projects/f1tenth_miru3/install/map_controller/share/map_controller/launch/map_controller_with_bringup.launch.py
[0.886s] -- Up-to-date symlink: /home/sh/projects/f1tenth_miru3/install/map_controller/lib/map_controller/odom_to_amcl_bridge.py
[0.889s] -- Up-to-date symlink: /home/sh/projects/f1tenth_miru3/install/map_controller/lib/map_controller/record_waypoints.py
[0.890s] -- Up-to-date symlink: /home/sh/projects/f1tenth_miru3/install/map_controller/lib/map_controller/ackermann_teleop.py
[0.890s] -- Up-to-date symlink: /home/sh/projects/f1tenth_miru3/install/map_controller/share/ament_index/resource_index/package_run_dependencies/map_controller
[0.890s] -- Up-to-date symlink: /home/sh/projects/f1tenth_miru3/install/map_controller/share/ament_index/resource_index/parent_prefix_path/map_controller
[0.890s] -- Up-to-date symlink: /home/sh/projects/f1tenth_miru3/install/map_controller/share/map_controller/environment/ament_prefix_path.sh
[0.890s] -- Up-to-date symlink: /home/sh/projects/f1tenth_miru3/install/map_controller/share/map_controller/environment/ament_prefix_path.dsv
[0.890s] -- Up-to-date symlink: /home/sh/projects/f1tenth_miru3/install/map_controller/share/map_controller/environment/path.sh
[0.891s] -- Up-to-date symlink: /home/sh/projects/f1tenth_miru3/install/map_controller/share/map_controller/environment/path.dsv
[0.891s] -- Up-to-date symlink: /home/sh/projects/f1tenth_miru3/install/map_controller/share/map_controller/local_setup.bash
[0.891s] -- Up-to-date symlink: /home/sh/projects/f1tenth_miru3/install/map_controller/share/map_controller/local_setup.sh
[0.891s] -- Up-to-date symlink: /home/sh/projects/f1tenth_miru3/install/map_controller/share/map_controller/local_setup.zsh
[0.891s] -- Up-to-date symlink: /home/sh/projects/f1tenth_miru3/install/map_controller/share/map_controller/local_setup.dsv
[0.891s] -- Symlinking: /home/sh/projects/f1tenth_miru3/install/map_controller/share/map_controller/package.dsv
[0.906s] -- Up-to-date symlink: /home/sh/projects/f1tenth_miru3/install/map_controller/share/ament_index/resource_index/packages/map_controller
[0.907s] -- Up-to-date symlink: /home/sh/projects/f1tenth_miru3/install/map_controller/share/map_controller/cmake/map_controllerConfig.cmake
[0.907s] -- Up-to-date symlink: /home/sh/projects/f1tenth_miru3/install/map_controller/share/map_controller/cmake/map_controllerConfig-version.cmake
[0.907s] -- Up-to-date symlink: /home/sh/projects/f1tenth_miru3/install/map_controller/share/map_controller/package.xml
[0.940s] Invoked command in '/home/sh/projects/f1tenth_miru3/build/map_controller' returned '0': CMAKE_PREFIX_PATH=${CMAKE_PREFIX_PATH}:/home/sh/projects/f1tenth_miru3/install/joy_teleop:/home/sh/projects/f1tenth_miru3/install/pygame_key_teleop:/home/sh/projects/f1tenth_miru3/install/mouse_teleop:/home/sh/projects/f1tenth_miru3/install/key_teleop:/home/sh/projects/f1tenth_miru3/install/forza_map_controller:/home/sh/f1tenth_ws/install/f1tenth_gym_ros:/opt/ros/humble /usr/bin/cmake --install /home/sh/projects/f1tenth_miru3/build/map_controller
