running develop
Removing /home/moon/sim_ws/install/bubble_memory/lib/python3.8/site-packages/bubble-memory.egg-link (link to .)
running egg_info
writing ../../build/bubble_memory/bubble_memory.egg-info/PKG-INFO
writing dependency_links to ../../build/bubble_memory/bubble_memory.egg-info/dependency_links.txt
writing entry points to ../../build/bubble_memory/bubble_memory.egg-info/entry_points.txt
writing requirements to ../../build/bubble_memory/bubble_memory.egg-info/requires.txt
writing top-level names to ../../build/bubble_memory/bubble_memory.egg-info/top_level.txt
reading manifest file '../../build/bubble_memory/bubble_memory.egg-info/SOURCES.txt'
writing manifest file '../../build/bubble_memory/bubble_memory.egg-info/SOURCES.txt'
running build
running build_py
running install
running install_lib
creating /home/moon/sim_ws/install/bubble_memory/lib/python3.8/site-packages/bubble_memory
copying /home/moon/sim_ws/build/bubble_memory/build/lib/bubble_memory/bubble_memory_node.py -> /home/moon/sim_ws/install/bubble_memory/lib/python3.8/site-packages/bubble_memory
copying /home/moon/sim_ws/build/bubble_memory/build/lib/bubble_memory/__init__.py -> /home/moon/sim_ws/install/bubble_memory/lib/python3.8/site-packages/bubble_memory
byte-compiling /home/moon/sim_ws/install/bubble_memory/lib/python3.8/site-packages/bubble_memory/bubble_memory_node.py to bubble_memory_node.cpython-38.pyc
byte-compiling /home/moon/sim_ws/install/bubble_memory/lib/python3.8/site-packages/bubble_memory/__init__.py to __init__.cpython-38.pyc
running install_data
copying resource/bubble_memory -> /home/moon/sim_ws/install/bubble_memory/share/ament_index/resource_index/packages
copying package.xml -> /home/moon/sim_ws/install/bubble_memory/share/bubble_memory
copying launch/bubble_memory.launch.py -> /home/moon/sim_ws/install/bubble_memory/share/bubble_memory/launch
running install_egg_info
Copying ../../build/bubble_memory/bubble_memory.egg-info to /home/moon/sim_ws/install/bubble_memory/lib/python3.8/site-packages/bubble_memory-0.0.1-py3.8.egg-info
running install_scripts
Installing bubble_memory script to /home/moon/sim_ws/install/bubble_memory/lib/bubble_memory
writing list of installed files to '/home/moon/sim_ws/build/bubble_memory/install.log'
