[0.498s] Invoking command in '/home/moon/sim_ws/build/key_teleop': CMAKE_PREFIX_PATH=${CMAKE_PREFIX_PATH}:/home/moon/sim_ws/install/bubble_memory:/home/moon/sim_ws/install/centerline_planner:/home/moon/sim_ws/install/f1tenth_gym_ros:/opt/ros/foxy PS1=\[\e]0;\u@\h: \w\a\]${debian_chroot:+($debian_chroot)}\[\033[01;32m\]\u@\h\[\033[00m\]:\[\033[01;34m\]\w\[\033[00m\]\$ /usr/bin/cmake --build /home/moon/sim_ws/build/key_teleop -- -j16 -l16
[0.547s] [100%] Built target keyboard_teleop
[0.556s] Invoked command in '/home/moon/sim_ws/build/key_teleop' returned '0': CMAKE_PREFIX_PATH=${CMAKE_PREFIX_PATH}:/home/moon/sim_ws/install/bubble_memory:/home/moon/sim_ws/install/centerline_planner:/home/moon/sim_ws/install/f1tenth_gym_ros:/opt/ros/foxy PS1=\[\e]0;\u@\h: \w\a\]${debian_chroot:+($debian_chroot)}\[\033[01;32m\]\u@\h\[\033[00m\]:\[\033[01;34m\]\w\[\033[00m\]\$ /usr/bin/cmake --build /home/moon/sim_ws/build/key_teleop -- -j16 -l16
[0.558s] Invoking command in '/home/moon/sim_ws/build/key_teleop': CMAKE_PREFIX_PATH=${CMAKE_PREFIX_PATH}:/home/moon/sim_ws/install/bubble_memory:/home/moon/sim_ws/install/centerline_planner:/home/moon/sim_ws/install/f1tenth_gym_ros:/opt/ros/foxy PS1=\[\e]0;\u@\h: \w\a\]${debian_chroot:+($debian_chroot)}\[\033[01;32m\]\u@\h\[\033[00m\]:\[\033[01;34m\]\w\[\033[00m\]\$ /usr/bin/cmake --install /home/moon/sim_ws/build/key_teleop
[0.563s] -- Install configuration: ""
[0.564s] -- Up-to-date: /home/moon/sim_ws/install/key_teleop/lib/key_teleop/keyboard_teleop
[0.564s] -- Up-to-date: /home/moon/sim_ws/install/key_teleop/share/ament_index/resource_index/package_run_dependencies/key_teleop
[0.564s] -- Up-to-date: /home/moon/sim_ws/install/key_teleop/share/ament_index/resource_index/parent_prefix_path/key_teleop
[0.564s] -- Up-to-date: /home/moon/sim_ws/install/key_teleop/share/key_teleop/environment/ament_prefix_path.sh
[0.564s] -- Up-to-date: /home/moon/sim_ws/install/key_teleop/share/key_teleop/environment/ament_prefix_path.dsv
[0.564s] -- Up-to-date: /home/moon/sim_ws/install/key_teleop/share/key_teleop/environment/path.sh
[0.564s] -- Up-to-date: /home/moon/sim_ws/install/key_teleop/share/key_teleop/environment/path.dsv
[0.564s] -- Up-to-date: /home/moon/sim_ws/install/key_teleop/share/key_teleop/local_setup.bash
[0.564s] -- Up-to-date: /home/moon/sim_ws/install/key_teleop/share/key_teleop/local_setup.sh
[0.564s] -- Up-to-date: /home/moon/sim_ws/install/key_teleop/share/key_teleop/local_setup.zsh
[0.564s] -- Up-to-date: /home/moon/sim_ws/install/key_teleop/share/key_teleop/local_setup.dsv
[0.564s] -- Installing: /home/moon/sim_ws/install/key_teleop/share/key_teleop/package.dsv
[0.565s] -- Up-to-date: /home/moon/sim_ws/install/key_teleop/share/ament_index/resource_index/packages/key_teleop
[0.565s] -- Up-to-date: /home/moon/sim_ws/install/key_teleop/share/key_teleop/cmake/key_teleopConfig.cmake
[0.565s] -- Up-to-date: /home/moon/sim_ws/install/key_teleop/share/key_teleop/cmake/key_teleopConfig-version.cmake
[0.565s] -- Up-to-date: /home/moon/sim_ws/install/key_teleop/share/key_teleop/package.xml
[0.566s] Invoked command in '/home/moon/sim_ws/build/key_teleop' returned '0': CMAKE_PREFIX_PATH=${CMAKE_PREFIX_PATH}:/home/moon/sim_ws/install/bubble_memory:/home/moon/sim_ws/install/centerline_planner:/home/moon/sim_ws/install/f1tenth_gym_ros:/opt/ros/foxy PS1=\[\e]0;\u@\h: \w\a\]${debian_chroot:+($debian_chroot)}\[\033[01;32m\]\u@\h\[\033[00m\]:\[\033[01;34m\]\w\[\033[00m\]\$ /usr/bin/cmake --install /home/moon/sim_ws/build/key_teleop
