[8.496s] Invoking command in '/home/f1/f1tenth_ws/build/map_controller': PYTHONPATH=/home/f1/f1tenth_ws/build/map_controller/prefix_override:/usr/lib/python3/dist-packages/colcon_core/task/python/colcon_distutils_commands:/home/f1/f1tenth_ws/install/map_controller/lib/python3.8/site-packages:${PYTHONPATH} /usr/bin/python3 -W ignore:setup.py install is deprecated -W ignore:easy_install command is deprecated setup.py develop --editable --build-directory /home/f1/f1tenth_ws/build/map_controller/build --no-deps symlink_data --force
[10.896s] running develop
[12.343s] running egg_info
[12.347s] writing map_controller.egg-info/PKG-INFO
[12.348s] writing dependency_links to map_controller.egg-info/dependency_links.txt
[12.353s] writing entry points to map_controller.egg-info/entry_points.txt
[12.358s] writing requirements to map_controller.egg-info/requires.txt
[12.359s] writing top-level names to map_controller.egg-info/top_level.txt
[12.571s] reading manifest file 'map_controller.egg-info/SOURCES.txt'
[12.583s] writing manifest file 'map_controller.egg-info/SOURCES.txt'
[12.972s] running build_ext
[12.973s] Creating /home/f1/f1tenth_ws/install/map_controller/lib/python3.8/site-packages/map-controller.egg-link (link to .)
[12.976s] Installing map_controller script to /home/f1/f1tenth_ws/install/map_controller/lib/map_controller
[12.979s] 
[12.979s] Installed /home/f1/f1tenth_ws/build/map_controller
[12.980s] running symlink_data
[12.993s] symbolically linking /home/f1/f1tenth_ws/build/map_controller/resource/map_controller -> /home/f1/f1tenth_ws/install/map_controller/share/ament_index/resource_index/packages
[12.999s] symbolically linking /home/f1/f1tenth_ws/build/map_controller/package.xml -> /home/f1/f1tenth_ws/install/map_controller/share/map_controller
[13.000s] symbolically linking /home/f1/f1tenth_ws/build/map_controller/launch/map_controller.launch.py -> /home/f1/f1tenth_ws/install/map_controller/share/map_controller/launch
[13.004s] symbolically linking /home/f1/f1tenth_ws/build/map_controller/launch/map_with_bound.launch.py -> /home/f1/f1tenth_ws/install/map_controller/share/map_controller/launch
[13.005s] symbolically linking /home/f1/f1tenth_ws/build/map_controller/config/map_controller_params.yaml -> /home/f1/f1tenth_ws/install/map_controller/share/map_controller/config
[13.010s] symbolically linking /home/f1/f1tenth_ws/build/map_controller/config/steering_lut/NUC2_pacejka_lookup_table.csv -> /home/f1/f1tenth_ws/install/map_controller/share/map_controller/config/steering_lut
[13.231s] Invoked command in '/home/f1/f1tenth_ws/build/map_controller' returned '0': PYTHONPATH=/home/f1/f1tenth_ws/build/map_controller/prefix_override:/usr/lib/python3/dist-packages/colcon_core/task/python/colcon_distutils_commands:/home/f1/f1tenth_ws/install/map_controller/lib/python3.8/site-packages:${PYTHONPATH} /usr/bin/python3 -W ignore:setup.py install is deprecated -W ignore:easy_install command is deprecated setup.py develop --editable --build-directory /home/f1/f1tenth_ws/build/map_controller/build --no-deps symlink_data --force
