[0.770s] Invoking command in '/home/moon/sim_ws/src/centerline_planner': PS1=\[\e]0;\u@\h: \w\a\]${debian_chroot:+($debian_chroot)}\[\033[01;32m\]\u@\h\[\033[00m\]:\[\033[01;34m\]\w\[\033[00m\]\$ PYTHONPATH=/home/moon/sim_ws/build/centerline_planner/prefix_override:/usr/lib/python3/dist-packages/colcon_core/task/python/colcon_distutils_commands:/home/moon/sim_ws/install/centerline_planner/lib/python3.8/site-packages:${PYTHONPATH} /usr/bin/python3 -W ignore:setup.py install is deprecated -W ignore:easy_install command is deprecated setup.py egg_info --egg-base ../../build/centerline_planner build --build-base /home/moon/sim_ws/build/centerline_planner/build install --record /home/moon/sim_ws/build/centerline_planner/install.log --install-scripts $base/lib/centerline_planner --single-version-externally-managed install_data
[0.890s] running egg_info
[0.891s] writing ../../build/centerline_planner/centerline_planner.egg-info/PKG-INFO
[0.891s] writing dependency_links to ../../build/centerline_planner/centerline_planner.egg-info/dependency_links.txt
[0.891s] writing entry points to ../../build/centerline_planner/centerline_planner.egg-info/entry_points.txt
[0.891s] writing requirements to ../../build/centerline_planner/centerline_planner.egg-info/requires.txt
[0.891s] writing top-level names to ../../build/centerline_planner/centerline_planner.egg-info/top_level.txt
[0.910s] reading manifest file '../../build/centerline_planner/centerline_planner.egg-info/SOURCES.txt'
[0.910s] writing manifest file '../../build/centerline_planner/centerline_planner.egg-info/SOURCES.txt'
[0.910s] running build
[0.910s] running build_py
[0.910s] running install
[0.911s] running install_lib
[0.912s] running install_data
[0.912s] running install_egg_info
[0.913s] removing '/home/moon/sim_ws/install/centerline_planner/lib/python3.8/site-packages/centerline_planner-0.0.1-py3.8.egg-info' (and everything under it)
[0.913s] Copying ../../build/centerline_planner/centerline_planner.egg-info to /home/moon/sim_ws/install/centerline_planner/lib/python3.8/site-packages/centerline_planner-0.0.1-py3.8.egg-info
[0.913s] running install_scripts
[0.924s] Installing centerline_pub script to /home/moon/sim_ws/install/centerline_planner/lib/centerline_planner
[0.924s] Installing path_pure_pursuit script to /home/moon/sim_ws/install/centerline_planner/lib/centerline_planner
[0.924s] writing list of installed files to '/home/moon/sim_ws/build/centerline_planner/install.log'
[0.939s] Invoked command in '/home/moon/sim_ws/src/centerline_planner' returned '0': PS1=\[\e]0;\u@\h: \w\a\]${debian_chroot:+($debian_chroot)}\[\033[01;32m\]\u@\h\[\033[00m\]:\[\033[01;34m\]\w\[\033[00m\]\$ PYTHONPATH=/home/moon/sim_ws/build/centerline_planner/prefix_override:/usr/lib/python3/dist-packages/colcon_core/task/python/colcon_distutils_commands:/home/moon/sim_ws/install/centerline_planner/lib/python3.8/site-packages:${PYTHONPATH} /usr/bin/python3 -W ignore:setup.py install is deprecated -W ignore:easy_install command is deprecated setup.py egg_info --egg-base ../../build/centerline_planner build --build-base /home/moon/sim_ws/build/centerline_planner/build install --record /home/moon/sim_ws/build/centerline_planner/install.log --install-scripts $base/lib/centerline_planner --single-version-externally-managed install_data
