[0.469s] Invoking command in '/home/moon/sim_ws/build/key_teleop': CMAKE_PREFIX_PATH=/opt/ros/foxy /usr/bin/cmake --build /home/moon/sim_ws/build/key_teleop -- -j16 -l16
[0.507s] [100%] Built target keyboard_teleop
[0.521s] Invoked command in '/home/moon/sim_ws/build/key_teleop' returned '0': CMAKE_PREFIX_PATH=/opt/ros/foxy /usr/bin/cmake --build /home/moon/sim_ws/build/key_teleop -- -j16 -l16
[0.523s] Invoking command in '/home/moon/sim_ws/build/key_teleop': CMAKE_PREFIX_PATH=/opt/ros/foxy /usr/bin/cmake --install /home/moon/sim_ws/build/key_teleop
[0.529s] -- Install configuration: ""
[0.529s] -- Execute custom install script
[0.529s] -- Up-to-date symlink: /home/moon/sim_ws/install/key_teleop/lib/key_teleop/keyboard_teleop
[0.530s] -- Up-to-date symlink: /home/moon/sim_ws/install/key_teleop/share/ament_index/resource_index/package_run_dependencies/key_teleop
[0.530s] -- Up-to-date symlink: /home/moon/sim_ws/install/key_teleop/share/ament_index/resource_index/parent_prefix_path/key_teleop
[0.530s] -- Up-to-date symlink: /home/moon/sim_ws/install/key_teleop/share/key_teleop/environment/ament_prefix_path.sh
[0.530s] -- Up-to-date symlink: /home/moon/sim_ws/install/key_teleop/share/key_teleop/environment/ament_prefix_path.dsv
[0.530s] -- Up-to-date symlink: /home/moon/sim_ws/install/key_teleop/share/key_teleop/environment/path.sh
[0.530s] -- Up-to-date symlink: /home/moon/sim_ws/install/key_teleop/share/key_teleop/environment/path.dsv
[0.530s] -- Up-to-date symlink: /home/moon/sim_ws/install/key_teleop/share/key_teleop/local_setup.bash
[0.530s] -- Up-to-date symlink: /home/moon/sim_ws/install/key_teleop/share/key_teleop/local_setup.sh
[0.531s] -- Up-to-date symlink: /home/moon/sim_ws/install/key_teleop/share/key_teleop/local_setup.zsh
[0.531s] -- Up-to-date symlink: /home/moon/sim_ws/install/key_teleop/share/key_teleop/local_setup.dsv
[0.531s] -- Symlinking: /home/moon/sim_ws/install/key_teleop/share/key_teleop/package.dsv
[0.537s] -- Up-to-date symlink: /home/moon/sim_ws/install/key_teleop/share/ament_index/resource_index/packages/key_teleop
[0.537s] -- Up-to-date symlink: /home/moon/sim_ws/install/key_teleop/share/key_teleop/cmake/key_teleopConfig.cmake
[0.537s] -- Up-to-date symlink: /home/moon/sim_ws/install/key_teleop/share/key_teleop/cmake/key_teleopConfig-version.cmake
[0.538s] -- Up-to-date symlink: /home/moon/sim_ws/install/key_teleop/share/key_teleop/package.xml
[0.552s] Invoked command in '/home/moon/sim_ws/build/key_teleop' returned '0': CMAKE_PREFIX_PATH=/opt/ros/foxy /usr/bin/cmake --install /home/moon/sim_ws/build/key_teleop
