[0.037s] Invoking command in '/home/sh/projects/f1tenth_miru3/build/vesc_msgs': CMAKE_PREFIX_PATH=${CMAKE_PREFIX_PATH}:/home/sh/projects/f1tenth_miru3/install/joy_teleop:/home/sh/projects/f1tenth_miru3/install/pygame_key_teleop:/home/sh/projects/f1tenth_miru3/install/mouse_teleop:/home/sh/projects/f1tenth_miru3/install/key_teleop:/home/sh/projects/f1tenth_miru3/install/forza_map_controller:/home/sh/f1tenth_ws/install/f1tenth_gym_ros:/opt/ros/humble /usr/bin/cmake --build /home/sh/projects/f1tenth_miru3/build/vesc_msgs -- -j16 -l16
[0.659s] [  1%] Built target vesc_msgs__cpp
[0.659s] [ 12%] Built target vesc_msgs__rosidl_generator_c
[0.659s] [ 12%] Built target ament_cmake_python_symlink_vesc_msgs
[0.659s] [ 23%] Built target vesc_msgs__rosidl_typesupport_fastrtps_cpp
[0.659s] [ 45%] Built target vesc_msgs__rosidl_typesupport_introspection_c
[0.659s] [ 45%] Built target vesc_msgs__rosidl_typesupport_c
[0.659s] [ 69%] Built target vesc_msgs__rosidl_typesupport_cpp
[0.659s] [ 74%] Built target vesc_msgs__rosidl_typesupport_fastrtps_c
[0.660s] [ 78%] Built target vesc_msgs__rosidl_typesupport_introspection_cpp
[0.660s] [ 78%] Built target vesc_msgs
[0.660s] [ 80%] Built target vesc_msgs__py
[0.660s] [ 89%] Built target vesc_msgs__rosidl_generator_py
[0.660s] [ 92%] Built target vesc_msgs__rosidl_typesupport_c__pyext
[0.660s] [ 96%] Built target vesc_msgs__rosidl_typesupport_fastrtps_c__pyext
[0.660s] [100%] Built target vesc_msgs__rosidl_typesupport_introspection_c__pyext
[0.660s] running egg_info
[0.660s] writing vesc_msgs.egg-info/PKG-INFO
[0.660s] writing dependency_links to vesc_msgs.egg-info/dependency_links.txt
[0.660s] writing top-level names to vesc_msgs.egg-info/top_level.txt
[0.660s] reading manifest file 'vesc_msgs.egg-info/SOURCES.txt'
[0.660s] writing manifest file 'vesc_msgs.egg-info/SOURCES.txt'
[0.660s] [100%] Built target ament_cmake_python_build_vesc_msgs_egg
[0.849s] Invoked command in '/home/sh/projects/f1tenth_miru3/build/vesc_msgs' returned '0': CMAKE_PREFIX_PATH=${CMAKE_PREFIX_PATH}:/home/sh/projects/f1tenth_miru3/install/joy_teleop:/home/sh/projects/f1tenth_miru3/install/pygame_key_teleop:/home/sh/projects/f1tenth_miru3/install/mouse_teleop:/home/sh/projects/f1tenth_miru3/install/key_teleop:/home/sh/projects/f1tenth_miru3/install/forza_map_controller:/home/sh/f1tenth_ws/install/f1tenth_gym_ros:/opt/ros/humble /usr/bin/cmake --build /home/sh/projects/f1tenth_miru3/build/vesc_msgs -- -j16 -l16
[0.852s] Invoking command in '/home/sh/projects/f1tenth_miru3/build/vesc_msgs': CMAKE_PREFIX_PATH=${CMAKE_PREFIX_PATH}:/home/sh/projects/f1tenth_miru3/install/joy_teleop:/home/sh/projects/f1tenth_miru3/install/pygame_key_teleop:/home/sh/projects/f1tenth_miru3/install/mouse_teleop:/home/sh/projects/f1tenth_miru3/install/key_teleop:/home/sh/projects/f1tenth_miru3/install/forza_map_controller:/home/sh/f1tenth_ws/install/f1tenth_gym_ros:/opt/ros/humble /usr/bin/cmake --install /home/sh/projects/f1tenth_miru3/build/vesc_msgs
[0.877s] -- Install configuration: ""
[0.878s] -- Execute custom install script
[0.878s] -- Up-to-date symlink: /home/sh/projects/f1tenth_miru3/install/vesc_msgs/share/ament_index/resource_index/rosidl_interfaces/vesc_msgs
[0.878s] -- Up-to-date symlink: /home/sh/projects/f1tenth_miru3/install/vesc_msgs/include/vesc_msgs/vesc_msgs/msg/detail/vesc_imu__functions.h
[0.878s] -- Up-to-date symlink: /home/sh/projects/f1tenth_miru3/install/vesc_msgs/include/vesc_msgs/vesc_msgs/msg/detail/vesc_imu__struct.h
[0.878s] -- Up-to-date symlink: /home/sh/projects/f1tenth_miru3/install/vesc_msgs/include/vesc_msgs/vesc_msgs/msg/detail/vesc_imu__type_support.h
[0.878s] -- Up-to-date symlink: /home/sh/projects/f1tenth_miru3/install/vesc_msgs/include/vesc_msgs/vesc_msgs/msg/detail/vesc_imu_stamped__functions.h
[0.878s] -- Up-to-date symlink: /home/sh/projects/f1tenth_miru3/install/vesc_msgs/include/vesc_msgs/vesc_msgs/msg/detail/vesc_imu_stamped__struct.h
[0.878s] -- Up-to-date symlink: /home/sh/projects/f1tenth_miru3/install/vesc_msgs/include/vesc_msgs/vesc_msgs/msg/detail/vesc_imu_stamped__type_support.h
[0.878s] -- Up-to-date symlink: /home/sh/projects/f1tenth_miru3/install/vesc_msgs/include/vesc_msgs/vesc_msgs/msg/detail/vesc_state__functions.h
[0.878s] -- Up-to-date symlink: /home/sh/projects/f1tenth_miru3/install/vesc_msgs/include/vesc_msgs/vesc_msgs/msg/detail/vesc_state__struct.h
[0.878s] -- Up-to-date symlink: /home/sh/projects/f1tenth_miru3/install/vesc_msgs/include/vesc_msgs/vesc_msgs/msg/detail/vesc_state__type_support.h
[0.878s] -- Up-to-date symlink: /home/sh/projects/f1tenth_miru3/install/vesc_msgs/include/vesc_msgs/vesc_msgs/msg/detail/vesc_state_stamped__functions.h
[0.878s] -- Up-to-date symlink: /home/sh/projects/f1tenth_miru3/install/vesc_msgs/include/vesc_msgs/vesc_msgs/msg/detail/vesc_state_stamped__struct.h
[0.878s] -- Up-to-date symlink: /home/sh/projects/f1tenth_miru3/install/vesc_msgs/include/vesc_msgs/vesc_msgs/msg/detail/vesc_state_stamped__type_support.h
[0.878s] -- Up-to-date symlink: /home/sh/projects/f1tenth_miru3/install/vesc_msgs/include/vesc_msgs/vesc_msgs/msg/rosidl_generator_c__visibility_control.h
[0.878s] -- Up-to-date symlink: /home/sh/projects/f1tenth_miru3/install/vesc_msgs/include/vesc_msgs/vesc_msgs/msg/vesc_imu.h
[0.879s] -- Up-to-date symlink: /home/sh/projects/f1tenth_miru3/install/vesc_msgs/include/vesc_msgs/vesc_msgs/msg/vesc_imu_stamped.h
[0.879s] -- Up-to-date symlink: /home/sh/projects/f1tenth_miru3/install/vesc_msgs/include/vesc_msgs/vesc_msgs/msg/vesc_state.h
[0.879s] -- Up-to-date symlink: /home/sh/projects/f1tenth_miru3/install/vesc_msgs/include/vesc_msgs/vesc_msgs/msg/vesc_state_stamped.h
[0.879s] -- Up-to-date symlink: /home/sh/projects/f1tenth_miru3/install/vesc_msgs/share/vesc_msgs/environment/library_path.sh
[0.879s] -- Up-to-date symlink: /home/sh/projects/f1tenth_miru3/install/vesc_msgs/share/vesc_msgs/environment/library_path.dsv
[0.880s] -- Up-to-date symlink: /home/sh/projects/f1tenth_miru3/install/vesc_msgs/include/vesc_msgs/vesc_msgs/msg/detail/vesc_imu__rosidl_typesupport_fastrtps_c.h
[0.880s] -- Up-to-date symlink: /home/sh/projects/f1tenth_miru3/install/vesc_msgs/include/vesc_msgs/vesc_msgs/msg/detail/vesc_imu_stamped__rosidl_typesupport_fastrtps_c.h
[0.880s] -- Up-to-date symlink: /home/sh/projects/f1tenth_miru3/install/vesc_msgs/include/vesc_msgs/vesc_msgs/msg/detail/vesc_state__rosidl_typesupport_fastrtps_c.h
[0.880s] -- Up-to-date symlink: /home/sh/projects/f1tenth_miru3/install/vesc_msgs/include/vesc_msgs/vesc_msgs/msg/detail/vesc_state_stamped__rosidl_typesupport_fastrtps_c.h
[0.880s] -- Up-to-date symlink: /home/sh/projects/f1tenth_miru3/install/vesc_msgs/include/vesc_msgs/vesc_msgs/msg/rosidl_typesupport_fastrtps_c__visibility_control.h
[0.880s] -- Up-to-date symlink: /home/sh/projects/f1tenth_miru3/install/vesc_msgs/include/vesc_msgs/vesc_msgs/msg/detail/vesc_imu__rosidl_typesupport_introspection_c.h
[0.880s] -- Up-to-date symlink: /home/sh/projects/f1tenth_miru3/install/vesc_msgs/include/vesc_msgs/vesc_msgs/msg/detail/vesc_imu_stamped__rosidl_typesupport_introspection_c.h
[0.881s] -- Up-to-date symlink: /home/sh/projects/f1tenth_miru3/install/vesc_msgs/include/vesc_msgs/vesc_msgs/msg/detail/vesc_state__rosidl_typesupport_introspection_c.h
[0.881s] -- Up-to-date symlink: /home/sh/projects/f1tenth_miru3/install/vesc_msgs/include/vesc_msgs/vesc_msgs/msg/detail/vesc_state_stamped__rosidl_typesupport_introspection_c.h
[0.881s] -- Up-to-date symlink: /home/sh/projects/f1tenth_miru3/install/vesc_msgs/include/vesc_msgs/vesc_msgs/msg/rosidl_typesupport_introspection_c__visibility_control.h
[0.881s] -- Up-to-date symlink: /home/sh/projects/f1tenth_miru3/install/vesc_msgs/include/vesc_msgs/vesc_msgs/msg/detail/vesc_imu__builder.hpp
[0.881s] -- Up-to-date symlink: /home/sh/projects/f1tenth_miru3/install/vesc_msgs/include/vesc_msgs/vesc_msgs/msg/detail/vesc_imu__struct.hpp
[0.881s] -- Up-to-date symlink: /home/sh/projects/f1tenth_miru3/install/vesc_msgs/include/vesc_msgs/vesc_msgs/msg/detail/vesc_imu__traits.hpp
[0.881s] -- Up-to-date symlink: /home/sh/projects/f1tenth_miru3/install/vesc_msgs/include/vesc_msgs/vesc_msgs/msg/detail/vesc_imu__type_support.hpp
[0.881s] -- Up-to-date symlink: /home/sh/projects/f1tenth_miru3/install/vesc_msgs/include/vesc_msgs/vesc_msgs/msg/detail/vesc_imu_stamped__builder.hpp
[0.882s] -- Up-to-date symlink: /home/sh/projects/f1tenth_miru3/install/vesc_msgs/include/vesc_msgs/vesc_msgs/msg/detail/vesc_imu_stamped__struct.hpp
[0.882s] -- Up-to-date symlink: /home/sh/projects/f1tenth_miru3/install/vesc_msgs/include/vesc_msgs/vesc_msgs/msg/detail/vesc_imu_stamped__traits.hpp
[0.882s] -- Up-to-date symlink: /home/sh/projects/f1tenth_miru3/install/vesc_msgs/include/vesc_msgs/vesc_msgs/msg/detail/vesc_imu_stamped__type_support.hpp
[0.882s] -- Up-to-date symlink: /home/sh/projects/f1tenth_miru3/install/vesc_msgs/include/vesc_msgs/vesc_msgs/msg/detail/vesc_state__builder.hpp
[0.882s] -- Up-to-date symlink: /home/sh/projects/f1tenth_miru3/install/vesc_msgs/include/vesc_msgs/vesc_msgs/msg/detail/vesc_state__struct.hpp
[0.882s] -- Up-to-date symlink: /home/sh/projects/f1tenth_miru3/install/vesc_msgs/include/vesc_msgs/vesc_msgs/msg/detail/vesc_state__traits.hpp
[0.882s] -- Up-to-date symlink: /home/sh/projects/f1tenth_miru3/install/vesc_msgs/include/vesc_msgs/vesc_msgs/msg/detail/vesc_state__type_support.hpp
[0.882s] -- Up-to-date symlink: /home/sh/projects/f1tenth_miru3/install/vesc_msgs/include/vesc_msgs/vesc_msgs/msg/detail/vesc_state_stamped__builder.hpp
[0.882s] -- Up-to-date symlink: /home/sh/projects/f1tenth_miru3/install/vesc_msgs/include/vesc_msgs/vesc_msgs/msg/detail/vesc_state_stamped__struct.hpp
[0.882s] -- Up-to-date symlink: /home/sh/projects/f1tenth_miru3/install/vesc_msgs/include/vesc_msgs/vesc_msgs/msg/detail/vesc_state_stamped__traits.hpp
[0.883s] -- Up-to-date symlink: /home/sh/projects/f1tenth_miru3/install/vesc_msgs/include/vesc_msgs/vesc_msgs/msg/detail/vesc_state_stamped__type_support.hpp
[0.883s] -- Up-to-date symlink: /home/sh/projects/f1tenth_miru3/install/vesc_msgs/include/vesc_msgs/vesc_msgs/msg/rosidl_generator_cpp__visibility_control.hpp
[0.883s] -- Up-to-date symlink: /home/sh/projects/f1tenth_miru3/install/vesc_msgs/include/vesc_msgs/vesc_msgs/msg/vesc_imu.hpp
[0.883s] -- Up-to-date symlink: /home/sh/projects/f1tenth_miru3/install/vesc_msgs/include/vesc_msgs/vesc_msgs/msg/vesc_imu_stamped.hpp
[0.883s] -- Up-to-date symlink: /home/sh/projects/f1tenth_miru3/install/vesc_msgs/include/vesc_msgs/vesc_msgs/msg/vesc_state.hpp
[0.883s] -- Up-to-date symlink: /home/sh/projects/f1tenth_miru3/install/vesc_msgs/include/vesc_msgs/vesc_msgs/msg/vesc_state_stamped.hpp
[0.884s] -- Up-to-date symlink: /home/sh/projects/f1tenth_miru3/install/vesc_msgs/include/vesc_msgs/vesc_msgs/msg/detail/vesc_imu__rosidl_typesupport_fastrtps_cpp.hpp
[0.885s] -- Up-to-date symlink: /home/sh/projects/f1tenth_miru3/install/vesc_msgs/include/vesc_msgs/vesc_msgs/msg/detail/vesc_imu_stamped__rosidl_typesupport_fastrtps_cpp.hpp
[0.885s] -- Up-to-date symlink: /home/sh/projects/f1tenth_miru3/install/vesc_msgs/include/vesc_msgs/vesc_msgs/msg/detail/vesc_state__rosidl_typesupport_fastrtps_cpp.hpp
[0.885s] -- Up-to-date symlink: /home/sh/projects/f1tenth_miru3/install/vesc_msgs/include/vesc_msgs/vesc_msgs/msg/detail/vesc_state_stamped__rosidl_typesupport_fastrtps_cpp.hpp
[0.886s] -- Up-to-date symlink: /home/sh/projects/f1tenth_miru3/install/vesc_msgs/include/vesc_msgs/vesc_msgs/msg/rosidl_typesupport_fastrtps_cpp__visibility_control.h
[0.886s] -- Up-to-date symlink: /home/sh/projects/f1tenth_miru3/install/vesc_msgs/include/vesc_msgs/vesc_msgs/msg/detail/vesc_imu__rosidl_typesupport_introspection_cpp.hpp
[0.886s] -- Up-to-date symlink: /home/sh/projects/f1tenth_miru3/install/vesc_msgs/include/vesc_msgs/vesc_msgs/msg/detail/vesc_imu_stamped__rosidl_typesupport_introspection_cpp.hpp
[0.886s] -- Up-to-date symlink: /home/sh/projects/f1tenth_miru3/install/vesc_msgs/include/vesc_msgs/vesc_msgs/msg/detail/vesc_state__rosidl_typesupport_introspection_cpp.hpp
[0.886s] -- Up-to-date symlink: /home/sh/projects/f1tenth_miru3/install/vesc_msgs/include/vesc_msgs/vesc_msgs/msg/detail/vesc_state_stamped__rosidl_typesupport_introspection_cpp.hpp
[0.887s] -- Up-to-date symlink: /home/sh/projects/f1tenth_miru3/install/vesc_msgs/share/vesc_msgs/environment/pythonpath.sh
[0.887s] -- Up-to-date symlink: /home/sh/projects/f1tenth_miru3/install/vesc_msgs/share/vesc_msgs/environment/pythonpath.dsv
[0.887s] -- Up-to-date symlink: /home/sh/projects/f1tenth_miru3/install/vesc_msgs/local/lib/python3.10/dist-packages/vesc_msgs-1.2.0-py3.10.egg-info/PKG-INFO
[0.887s] -- Up-to-date symlink: /home/sh/projects/f1tenth_miru3/install/vesc_msgs/local/lib/python3.10/dist-packages/vesc_msgs-1.2.0-py3.10.egg-info/SOURCES.txt
[0.887s] -- Up-to-date symlink: /home/sh/projects/f1tenth_miru3/install/vesc_msgs/local/lib/python3.10/dist-packages/vesc_msgs-1.2.0-py3.10.egg-info/dependency_links.txt
[0.887s] -- Up-to-date symlink: /home/sh/projects/f1tenth_miru3/install/vesc_msgs/local/lib/python3.10/dist-packages/vesc_msgs-1.2.0-py3.10.egg-info/top_level.txt
[0.887s] -- Up-to-date symlink: /home/sh/projects/f1tenth_miru3/install/vesc_msgs/local/lib/python3.10/dist-packages/vesc_msgs/__init__.py
[0.887s] -- Up-to-date symlink: /home/sh/projects/f1tenth_miru3/install/vesc_msgs/local/lib/python3.10/dist-packages/vesc_msgs/_vesc_msgs_s.ep.rosidl_typesupport_c.c
[0.887s] -- Up-to-date symlink: /home/sh/projects/f1tenth_miru3/install/vesc_msgs/local/lib/python3.10/dist-packages/vesc_msgs/_vesc_msgs_s.ep.rosidl_typesupport_fastrtps_c.c
[0.887s] -- Up-to-date symlink: /home/sh/projects/f1tenth_miru3/install/vesc_msgs/local/lib/python3.10/dist-packages/vesc_msgs/_vesc_msgs_s.ep.rosidl_typesupport_introspection_c.c
[0.887s] -- Up-to-date symlink: /home/sh/projects/f1tenth_miru3/install/vesc_msgs/local/lib/python3.10/dist-packages/vesc_msgs/libvesc_msgs__rosidl_generator_py.so
[0.887s] -- Up-to-date symlink: /home/sh/projects/f1tenth_miru3/install/vesc_msgs/local/lib/python3.10/dist-packages/vesc_msgs/msg/__init__.py
[0.887s] -- Up-to-date symlink: /home/sh/projects/f1tenth_miru3/install/vesc_msgs/local/lib/python3.10/dist-packages/vesc_msgs/msg/_vesc_imu.py
[0.887s] -- Up-to-date symlink: /home/sh/projects/f1tenth_miru3/install/vesc_msgs/local/lib/python3.10/dist-packages/vesc_msgs/msg/_vesc_imu_s.c
[0.887s] -- Up-to-date symlink: /home/sh/projects/f1tenth_miru3/install/vesc_msgs/local/lib/python3.10/dist-packages/vesc_msgs/msg/_vesc_imu_stamped.py
[0.887s] -- Up-to-date symlink: /home/sh/projects/f1tenth_miru3/install/vesc_msgs/local/lib/python3.10/dist-packages/vesc_msgs/msg/_vesc_imu_stamped_s.c
[0.888s] -- Up-to-date symlink: /home/sh/projects/f1tenth_miru3/install/vesc_msgs/local/lib/python3.10/dist-packages/vesc_msgs/msg/_vesc_state.py
[0.888s] -- Up-to-date symlink: /home/sh/projects/f1tenth_miru3/install/vesc_msgs/local/lib/python3.10/dist-packages/vesc_msgs/msg/_vesc_state_s.c
[0.888s] -- Up-to-date symlink: /home/sh/projects/f1tenth_miru3/install/vesc_msgs/local/lib/python3.10/dist-packages/vesc_msgs/msg/_vesc_state_stamped.py
[0.888s] -- Up-to-date symlink: /home/sh/projects/f1tenth_miru3/install/vesc_msgs/local/lib/python3.10/dist-packages/vesc_msgs/msg/_vesc_state_stamped_s.c
[0.888s] -- Up-to-date symlink: /home/sh/projects/f1tenth_miru3/install/vesc_msgs/local/lib/python3.10/dist-packages/vesc_msgs/vesc_msgs_s__rosidl_typesupport_c.cpython-310-x86_64-linux-gnu.so
[0.888s] -- Up-to-date symlink: /home/sh/projects/f1tenth_miru3/install/vesc_msgs/local/lib/python3.10/dist-packages/vesc_msgs/vesc_msgs_s__rosidl_typesupport_fastrtps_c.cpython-310-x86_64-linux-gnu.so
[0.888s] -- Up-to-date symlink: /home/sh/projects/f1tenth_miru3/install/vesc_msgs/local/lib/python3.10/dist-packages/vesc_msgs/vesc_msgs_s__rosidl_typesupport_introspection_c.cpython-310-x86_64-linux-gnu.so
[0.888s] -- Up-to-date symlink: /home/sh/projects/f1tenth_miru3/install/vesc_msgs/local/lib/python3.10/dist-packages/vesc_msgs/vesc_msgs_s__rosidl_typesupport_fastrtps_c.cpython-310-x86_64-linux-gnu.so
[0.888s] -- Up-to-date symlink: /home/sh/projects/f1tenth_miru3/install/vesc_msgs/local/lib/python3.10/dist-packages/vesc_msgs/vesc_msgs_s__rosidl_typesupport_introspection_c.cpython-310-x86_64-linux-gnu.so
[0.888s] -- Up-to-date symlink: /home/sh/projects/f1tenth_miru3/install/vesc_msgs/local/lib/python3.10/dist-packages/vesc_msgs/vesc_msgs_s__rosidl_typesupport_c.cpython-310-x86_64-linux-gnu.so
[0.888s] -- Up-to-date symlink: /home/sh/projects/f1tenth_miru3/install/vesc_msgs/share/vesc_msgs/msg/VescState.idl
[0.888s] -- Up-to-date symlink: /home/sh/projects/f1tenth_miru3/install/vesc_msgs/share/vesc_msgs/msg/VescStateStamped.idl
[0.888s] -- Up-to-date symlink: /home/sh/projects/f1tenth_miru3/install/vesc_msgs/share/vesc_msgs/msg/VescImu.idl
[0.889s] -- Up-to-date symlink: /home/sh/projects/f1tenth_miru3/install/vesc_msgs/share/vesc_msgs/msg/VescImuStamped.idl
[0.889s] -- Up-to-date symlink: /home/sh/projects/f1tenth_miru3/install/vesc_msgs/share/vesc_msgs/msg/VescState.msg
[0.889s] -- Up-to-date symlink: /home/sh/projects/f1tenth_miru3/install/vesc_msgs/share/vesc_msgs/msg/VescStateStamped.msg
[0.889s] -- Up-to-date symlink: /home/sh/projects/f1tenth_miru3/install/vesc_msgs/share/vesc_msgs/msg/VescImu.msg
[0.889s] -- Up-to-date symlink: /home/sh/projects/f1tenth_miru3/install/vesc_msgs/share/vesc_msgs/msg/VescImuStamped.msg
[0.889s] -- Up-to-date symlink: /home/sh/projects/f1tenth_miru3/install/vesc_msgs/share/ament_index/resource_index/package_run_dependencies/vesc_msgs
[0.889s] -- Up-to-date symlink: /home/sh/projects/f1tenth_miru3/install/vesc_msgs/share/ament_index/resource_index/parent_prefix_path/vesc_msgs
[0.889s] -- Up-to-date symlink: /home/sh/projects/f1tenth_miru3/install/vesc_msgs/share/vesc_msgs/environment/ament_prefix_path.sh
[0.889s] -- Up-to-date symlink: /home/sh/projects/f1tenth_miru3/install/vesc_msgs/share/vesc_msgs/environment/ament_prefix_path.dsv
[0.889s] -- Up-to-date symlink: /home/sh/projects/f1tenth_miru3/install/vesc_msgs/share/vesc_msgs/environment/path.sh
[0.889s] -- Up-to-date symlink: /home/sh/projects/f1tenth_miru3/install/vesc_msgs/share/vesc_msgs/environment/path.dsv
[0.889s] -- Up-to-date symlink: /home/sh/projects/f1tenth_miru3/install/vesc_msgs/share/vesc_msgs/local_setup.bash
[0.889s] -- Up-to-date symlink: /home/sh/projects/f1tenth_miru3/install/vesc_msgs/share/vesc_msgs/local_setup.sh
[0.890s] -- Up-to-date symlink: /home/sh/projects/f1tenth_miru3/install/vesc_msgs/share/vesc_msgs/local_setup.zsh
[0.890s] -- Up-to-date symlink: /home/sh/projects/f1tenth_miru3/install/vesc_msgs/share/vesc_msgs/local_setup.dsv
[0.890s] -- Symlinking: /home/sh/projects/f1tenth_miru3/install/vesc_msgs/share/vesc_msgs/package.dsv
[0.890s] -- Up-to-date symlink: /home/sh/projects/f1tenth_miru3/install/vesc_msgs/share/ament_index/resource_index/packages/vesc_msgs
[0.890s] -- Up-to-date symlink: /home/sh/projects/f1tenth_miru3/install/vesc_msgs/share/vesc_msgs/cmake/rosidl_cmake-extras.cmake
[0.890s] -- Up-to-date symlink: /home/sh/projects/f1tenth_miru3/install/vesc_msgs/share/vesc_msgs/cmake/ament_cmake_export_dependencies-extras.cmake
[0.890s] -- Up-to-date symlink: /home/sh/projects/f1tenth_miru3/install/vesc_msgs/share/vesc_msgs/cmake/ament_cmake_export_include_directories-extras.cmake
[0.890s] -- Up-to-date symlink: /home/sh/projects/f1tenth_miru3/install/vesc_msgs/share/vesc_msgs/cmake/ament_cmake_export_libraries-extras.cmake
[0.891s] -- Up-to-date symlink: /home/sh/projects/f1tenth_miru3/install/vesc_msgs/share/vesc_msgs/cmake/ament_cmake_export_targets-extras.cmake
[0.891s] -- Up-to-date symlink: /home/sh/projects/f1tenth_miru3/install/vesc_msgs/share/vesc_msgs/cmake/rosidl_cmake_export_typesupport_targets-extras.cmake
[0.891s] -- Up-to-date symlink: /home/sh/projects/f1tenth_miru3/install/vesc_msgs/share/vesc_msgs/cmake/rosidl_cmake_export_typesupport_libraries-extras.cmake
[0.891s] -- Up-to-date symlink: /home/sh/projects/f1tenth_miru3/install/vesc_msgs/share/vesc_msgs/cmake/vesc_msgsConfig.cmake
[0.891s] -- Up-to-date symlink: /home/sh/projects/f1tenth_miru3/install/vesc_msgs/share/vesc_msgs/cmake/vesc_msgsConfig-version.cmake
[0.891s] -- Up-to-date symlink: /home/sh/projects/f1tenth_miru3/install/vesc_msgs/share/vesc_msgs/package.xml
[0.891s] -- Up-to-date: /home/sh/projects/f1tenth_miru3/install/vesc_msgs/lib/libvesc_msgs__rosidl_generator_c.so
[0.892s] -- Up-to-date: /home/sh/projects/f1tenth_miru3/install/vesc_msgs/lib/libvesc_msgs__rosidl_typesupport_fastrtps_c.so
[0.892s] -- Up-to-date: /home/sh/projects/f1tenth_miru3/install/vesc_msgs/lib/libvesc_msgs__rosidl_typesupport_introspection_c.so
[0.893s] -- Up-to-date: /home/sh/projects/f1tenth_miru3/install/vesc_msgs/lib/libvesc_msgs__rosidl_typesupport_c.so
[0.893s] -- Up-to-date: /home/sh/projects/f1tenth_miru3/install/vesc_msgs/lib/libvesc_msgs__rosidl_typesupport_fastrtps_cpp.so
[0.893s] -- Up-to-date: /home/sh/projects/f1tenth_miru3/install/vesc_msgs/lib/libvesc_msgs__rosidl_typesupport_introspection_cpp.so
[0.893s] -- Up-to-date: /home/sh/projects/f1tenth_miru3/install/vesc_msgs/lib/libvesc_msgs__rosidl_typesupport_cpp.so
[0.924s] Listing '/home/sh/projects/f1tenth_miru3/install/vesc_msgs/local/lib/python3.10/dist-packages/vesc_msgs'...
[0.924s] Listing '/home/sh/projects/f1tenth_miru3/install/vesc_msgs/local/lib/python3.10/dist-packages/vesc_msgs/msg'...
[0.929s] -- Up-to-date: /home/sh/projects/f1tenth_miru3/install/vesc_msgs/lib/libvesc_msgs__rosidl_generator_py.so
[0.929s] -- Up-to-date: /home/sh/projects/f1tenth_miru3/install/vesc_msgs/share/vesc_msgs/cmake/export_vesc_msgs__rosidl_generator_cExport.cmake
[0.929s] -- Up-to-date: /home/sh/projects/f1tenth_miru3/install/vesc_msgs/share/vesc_msgs/cmake/export_vesc_msgs__rosidl_generator_cExport-noconfig.cmake
[0.929s] -- Up-to-date: /home/sh/projects/f1tenth_miru3/install/vesc_msgs/share/vesc_msgs/cmake/export_vesc_msgs__rosidl_typesupport_fastrtps_cExport.cmake
[0.929s] -- Up-to-date: /home/sh/projects/f1tenth_miru3/install/vesc_msgs/share/vesc_msgs/cmake/export_vesc_msgs__rosidl_typesupport_fastrtps_cExport-noconfig.cmake
[0.929s] -- Up-to-date: /home/sh/projects/f1tenth_miru3/install/vesc_msgs/share/vesc_msgs/cmake/vesc_msgs__rosidl_typesupport_introspection_cExport.cmake
[0.929s] -- Up-to-date: /home/sh/projects/f1tenth_miru3/install/vesc_msgs/share/vesc_msgs/cmake/vesc_msgs__rosidl_typesupport_introspection_cExport-noconfig.cmake
[0.929s] -- Up-to-date: /home/sh/projects/f1tenth_miru3/install/vesc_msgs/share/vesc_msgs/cmake/vesc_msgs__rosidl_typesupport_cExport.cmake
[0.930s] -- Up-to-date: /home/sh/projects/f1tenth_miru3/install/vesc_msgs/share/vesc_msgs/cmake/vesc_msgs__rosidl_typesupport_cExport-noconfig.cmake
[0.930s] -- Up-to-date: /home/sh/projects/f1tenth_miru3/install/vesc_msgs/share/vesc_msgs/cmake/export_vesc_msgs__rosidl_generator_cppExport.cmake
[0.930s] -- Up-to-date: /home/sh/projects/f1tenth_miru3/install/vesc_msgs/share/vesc_msgs/cmake/export_vesc_msgs__rosidl_typesupport_fastrtps_cppExport.cmake
[0.930s] -- Up-to-date: /home/sh/projects/f1tenth_miru3/install/vesc_msgs/share/vesc_msgs/cmake/export_vesc_msgs__rosidl_typesupport_fastrtps_cppExport-noconfig.cmake
[0.931s] -- Up-to-date: /home/sh/projects/f1tenth_miru3/install/vesc_msgs/share/vesc_msgs/cmake/vesc_msgs__rosidl_typesupport_introspection_cppExport.cmake
[0.931s] -- Up-to-date: /home/sh/projects/f1tenth_miru3/install/vesc_msgs/share/vesc_msgs/cmake/vesc_msgs__rosidl_typesupport_introspection_cppExport-noconfig.cmake
[0.931s] -- Up-to-date: /home/sh/projects/f1tenth_miru3/install/vesc_msgs/share/vesc_msgs/cmake/vesc_msgs__rosidl_typesupport_cppExport.cmake
[0.931s] -- Up-to-date: /home/sh/projects/f1tenth_miru3/install/vesc_msgs/share/vesc_msgs/cmake/vesc_msgs__rosidl_typesupport_cppExport-noconfig.cmake
[0.932s] -- Up-to-date: /home/sh/projects/f1tenth_miru3/install/vesc_msgs/share/vesc_msgs/cmake/export_vesc_msgs__rosidl_generator_pyExport.cmake
[0.932s] -- Up-to-date: /home/sh/projects/f1tenth_miru3/install/vesc_msgs/share/vesc_msgs/cmake/export_vesc_msgs__rosidl_generator_pyExport-noconfig.cmake
[0.953s] Invoked command in '/home/sh/projects/f1tenth_miru3/build/vesc_msgs' returned '0': CMAKE_PREFIX_PATH=${CMAKE_PREFIX_PATH}:/home/sh/projects/f1tenth_miru3/install/joy_teleop:/home/sh/projects/f1tenth_miru3/install/pygame_key_teleop:/home/sh/projects/f1tenth_miru3/install/mouse_teleop:/home/sh/projects/f1tenth_miru3/install/key_teleop:/home/sh/projects/f1tenth_miru3/install/forza_map_controller:/home/sh/f1tenth_ws/install/f1tenth_gym_ros:/opt/ros/humble /usr/bin/cmake --install /home/sh/projects/f1tenth_miru3/build/vesc_msgs
